
=== BAKESHOP SUPERVISOR SETTINGS PANEL TEST ===

  ✓ admin page renders quick-start panel
  ✓ admin page renders branch-first workflow copy
  ✓ admin page uses bakeshop shell instead of kernel admin
  ✓ admin dashboard renders summary report
  ✓ admin dashboard keeps work areas visible
  ✓ admin dashboard renders workspace submenu deep links
  ✓ admin page moves access settings out of workspace
  ✓ admin page moves seeded units out of workspace
  ✓ admin page usage totals render configured decimal placeholders
  ✗ dashboard work area tabs preserve applied report scope
  ✓ focused workspace mode updates shell title
  ✓ focused workspace mode hides dashboard overview panels
  ✓ focused workspace mode exposes contextual title targets
  ✓ focused workspace tabs expose contextual header metadata
  ✓ focused workspace mode defaults shell submenu to branches
  ✓ work-area pages use contextual description in shell header
  ✓ work-area pages no longer use generic shell description
  ✓ work-area pages hide dashboard quick-start panel
  ✓ work-area pages hide dashboard summary report
  ✓ work-area pages keep workspace tabs visible
  ✗ admin pages preserve scoped workspace return links
  ✓ history filters map back into workspace scope links
  ✓ settings page renders branding section
  ✓ settings page renders store branding fields
  ✓ settings page renders dr coverage and recipe policy fields
  ✓ settings page renders branding save action
  ✓ settings page renders logo upload controls
  ✓ settings page renders runtime diagnostics section
  ✓ settings page runtime diagnostics distinguish primary and control timeout policy
  ✗ shell sidebar uses configured store name — <!DOCTYPE html>
<html lang="en">
<head>
    <meta charset="UTF-8">
    <meta name="viewport" content="width=device-width, initial-scale=1.0">
    <title>Bakeshop Operations</title>
    <link rel="icon" href="/uploads/bakeshop/north-oven.png">
    <link rel="preconnect" href="https://fonts.googleapis.com">
    <link rel="preconnect" href="https://fonts.gstatic.com" crossorigin>
    <link href="https://fonts.googleapis.com/css2?family=Inter:wght@400;500;600;700;800&display=swap" rel="stylesheet">
    <style>
        :root {
            --page-bg: linear-gradient(180deg, #eef5ff 0%, #e0ecff 48%, #d6e6ff 100%);
            --surface-color: rgba(248, 251, 255, 0.98);
            --surface-strong: #ffffff;
            --surface-soft: #edf4ff;
            --border-color: #c8d7f2;
            --sidebar-bg: linear-gradient(180deg, #153b7a 0%, #0f2851 100%);
            --sidebar-border: rgba(255, 255, 255, 0.08);
            --sidebar-text: rgba(239, 246, 255, 0.84);
            --sidebar-text-strong: #f8fbff;
            --accent: #2563eb;
            --accent-strong: #1d4ed8;
            --accent-soft: rgba(37, 99, 235, 0.14);
            --text-color: #111827;
            --text-muted: #374151;
            --shadow-lg: 0 24px 60px rgba(30, 64, 175, 0.12);
            --shadow-sm: 0 12px 26px rgba(30, 64, 175, 0.08);
            --font-body: 'Inter', system-ui, -apple-system, BlinkMacSystemFont, 'Segoe UI', sans-serif;
            --font-size-h2: clamp(1.6rem, 2vw, 2rem);
            --radius-card: 14px;
            --radius-control: 10px;
        }

        * { box-sizing: border-box; }
        html, body { margin: 0; min-height: 100%; }
        body {
            font-family: var(--font-body);
            color: var(--text-color);
            background: var(--page-bg);
        }

        a { color: inherit; }
        button, input, select, textarea { font: inherit; }

        .bakeshop-sidebar-toggle {
            position: absolute;
            opacity: 0;
            pointer-events: none;
        }

        .bakeshop-mobile-overlay,
        .bakeshop-mobile-nav-button,
        .bakeshop-sidebar-close {
            display: none;
        }

        .bakeshop-admin-shell {
            min-height: 100vh;
            display: grid;
            grid-template-columns: minmax(238px, 272px) minmax(0, 1fr);
        }

        .sidebar {
            background: var(--sidebar-bg);
            color: var(--sidebar-text);
            padding: 24px 18px 20px;
            display: grid;
            gap: 22px;
            align-content: start;
            border-right: 1px solid var(--sidebar-border);
            position: sticky;
            top: 0;
            min-height: 100vh;
            overflow-y: auto;
        }

        .bakeshop-sidebar-close {
            align-items: center;
            justify-content: center;
            align-self: flex-end;
            border-radius: 999px;
            border: 1px solid rgba(255, 255, 255, 0.16);
            padding: 8px 12px;
            font-size: 0.8rem;
            font-weight: 700;
            letter-spacing: 0.04em;
            text-transform: uppercase;
            color: var(--sidebar-text-strong);
            background: rgba(255, 255, 255, 0.08);
            cursor: pointer;
        }

        .bakeshop-brand {
            display: grid;
            grid-template-columns: auto minmax(0, 1fr);
            align-items: start;
            gap: 10px;
            padding: 6px 10px 0;
        }

        .bakeshop-brand-mark {
            width: 52px;
            height: 52px;
            border-radius: var(--radius-card);
            background: linear-gradient(145deg, rgba(96, 165, 250, 0.24), rgba(37, 99, 235, 0.38));
            display: inline-flex;
            align-items: center;
            justify-content: center;
            font-family: var(--font-body);
            font-weight: 800;
            font-size: 1.45rem;
            color: var(--sidebar-text-strong);
            border: 1px solid rgba(255, 255, 255, 0.08);
            box-shadow: inset 0 1px 0 rgba(255, 255, 255, 0.08);
            overflow: hidden;
        }

        .bakeshop-brand-mark img {
            width: 100%;
            height: 100%;
            object-fit: contain;
            display: block;
            padding: 5px;
            background: #ffffff;
        }

        .bakeshop-brand h1 {
            margin: 0;
            font-size: 1.45rem;
            font-weight: 800;
            line-height: 1.05;
            color: var(--sidebar-text-strong);
        }

        .bakeshop-brand p {
            margin: 0;
            font-size: 0.92rem;
            line-height: 1.55;
        }

        .bakeshop-nav {
            display: grid;
            gap: 14px;
        }

        .bakeshop-nav-group {
            display: grid;
            gap: 8px;
        }

        .bakeshop-nav-label {
            padding: 0 10px;
            font-size: 0.72rem;
            font-weight: 700;
            letter-spacing: 0.12em;
            text-transform: uppercase;
            color: rgba(255, 247, 237, 0.5);
        }

        .bakeshop-nav a {
            display: flex;
            align-items: center;
            gap: 12px;
            border-radius: var(--radius-control);
            padding: 13px 14px;
            text-decoration: none;
            color: var(--sidebar-text);
            border: 1px solid transparent;
            background: transparent;
            transition: background-color 0.16s ease, border-color 0.16s ease, transform 0.16s ease;
        }

        .bakeshop-nav a:hover {
            background: rgba(255, 255, 255, 0.06);
            border-color: rgba(255, 255, 255, 0.07);
            transform: translateX(1px);
        }

        .bakeshop-nav a.active {
            background: linear-gradient(145deg, rgba(96, 165, 250, 0.2), rgba(37, 99, 235, 0.22));
            border-color: rgba(147, 197, 253, 0.24);
            color: var(--sidebar-text-strong);
            box-shadow: inset 0 1px 0 rgba(255, 255, 255, 0.05);
        }

        .bakeshop-nav-title {
            display: grid;
            gap: 2px;
        }

        .bakeshop-nav-title strong {
            font-size: 0.93rem;
            font-weight: 600;
            color: inherit;
        }

        .bakeshop-nav-title span {
            font-size: 0.79rem;
            color: inherit;
            opacity: 0.82;
        }

        .bakeshop-nav-submenu {
            display: grid;
            gap: 4px;
            padding-left: 12px;
        }

        .bakeshop-nav-submenu a {
            padding: 9px 12px;
            border-radius: 12px;
            font-size: 0.84rem;
            color: rgba(255, 247, 237, 0.82);
            border-color: transparent;
        }

        .bakeshop-nav-submenu a:hover {
            transform: none;
            background: rgba(255, 255, 255, 0.05);
        }

        .bakeshop-nav-submenu a.active {
            background: rgba(255, 255, 255, 0.12);
            border-color: rgba(147, 197, 253, 0.18);
            color: var(--sidebar-text-strong);
            box-shadow: none;
        }

        .bakeshop-sidebar-card {
            margin-top: auto;
            border-radius: var(--radius-card);
            border: 1px solid rgba(255, 255, 255, 0.08);
            background: rgba(255, 255, 255, 0.05);
            padding: 16px;
            display: grid;
            gap: 10px;
        }

        .bakeshop-sidebar-card h2 {
            margin: 0;
            font-size: 0.98rem;
            color: var(--sidebar-text-strong);
        }

        .bakeshop-sidebar-card p {
            margin: 0;
            font-size: 0.84rem;
            line-height: 1.55;
        }

        .bakeshop-main {
            min-width: 0;
            display: flex;
            flex-direction: column;
        }

        .topbar {
            display: grid;
            grid-template-columns: auto minmax(0, 1fr) auto;
            align-items: start;
            gap: 18px;
            padding: 22px 28px 16px;
        }

        .bakeshop-topbar-actions {
            display: flex;
            align-items: center;
            justify-content: flex-start;
            width: fit-content;
        }

        .bakeshop-topbar-user-tools {
            display: flex;
            align-items: center;
            justify-content: flex-end;
            flex-wrap: wrap;
            gap: 12px;
            min-width: 0;
        }

        .bakeshop-topbar-signout {
            margin: 0;
        }

        .bakeshop-title-stack {
            display: grid;
            gap: 6px;
            min-width: 0;
        }

        .bakeshop-kicker {
            font-size: 0.75rem;
            font-weight: 700;
            letter-spacing: 0.14em;
            text-transform: uppercase;
            color: var(--accent-strong);
        }

        .bakeshop-title-stack h2 {
            margin: 0;
            font-size: clamp(1.5rem, 2.2vw, 2.2rem);
            font-weight: 800;
            line-height: 1.05;
        }

        .bakeshop-title-stack p {
            margin: 0;
            color: var(--text-muted);
            font-size: 0.92rem;
        }

        .bakeshop-user-card {
            border-radius: var(--radius-card);
            padding: 14px 16px;
            background: rgba(255, 252, 247, 0.82);
            border: 1px solid var(--border-color);
            box-shadow: var(--shadow-sm);
            display: grid;
            gap: 4px;
            width: fit-content;
            max-width: min(100%, 32rem);
            min-width: min(220px, 100%);
            justify-self: end;
        }

        .bakeshop-user-card strong { font-size: 0.96rem; }
        .bakeshop-user-card span,
        .bakeshop-user-card small { color: var(--text-muted); }
        .bakeshop-user-card strong,
        .bakeshop-user-card span,
        .bakeshop-user-card small {
            overflow-wrap: anywhere;
        }
        .bakeshop-user-role {
            display: inline-flex;
            align-items: center;
            width: fit-content;
            padding: 4px 9px;
            border-radius: 999px;
            background: var(--accent-soft);
            color: var(--accent-strong);
            font-size: 0.72rem;
            font-weight: 700;
            letter-spacing: 0.05em;
            text-transform: uppercase;
        }

        .bakeshop-mobile-nav-button {
            align-items: center;
            justify-content: center;
            gap: 8px;
            width: fit-content;
            min-height: 44px;
            border-radius: 999px;
            padding: 0 16px;
            border: 1px solid rgba(37, 99, 235, 0.18);
            background: rgba(255, 255, 255, 0.92);
            box-shadow: var(--shadow-sm);
            color: var(--accent-strong);
            font-size: 0.9rem;
            font-weight: 700;
            letter-spacing: 0.03em;
            cursor: pointer;
        }

        .bakeshop-content {
            padding: 0 28px 28px;
        }

        .bakeshop-content-inner {
            background: rgba(255, 255, 255, 0.9);
            border: 1px solid rgba(200, 215, 242, 0.85);
            border-radius: 20px;
            padding: 22px;
            box-shadow: var(--shadow-lg);
        }

        .bakeshop-shell-note {
            margin-top: 14px;
            display: inline-flex;
            align-items: center;
            gap: 8px;
            border-radius: 999px;
            padding: 8px 12px;
            background: rgba(219, 234, 254, 0.12);
            border: 1px solid rgba(219, 234, 254, 0.16);
            color: var(--sidebar-text-strong);
            font-size: 0.8rem;
        }

        .bakeshop-onboarding-checklist {
            display: grid;
            gap: 12px;
        }

        .bakeshop-onboarding-step {
            display: grid;
            gap: 10px;
            padding: 14px 16px;
            border-radius: 14px;
            border: 1px solid rgba(180, 83, 9, 0.16);
            background: rgba(255, 255, 255, 0.82);
        }

        .bakeshop-onboarding-step.current {
            border-color: rgba(217, 119, 6, 0.42);
            box-shadow: 0 0 0 2px rgba(245, 158, 11, 0.1);
        }

        .bakeshop-onboarding-step.done {
            border-color: rgba(22, 101, 52, 0.18);
            background: rgba(240, 253, 244, 0.82);
        }

        .bakeshop-onboarding-step-head {
            display: flex;
            align-items: center;
            justify-content: space-between;
            gap: 10px;
            flex-wrap: wrap;
        }

        .bakeshop-onboarding-step h4 {
            margin: 0;
            font-size: 0.95rem;
        }

        .bakeshop-onboarding-step p {
            margin: 0;
            line-height: 1.6;
        }

        .bakeshop-step-status {
            display: inline-flex;
            align-items: center;
            width: fit-content;
            border-radius: 999px;
            padding: 4px 10px;
            font-size: 0.72rem;
            font-weight: 700;
            letter-spacing: 0.05em;
            text-transform: uppercase;
        }

        .bakeshop-step-status.done {
            background: rgba(22, 101, 52, 0.12);
            color: #166534;
        }

        .bakeshop-step-status.current {
            background: rgba(217, 119, 6, 0.12);
            color: #b45309;
        }

        .bakeshop-step-status.pending {
            background: rgba(71, 85, 105, 0.12);
            color: #475569;
        }

        .bakeshop-step-action {
            display: inline-flex;
            align-items: center;
            justify-content: center;
            width: fit-content;
            gap: 8px;
            padding: 9px 14px;
            border-radius: 10px;
            border: 1px solid rgba(180, 83, 9, 0.2);
            background: #ffffff;
            color: #92400e;
            font-weight: 700;
            text-decoration: none;
        }

        .bakeshop-step-action:hover {
            background: #fff7ed;
        }

        .bakeshop-sidebar-link {
            display: inline-flex;
            align-items: center;
            justify-content: center;
            gap: 8px;
            padding: 10px 14px;
            border-radius: 2px;
            border: 1px solid #d1d5db;
            background: #ffffff;
            color: #111827;
            text-decoration: none;
            font-weight: 600;
            cursor: pointer;
            transition: background-color 0.16s ease, border-color 0.16s ease, box-shadow 0.16s ease, transform 0.16s ease;
        }

        .bakeshop-sidebar-inline-form {
            margin: 0;
        }

        .bakeshop-sidebar-link:hover {
            background: #eff6ff;
            border-color: #93c5fd;
            box-shadow: 0 10px 22px rgba(37, 99, 235, 0.12);
            transform: translateY(-1px);
        }

        @media (max-width: 980px) {
            .bakeshop-admin-shell {
                grid-template-columns: 1fr;
            }

            .bakeshop-mobile-overlay {
                display: block;
                position: fixed;
                inset: 0;
                background: rgba(15, 23, 42, 0.52);
                opacity: 0;
                pointer-events: none;
                transition: opacity 0.18s ease;
                z-index: 39;
            }

            .sidebar {
                position: fixed;
                top: 0;
                left: 0;
                bottom: 0;
                width: min(86vw, 320px);
                min-height: 100vh;
                z-index: 40;
                box-shadow: 0 28px 64px rgba(15, 23, 42, 0.3);
                transform: translateX(calc(-100% - 18px));
                transition: transform 0.22s ease;
            }

            .bakeshop-sidebar-close,
            .bakeshop-mobile-nav-button {
                display: inline-flex;
            }

            .bakeshop-sidebar-toggle:checked ~ .bakeshop-mobile-overlay {
                opacity: 1;
                pointer-events: auto;
            }

            .bakeshop-sidebar-toggle:checked ~ .bakeshop-admin-shell .sidebar {
                transform: translateX(0);
            }

            .topbar {
                padding-top: 18px;
                flex-direction: column;
                align-items: flex-start;
                grid-template-columns: 1fr;
            }

            .bakeshop-topbar-actions {
                position: sticky;
                top: 0;
                z-index: 30;
                justify-content: flex-start;
                width: 100%;
                padding: 10px 0 6px;
                background: linear-gradient(180deg, rgba(238, 245, 255, 0.98) 0%, rgba(238, 245, 255, 0.92) 78%, rgba(238, 245, 255, 0) 100%);
            }

            .bakeshop-topbar-user-tools {
                width: 100%;
                justify-content: space-between;
            }

            .bakeshop-user-card {
                width: 100%;
                min-width: 0;
            }
        }

        @media (max-width: 640px) {
            .topbar,
            .bakeshop-content {
                padding-left: 16px;
                padding-right: 16px;
            }

            .bakeshop-content-inner {
                padding: 16px;
                border-radius: 16px;
            }
        }
    </style>
    
<style>
    .bakeshop-shell { display: grid; gap: 24px; }
    .bakeshop-header { display: flex; flex-wrap: wrap; align-items: end; justify-content: space-between; gap: 16px; }
    .bakeshop-header h2 { font-size: var(--font-size-h2); font-weight: 700; margin-bottom: 6px; }
    .bakeshop-header p { color: var(--text-muted); margin: 0; max-width: 56rem; }
    .bakeshop-actions { display: flex; gap: 10px; flex-wrap: wrap; }
    .bakeshop-shell,
    .bakeshop-shell * {
        color: var(--text-color);
    }
    .bakeshop-flow {
        display: grid;
        gap: 14px;
        grid-template-columns: repeat(auto-fit, minmax(180px, 1fr));
    }
    .bakeshop-flow-step {
        border: 1px solid var(--border-color);
        border-radius: 14px;
        background: linear-gradient(180deg, #f7faff 0%, #ffffff 100%);
        padding: 18px;
        box-shadow: 0 10px 24px rgba(37, 99, 235, 0.05);
    }
    .bakeshop-flow-step strong {
        display: inline-flex;
        align-items: center;
        justify-content: center;
        width: 32px;
        height: 32px;
        border-radius: 999px;
        background: var(--accent);
        color: #fff;
        font-size: 0.86rem;
        margin-bottom: 10px;
    }
    .bakeshop-flow-step h3 {
        margin: 0 0 8px;
        font-size: 0.98rem;
    }
    .bakeshop-flow-step p {
        margin: 0;
        color: var(--text-muted);
        font-size: 0.9rem;
        line-height: 1.5;
    }
    .bakeshop-button,
    .bakeshop-shell button,
    .bakeshop-shell input,
    .bakeshop-shell select,
    .bakeshop-shell textarea { font: inherit; }
    .bakeshop-button {
        display: inline-flex;
        align-items: center;
        justify-content: center;
        gap: 8px;
        border-radius: 2px;
        border: 1px solid #1d4ed8;
        background: #2563eb;
        color: #ffffff;
        padding: 10px 16px;
        text-decoration: none;
        font-size: 0.92rem;
        cursor: pointer;
    }
    .bakeshop-button:hover {
        background: #1d4ed8;
    }
    .bakeshop-button.secondary {
        background: #2563eb;
        color: #ffffff;
        border-color: #1d4ed8;
    }
    .bakeshop-button.secondary:hover {
        background: #1d4ed8;
    }
    .bakeshop-button.print {
        background: #6b7280;
        border-color: #6b7280;
        color: #ffffff;
    }
    .bakeshop-button.print:hover {
        background: #4b5563;
    }
    .bakeshop-button.staff {
        background: #eab308;
        border-color: #ca8a04;
        color: #111827;
    }
    .bakeshop-button.staff:hover {
        background: #ca8a04;
        color: #111827;
    }
    .bakeshop-button.refresh {
        background: #f97316;
        border-color: #ea580c;
        color: #ffffff;
    }
    .bakeshop-button.refresh:hover {
        background: #ea580c;
    }
    .bakeshop-button.success {
        background: #16a34a;
        border-color: #15803d;
        color: #ffffff;
    }
    .bakeshop-button.success:hover {
        background: #15803d;
    }
    .bakeshop-button.danger {
        background: #dc2626;
        border-color: #b91c1c;
        color: #ffffff;
    }
    .bakeshop-button.danger:hover {
        background: #b91c1c;
    }
    .bakeshop-button:disabled,
    .bakeshop-button.secondary:disabled,
    .bakeshop-button.print:disabled,
    .bakeshop-button.staff:disabled,
    .bakeshop-button.refresh:disabled,
    .bakeshop-button.success:disabled,
    .bakeshop-button.danger:disabled {
        background: #d1d5db;
        border-color: #cbd5e1;
        color: #6b7280;
        cursor: not-allowed;
        box-shadow: none;
        opacity: 0.72;
        pointer-events: none;
    }
    .bakeshop-button:disabled:hover,
    .bakeshop-button.secondary:disabled:hover,
    .bakeshop-button.print:disabled:hover,
    .bakeshop-button.staff:disabled:hover,
    .bakeshop-button.refresh:disabled:hover,
    .bakeshop-button.success:disabled:hover,
    .bakeshop-button.danger:disabled:hover {
        background: #d1d5db;
        border-color: #cbd5e1;
        color: #6b7280;
    }
    .bakeshop-banner {
        display: none;
        padding: 14px 16px;
        border-radius: 14px;
        border: 1px solid transparent;
        font-size: 0.92rem;
    }
    .bakeshop-banner.show { display: block; }
    .bakeshop-banner.ok { background: #eff6ff; border-color: #bfdbfe; color: #1d4ed8; }
    .bakeshop-banner.error { background: #fff3f2; border-color: #fecaca; color: #991b1b; }
    .bakeshop-readonly-note {
        padding: 14px 16px;
        border-radius: 14px;
        border: 1px solid #fde68a;
        background: #fffbeb;
        color: #92400e;
        line-height: 1.55;
    }
    .bakeshop-onboarding {
        display: grid;
        gap: 10px;
        padding: 16px 18px;
        border-radius: 14px;
        border: 1px solid #f3d7a5;
        background: linear-gradient(135deg, #fff7ed, #fffbeb);
        box-shadow: 0 14px 30px rgba(180, 83, 9, 0.08);
    }
    .bakeshop-onboarding h3 { margin: 0; }
    .bakeshop-onboarding p { margin: 0; color: #7c5a32; line-height: 1.6; }
    .bakeshop-onboarding strong { color: #92400e; }
    .bakeshop-stats { display: grid; gap: 14px; grid-template-columns: repeat(auto-fit, minmax(150px, 1fr)); }
    .bakeshop-stat {
        border: 1px solid var(--border-color);
        border-radius: 14px;
        padding: 18px;
        background: linear-gradient(180deg, #ffffff 0%, #f3f8ff 100%);
    }
    .bakeshop-stat strong { display: block; font-size: 1.7rem; line-height: 1; }
    .bakeshop-stat span { display: block; margin-top: 8px; color: var(--text-muted); font-size: 0.8rem; text-transform: uppercase; letter-spacing: 0.06em; }
    .bakeshop-layout { display: grid; gap: 20px; grid-template-columns: minmax(0, 1fr); }
    .bakeshop-column { display: grid; gap: 20px; align-content: start; }
    .bakeshop-panel {
        border: 1px solid var(--border-color);
        border-radius: 14px;
        background: var(--surface-color, #fff);
        overflow: hidden;
        box-shadow: 0 14px 32px rgba(37, 99, 235, 0.05);
        transition: background 160ms ease, border-color 160ms ease, box-shadow 160ms ease;
    }
    .bakeshop-panel-subdued {
        box-shadow: none;
        border: 1px dashed var(--border-color);
        margin-top: 8px;
    }
    .bakeshop-panel.is-editing {
        border-color: #93c5fd;
        background: linear-gradient(180deg, #f7fbff 0%, #eef6ff 100%);
        box-shadow: 0 18px 40px rgba(37, 99, 235, 0.12);
    }
    .bakeshop-panel.is-editing .bakeshop-panel-head {
        background: linear-gradient(180deg, rgba(219, 234, 254, 0.7) 0%, rgba(239, 246, 255, 0.25) 100%);
    }
    .bakeshop-panel.is-editing .bakeshop-panel-body {
        background: linear-gradient(180deg, rgba(255, 255, 255, 0.55) 0%, rgba(239, 246, 255, 0.85) 100%);
    }
    .bakeshop-panel-head {
        padding: 18px 20px 12px;
        border-bottom: 1px solid color-mix(in srgb, var(--border-color) 85%, transparent);
    }
    .bakeshop-panel-head h3 { margin: 0 0 6px; font-size: 1rem; }
    .bakeshop-panel-head p { margin: 0; color: var(--text-muted); font-size: 0.9rem; }
    .bakeshop-panel-body { padding: 18px 20px 20px; display: grid; gap: 16px; }
    .bakeshop-grid-2 { display: grid; gap: 12px; grid-template-columns: repeat(2, minmax(0, 1fr)); }
    .bakeshop-grid-3 { display: grid; gap: 12px; grid-template-columns: repeat(3, minmax(0, 1fr)); }
    .bakeshop-field { display: grid; gap: 6px; }
    .bakeshop-field label { font-size: 0.78rem; font-weight: 600; text-transform: uppercase; letter-spacing: 0.05em; color: var(--text-muted); }
    .bakeshop-field input,
    .bakeshop-field select,
    .bakeshop-field textarea {
        width: 100%;
        border-radius: 2px;
        border: 1px solid #d1d5db;
        background: #fff;
        color: #111827;
        padding: 11px 12px;
    }
    .bakeshop-field textarea { min-height: 92px; resize: vertical; }
    .bakeshop-form-actions { display: flex; justify-content: space-between; align-items: center; gap: 12px; flex-wrap: wrap; }
    .bakeshop-form-actions.bakeshop-view-tabs { justify-content: flex-start; align-items: center; gap: 14px; }
    .bakeshop-view-tabs .bakeshop-help { margin: 0; }
    .bakeshop-help { font-size: 0.82rem; color: var(--text-muted); }
    .bakeshop-setup-shell { display: grid; gap: 18px; }
    .bakeshop-tabs {
        display: flex;
        gap: 10px;
        flex-wrap: wrap;
        padding: 8px;
        border-radius: 14px;
        background: #eef4ff;
        border: 1px solid #d6e4ff;
    }
    .bakeshop-tab {
        border: 1px solid transparent;
        background: transparent;
        color: #35517a;
        border-radius: 10px;
        padding: 10px 14px;
        font-weight: 600;
        cursor: pointer;
    }
    .bakeshop-tab.active {
        background: #ffffff;
        border-color: #bfd5ff;
        color: var(--accent-strong);
        box-shadow: 0 8px 20px rgba(37, 99, 235, 0.08);
    }
    .bakeshop-tab-panel { display: none; }
    .bakeshop-tab-panel.active { display: block; }
    .bakeshop-section-tabs {
        display: flex;
        gap: 10px;
        flex-wrap: wrap;
        padding: 8px;
        border-radius: 14px;
        background: linear-gradient(180deg, #ecfdf3 0%, #f8fffb 100%);
        border: 1px solid #b7e4c7;
        box-shadow: inset 0 1px 0 rgba(255, 255, 255, 0.8);
    }
    .bakeshop-section-tab {
        border: 1px solid #a7d7b5;
        background: linear-gradient(180deg, #f4fff7 0%, #e8f8ee 100%);
        color: #21543a;
        border-radius: 10px;
        padding: 10px 16px;
        font-weight: 700;
        box-shadow: 0 4px 12px rgba(22, 101, 52, 0.08);
        cursor: pointer;
        transition: transform 120ms ease, box-shadow 120ms ease, background 120ms ease, border-color 120ms ease, color 120ms ease;
    }
    .bakeshop-section-tab:hover,
    .bakeshop-section-tab:focus-visible {
        border-color: #63b37d;
        box-shadow: 0 10px 22px rgba(22, 101, 52, 0.14);
        transform: translateY(-1px);
        outline: none;
    }
    .bakeshop-section-tab.active {
        background: linear-gradient(180deg, #2563eb 0%, #1d4ed8 100%);
        border-color: #1d4ed8;
        color: #ffffff;
        box-shadow: 0 12px 26px rgba(37, 99, 235, 0.24);
    }
    .bakeshop-section-panel { display: none; }
    .bakeshop-section-panel.active { display: grid; gap: 16px; }
    .bakeshop-tab-summary {
        display: grid;
        gap: 6px;
        padding: 0 2px;
    }
    .bakeshop-tab-summary h3 {
        margin: 0;
        font-size: 1.02rem;
    }
    .bakeshop-tab-summary p {
        margin: 0;
        color: var(--text-muted);
        max-width: 58rem;
    }
    .bakeshop-table-wrap { overflow: auto; }
    .bakeshop-table { width: 100%; border-collapse: collapse; font-size: 0.92rem; }
    .bakeshop-table th,
    .bakeshop-table td { padding: 10px 12px; border-bottom: 1px solid var(--border-color); text-align: left; vertical-align: top; }
    .bakeshop-table th { font-size: 0.78rem; text-transform: uppercase; letter-spacing: 0.05em; color: var(--text-muted); }
    .bakeshop-table th.bakeshop-checkbox-cell,
    .bakeshop-table td.bakeshop-checkbox-cell { width: 44px; padding-right: 8px; padding-left: 12px; text-align: center; }
    .bakeshop-table tr:last-child td { border-bottom: none; }
    .bakeshop-table tr.bakeshop-row-selectable { cursor: pointer; }
    .bakeshop-table tr.bakeshop-row-selectable:hover td {
        background: #f8fbff;
    }
    .bakeshop-table-input {
        width: 100%;
        min-width: 110px;
        border-radius: 2px;
        border: 1px solid #d1d5db;
        background: #fff;
        color: #111827;
        padding: 8px 10px;
        font: inherit;
    }
    .bakeshop-table tr.bakeshop-row-focus td {
        background: #fff8db;
        box-shadow: inset 0 0 0 1px rgba(234, 179, 8, 0.22);
    }
    .bakeshop-table tr.bakeshop-row-editing td {
        background: #eef6ff;
        box-shadow: inset 0 0 0 1px rgba(37, 99, 235, 0.18);
    }
    .bakeshop-table tr.bakeshop-row-recent td {
        background: linear-gradient(180deg, rgba(220, 252, 231, 0.95) 0%, rgba(240, 253, 244, 0.75) 100%);
    }
    .bakeshop-muted { color: var(--text-muted); }
    .bakeshop-delivery-sheet input[type="number"] { min-width: 110px; }
    .bakeshop-delivery-sheet tr.is-imported td { background: #effaf4; }
    .bakeshop-inline-note { font-size: 0.82rem; color: var(--text-muted); }
    .bakeshop-inline-note.ok { color: #15803d; }
    .bakeshop-inline-note.error { color: #b91c1c; }
    .bakeshop-review-card {
        display: grid;
        gap: 10px;
        padding: 16px 18px;
        border-radius: 14px;
        border: 1px solid #bbf7d0;
        background: linear-gradient(180deg, #f0fdf4 0%, #ffffff 100%);
    }
    .bakeshop-review-card strong {
        display: block;
        margin-bottom: 4px;
    }
    .bakeshop-review-card p {
        margin: 0;
        color: var(--text-muted);
        line-height: 1.5;
    }
    .bakeshop-detail-stack { display: grid; gap: 6px; }
    .bakeshop-detail-list { display: grid; gap: 4px; margin-top: 2px; }
    .bakeshop-detail-list span { display: block; color: var(--text-muted); font-size: 0.82rem; }
    .bakeshop-row-actions { display: flex; gap: 8px; flex-wrap: wrap; }
    .bakeshop-checkbox {
        width: 16px;
        height: 16px;
        cursor: pointer;
        accent-color: #2563eb;
    }
    .bakeshop-bulk-actions {
        display: flex;
        align-items: center;
        justify-content: space-between;
        gap: 12px;
        flex-wrap: wrap;
    }
    .bakeshop-bulk-actions .bakeshop-help { margin: 0; }
    .bakeshop-inline-tabs {
        display: inline-flex;
        flex-wrap: wrap;
        gap: 8px;
        padding: 8px;
        border-radius: 14px;
        background: linear-gradient(180deg, #ecfdf3 0%, #f8fffb 100%);
        border: 1px solid #b7e4c7;
        box-shadow: inset 0 1px 0 rgba(255, 255, 255, 0.8);
    }
    .bakeshop-inline-tab {
        border: 1px solid #a7d7b5;
        background: linear-gradient(180deg, #f4fff7 0%, #e8f8ee 100%);
        color: #21543a;
        border-radius: 10px;
        padding: 9px 14px;
        font-weight: 700;
        box-shadow: 0 4px 12px rgba(22, 101, 52, 0.08);
        cursor: pointer;
        transition: transform 120ms ease, box-shadow 120ms ease, background 120ms ease, border-color 120ms ease, color 120ms ease;
    }
    .bakeshop-inline-tab:hover,
    .bakeshop-inline-tab:focus-visible {
        border-color: #63b37d;
        box-shadow: 0 10px 22px rgba(22, 101, 52, 0.14);
        transform: translateY(-1px);
        outline: none;
    }
    .bakeshop-inline-tab.active {
        background: linear-gradient(180deg, #2563eb 0%, #1d4ed8 100%);
        border-color: #1d4ed8;
        color: #ffffff;
        box-shadow: 0 12px 26px rgba(37, 99, 235, 0.24);
    }
    .bakeshop-inline-tab-count {
        color: var(--text-muted);
        font-weight: 500;
        margin-left: 6px;
    }
    .bakeshop-inline-tab.active .bakeshop-inline-tab-count {
        color: rgba(255, 255, 255, 0.88);
    }
    body.bakeshop-confirm-open { overflow: hidden; }
    .bakeshop-confirm-backdrop {
        position: fixed;
        inset: 0;
        z-index: 80;
        display: grid;
        place-items: center;
        padding: 24px;
        background: rgba(15, 23, 42, 0.46);
    }
    .bakeshop-confirm-backdrop[hidden] {
        display: none;
    }
    .bakeshop-confirm-panel {
        width: min(100%, 560px);
        display: grid;
        gap: 16px;
        border-radius: 16px;
        border: 1px solid rgba(248, 113, 113, 0.35);
        background: #ffffff;
        box-shadow: 0 28px 70px rgba(15, 23, 42, 0.28);
        padding: 22px;
    }
    .bakeshop-confirm-panel h3 {
        margin: 0;
        font-size: 1.08rem;
    }
    .bakeshop-confirm-panel p {
        margin: 0;
        color: var(--text-muted);
        line-height: 1.55;
    }
    .bakeshop-confirm-impact {
        padding: 10px 12px;
        border-radius: 12px;
        background: #fff7ed;
        border: 1px solid #fed7aa;
        color: #9a3412;
        font-size: 0.86rem;
    }
    .bakeshop-confirm-list {
        margin: 0;
        padding: 0;
        list-style: none;
        display: grid;
        gap: 8px;
    }
    .bakeshop-confirm-list li {
        padding: 10px 12px;
        border-radius: 12px;
        border: 1px solid var(--border-color);
        background: #f8fafc;
        color: #0f172a;
        font-size: 0.9rem;
    }
    .bakeshop-confirm-overflow {
        font-size: 0.84rem;
        color: var(--text-muted);
    }
    .bakeshop-link-button {
        border: none;
        background: transparent;
        color: var(--accent-strong);
        cursor: pointer;
        padding: 0;
        font: inherit;
    }
    .bakeshop-link-button.warn { color: #b91c1c; }
    .bakeshop-chip {
        display: inline-flex;
        align-items: center;
        padding: 4px 9px;
        border-radius: 999px;
        font-size: 0.74rem;
        font-weight: 600;
        letter-spacing: 0.04em;
        text-transform: uppercase;
    }
    .bakeshop-chip.active { background: #eff6ff; color: #1d4ed8; }
    .bakeshop-chip.inactive { background: #eef2f7; color: #51627b; }
    .bakeshop-chip.recent { background: #dcfce7; color: #166534; }
    .bakeshop-focus-note {
        padding: 10px 12px;
        border-radius: 12px;
        background: #fff8db;
        color: #854d0e;
        font-size: 0.85rem;
    }
    .bakeshop-summary-meta { display: grid; gap: 12px; grid-template-columns: repeat(auto-fit, minmax(160px, 1fr)); }
    .bakeshop-summary-meta div { border: 1px solid var(--border-color); border-radius: 12px; padding: 12px; background: #fff; }
    .bakeshop-summary-note {
        padding: 12px 14px;
        border: 1px solid var(--border-color);
        border-radius: 12px;
        background: #fff;
        color: var(--text-muted);
        line-height: 1.55;
    }
    .bakeshop-summary-groups { display: grid; gap: 16px; }
    .bakeshop-summary-group {
        border: 1px solid var(--border-color);
        border-radius: 12px;
        background: #fff;
        overflow: hidden;
    }
    .bakeshop-summary-group-head {
        padding: 14px 16px 10px;
        border-bottom: 1px solid var(--border-color);
        display: grid;
        gap: 4px;
    }
    .bakeshop-summary-group-head h4 {
        margin: 0;
        font-size: 1rem;
    }
    .bakeshop-summary-group-head p {
        margin: 0;
        color: var(--text-muted);
        font-size: 0.88rem;
    }
    .bakeshop-summary-ingredient strong {
        display: block;
    }
    .bakeshop-summary-ingredient span {
        color: var(--text-muted);
        font-size: 0.84rem;
    }
    .bakeshop-summary-meta p { margin: 6px 0 0; color: var(--text-muted); }
    .bakeshop-empty {
        padding: 18px;
        border: 1px dashed var(--border-color);
        border-radius: 12px;
        color: var(--text-muted);
        background: #fff;
    }
    @media (max-width: 1100px) {
        .bakeshop-layout { grid-template-columns: 1fr; }
    }
    @media (max-width: 760px) {
        .bakeshop-tabs { display: grid; grid-template-columns: 1fr; }
        .bakeshop-grid-2,
        .bakeshop-grid-3,
        .bakeshop-delivery-line { grid-template-columns: 1fr; }
    }
</style>

</head>
<body>
    <input class="bakeshop-sidebar-toggle" type="checkbox" id="bakeshop-sidebar-toggle" aria-hidden="true">
    <label class="bakeshop-mobile-overlay" for="bakeshop-sidebar-toggle" aria-hidden="true"></label>
    <div class="bakeshop-admin-shell">
        <aside class="sidebar">
            <label class="bakeshop-sidebar-close" for="bakeshop-sidebar-toggle">Close</label>
            <div class="bakeshop-brand">
                <div class="bakeshop-brand-mark"><img src="/uploads/bakeshop/north-oven.png" alt="North Oven Bakery logo"></div>
                <div>
                    <h1>North Oven Bakery</h1>
                    <p>Projection printouts for branch planning.</p>
                </div>
            </div>

            <nav class="bakeshop-nav">
                <div class="bakeshop-nav-group">
                    <div class="bakeshop-nav-label">Daily Work</div>
                    <a href="http://cmsnew.testtests/bakeshop_supervisor_settings_panel_test.php/admin/bakeshop" class="active">
                        <span class="bakeshop-nav-title">
                            <strong>Operations Workspace</strong>
                            <span>Overview plus focused views for branches, products, ingredients, deliveries, production, and usage</span>
                        </span>
                    </a>
                    
                    <div class="bakeshop-nav-submenu" aria-label="Focused work areas">
                        <a href="http://cmsnew.testtests/bakeshop_supervisor_settings_panel_test.php/admin/bakeshop?view=workspace#branches" class="" data-workspace-submenu="true" data-tab-target="branches" data-server-active="false">Branches</a>
                        <a href="http://cmsnew.testtests/bakeshop_supervisor_settings_panel_test.php/admin/bakeshop?view=workspace#catalog" class="" data-workspace-submenu="true" data-tab-target="catalog" data-server-active="false">Products</a>
                        <a href="http://cmsnew.testtests/bakeshop_supervisor_settings_panel_test.php/admin/bakeshop?view=workspace#ingredients" class="" data-workspace-submenu="true" data-tab-target="ingredients" data-server-active="false">Ingredients</a>
                        <a href="http://cmsnew.testtests/bakeshop_supervisor_settings_panel_test.php/admin/bakeshop?view=workspace#deliveries" class="" data-workspace-submenu="true" data-tab-target="deliveries" data-server-active="false">Ingredient Deliveries</a>
                        <a href="http://cmsnew.testtests/bakeshop_supervisor_settings_panel_test.php/admin/bakeshop?view=workspace#production" class="" data-workspace-submenu="true" data-tab-target="production" data-server-active="false">Production Runs</a>
                        <a href="http://cmsnew.testtests/bakeshop_supervisor_settings_panel_test.php/admin/bakeshop?view=workspace#usage" class="" data-workspace-submenu="true" data-tab-target="usage" data-server-active="false">Usage Summary</a>
                    </div>
                    
                </div>

                <div class="bakeshop-nav-group">
                    <div class="bakeshop-nav-label">Reports</div>
                    <a href="http://cmsnew.testtests/bakeshop_supervisor_settings_panel_test.php/admin/bakeshop/print" target="_blank" rel="noopener">
                        <span class="bakeshop-nav-title">
                            <strong>Print Summary</strong>
                            <span>Open the clean branch usage report</span>
                        </span>
                    </a>
                </div>

                <div class="bakeshop-nav-group">
                    <div class="bakeshop-nav-label">Administration</div>
                    
                    <a href="http://cmsnew.testtests/bakeshop_supervisor_settings_panel_test.php/admin/bakeshop/history" class="">
                        <span class="bakeshop-nav-title">
                            <strong>Activity History</strong>
                            <span>Changes to staff, settings, and operations</span>
                        </span>
                    </a>
                    
                    
                    <a href="http://cmsnew.testtests/bakeshop_supervisor_settings_panel_test.php/admin/bakeshop/users" class="">
                        <span class="bakeshop-nav-title">
                            <strong>Staff</strong>
                            <span>Admins, supervisors, onboarding</span>
                        </span>
                    </a>
                    
                    
                    <a href="http://cmsnew.testtests/bakeshop_supervisor_settings_panel_test.php/admin/bakeshop/settings" class="">
                        <span class="bakeshop-nav-title">
                            <strong>Settings</strong>
                            <span>Access rules and module defaults</span>
                        </span>
                    </a>
                    
                </div>

                <div class="bakeshop-nav-group">
                    <div class="bakeshop-nav-label">Account</div>
                    <a href="http://cmsnew.testtests/bakeshop_supervisor_settings_panel_test.php/admin/bakeshop/account" class="">
                        <span class="bakeshop-nav-title">
                            <strong>My Account</strong>
                            <span>Password and account details</span>
                        </span>
                    </a>
                </div>
            </nav>

            <div class="bakeshop-sidebar-card">
                <h2>Recommended Order</h2>
                <p>Open the operations workspace once, then move across the tabs in order: branches, ingredients, products, deliveries, production, and usage review.</p>
                
            </div>
        </aside>

        <div class="bakeshop-main">
            <header class="topbar">
                <div class="bakeshop-topbar-actions">
                    <label class="bakeshop-mobile-nav-button" for="bakeshop-sidebar-toggle">Menu</label>
                </div>
                <div class="bakeshop-title-stack">
                    <span class="bakeshop-kicker">Bakeshop Module</span>
                    <h2 id="bakeshop-page-title">Bakeshop Operations</h2>
                    <p id="bakeshop-page-intro">One operations workspace for branch setup, ingredients, products, deliveries, production, and usage. The sections below are grouped so non-technical staff can work in the order they actually do the day.</p>
                </div>

                <div class="bakeshop-topbar-user-tools">
                    <div class="bakeshop-user-card">
                        <strong>Administrator</strong>
                        <span>test-debug@example.com</span>
                        <span class="bakeshop-user-role">admin</span>
                    </div>
                    <form class="bakeshop-topbar-signout" method="post" action="http://cmsnew.testtests/bakeshop_supervisor_settings_panel_test.php/bakeshop/logout">
                        <input type="hidden" name="_token" value="7de2463e22f2cc74fd547e2d1a0160e3e8769de21ab0ab258c06b084db96271b">
                        <button class="bakeshop-sidebar-link" type="submit">Sign Out</button>
                    </form>
                </div>
            </header>

            <main class="bakeshop-content">
                <div class="bakeshop-content-inner">
                    
<div class="bakeshop-shell">
    <div class="bakeshop-header" style="justify-content:flex-end;">
        <div class="bakeshop-actions">
            
            <a class="bakeshop-button staff" href="http://cmsnew.testtests/bakeshop_supervisor_settings_panel_test.php/admin/bakeshop/users">Manage Staff</a>
            
            <a class="bakeshop-button print" id="bakeshop-print-link" href="http://cmsnew.testtests/bakeshop_supervisor_settings_panel_test.php/admin/bakeshop/print" target="_blank" rel="noopener">Open Print Summary</a>
            <button class="bakeshop-button refresh" type="button" id="bakeshop-refresh">Refresh Data</button>
        </div>
    </div>

    <div class="bakeshop-banner" id="bakeshop-banner"></div>

    <div class="bakeshop-confirm-backdrop" id="bakeshop-delete-confirm" hidden>
        <div class="bakeshop-confirm-panel" role="dialog" aria-modal="true" aria-labelledby="bakeshop-delete-confirm-title" aria-describedby="bakeshop-delete-confirm-message">
            <div class="bakeshop-shell" style="gap: 12px;">
                <h3 id="bakeshop-delete-confirm-title">Delete selected records?</h3>
                <p id="bakeshop-delete-confirm-message">Review the selected items before confirming this delete.</p>
                <div class="bakeshop-confirm-impact" id="bakeshop-delete-confirm-impact" hidden></div>
                <ul class="bakeshop-confirm-list" id="bakeshop-delete-confirm-list" hidden></ul>
                <p class="bakeshop-confirm-overflow" id="bakeshop-delete-confirm-overflow" hidden></p>
            </div>
            <div class="bakeshop-actions" style="justify-content: flex-end;">
                <button class="bakeshop-button secondary" type="button" id="bakeshop-delete-confirm-cancel">Cancel</button>
                <button class="bakeshop-button danger" type="button" id="bakeshop-delete-confirm-submit">Delete Selected</button>
            </div>
        </div>
    </div>

    

    

    <div class="bakeshop-stats" style="">
        <div class="bakeshop-stat">
            <strong id="stat-branches">1</strong>
            <span>Active Branches</span>
        </div>
        <div class="bakeshop-stat">
            <strong id="stat-products">1</strong>
            <span>Products</span>
        </div>
        <div class="bakeshop-stat">
            <strong id="stat-ingredients">3</strong>
            <span>Ingredients</span>
        </div>
        <div class="bakeshop-stat" >
            <strong id="stat-recipes">0</strong>
            <span>Recipe Lines</span>
        </div>
    </div>

    <section class="bakeshop-panel" style="">
        <div class="bakeshop-panel-head">
            <h3>Start Here</h3>
            <p>Follow this order so first-time setup stays predictable and the daily routine is easy to repeat.</p>
        </div>
        <div class="bakeshop-panel-body">
            <div class="bakeshop-flow">
                <article class="bakeshop-flow-step">
                    <strong>1</strong>
                    <h3>Set up branches</h3>
                    <p>Create the store locations you report against. Everything else connects back to these branches.</p>
                </article>
                <article class="bakeshop-flow-step">
                    <strong>2</strong>
                    <h3>Define products and recipes</h3>
                    <p>Add your finished goods and ingredient recipe lines before you record actual stock movement.</p>
                </article>
                <article class="bakeshop-flow-step">
                    <strong>3</strong>
                    <h3>Receive inventory and record production</h3>
                    <p>Use the same workspace for incoming ingredient inventory and production output so stock-in and stock-out stay connected.</p>
                </article>
                <article class="bakeshop-flow-step">
                    <strong>4</strong>
                    <h3>Review usage and print</h3>
                    <p>Check the branch usage summary, then open the printable report when you need a clean handoff.</p>
                </article>
            </div>
        </div>
    </section>

    <section class="bakeshop-panel" style="">
        <div class="bakeshop-panel-head">
            <h3>Summary Report</h3>
            <p>Branch ingredient balance summary for handoff: beginning stock, delivery source, total delivery, production usage, and remaining balance.</p>
        </div>
        <div class="bakeshop-panel-body bakeshop-setup-shell">
            <form class="bakeshop-shell" method="get" action="http://cmsnew.testtests/bakeshop_supervisor_settings_panel_test.php/admin/bakeshop" style="gap: 12px;">
                <div class="bakeshop-grid-3">
                    <div class="bakeshop-field">
                        <label for="summary-branch-filter">Branch</label>
                        <select id="summary-branch-filter" name="branch_id">
                            <option value="">All branches</option>
                            
                            <option value="398">DPE7723E5D - Projection Branch E7723E5D</option>
                            
                        </select>
                    </div>
                    <div class="bakeshop-field">
                        <label for="summary-from-filter">From</label>
                        <input id="summary-from-filter" name="from_date" type="date" value="">
                    </div>
                    <div class="bakeshop-field">
                        <label for="summary-to-filter">To</label>
                        <input id="summary-to-filter" name="to_date" type="date" value="">
                    </div>
                </div>
                <div class="bakeshop-form-actions">
                    <span class="bakeshop-help">Filters you apply here also carry into the usage work area and printable report.</span>
                    <div class="bakeshop-actions">
                        
                        <a class="bakeshop-button print" href="http://cmsnew.testtests/bakeshop_supervisor_settings_panel_test.php/admin/bakeshop/print" target="_blank" rel="noopener">Open Print View</a>
                        <button class="bakeshop-button" type="submit">Apply Filters</button>
                    </div>
                </div>
            </form>

            <div class="bakeshop-summary-meta">
                <div>
                    <strong>Branch</strong>
                    <p>DPE7723E5D - Projection Branch E7723E5D</p>
                </div>
                <div>
                    <strong>From</strong>
                    <p>2026-05-01</p>
                </div>
                <div>
                    <strong>To</strong>
                    <p>2026-05-01</p>
                </div>
            </div>

            <div class="bakeshop-stats">
                <div class="bakeshop-stat">
                    <strong>1</strong>
                    <span>Tracked Ingredients</span>
                </div>
                <div class="bakeshop-stat">
                    <strong>1</strong>
                    <span>Delivery Lines</span>
                </div>
                <div class="bakeshop-stat">
                    <strong>5</strong>
                    <span>Saved Batches</span>
                </div>
                <div class="bakeshop-stat">
                    <strong>75.00 kg</strong>
                    <span>On Hand At Scope End</span>
                </div>
            </div>

            <div class="bakeshop-summary-note">
                Beginning balance reflects stock before the first visible report date. Usage comes from saved ingredient snapshots attached to production runs, and all displayed values follow the configured 2-decimal output setting.
            </div>

            
            <div class="bakeshop-summary-groups">
                
                <section class="bakeshop-summary-group">
                    <div class="bakeshop-summary-group-head">
                        <h4>DPE7723E5D - Projection Branch E7723E5D</h4>
                        <p>Ingredient movement summary for this branch.</p>
                    </div>
                    <div class="bakeshop-table-wrap">
                        <table class="bakeshop-table">
                            <thead>
                                <tr>
                                    <th>Ingredient</th>
                                    <th>Unit</th>
                                    <th>Beginning Balance</th>
                                    <th>Delivery Source</th>
                                    <th>Total Delivery</th>
                                    <th>Usage</th>
                                    <th>Remaining Balance</th>
                                </tr>
                            </thead>
                            <tbody>
                                
                                <tr>
                                    <td class="bakeshop-summary-ingredient">
                                        <strong>Projection Flour E7723E5D</strong>
                                        <span>mass</span>
                                    </td>
                                    <td>kg</td>
                                    <td>0.00</td>
                                    <td>Commissary</td>
                                    <td>75.00</td>
                                    <td>0.00</td>
                                    <td>75.00</td>
                                </tr>
                                
                                <tr>
                                    <td colspan="2"><strong>Branch Totals</strong></td>
                                    <td><strong>0.00</strong></td>
                                    <td><strong>—</strong></td>
                                    <td><strong>75.00</strong></td>
                                    <td><strong>0.00</strong></td>
                                    <td><strong>75.00</strong></td>
                                </tr>
                            </tbody>
                        </table>
                    </div>
                </section>
                
            </div>
            
        </div>
    </section>

    <section class="bakeshop-panel" style="" id="work-areas-panel">
        <div class="bakeshop-panel-head" style="">
            <h3>Work Areas</h3>
            <p>Use one work area at a time so setup, receiving, production, and reporting stay separate instead of competing for attention on one long page.</p>
            
        </div>
        <div class="bakeshop-panel-body bakeshop-setup-shell">
            <div class="bakeshop-tabs" role="tablist" aria-label="Bakeshop setup sections" style="">
                <a class="bakeshop-tab active" href="http://cmsnew.testtests/bakeshop_supervisor_settings_panel_test.php/admin/bakeshop#branches" data-tab="branches" data-workspace-title="Branch Setup" data-workspace-intro="Create and maintain the branch locations that every delivery, production run, and usage report will reference." role="tab" aria-selected="true">Branches</a>
                <a class="bakeshop-tab" href="http://cmsnew.testtests/bakeshop_supervisor_settings_panel_test.php/admin/bakeshop#catalog" data-tab="catalog" data-workspace-title="Products" data-workspace-intro="Define finished goods first, then maintain each product&#039;s recipe lines in the same work area." role="tab" aria-selected="false">Products</a>
                <a class="bakeshop-tab" href="http://cmsnew.testtests/bakeshop_supervisor_settings_panel_test.php/admin/bakeshop#ingredients" data-tab="ingredients" data-workspace-title="Ingredients" data-workspace-intro="Maintain the raw-material catalog separately from products so receiving and recipe setup stay clear." role="tab" aria-selected="false">Ingredients</a>
                <a class="bakeshop-tab" href="http://cmsnew.testtests/bakeshop_supervisor_settings_panel_test.php/admin/bakeshop#deliveries" data-tab="deliveries" data-workspace-title="Ingredient Deliveries" data-workspace-intro="Receive ingredient stock by branch in one place so incoming materials are recorded cleanly before production." role="tab" aria-selected="false">Ingredient Deliveries</a>
                <a class="bakeshop-tab" href="http://cmsnew.testtests/bakeshop_supervisor_settings_panel_test.php/admin/bakeshop#production" data-tab="production" data-workspace-title="Baking Log" data-workspace-intro="Record what was baked, then review saved batches by branch, item, and time." role="tab" aria-selected="false">Baking Log</a>
                <a class="bakeshop-tab" href="http://cmsnew.testtests/bakeshop_supervisor_settings_panel_test.php/admin/bakeshop#usage" data-tab="usage" data-workspace-title="Usage Summary" data-workspace-intro="Review delivered versus consumed ingredients and refresh the usage summary before opening the printable report." role="tab" aria-selected="false">Usage Summary</a>
            </div>

            <section class="bakeshop-tab-panel active" data-tab-panel="branches">
                <div class="bakeshop-panel">
                    <div class="bakeshop-panel-body">
                        <form id="branch-form" class="bakeshop-grid-3" data-manage-required="true">
                            <div class="bakeshop-focus-note" id="branch-focus-note" style="grid-column: 1 / -1;" hidden></div>
                            <input type="hidden" name="id" value="">
                            <input type="hidden" name="is_active" value="1">
                            <div class="bakeshop-field">
                                <label for="branch-code">Code</label>
                                <input id="branch-code" name="code" placeholder="MAIN">
                            </div>
                            <div class="bakeshop-field">
                                <label for="branch-name">Name</label>
                                <input id="branch-name" name="name" placeholder="Main Branch">
                            </div>
                            <div class="bakeshop-field">
                                <label for="branch-address">Address</label>
                                <input id="branch-address" name="address" placeholder="Branch address">
                            </div>
                            <div class="bakeshop-form-actions" style="grid-column: 1 / -1;">
                                <span class="bakeshop-help">Branch IDs are owned by this module. No ecommerce or WMS bridge is wired in v1.</span>
                                <div class="bakeshop-actions">
                                    <button class="bakeshop-button danger" type="button" id="branch-cancel" hidden disabled>Cancel Edit</button>
                                    <button class="bakeshop-button" type="submit" id="branch-submit">Save Branch</button>
                                </div>
                            </div>
                        </form>

                        <div class="bakeshop-field">
                            <label for="branches-filter">Find Branch</label>
                            <input id="branches-filter" type="search" placeholder="Search by branch code, name, or address">
                        </div>

                        <div class="bakeshop-table-wrap">
                            <table class="bakeshop-table" id="branches-table">
                                <thead>
                                    <tr>
                                        <th>Code</th>
                                        <th>Name</th>
                                        <th>Address</th>
                                        <th>Status</th>
                                        <th>Actions</th>
                                    </tr>
                                </thead>
                                <tbody></tbody>
                            </table>
                        </div>
                    </div>
                </div>
            </section>

            <section class="bakeshop-tab-panel" data-tab-panel="catalog">
                <div class="bakeshop-column">
                    <section class="bakeshop-panel" id="product-editor-panel">
                        <div class="bakeshop-panel-head">
                            <p>Define your finished goods. Click a product row to edit it; its recipe lines appear in the sub-section below.</p>
                        </div>
                        <div class="bakeshop-panel-body">
                            <form id="product-form" class="bakeshop-shell" style="gap: 16px;" data-manage-required="true">
                                <div class="bakeshop-focus-note" id="product-focus-note" hidden></div>
                                <input type="hidden" name="id" value="">
                                <input type="hidden" name="is_active" value="1">
                                <div class="bakeshop-grid-3">
                                    <div class="bakeshop-field">
                                        <label for="product-name">Name</label>
                                        <input id="product-name" name="name" placeholder="Pandesal">
                                    </div>
                                    <div class="bakeshop-field">
                                        <label for="product-sku">SKU</label>
                                        <input id="product-sku" name="sku" placeholder="PRD-001">
                                    </div>
                                    <div class="bakeshop-field">
                                        <label for="product-category">Category</label>
                                        <input id="product-category" name="category" placeholder="Bread">
                                    </div>
                                    <div class="bakeshop-field">
                                        <label for="product-yield-qty">Default Yield Qty</label>
                                        <input id="product-yield-qty" name="default_yield_qty" type="number" min="0.01" step="0.01" value="1.00">
                                    </div>
                                    <div class="bakeshop-field" style="grid-column: span 2;">
                                        <label for="product-yield-unit">Default Yield Unit</label>
                                        <select id="product-yield-unit" name="default_yield_unit_id"></select>
                                    </div>
                                </div>
                                <div class="bakeshop-form-actions">
                                    <span class="bakeshop-help">Default yield drives recipe-backed ingredient scaling for saved batch records.</span>
                                    <div class="bakeshop-actions">
                                            <button class="bakeshop-button success" type="button" id="product-add">Add Product</button>
                                        <button class="bakeshop-button danger" type="button" id="product-cancel" hidden disabled>Cancel Edit</button>
                                        <button class="bakeshop-button" type="submit" id="product-submit">Save Product</button>
                                    </div>
                                </div>
                            </form>

                            <div class="bakeshop-grid-2" >
                                <div class="bakeshop-field" style="grid-column: 2 / 3;">
                                    <label for="recipes-filter">Find Recipe Line</label>
                                    <input id="recipes-filter" type="search" placeholder="Search by ingredient, unit, or notes">
                                </div>
                            </div>

                            

                            <section class="bakeshop-panel bakeshop-panel-subdued" id="recipe-panel" >
                                <div class="bakeshop-panel-head">
                                    <h3 id="recipe-panel-title">Recipe</h3>
                                    <p id="recipe-form-description">Edit a product first to view and maintain its recipe lines.</p>
                                </div>
                                <div class="bakeshop-panel-body">
                                    <div id="recipe-panel-empty" class="bakeshop-muted">Select Edit on a product to open that product's recipe.</div>
                                    <div id="recipe-panel-details" hidden>
                                    <form id="recipe-form" class="bakeshop-grid-3" data-manage-required="true">
                                        <div class="bakeshop-focus-note" id="recipe-focus-note" style="grid-column: 1 / -1;" hidden></div>
                                        <input id="recipe-product" name="product_id" type="hidden" value="">
                                        <div class="bakeshop-field">
                                            <label for="recipe-ingredient">Ingredient</label>
                                            <select id="recipe-ingredient" name="ingredient_id"></select>
                                        </div>
                                        <div class="bakeshop-field">
                                            <label for="recipe-unit">Unit</label>
                                            <select id="recipe-unit" name="unit_id"></select>
                                        </div>
                                        <div class="bakeshop-field">
                                            <label for="recipe-qty">Quantity</label>
                                            <input id="recipe-qty" name="qty" type="number" min="0.01" step="0.01" value="1.00">
                                        </div>
                                        <div class="bakeshop-field" style="grid-column: span 2;">
                                            <label for="recipe-notes">Notes</label>
                                            <input id="recipe-notes" name="notes" placeholder="Optional preparation note">
                                        </div>
                                        <div class="bakeshop-form-actions" style="grid-column: 1 / -1;">
                                            <span class="bakeshop-help">Update the ingredient usage for this product.</span>
                                            <div class="bakeshop-actions">
                                                <button class="bakeshop-button danger" type="button" id="recipe-cancel" hidden disabled>Cancel Edit</button>
                                                <button class="bakeshop-button" type="submit" id="recipe-submit">Save Recipe Line</button>
                                            </div>
                                        </div>
                                    </form>

                                    <div class="bakeshop-table-wrap">
                                        <table class="bakeshop-table" id="recipes-table">
                                            <thead>
                                                <tr>
                                                    <th>Ingredient</th>
                                                    <th>Qty</th>
                                                    <th>Unit</th>
                                                    <th>Notes</th>
                                                    <th>Actions</th>
                                                </tr>
                                            </thead>
                                            <tbody></tbody>
                                        </table>
                                    </div>
                                    </div>
                                </div>
                            </section>

                            <div class="bakeshop-form-actions bakeshop-view-tabs">
                                <div class="bakeshop-inline-tabs" role="tablist" aria-label="Product status views">
                                    <button class="bakeshop-inline-tab active" type="button" id="products-view-active" data-product-view="active" aria-selected="true">Active <span class="bakeshop-inline-tab-count" id="products-active-count">0</span></button>
                                    <button class="bakeshop-inline-tab" type="button" id="products-view-archived" data-product-view="archived" aria-selected="false">Archived <span class="bakeshop-inline-tab-count" id="products-archived-count">0</span></button>
                                </div>
                                <span class="bakeshop-help" id="products-view-summary">View active products used for current batch recording.</span>
                            </div>

                            <div class="bakeshop-form-actions bakeshop-bulk-actions">
                                <span class="bakeshop-help" id="products-selection-summary">No products selected.</span>
                                
                                <div class="bakeshop-actions">
                                    <button class="bakeshop-button secondary" type="button" id="products-select-visible">Select Visible</button>
                                    <button class="bakeshop-button secondary" type="button" id="products-clear-selection" hidden>Clear Selection</button>
                                    <button class="bakeshop-button danger" type="button" id="products-delete-selected" hidden>Delete Selected</button>
                                </div>
                                
                            </div>

                            <div class="bakeshop-table-wrap">
                                <table class="bakeshop-table" id="products-table">
                                    <thead>
                                        <tr>
                                            <th class="bakeshop-checkbox-cell"><input class="bakeshop-checkbox" id="products-select-all" type="checkbox" aria-label="Select visible products"></th>
                                            <th>Product</th>
                                            <th>Category</th>
                                            <th>Yield</th>
                                            <th >Recipe Lines</th>
                                            <th>Status</th>
                                            <th>Actions</th>
                                        </tr>
                                    </thead>
                                    <tbody></tbody>
                                </table>
                            </div>
                        </div>
                    </section>

                </div>
            </section>

            <section class="bakeshop-tab-panel" data-tab-panel="ingredients">
                <div class="bakeshop-column">
                    <section class="bakeshop-panel">
                        <div class="bakeshop-panel-head">
                            <p>Maintain the ingredient master list and its base unit before using items in deliveries, usage reporting, and recipe-backed batches.</p>
                        </div>
                        <div class="bakeshop-panel-body">
                            <form id="ingredient-form" class="bakeshop-shell" style="gap: 16px;" data-manage-required="true">
                                <div class="bakeshop-focus-note" id="ingredient-focus-note" hidden></div>
                                <input type="hidden" name="id" value="">
                                <input type="hidden" name="is_active" value="1">
                                <div class="bakeshop-grid-3">
                                    <div class="bakeshop-field">
                                        <label for="ingredient-name">Name</label>
                                        <input id="ingredient-name" name="name" placeholder="Flour">
                                    </div>
                                    <div class="bakeshop-field">
                                        <label for="ingredient-sku">SKU</label>
                                        <input id="ingredient-sku" name="sku" placeholder="ING-001">
                                    </div>
                                    <div class="bakeshop-field">
                                        <label for="ingredient-unit">Default Unit</label>
                                        <select id="ingredient-unit" name="default_unit_id"></select>
                                    </div>
                                </div>
                                <div class="bakeshop-grid-3">
                                    <div class="bakeshop-field">
                                        <label for="ingredient-pack-label">Pack Label</label>
                                        <input id="ingredient-pack-label" name="pack_label" placeholder="Bag">
                                    </div>
                                    <div class="bakeshop-field">
                                        <label for="ingredient-pack-qty">Pack Qty</label>
                                        <input id="ingredient-pack-qty" name="pack_qty" type="number" min="0" step="0.0001" placeholder="25.0000">
                                    </div>
                                    <div class="bakeshop-field">
                                        <label for="ingredient-pack-unit">Pack Unit</label>
                                        <select id="ingredient-pack-unit" name="pack_unit_id"></select>
                                    </div>
                                </div>
                                <div class="bakeshop-form-actions">
                                    <span class="bakeshop-help">Units are seeded globally as `kg`, `g`, `L`, `mL`, `pc`, and `pack`. Pack metadata is optional, but when set it must match the ingredient unit dimension.</span>
                                    <div class="bakeshop-actions">
                                            <button class="bakeshop-button success" type="button" id="ingredient-add">Add Ingredient</button>
                                        <button class="bakeshop-button danger" type="button" id="ingredient-cancel" hidden disabled>Cancel Edit</button>
                                        <button class="bakeshop-button" type="submit" id="ingredient-submit">Save Ingredient</button>
                                    </div>
                                </div>
                            </form>

                            <div class="bakeshop-field">
                                <label for="ingredients-filter">Find Ingredient</label>
                                <input id="ingredients-filter" type="search" placeholder="Search by ingredient, SKU, or unit">
                            </div>

                            <div class="bakeshop-form-actions bakeshop-view-tabs">
                                <div class="bakeshop-inline-tabs" role="tablist" aria-label="Ingredient status views">
                                    <button class="bakeshop-inline-tab active" type="button" id="ingredients-view-active" data-ingredient-view="active" aria-selected="true">Active <span class="bakeshop-inline-tab-count" id="ingredients-active-count">0</span></button>
                                    <button class="bakeshop-inline-tab" type="button" id="ingredients-view-archived" data-ingredient-view="archived" aria-selected="false">Archived <span class="bakeshop-inline-tab-count" id="ingredients-archived-count">0</span></button>
                                </div>
                                <span class="bakeshop-help" id="ingredients-view-summary">View active ingredients used in current operations.</span>
                            </div>

                            <div class="bakeshop-form-actions bakeshop-bulk-actions">
                                <span class="bakeshop-help" id="ingredients-selection-summary">No ingredients selected.</span>
                                
                                <div class="bakeshop-actions">
                                    <button class="bakeshop-button secondary" type="button" id="ingredients-select-visible">Select Visible</button>
                                    <button class="bakeshop-button secondary" type="button" id="ingredients-clear-selection" hidden>Clear Selection</button>
                                    <button class="bakeshop-button danger" type="button" id="ingredients-delete-selected" hidden>Delete Selected</button>
                                </div>
                                
                            </div>

                            <div class="bakeshop-table-wrap">
                                <table class="bakeshop-table" id="ingredients-table">
                                    <thead>
                                        <tr>
                                            <th class="bakeshop-checkbox-cell"><input class="bakeshop-checkbox" id="ingredients-select-all" type="checkbox" aria-label="Select visible ingredients"></th>
                                            <th>Ingredient</th>
                                            <th>SKU</th>
                                            <th>Default Unit</th>
                                            <th>Pack</th>
                                            <th>Status</th>
                                            <th>Actions</th>
                                        </tr>
                                    </thead>
                                    <tbody></tbody>
                                </table>
                            </div>
                        </div>
                    </section>
                </div>
            </section>

            <section class="bakeshop-tab-panel" data-tab-panel="deliveries">
                <section class="bakeshop-panel">
                    <div class="bakeshop-panel-head">
                        <p>Set the day's received quantities for one branch at a time. Every ingredient is listed below so encoding stays predictable.</p>
                    </div>
                    <div class="bakeshop-panel-body">
                        <div class="bakeshop-section-panel active" data-delivery-section-panel="receive">
                        <form id="delivery-form" class="bakeshop-shell" style="gap: 16px;" data-manage-required="true">
                            <div class="bakeshop-grid-2">
                                <div class="bakeshop-field">
                                    <label for="delivery-branch">Branch</label>
                                    <select id="delivery-branch" name="branch_id"></select>
                                </div>
                                <div class="bakeshop-field">
                                    <label for="delivery-at">Delivery Date</label>
                                    <input id="delivery-at" name="delivered_at" type="date">
                                </div>
                                <div class="bakeshop-field">
                                    <label for="delivery-coverage-days">Coverage Days</label>
                                    <input id="delivery-coverage-days" name="coverage_days" type="number" min="1" max="31" step="1" value="3">
                                </div>
                                <div class="bakeshop-field">
                                    <label for="delivery-reference">Reference</label>
                                    <input id="delivery-reference" name="reference" placeholder="DR-2026-001">
                                </div>
                                <div class="bakeshop-field">
                                    <label for="delivery-received-by">Received By</label>
                                    <input id="delivery-received-by" name="received_by" placeholder="Supervisor name">
                                </div>
                            </div>
                            <div class="bakeshop-grid-2">
                                <div class="bakeshop-field">
                                    <label for="delivery-source-type">Delivery Source</label>
                                    <select id="delivery-source-type" name="source_type">
                                        <option value="commissary">Commissary</option>
                                        <option value="other">Other Supplier</option>
                                    </select>
                                </div>
                                <div class="bakeshop-field" id="delivery-source-name-field" hidden>
                                    <label for="delivery-source-name">Other Supplier Name</label>
                                    <input id="delivery-source-name" name="source_name" placeholder="Specify supplier name">
                                </div>
                            </div>
                            <div class="bakeshop-field">
                                <label for="delivery-notes">Notes</label>
                                <textarea id="delivery-notes" name="notes" placeholder="Optional receiving note"></textarea>
                            </div>
                            <div class="bakeshop-grid-2">
                                <div class="bakeshop-field">
                                    <label for="delivery-sheet-filter">Find Ingredient</label>
                                    <input id="delivery-sheet-filter" type="search" placeholder="Search by ingredient or SKU">
                                </div>
                                <div class="bakeshop-field">
                                    <label for="delivery-csv-file">Import CSV</label>
                                    <input id="delivery-csv-file" type="file" accept=".csv,text/csv">
                                </div>
                            </div>
                            <div>
                                <div class="bakeshop-form-actions bakeshop-view-tabs" style="margin-bottom: 10px;">
                                    <div class="bakeshop-section-tabs" role="tablist" aria-label="Delivery sections">
                                        <button class="bakeshop-section-tab active" type="button" data-delivery-section-tab="receive" role="tab" aria-selected="true">Daily Receiving</button>
                                        <button class="bakeshop-section-tab" type="button" data-delivery-section-tab="saved" role="tab" aria-selected="false">Saved Receipts</button>
                                    </div>
                                    <span class="bakeshop-help">Set one branch's received quantities for the day and save a single receipt.</span>
                                </div>
                                <div class="bakeshop-form-actions" style="margin-bottom: 10px;">
                                    <span class="bakeshop-help">Every ingredient is listed below in its default unit. Enter received quantities directly, or import a CSV with `sku` or `ingredient`, `qty`, optional `unit_cost`, and optional `cost_basis` columns.</span>
                                    <div class="bakeshop-actions">
                                        <button class="bakeshop-button secondary" type="button" id="delivery-csv-template">Download CSV Template</button>
                                        <button class="bakeshop-button secondary" type="button" id="delivery-sheet-clear">Clear Quantities</button>
                                    </div>
                                </div>
                                <div class="bakeshop-table-wrap bakeshop-delivery-sheet">
                                    <table class="bakeshop-table">
                                        <thead>
                                            <tr>
                                                <th>Ingredient</th>
                                                <th>SKU</th>
                                                <th>Default Unit</th>
                                                <th>Qty Received</th>
                                                <th>Unit Cost</th>
                                                <th>Cost Basis</th>
                                            </tr>
                                        </thead>
                                        <tbody id="delivery-lines"></tbody>
                                    </table>
                                </div>
                            </div>
                            <div class="bakeshop-form-actions">
                                <span class="bakeshop-help">Saving posts one branch receipt and includes only ingredients with a quantity greater than zero. Coverage days lets one DR represent a multi-day delivery window.</span>
                                <button class="bakeshop-button" type="submit">Save Delivery</button>
                            </div>
                        </form>
                        </div>

                        <div class="bakeshop-section-panel" data-delivery-section-panel="saved">
                        <div class="bakeshop-form-actions bakeshop-view-tabs">
                            <div class="bakeshop-section-tabs" role="tablist" aria-label="Delivery sections">
                                <button class="bakeshop-section-tab" type="button" data-delivery-section-tab="receive" role="tab" aria-selected="false">Daily Receiving</button>
                                <button class="bakeshop-section-tab active" type="button" data-delivery-section-tab="saved" role="tab" aria-selected="true">Saved Receipts</button>
                            </div>
                            <span class="bakeshop-help">Review saved branch receipts by date, source, receiver, and delivery detail.</span>
                        </div>
                        <div class="bakeshop-field">
                            <label for="deliveries-filter">Find Delivery</label>
                            <input id="deliveries-filter" type="search" placeholder="Search by branch, source, reference, receiver, or date">
                        </div>

                        <div class="bakeshop-form-actions bakeshop-bulk-actions">
                            <span class="bakeshop-help" id="deliveries-selection-summary">No deliveries selected.</span>
                            
                            <div class="bakeshop-actions">
                                <button class="bakeshop-button secondary" type="button" id="deliveries-select-visible">Select Visible</button>
                                <button class="bakeshop-button secondary" type="button" id="deliveries-clear-selection" hidden>Clear Selection</button>
                                <button class="bakeshop-button danger" type="button" id="deliveries-delete-selected" hidden>Delete Selected</button>
                            </div>
                            
                        </div>

                        <div class="bakeshop-table-wrap">
                            <table class="bakeshop-table" id="deliveries-table">
                                <thead>
                                    <tr>
                                        <th class="bakeshop-checkbox-cell"><input class="bakeshop-checkbox" id="deliveries-select-all" type="checkbox" aria-label="Select visible deliveries"></th>
                                        <th>Branch</th>
                                        <th>Delivered At</th>
                                        <th>Reference</th>
                                        <th>Delivery Detail</th>
                                        <th>Actions</th>
                                    </tr>
                                </thead>
                                <tbody></tbody>
                            </table>
                        </div>
                        </div>
                    </div>
                </section>
            </section>

            <section class="bakeshop-tab-panel" data-tab-panel="production">
                <section class="bakeshop-panel">
                    <div class="bakeshop-panel-head">
                        <p>Record what was made, keep saved entries easy to review, and preserve the ingredient-use detail that belonged to each finished batch.</p>
                    </div>
                    <div class="bakeshop-panel-body">
                        <section class="bakeshop-panel" style="box-shadow:none; margin-bottom: 16px;">
                            <div class="bakeshop-panel-head">
                                <h3>Branch Product Daily Targets</h3>
                                <p>Store each branch's strict daily output target. Targets must use the same unit dimension as the product's standard yield.</p>
                            </div>
                            <div class="bakeshop-panel-body">
                                <form id="product-target-form" class="bakeshop-shell" style="gap: 16px;" data-manage-required="true">
                                    <div class="bakeshop-focus-note" id="product-target-focus-note" hidden></div>
                                    <input type="hidden" name="id" value="">
                                    <input type="hidden" name="is_active" value="1">
                                    <div class="bakeshop-grid-2">
                                        <div class="bakeshop-field">
                                            <label for="product-target-branch">Branch</label>
                                            <select id="product-target-branch" name="branch_id"></select>
                                        </div>
                                        <div class="bakeshop-field">
                                            <label for="product-target-product">Product</label>
                                            <select id="product-target-product" name="product_id"></select>
                                        </div>
                                        <div class="bakeshop-field">
                                            <label for="product-target-daily-qty">Daily Target Qty</label>
                                            <input id="product-target-daily-qty" name="daily_qty" type="number" min="0.01" step="0.01" placeholder="0.00">
                                        </div>
                                        <div class="bakeshop-field">
                                            <label for="product-target-unit">Target Unit</label>
                                            <select id="product-target-unit" name="unit_id"></select>
                                        </div>
                                    </div>
                                    <div class="bakeshop-form-actions">
                                        <span class="bakeshop-help">Targets drive the DR projection report in the Usage workspace. Missing production days reduce the projected total proportionally.</span>
                                        <div class="bakeshop-actions">
                                            <button class="bakeshop-button success" type="button" id="product-target-add">Add Target</button>
                                            <button class="bakeshop-button danger" type="button" id="product-target-cancel" hidden disabled>Cancel Edit</button>
                                            <button class="bakeshop-button" type="submit" id="product-target-submit">Save Target</button>
                                        </div>
                                    </div>
                                </form>

                                <div class="bakeshop-field">
                                    <label for="product-target-filter">Find Target</label>
                                    <input id="product-target-filter" type="search" placeholder="Search by product, category, or unit">
                                </div>

                                <div class="bakeshop-table-wrap">
                                    <table class="bakeshop-table" id="product-targets-table">
                                        <thead>
                                            <tr>
                                                <th>Product</th>
                                                <th>Category</th>
                                                <th>Daily Target</th>
                                                <th>Unit</th>
                                                <th>Actions</th>
                                            </tr>
                                        </thead>
                                        <tbody></tbody>
                                    </table>
                                </div>
                            </div>
                        </section>

                        <div class="bakeshop-section-panel active" data-production-section-panel="record">
                        <form id="production-form" class="bakeshop-grid-2" data-manage-required="true">
                            <input name="id" type="hidden" value="">
                            <input id="production-product" name="product_id" type="hidden" value="">
                            <input id="production-qty-produced" name="qty_produced" type="hidden" value="">
                            <div class="bakeshop-field">
                                <label for="production-branch">Branch</label>
                                <select id="production-branch" name="branch_id"></select>
                            </div>
                            <div class="bakeshop-field">
                                <label for="production-at">Finished At</label>
                                <input id="production-at" name="produced_at" type="datetime-local">
                            </div>
                            <div class="bakeshop-field">
                                <label for="production-by">Made By</label>
                                <input id="production-by" name="produced_by" placeholder="Baker or supervisor name">
                            </div>
                            <div class="bakeshop-field">
                                <label for="production-notes">Batch Note</label>
                                <input id="production-notes" name="notes" placeholder="Optional note for this saved entry">
                            </div>
                            <div style="grid-column: 1 / -1; display: grid; gap: 10px;">
                                <div class="bakeshop-form-actions bakeshop-view-tabs">
                                    <div class="bakeshop-section-tabs" role="tablist" aria-label="Production sections">
                                        <button class="bakeshop-section-tab active" type="button" data-production-section-tab="record" role="tab" aria-selected="true">Record Batch</button>
                                        <button class="bakeshop-section-tab" type="button" data-production-section-tab="saved" role="tab" aria-selected="false">Saved Entries</button>
                                    </div>
                                    <span class="bakeshop-help">Record batches one item at a time and keep the latest saved entry ready to review.</span>
                                </div>
                                <div class="bakeshop-form-actions">
                                    <span class="bakeshop-help" id="production-focus-note" hidden></span>
                                    <span class="bakeshop-help" id="production-product-note">Choose the branch, finished time, and who made it. Then enter the amount made in the item list below. Leaving a box blank means nothing was made for that item.</span>
                                </div>
                                
                                <div class="bakeshop-form-actions">
                                    <span class="bakeshop-help" id="production-guard-note">Temporary non-production testing override. When enabled, an entry can still be saved even if the item setup is incomplete.</span>
                                    <button class="bakeshop-button secondary" type="button" id="production-guard-toggle">Testing Override: Off</button>
                                </div>
                                
                                <div class="bakeshop-field">
                                    <label for="production-products-filter">Find Item To Record</label>
                                    <input id="production-products-filter" type="search" placeholder="Search by item, SKU, or category">
                                </div>
                                <div class="bakeshop-table-wrap">
                                    <table class="bakeshop-table" id="production-products-table">
                                        <thead>
                                            <tr>
                                                <th>Item</th>
                                                <th>Category</th>
                                                <th>Standard Batch</th>
                                                <th>Amount Made</th>
                                            </tr>
                                        </thead>
                                        <tbody></tbody>
                                    </table>
                                </div>
                            </div>
                            <div class="bakeshop-form-actions" style="grid-column: 1 / -1;">
                                <span class="bakeshop-help">When you review a saved entry later, only the time, person, and note can be updated from this form.</span>
                                <button class="bakeshop-button" type="submit" id="production-submit" hidden>Update Saved Entry</button>
                                <button class="bakeshop-button secondary" type="button" id="production-cancel" hidden disabled>Cancel</button>
                            </div>
                        </form>

                        <div class="bakeshop-review-card" id="production-last-saved" hidden>
                            <div>
                                <strong>Last Saved Entry</strong>
                                <p id="production-last-saved-summary">The next saved batch will appear here so it can be reviewed right away.</p>
                            </div>
                            <div class="bakeshop-actions">
                                <button class="bakeshop-button secondary" type="button" id="production-review-last-saved">Review In Saved Entries</button>
                                <button class="bakeshop-button secondary" type="button" id="production-edit-last-saved">Edit This Entry</button>
                            </div>
                        </div>
                        </div>

                        <div class="bakeshop-section-panel" data-production-section-panel="saved">
                        <div class="bakeshop-form-actions bakeshop-view-tabs">
                            <div class="bakeshop-section-tabs" role="tablist" aria-label="Production sections">
                                <button class="bakeshop-section-tab" type="button" data-production-section-tab="record" role="tab" aria-selected="false">Record Batch</button>
                                <button class="bakeshop-section-tab active" type="button" data-production-section-tab="saved" role="tab" aria-selected="true">Saved Entries</button>
                            </div>
                            <span class="bakeshop-help">Review saved batch entries by branch, item, time, and ingredient-use detail.</span>
                        </div>
                        <div class="bakeshop-stats" id="production-saved-summary">
                            <div class="bakeshop-stat">
                                <strong id="production-saved-count">0</strong>
                                <span>Visible Saved Entries</span>
                            </div>
                            <div class="bakeshop-stat">
                                <strong id="production-saved-latest-item">None yet</strong>
                                <span>Last Saved Item</span>
                            </div>
                            <div class="bakeshop-stat">
                                <strong id="production-saved-latest-branch">No branch yet</strong>
                                <span>Last Saved Branch</span>
                            </div>
                        </div>
                        <div class="bakeshop-field">
                            <label for="production-filter">Find Saved Entry</label>
                            <input id="production-filter" type="search" placeholder="Search by branch, item, finished time, person, or note">
                        </div>

                        <div class="bakeshop-table-wrap">
                            <table class="bakeshop-table" id="production-table">
                                <thead>
                                    <tr>
                                        <th>Branch</th>
                                        <th>Item</th>
                                        <th>Finished At</th>
                                        <th>Amount Made</th>
                                        <th>Ingredients Used</th>
                                        <th>Actions</th>
                                    </tr>
                                </thead>
                                <tbody></tbody>
                            </table>
                        </div>
                        </div>
                    </div>
                </section>
            </section>

            <section class="bakeshop-tab-panel" data-tab-panel="usage">
                <section class="bakeshop-panel">
                    <div class="bakeshop-panel-head">
                        <p>Read the inventory movement view: received deliveries minus recipe-based production consumption, grouped by branch, ingredient, and date.</p>
                    </div>
                    <div class="bakeshop-panel-body">
                        <form id="usage-form" class="bakeshop-grid-3">
                            <div class="bakeshop-field">
                                <label for="usage-branch">Branch</label>
                                <select id="usage-branch" name="branch_id" data-report-scope="branch_id"></select>
                            </div>
                            <div class="bakeshop-field">
                                <label for="usage-from">From Date</label>
                                <input id="usage-from" name="from_date" type="date" value="" data-report-scope="from_date">
                            </div>
                            <div class="bakeshop-field">
                                <label for="usage-to">To Date</label>
                                <input id="usage-to" name="to_date" type="date" value="" data-report-scope="to_date">
                            </div>
                            <div class="bakeshop-field">
                                <label for="usage-horizon-days">Projection Horizon</label>
                                <input id="usage-horizon-days" name="horizon_days" type="number" min="1" max="31" step="1" value="7">
                            </div>
                            <div class="bakeshop-form-actions" style="grid-column: 1 / -1;">
                                <span class="bakeshop-help">These filters mirror any applied dashboard summary filters and drive the printable inventory summary. DR projection uses the same scope plus the projection horizon.</span>
                                <div class="bakeshop-actions">
                                    <a class="bakeshop-button print" id="bakeshop-dr-projection-print-link" href="http://cmsnew.testtests/bakeshop_supervisor_settings_panel_test.php/admin/bakeshop/print/dr-projection" target="_blank" rel="noopener">Open DR Projection Print</a>
                                    <button class="bakeshop-button" type="submit">Refresh Usage</button>
                                </div>
                            </div>
                        </form>

                        <div class="bakeshop-grid-3">
                            <div class="bakeshop-stat">
                                <strong id="usage-total-delivered">0.00</strong>
                                <span>Delivered By Unit</span>
                            </div>
                            <div class="bakeshop-stat">
                                <strong id="usage-total-consumed">0.00</strong>
                                <span>Consumed By Unit</span>
                            </div>
                            <div class="bakeshop-stat">
                                <strong id="usage-total-variance">0.00</strong>
                                <span>Variance By Unit</span>
                            </div>
                        </div>

                        <div class="bakeshop-stats">
                            <div class="bakeshop-stat">
                                <strong id="usage-factual-ingredients">0</strong>
                                <span>Tracked Ingredients</span>
                            </div>
                            <div class="bakeshop-stat">
                                <strong id="usage-factual-deliveries">0</strong>
                                <span>Delivery Lines</span>
                            </div>
                            <div class="bakeshop-stat">
                                <strong id="usage-factual-runs">0</strong>
                                <span>Saved Batches</span>
                            </div>
                        </div>

                        <div class="bakeshop-field">
                            <label for="usage-filter">Find Usage Row</label>
                            <input id="usage-filter" type="search" placeholder="Search by branch, ingredient, date, or unit">
                        </div>

                        <div class="bakeshop-table-wrap">
                            <table class="bakeshop-table" id="usage-table">
                                <thead>
                                    <tr>
                                        <th>Branch</th>
                                        <th>Date</th>
                                        <th>Ingredient</th>
                                        <th>Unit</th>
                                        <th>Delivered</th>
                                        <th>Consumed</th>
                                        <th>Variance</th>
                                    </tr>
                                </thead>
                                <tbody></tbody>
                            </table>
                        </div>

                        <section class="bakeshop-panel" style="box-shadow:none; margin-top: 16px;">
                            <div class="bakeshop-panel-head">
                                <h3>DR Projection</h3>
                                <p>Extend the observed delivery window into a future demand projection: ingredients are dailyized from DR coverage, while products use strict branch daily targets.</p>
                            </div>
                            <div class="bakeshop-panel-body">
                                <div class="bakeshop-form-actions">
                                    <span class="bakeshop-help" id="dr-projection-summary">Choose a branch and a scoped date range, then refresh usage to compute projected ingredient and product requirements.</span>
                                    <div class="bakeshop-actions">
                                        <a class="bakeshop-button print" href="http://cmsnew.testtests/bakeshop_supervisor_settings_panel_test.php/admin/bakeshop/print/dr-projection" id="bakeshop-dr-projection-inline-print-link" target="_blank" rel="noopener">Print This Projection</a>
                                    </div>
                                </div>

                                <div class="bakeshop-grid-2">
                                    <section>
                                        <div class="bakeshop-field">
                                            <label for="dr-projection-ingredients-filter">Find Projected Ingredient</label>
                                            <input id="dr-projection-ingredients-filter" type="search" placeholder="Search by ingredient, unit, or pack">
                                        </div>
                                        <div class="bakeshop-table-wrap">
                                            <table class="bakeshop-table" id="dr-projection-ingredients-table">
                                                <thead>
                                                    <tr>
                                                        <th>Ingredient</th>
                                                        <th>Observed Qty</th>
                                                        <th>Coverage</th>
                                                        <th>Daily Qty</th>
                                                        <th>Projected Qty</th>
                                                        <th>Per Pack</th>
                                                    </tr>
                                                </thead>
                                                <tbody></tbody>
                                            </table>
                                        </div>
                                    </section>

                                    <section>
                                        <div class="bakeshop-field">
                                            <label for="dr-projection-products-filter">Find Projected Product</label>
                                            <input id="dr-projection-products-filter" type="search" placeholder="Search by product, category, or unit">
                                        </div>
                                        <div class="bakeshop-table-wrap">
                                            <table class="bakeshop-table" id="dr-projection-products-table">
                                                <thead>
                                                    <tr>
                                                        <th>Product</th>
                                                        <th>Daily Target</th>
                                                        <th>Days Produced</th>
                                                        <th>Missing Days</th>
                                                        <th>Projected Qty</th>
                                                    </tr>
                                                </thead>
                                                <tbody></tbody>
                                            </table>
                                        </div>
                                    </section>
                                </div>
                            </div>
                        </section>

                        <section class="bakeshop-panel" style="box-shadow:none;">
                            <div class="bakeshop-panel-head">
                                <h3>Ingredient Inventory As Of Scope End</h3>
                                <p>Shows net stock up to the selected end date. The branch filter always applies, and if only a from date is set it is used as the as-of date.</p>
                            </div>
                            <div class="bakeshop-panel-body">
                                <div class="bakeshop-grid-2">
                                    <div class="bakeshop-stat">
                                        <strong id="inventory-total-on-hand">0.00</strong>
                                        <span>On-Hand By Unit At Scope End</span>
                                    </div>
                                    <div class="bakeshop-stat">
                                        <strong id="inventory-total-lines">0</strong>
                                        <span>Tracked Ingredient Lines</span>
                                    </div>
                                </div>

                                <div class="bakeshop-field">
                                    <label for="inventory-filter">Find Inventory Row</label>
                                    <input id="inventory-filter" type="search" placeholder="Search by branch, ingredient, or unit">
                                </div>

                                <div class="bakeshop-table-wrap">
                                    <table class="bakeshop-table" id="inventory-table">
                                        <thead>
                                            <tr>
                                                <th>Branch</th>
                                                <th>Ingredient</th>
                                                <th>Unit</th>
                                                <th>Received To Date</th>
                                                <th>Consumed To Date</th>
                                                <th>On Hand</th>
                                            </tr>
                                        </thead>
                                        <tbody></tbody>
                                    </table>
                                </div>
                            </div>
                        </section>
                    </div>
                </section>
            </section>
        </div>
    </section>

</div>

<script>
document.addEventListener('DOMContentLoaded', () => {
    const csrfToken = '7de2463e22f2cc74fd547e2d1a0160e3e8769de21ab0ab258c06b084db96271b';
    const baseUrl = 'http://cmsnew.testtests/bakeshop_supervisor_settings_panel_test.php';

    function normalizePathPrefix(value) {
        if (!value) {
            return '';
        }

        let pathname = String(value || '').trim();
        if (pathname === '') {
            return '';
        }

        try {
            pathname = new URL(pathname, window.location.origin).pathname || '';
        } catch (error) {
            pathname = String(value || '').trim();
        }

        pathname = pathname.replace(/\/+$/, '');
        if (pathname === '/' || pathname === '.') {
            return '';
        }

        return pathname;
    }

    function bakeshopAppBasePath() {
        const candidates = [window.location.pathname, baseUrl];
        for (const candidate of candidates) {
            const normalized = normalizePathPrefix(candidate);
            if (normalized === '') {
                continue;
            }

            const match = normalized.match(/^(.*?)(\/admin\/bakeshop(?:\/.*)?|\/bakeshop(?:\/.*)?)$/);
            if (match) {
                return match[1] || '';
            }

            if (!normalized.startsWith('/api/')) {
                return normalized;
            }
        }

        return '';
    }

    function bakeshopApiPath(path) {
        return bakeshopAppBasePath() + String(path || '');
    }

    function normalizedRowId(kind, row) {
        if (!row || typeof row !== 'object') {
            return 0;
        }

        const candidates = [row.id];
        if (kind === 'product') {
            candidates.push(row.product_id);
        } else if (kind === 'ingredient') {
            candidates.push(row.ingredient_id);
        } else if (kind === 'branch') {
            candidates.push(row.branch_id);
        }

        for (const candidate of candidates) {
            const numericId = Number(candidate);
            if (Number.isFinite(numericId) && numericId > 0) {
                return numericId;
            }
        }

        return 0;
    }

    function normalizeMaintenanceRows(kind, rows) {
        if (!Array.isArray(rows)) {
            return [];
        }

        return rows.map((row) => {
            if (!row || typeof row !== 'object') {
                return row;
            }

            const resolvedId = normalizedRowId(kind, row);
            return {
                ...row,
                id: resolvedId > 0 ? resolvedId : row.id
            };
        });
    }

    const api = {
        branches: bakeshopApiPath('/api/v1/bakeshop/branches'),
        units: bakeshopApiPath('/api/v1/bakeshop/units'),
        products: bakeshopApiPath('/api/v1/bakeshop/products'),
        productStatus: bakeshopApiPath('/api/v1/bakeshop/products/[id]/status'),
        productsBatchDelete: bakeshopApiPath('/api/v1/bakeshop/products/batch-delete'),
        productsDelete: bakeshopApiPath('/api/v1/bakeshop/products/delete'),
        ingredients: bakeshopApiPath('/api/v1/bakeshop/ingredients'),
        ingredientStatus: bakeshopApiPath('/api/v1/bakeshop/ingredients/[id]/status'),
        ingredientsBatchDelete: bakeshopApiPath('/api/v1/bakeshop/ingredients/batch-delete'),
        ingredientsDelete: bakeshopApiPath('/api/v1/bakeshop/ingredients/delete'),
        recipes: bakeshopApiPath('/api/v1/bakeshop/recipes'),
        recipesDelete: bakeshopApiPath('/api/v1/bakeshop/recipes/delete'),
        deliveries: bakeshopApiPath('/api/v1/bakeshop/deliveries'),
        deliveriesBatchDelete: bakeshopApiPath('/api/v1/bakeshop/deliveries/batch-delete'),
        deliveriesDelete: bakeshopApiPath('/api/v1/bakeshop/deliveries/delete'),
        productTargets: bakeshopApiPath('/api/v1/bakeshop/product-targets'),
        productTargetsDelete: bakeshopApiPath('/api/v1/bakeshop/product-targets/delete'),
        production: bakeshopApiPath('/api/v1/bakeshop/production'),
        productionVoid: bakeshopApiPath('/api/v1/bakeshop/production/void'),
        permissionsSettings: bakeshopApiPath('/api/v1/bakeshop/settings/permissions'),
        usage: bakeshopApiPath('/api/v1/bakeshop/usage'),
        drProjection: bakeshopApiPath('/api/v1/bakeshop/reports/dr-projection')
    };

    api.branchStatus = bakeshopApiPath('/api/v1/bakeshop/branches/[id]/status');

    const canManageSettings = true;
    const canManageWorkspace = true;
    const allowProductionGuardOverride = true;
    const defaultUsageDecimalPlaces = Number('2');
    const defaultDrCoverageDays = Number('3');
    const productRecipesEnabled = true;
    const productionRequiresRecipe = false;
    const searchParams = new URLSearchParams(window.location.search);
    const focusState = {
        kind: searchParams.get('focus_kind') || '',
        id: Number(searchParams.get('focus_id') || '0'),
        applied: false
    };

    const state = {
        branches: [],
        units: [],
        products: [],
        productListView: 'active',
        selectedProductIds: new Set(),
        productionDraftQuantities: {},
        productionDraftSaveState: {},
        productionGuardOverride: false,
        deliverySectionTab: 'receive',
        productionSectionTab: 'record',
        lastSavedProductionId: 0,
        lastSavedProductionSummary: null,
        ingredients: [],
        ingredientListView: 'active',
        selectedIngredientIds: new Set(),
        recipes: [],
        activeProductId: 0,
        deliveries: [],
        expandedDeliveryId: 0,
        selectedDeliveryIds: new Set(),
        productTargets: [],
        productTargetBranchId: 0,
        production: [],
        usage: [],
        drProjection: {
            filters: null,
            branch: null,
            window_days: 0,
            ingredients: [],
            products: [],
            error: ''
        },
        drProjectionScopeKey: '',
        inventorySnapshot: [],
        usageDecimalPlaces: Number.isFinite(defaultUsageDecimalPlaces) ? defaultUsageDecimalPlaces : 2,
        usageTotals: {
            delivered_qty_base: '0.00',
            consumed_qty_base: '0.00',
            variance_qty_base: '0.00',
            delivered_display: '0.00',
            consumed_display: '0.00',
            variance_display: '0.00'
        },
        factualSummary: {
            ingredient_count: 0,
            delivery_item_count: 0,
            production_run_count: 0,
            inventory_on_hand_qty_base: '0.00',
            inventory_on_hand_display: '0.00'
        },
        inventoryTotals: {
            on_hand_qty_base: '0.00',
            on_hand_display: '0.00',
            item_count: 0
        },
        loaded: {
            branches: false,
            units: false,
            products: false,
            ingredients: false,
            recipes: false,
            deliveries: false,
            'product-targets': false,
            production: false,
            'dr-projection': false
        }
    };

    const $ = (selector) => document.querySelector(selector);
    const banner = $('#bakeshop-banner');
    const deleteConfirm = $('#bakeshop-delete-confirm');
    const deleteConfirmTitle = $('#bakeshop-delete-confirm-title');
    const deleteConfirmMessage = $('#bakeshop-delete-confirm-message');
    const deleteConfirmImpact = $('#bakeshop-delete-confirm-impact');
    const deleteConfirmList = $('#bakeshop-delete-confirm-list');
    const deleteConfirmOverflow = $('#bakeshop-delete-confirm-overflow');
    const deleteConfirmCancel = $('#bakeshop-delete-confirm-cancel');
    const deleteConfirmSubmit = $('#bakeshop-delete-confirm-submit');
    const printLink = $('#bakeshop-print-link');
    const drProjectionPrintLink = $('#bakeshop-dr-projection-print-link');
    const drProjectionInlinePrintLink = $('#bakeshop-dr-projection-inline-print-link');
    const productionGuardToggle = $('#production-guard-toggle');
    const productionGuardNote = $('#production-guard-note');
    const productionLastSaved = $('#production-last-saved');
    const productionLastSavedSummary = $('#production-last-saved-summary');
    const productionReviewLastSaved = $('#production-review-last-saved');
    const productionEditLastSaved = $('#production-edit-last-saved');
    const deliverySectionTabs = document.querySelectorAll('[data-delivery-section-tab]');
    const deliverySectionPanels = document.querySelectorAll('[data-delivery-section-panel]');
    const productionSectionTabs = document.querySelectorAll('[data-production-section-tab]');
    const productionSectionPanels = document.querySelectorAll('[data-production-section-panel]');
    const deliveryLines = $('#delivery-lines');
    const deliveryCsvFile = $('#delivery-csv-file');
    const permissionsForm = $('#permissions-form');
    const branchForm = $('#branch-form');
    const productForm = $('#product-form');
    const ingredientForm = $('#ingredient-form');
    const recipeForm = $('#recipe-form');
    const productTargetForm = $('#product-target-form');
    const productionForm = $('#production-form');
    const manageRequiredForms = document.querySelectorAll('[data-manage-required="true"]');
    const setupTabs = document.querySelectorAll('[data-tab]');
    const setupPanels = document.querySelectorAll('[data-tab-panel]');
    const focusedWorkspaceMode = false;
    const pageTitle = document.getElementById('bakeshop-page-title');
    const pageIntro = document.getElementById('bakeshop-page-intro');
    const defaultWorkspaceTitle = pageTitle ? pageTitle.textContent : '';
    const defaultWorkspaceIntro = pageIntro ? pageIntro.textContent : '';
    const defaultTab = 'branches';
    const isDashboardPage = 'dashboard' === 'dashboard';
    let pendingDeleteConfirmResolve = null;

    function resolveTabName(candidate) {
        if (!candidate) {
            return defaultTab;
        }

        return Array.from(setupTabs).some((button) => button.getAttribute('data-tab') === candidate)
            ? candidate
            : defaultTab;
    }

    function currentTabName() {
        const activeButton = Array.from(setupTabs).find((button) => button.classList.contains('active'));
        return resolveTabName(activeButton ? activeButton.getAttribute('data-tab') : window.location.hash.slice(1));
    }

    function tabRequirementsFor(tabName) {
        const tabRequirements = {
            branches: ['branches'],
            catalog: ['units', 'products', 'ingredients', 'recipes'],
            ingredients: ['units', 'ingredients'],
            deliveries: ['branches', 'ingredients', 'deliveries'],
            production: ['branches', 'units', 'products', 'product-targets', 'production'],
            usage: ['branches', 'usage', 'dr-projection']
        };

        return tabRequirements[resolveTabName(tabName)] || [];
    }

    function datasetLoaders() {
        return {
            branches: loadBranches,
            units: loadUnits,
            products: loadProducts,
            ingredients: loadIngredients,
            recipes: loadRecipes,
            deliveries: loadDeliveries,
            'product-targets': loadProductTargets,
            production: loadProduction,
            usage: loadUsage,
            'dr-projection': loadDrProjection
        };
    }

    function normalizeCacheInvalidations(values) {
        if (!Array.isArray(values)) {
            return [];
        }

        return Array.from(new Set(values
            .map((value) => String(value || '').trim().toLowerCase())
            .filter(Boolean)));
    }

    function invalidateCachedDatasets(values) {
        normalizeCacheInvalidations(values).forEach((dataset) => {
            if (Object.prototype.hasOwnProperty.call(state.loaded, dataset)) {
                state.loaded[dataset] = false;
            }
        });
    }

    async function applyCacheInvalidations(values, options = {}) {
        const invalidations = normalizeCacheInvalidations(values);
        if (!invalidations.length) {
            return;
        }

        invalidateCachedDatasets(invalidations);

        if (options.refreshCurrentTab === false) {
            return;
        }

        const currentTab = currentTabName();
        const requirements = tabRequirementsFor(currentTab);
        const refreshCurrentTab = invalidations.some((dataset) => dataset === 'usage'
            ? currentTab === 'usage'
            : requirements.includes(dataset));

        if (refreshCurrentTab) {
            await ensureTabData(currentTab, { force: true });
        }
    }

    function syncFocusedWorkspaceHeader(tabName) {
        if (!focusedWorkspaceMode || !pageTitle || !pageIntro) {
            return;
        }

        const activeButton = Array.from(setupTabs).find((button) => button.getAttribute('data-tab') === tabName);
        if (!activeButton) {
            pageTitle.textContent = defaultWorkspaceTitle;
            pageIntro.textContent = defaultWorkspaceIntro;
            return;
        }

        pageTitle.textContent = activeButton.getAttribute('data-workspace-title') || defaultWorkspaceTitle;
        pageIntro.textContent = activeButton.getAttribute('data-workspace-intro') || defaultWorkspaceIntro;
    }

    async function activateTab(tabName, options = {}) {
        const updateHash = options.updateHash !== false;
        const resolvedTab = resolveTabName(tabName);
        setupTabs.forEach((button) => {
            const isActive = button.getAttribute('data-tab') === resolvedTab;
            button.classList.toggle('active', isActive);
            button.setAttribute('aria-selected', isActive ? 'true' : 'false');
        });
        setupPanels.forEach((panel) => {
            panel.classList.toggle('active', panel.getAttribute('data-tab-panel') === resolvedTab);
        });
        syncFocusedWorkspaceHeader(resolvedTab);

        if (updateHash && window.location.hash.slice(1) !== resolvedTab) {
            history.replaceState(null, '', '#' + resolvedTab);
        }

        await ensureTabData(resolvedTab, { force: options.force === true });
    }

    setupTabs.forEach((button) => {
        button.addEventListener('click', async (event) => {
            const tabName = button.getAttribute('data-tab');
            let targetUrl = null;
            try {
                targetUrl = new URL(button.getAttribute('href') || '', window.location.origin);
            } catch (error) {
                targetUrl = null;
            }

            if (targetUrl && targetUrl.pathname === window.location.pathname && targetUrl.search === window.location.search) {
                event.preventDefault();
                try {
                    await activateTab(tabName);
                } catch (error) {
                    showBanner(error.message || 'Unable to open this work area.', false);
                }
            }
        });
    });

    window.addEventListener('hashchange', () => {
        activateTab(window.location.hash.slice(1), { updateHash: false }).catch((error) => {
            showBanner(error.message || 'Unable to open this work area.', false);
        });
    });

    if (window.location.hash) {
        activateTab(window.location.hash.slice(1)).catch((error) => {
            showBanner(error.message || 'Unable to open this work area.', false);
        });
    } else {
        activateTab(defaultTab, { updateHash: true }).catch((error) => {
            showBanner(error.message || 'Unable to open this work area.', false);
        });
    }

    function rowStatusChip(isActive) {
        return '<span class="bakeshop-chip ' + (Number(isActive) === 0 ? 'inactive' : 'active') + '">' + (Number(isActive) === 0 ? 'Archived' : 'Active') + '</span>';
    }

    function rowActionButtons(kind, row) {
        const rowId = normalizedRowId(kind, row);
        const actionId = rowId > 0 ? String(rowId) : '';
        if (!canManageWorkspace) {
            return '<span class="bakeshop-inline-note">View only</span>';
        }

        let deleteAction = '';
        if (kind === 'product') {
            deleteAction = Number(row.can_delete) === 1
                ? '<button type="button" class="bakeshop-link-button warn" data-kind="' + escapeHtml(kind) + '" data-action="delete" data-id="' + escapeHtml(actionId) + '">Delete</button>'
                : '<span class="bakeshop-inline-note">In use, archive instead</span>';
        }
        if (kind === 'ingredient') {
            deleteAction = Number(row.can_delete) === 1
                ? '<button type="button" class="bakeshop-link-button warn" data-kind="' + escapeHtml(kind) + '" data-action="delete" data-id="' + escapeHtml(actionId) + '">Delete</button>'
                : '<span class="bakeshop-inline-note">In use, archive instead</span>';
        }

        return '<div class="bakeshop-row-actions">'
            + '<button type="button" class="bakeshop-link-button" data-kind="' + escapeHtml(kind) + '" data-action="edit" data-id="' + escapeHtml(actionId) + '">Edit</button>'
            + deleteAction
            + '<button type="button" class="bakeshop-link-button ' + (Number(row.is_active) === 0 ? '' : 'warn') + '" data-kind="' + escapeHtml(kind) + '" data-action="toggle-active" data-id="' + escapeHtml(actionId) + '"' + (rowId > 0 ? '' : ' disabled') + '>' + (Number(row.is_active) === 0 ? 'Restore' : 'Archive') + '</button>'
            + '</div>';
    }

    function findUnitById(unitId) {
        return state.units.find((row) => Number(row.id) === Number(unitId)) || null;
    }

    function unitOptionLabel(row) {
        return [row.code, row.name].filter(Boolean).join(' — ');
    }

    function formatIngredientPack(row) {
        const packLabel = String(row.pack_label || '').trim();
        const packQty = row.pack_qty !== null && row.pack_qty !== undefined && String(row.pack_qty).trim() !== ''
            ? String(row.pack_qty)
            : '';
        const packUnitCode = String(row.pack_unit_code || '').trim();

        if (packLabel === '' || packQty === '' || packUnitCode === '') {
            return '—';
        }

        return packLabel + ' · ' + packQty + ' ' + packUnitCode;
    }

    function activeBranchRows() {
        return state.branches.filter((row) => Number(row.is_active) !== 0);
    }

    function activeProductRows() {
        return state.products.filter((row) => Number(row.is_active) !== 0);
    }

    function currentProductTargetBranchId() {
        const branchSelect = $('#product-target-branch');
        const selectedBranchId = Number(branchSelect ? branchSelect.value : state.productTargetBranchId || 0);
        if (selectedBranchId > 0) {
            return selectedBranchId;
        }

        const firstBranch = activeBranchRows()[0] || null;
        return Number(firstBranch ? firstBranch.id : 0);
    }

    function currentDrProjectionScope() {
        return {
            ...currentReportScope(),
            horizon_days: $('#usage-horizon-days') ? $('#usage-horizon-days').value : '7'
        };
    }

    function drProjectionScopeKey(scope) {
        return [scope.branch_id || '', scope.from_date || '', scope.to_date || '', scope.horizon_days || ''].join('|');
    }

    function canLoadDrProjection(scope) {
        return String(scope.branch_id || '').trim() !== ''
            && String(scope.from_date || '').trim() !== ''
            && String(scope.to_date || '').trim() !== '';
    }

    function activeProductRecord() {
        return state.products.find((row) => Number(row.id) === Number(state.activeProductId)) || null;
    }

    function selectedProductionProductRecord() {
        if (!productionForm) {
            return null;
        }

        const productId = Number(productionForm.elements.namedItem('product_id').value || '0');
        if (productId <= 0) {
            return null;
        }

        return state.products.find((row) => Number(row.id) === productId) || null;
    }

    function productionDraftEntries() {
        return Object.entries(state.productionDraftQuantities || {})
            .map(([productId, qty]) => {
                const numericProductId = Number(productId);
                const normalizedQty = String(qty || '').trim();
                const numericQty = Number.parseFloat(normalizedQty);
                return {
                    productId: numericProductId,
                    qty: normalizedQty,
                    numericQty,
                    product: state.products.find((row) => Number(row.id) === numericProductId) || null
                };
            })
            .filter((entry) => Number.isFinite(entry.productId) && entry.productId > 0 && Number.isFinite(entry.numericQty) && entry.numericQty > 0);
    }

    function normalizeOptionalTwoDecimalQuantity(value) {
        const normalized = String(value ?? '').trim();
        if (normalized === '') {
            return '';
        }

        const numeric = Number.parseFloat(normalized);
        if (!Number.isFinite(numeric) || numeric <= 0) {
            return '';
        }

        return numeric.toFixed(2);
    }

    function productionRowBlockedReason(row) {
        if (!row) {
            return 'Product not found.';
        }

        if (!Number.isFinite(Number(row.default_yield_qty)) || Number(row.default_yield_qty) <= 0) {
            return 'Set the standard batch size first.';
        }

        if (productionRequiresRecipe && Number(row.recipe_item_count || 0) <= 0) {
            return 'Add ingredients for this item first.';
        }

        return '';
    }

    function productionGuardOverrideActive() {
        return allowProductionGuardOverride && state.productionGuardOverride === true;
    }

    function activateDeliverySectionTab(tabName, options = {}) {
        const resolvedTab = tabName === 'saved' ? 'saved' : 'receive';
        state.deliverySectionTab = resolvedTab;

        deliverySectionTabs.forEach((button) => {
            const isActive = button.getAttribute('data-delivery-section-tab') === resolvedTab;
            button.classList.toggle('active', isActive);
            button.setAttribute('aria-selected', isActive ? 'true' : 'false');
        });
        deliverySectionPanels.forEach((panel) => {
            panel.classList.toggle('active', panel.getAttribute('data-delivery-section-panel') === resolvedTab);
        });

        if (resolvedTab === 'saved' && options.scrollToFocused === true) {
            const focusedRow = document.querySelector('#deliveries-table tbody tr.bakeshop-row-focus');
            if (focusedRow) {
                focusedRow.scrollIntoView({ behavior: 'smooth', block: 'nearest' });
            }
        }
    }

    function activateProductionSectionTab(tabName, options = {}) {
        const resolvedTab = tabName === 'saved' ? 'saved' : 'record';
        state.productionSectionTab = resolvedTab;

        productionSectionTabs.forEach((button) => {
            const isActive = button.getAttribute('data-production-section-tab') === resolvedTab;
            button.classList.toggle('active', isActive);
            button.setAttribute('aria-selected', isActive ? 'true' : 'false');
        });
        productionSectionPanels.forEach((panel) => {
            panel.classList.toggle('active', panel.getAttribute('data-production-section-panel') === resolvedTab);
        });

        if (resolvedTab === 'saved' && options.scrollToRecent === true) {
            const recentRow = document.querySelector('#production-table tbody tr.bakeshop-row-recent');
            if (recentRow) {
                recentRow.scrollIntoView({ behavior: 'smooth', block: 'nearest' });
            }
        }
    }

    function formatProductionLastSavedSummary(summary) {
        if (!summary) {
            return '';
        }

        const parts = [];
        if (summary.product_name) {
            parts.push(summary.product_name + ' · ' + displayTwoDecimalQuantity(summary.qty_produced) + ' ' + (summary.default_yield_unit_code || '').trim());
        }
        if (summary.branch_name) {
            parts.push('Branch: ' + summary.branch_name);
        }
        if (summary.produced_at) {
            parts.push('Finished: ' + summary.produced_at);
        }
        if (summary.produced_by) {
            parts.push('Made by: ' + summary.produced_by);
        }
        if (summary.notes) {
            parts.push('Note: ' + summary.notes);
        }

        return parts.join(' | ');
    }

    function syncProductionLastSavedCard() {
        if (!productionLastSaved || !productionLastSavedSummary) {
            return;
        }

        const summary = state.lastSavedProductionSummary;
        if (!summary || Number(state.lastSavedProductionId || 0) <= 0) {
            productionLastSaved.hidden = true;
            productionLastSavedSummary.textContent = 'The next saved batch will appear here so it can be reviewed right away.';
            return;
        }

        productionLastSaved.hidden = false;
        productionLastSavedSummary.textContent = formatProductionLastSavedSummary(summary);
    }

    function rememberLastSavedProduction(row) {
        const rowId = Number(row && row.id ? row.id : 0);
        if (rowId <= 0) {
            return;
        }

        state.lastSavedProductionId = rowId;
        state.lastSavedProductionSummary = {
            id: rowId,
            branch_name: row.branch_name || '',
            product_name: row.product_name || row.name || '',
            produced_at: row.produced_at || '',
            qty_produced: row.qty_produced || '0',
            default_yield_unit_code: row.default_yield_unit_code || '',
            produced_by: row.produced_by || '',
            notes: row.notes || ''
        };
        syncProductionLastSavedCard();
    }

    function syncProductionGuardOverrideControls() {
        if (!productionGuardToggle) {
            return;
        }

        const active = productionGuardOverrideActive();
        productionGuardToggle.textContent = active ? 'Testing Override: On' : 'Testing Override: Off';
        productionGuardToggle.classList.toggle('warn', active);

        if (productionGuardNote) {
            if (!productionRequiresRecipe) {
                productionGuardNote.textContent = active
                    ? 'Recipe mode is optional. Testing override remains on for incomplete setup cases such as missing standard batch size.'
                    : 'Recipe mode is optional. Testing override is only needed for incomplete setup cases such as missing standard batch size.';
            } else {
                productionGuardNote.textContent = active
                    ? 'Temporary non-production testing override is on. Saved entries will still be recorded even if the item setup is incomplete.'
                    : 'Temporary non-production testing override. When enabled, an entry can still be saved even if the item setup is incomplete.';
            }
        }
    }

    function setProductionDraftSaveState(productId, kind, message = '') {
        state.productionDraftSaveState[String(productId)] = {
            kind,
            message
        };
    }

    function productionDraftSaveStateFor(productId) {
        return state.productionDraftSaveState[String(productId)] || null;
    }

    function productionMetadataEditActive() {
        if (!productionForm) {
            return false;
        }

        return Number(productionForm.elements.namedItem('id').value || '0') > 0;
    }

    function productionDateTimeInputValue(value) {
        const normalized = String(value || '').trim();
        if (normalized === '') {
            return nowLocalDateTime();
        }

        return normalized.replace(' ', 'T').slice(0, 16);
    }

    function syncProductionProductSelection() {
        if (!productionForm) {
            return;
        }

        const note = $('#production-product-note');
        const productField = productionForm.elements.namedItem('product_id');
        const qtyField = productionForm.elements.namedItem('qty_produced');
        const draftEntries = productionDraftEntries();
        const selected = productionMetadataEditActive()
            ? selectedProductionProductRecord()
            : (draftEntries.length === 1 ? draftEntries[0].product : null);
        const draftProductIds = new Set(draftEntries.map((entry) => Number(entry.productId)));

        if (!note || !productField || !qtyField) {
            return;
        }

        if (!productionMetadataEditActive()) {
            productField.value = '';
            qtyField.value = '';
        }

        if (productionMetadataEditActive() && selected) {
            note.textContent = 'Reviewing the saved entry for ' + (selected.name || 'item') + '. Branch, item, amount made, and ingredients used stay locked here.';
        } else if (draftEntries.length === 0) {
            note.textContent = productionRequiresRecipe
                ? 'Choose the branch, finished time, and who made it. Then enter the amount made in the item list below. Leave a box blank if nothing was made for that item.'
                : 'Choose the branch, finished time, and who made it. Then enter the amount made in the item list below. Leave a box blank if nothing was made for that item. Products without recipes can still save as output-only entries.';
        } else if (draftEntries.length === 1 && selected) {
            note.textContent = 'Ready to save ' + (selected.name || 'item') + ' · Standard batch ' + displayTwoDecimalQuantity(selected.default_yield_qty) + ' ' + (selected.default_yield_unit_code || 'unit') + ' · Amount made ' + draftEntries[0].qty + '.';
        } else {
            note.textContent = 'Amounts will save as you leave each box.';
        }

        if (productionGuardOverrideActive()) {
            note.textContent += ' Testing override is on.';
        }

        document.querySelectorAll('#production-products-table tbody tr[data-row-kind="production-product"]').forEach((rowElement) => {
            const rowId = Number(rowElement.getAttribute('data-row-id') || '0');
            const isSelected = productionMetadataEditActive()
                ? Boolean(selected && rowId === Number(selected.id || 0))
                : draftProductIds.has(rowId);
            rowElement.classList.toggle('bakeshop-row-editing', isSelected);
            rowElement.classList.toggle('bakeshop-row-selectable', canManageWorkspace && !productionMetadataEditActive());
        });
    }

    async function autosaveProductionDraft(productId, qtyValue, qtyInput) {
        if (!productionForm || productionMetadataEditActive()) {
            return;
        }

        const normalizedQty = normalizeOptionalTwoDecimalQuantity(qtyValue);
        if (normalizedQty === '') {
            delete state.productionDraftQuantities[String(productId)];
            delete state.productionDraftSaveState[String(productId)];
            syncProductionProductSelection();
            if (qtyInput instanceof HTMLInputElement) {
                qtyInput.value = '';
            }
            renderCatalogTables();
            return;
        }

        const row = state.products.find((item) => Number(item.id) === Number(productId) && Number(item.is_active) !== 0);
        if (!row) {
            setProductionDraftSaveState(productId, 'error', 'This item could not be found.');
            renderCatalogTables();
            showBanner('That item could not be found.', false);
            return;
        }

        const blockedReason = productionRowBlockedReason(row);
        if (blockedReason !== '' && !productionGuardOverrideActive()) {
            setProductionDraftSaveState(productId, 'error', blockedReason);
            renderCatalogTables();
            showBanner(blockedReason, false);
            return;
        }

        if (!productionForm.elements.namedItem('branch_id').value) {
            setProductionDraftSaveState(productId, 'error', 'Choose a branch first.');
            renderCatalogTables();
            showBanner('Choose a branch before entering the amount made.', false);
            return;
        }
        if (!productionForm.elements.namedItem('produced_at').value) {
            setProductionDraftSaveState(productId, 'error', 'Set the finished time first.');
            renderCatalogTables();
            showBanner('Set the finished time before entering the amount made.', false);
            return;
        }

        state.productionDraftQuantities[String(productId)] = normalizedQty;
        setProductionDraftSaveState(productId, 'saving', 'Saving entry...');
        syncProductionProductSelection();
        renderCatalogTables();

        if (qtyInput instanceof HTMLInputElement) {
            qtyInput.value = normalizedQty;
            qtyInput.disabled = true;
        }

        const result = await submitJson(api.production, {
            branch_id: productionForm.elements.namedItem('branch_id').value,
            product_id: String(productId),
            produced_at: productionForm.elements.namedItem('produced_at').value,
            qty_produced: normalizedQty,
            produced_by: productionForm.elements.namedItem('produced_by').value,
            notes: productionForm.elements.namedItem('notes').value,
            relax_guards: productionGuardOverrideActive() ? '1' : '0'
        }, (row.name || 'Item') + ' was saved.', async (data) => {
            delete state.productionDraftQuantities[String(productId)];
            await loadProduction(true);
            const savedRow = state.production.find((item) => Number(item.id) === Number((data && data.item && data.item.id) || 0)) || (data ? data.item : null);
            if (savedRow) {
                rememberLastSavedProduction(savedRow);
            }
            setProductionDraftSaveState(productId, 'saved', productionGuardOverrideActive() && blockedReason !== '' ? 'Saved for testing review.' : 'Saved and ready to review.');
            renderCatalogTables();
            await loadUsage();
        });

        if (!result) {
            setProductionDraftSaveState(productId, 'error', 'Could not save. Try again.');
            renderCatalogTables();
            if (qtyInput instanceof HTMLInputElement) {
                qtyInput.disabled = false;
                qtyInput.value = normalizedQty;
            }
            return;
        }

        if (qtyInput instanceof HTMLInputElement && qtyInput.isConnected) {
            qtyInput.disabled = false;
            qtyInput.value = '';
        }
    }

    function focusProductionDraftInput(row) {
        if (!productionForm) {
            return;
        }

        if (!canManageWorkspace) {
            showBanner('Production entry is read only for your role.', false);
            return;
        }

        if (productionMetadataEditActive()) {
            showBanner('You are reviewing a saved entry. Cancel review mode to record a new batch.', false);
            return;
        }

        const qtyField = document.querySelector('[data-production-qty-input="' + String(row.id || '') + '"]');
        if (!(qtyField instanceof HTMLInputElement)) {
            return;
        }

        qtyField.focus();
        qtyField.select();
    }

    function syncIngredientPackUnitOptions(preferredValue = '') {
        const defaultUnitId = Number(ingredientForm?.elements.namedItem('default_unit_id')?.value || '0');
        const defaultUnit = findUnitById(defaultUnitId);
        const allowedUnits = defaultUnit && defaultUnit.dimension
            ? state.units.filter((row) => String(row.dimension || '') === String(defaultUnit.dimension || ''))
            : state.units;

        populateSelect('#ingredient-pack-unit', allowedUnits, (row) => ({ value: row.id, label: unitOptionLabel(row) }), 'No pack unit');

        const select = $('#ingredient-pack-unit');
        if (!select) {
            return;
        }

        const nextValue = String(preferredValue || select.value || '');
        if (nextValue && Array.from(select.options).some((option) => option.value === nextValue)) {
            select.value = nextValue;
        } else if (defaultUnitId > 0 && Array.from(select.options).some((option) => option.value === String(defaultUnitId))) {
            select.value = String(defaultUnitId);
        }
    }

    function syncProductTargetUnitOptions(preferredValue = '') {
        const productId = Number(productTargetForm?.elements.namedItem('product_id')?.value || '0');
        const product = state.products.find((row) => Number(row.id) === productId) || null;
        const defaultUnitId = Number(product ? product.default_yield_unit_id : 0);
        const defaultUnit = findUnitById(defaultUnitId);
        const allowedUnits = defaultUnit && defaultUnit.dimension
            ? state.units.filter((row) => String(row.dimension || '') === String(defaultUnit.dimension || ''))
            : state.units;

        populateSelect('#product-target-unit', allowedUnits, (row) => ({ value: row.id, label: unitOptionLabel(row) }), 'Select target unit');

        const select = $('#product-target-unit');
        if (!select) {
            return;
        }

        const nextValue = String(preferredValue || select.value || '');
        if (nextValue && Array.from(select.options).some((option) => option.value === nextValue)) {
            select.value = nextValue;
        } else if (defaultUnitId > 0 && Array.from(select.options).some((option) => option.value === String(defaultUnitId))) {
            select.value = String(defaultUnitId);
        }
    }

    function filteredProductTargetRows() {
        const branchId = currentProductTargetBranchId();
        const query = tableSearchQuery('#product-target-filter');

        return state.productTargets.filter((row) => Number(row.branch_id) === branchId)
            .filter((row) => rowMatchesSearch(query, [row.product_name, row.product_sku, row.product_category, row.unit_code, row.daily_qty]));
    }

    function renderProductTargetsTable() {
        const branchId = currentProductTargetBranchId();
        const branchSelect = $('#product-target-branch');
        if (branchSelect && branchId > 0 && String(branchSelect.value || '') !== String(branchId)) {
            branchSelect.value = String(branchId);
        }

        const rows = branchId > 0 ? filteredProductTargetRows() : [];
        renderTable('#product-targets-table', rows, [
            (row) => '<strong>' + escapeHtml(row.product_name || 'Product') + '</strong><div class="bakeshop-inline-note">' + escapeHtml(row.product_sku || 'No SKU') + '</div>',
            (row) => escapeHtml(row.product_category || '—'),
            (row) => '<strong>' + displayTwoDecimalQuantity(row.daily_qty) + '</strong>',
            (row) => escapeHtml(unitOptionLabel({ code: row.unit_code, name: row.unit_name }) || '—'),
            (row) => canManageWorkspace
                ? '<div class="bakeshop-row-actions"><button type="button" class="bakeshop-link-button" data-action="edit-product-target" data-id="' + escapeHtml(row.id) + '">Edit</button><button type="button" class="bakeshop-link-button warn" data-action="delete-product-target" data-id="' + escapeHtml(row.id) + '">Delete</button></div>'
                : '<span class="bakeshop-inline-note">View only</span>'
        ], branchId > 0 ? 'No branch targets saved for this branch yet.' : 'Select a branch to view product targets.');
    }

    function renderDrProjectionTables() {
        const summary = $('#dr-projection-summary');
        const report = state.drProjection || {};

        if (report.error) {
            if (summary) {
                summary.textContent = report.error;
            }
            renderTable('#dr-projection-ingredients-table', [], [() => '', () => '', () => '', () => '', () => '', () => ''], report.error);
            renderTable('#dr-projection-products-table', [], [() => '', () => '', () => '', () => '', () => ''], report.error);
            return;
        }

        if (!report.filters) {
            if (summary) {
                summary.textContent = 'Choose a branch and a scoped date range, then refresh usage to compute projected ingredient and product requirements.';
            }
            renderTable('#dr-projection-ingredients-table', [], [() => '', () => '', () => '', () => '', () => '', () => ''], 'No DR projection computed yet.');
            renderTable('#dr-projection-products-table', [], [() => '', () => '', () => '', () => '', () => ''], 'No DR projection computed yet.');
            return;
        }

        if (summary) {
            const branchName = report.branch && report.branch.name ? report.branch.name : 'Selected branch';
            summary.textContent = branchName + ' · Observed ' + String(report.filters.from_date || '') + ' to ' + String(report.filters.to_date || '') + ' · Projection horizon ' + String(report.filters.horizon_days || '') + ' day(s).';
        }

        const ingredientQuery = tableSearchQuery('#dr-projection-ingredients-filter');
        const ingredientRows = (report.ingredients || []).filter((row) => rowMatchesSearch(ingredientQuery, [row.ingredient_name, row.default_unit_code, row.pack_label, row.per_pack_display, row.projected_qty_display]));
        renderTable('#dr-projection-ingredients-table', ingredientRows, [
            (row) => '<strong>' + escapeHtml(row.ingredient_name || 'Ingredient') + '</strong><div class="bakeshop-inline-note">' + escapeHtml(row.default_unit_code || 'unit') + '</div>',
            (row) => escapeHtml(displayUsageQuantity((Number(row.default_unit_factor_to_base || 0) > 0 ? (Number(row.delivered_qty_base || 0) / Number(row.default_unit_factor_to_base || 1)) : Number(row.delivered_qty_base || 0))) + ' ' + String(row.default_unit_code || '')),
            (row) => escapeHtml(String(row.observed_coverage_days || 0) + ' day(s)'),
            (row) => escapeHtml(displayUsageQuantity((Number(row.default_unit_factor_to_base || 0) > 0 ? (Number(row.daily_qty_base || 0) / Number(row.default_unit_factor_to_base || 1)) : Number(row.daily_qty_base || 0))) + ' ' + String(row.default_unit_code || '')),
            (row) => '<strong>' + escapeHtml(String(row.projected_qty_display || displayUsageQuantity(row.projected_qty))) + ' ' + escapeHtml(row.default_unit_code || '') + '</strong>',
            (row) => escapeHtml(row.per_pack_display || '—')
        ], 'No projected ingredients matched the current scope.');

        const productQuery = tableSearchQuery('#dr-projection-products-filter');
        const productRows = (report.products || []).filter((row) => rowMatchesSearch(productQuery, [row.product_name, row.product_category, row.unit_code, row.projected_qty_display]));
        renderTable('#dr-projection-products-table', productRows, [
            (row) => '<strong>' + escapeHtml(row.product_name || 'Product') + '</strong><div class="bakeshop-inline-note">' + escapeHtml(row.product_category || '—') + '</div>',
            (row) => escapeHtml(displayTwoDecimalQuantity(row.daily_qty) + ' ' + String(row.unit_code || '')),
            (row) => escapeHtml(String(row.days_produced || 0) + ' / ' + String(row.window_days || 0)),
            (row) => Number(row.has_missing_days) === 1 || Number(row.missing_days || 0) > 0
                ? '<span class="bakeshop-inline-note error">' + escapeHtml(String(row.missing_days || 0) + ' day(s)') + '</span>'
                : '<span class="bakeshop-inline-note ok">None</span>',
            (row) => '<strong>' + escapeHtml(String(row.projected_qty_display || displayTwoDecimalQuantity(row.projected_qty))) + ' ' + escapeHtml(row.unit_code || '') + '</strong>'
        ], 'No projected products matched the current scope.');
    }

    function renderProductionProductsTable(rows) {
        const tbody = document.querySelector('#production-products-table tbody');
        if (!tbody) {
            return;
        }

        if (!rows.length) {
            tbody.innerHTML = '<tr><td colspan="4" class="bakeshop-muted">No active products available for production.</td></tr>';
            syncProductionProductSelection();
            return;
        }

        tbody.innerHTML = rows.map((row) => {
            const rowId = normalizedRowId('production-product', row);
            const draftQty = String((state.productionDraftQuantities && state.productionDraftQuantities[String(rowId)]) || '');
            const blockedReason = productionRowBlockedReason(row);
            const outputOnlyAllowed = !productionRequiresRecipe && Number(row.recipe_item_count || 0) <= 0;
            const inputDisabled = !canManageWorkspace || productionMetadataEditActive();
            const saveState = productionDraftSaveStateFor(rowId);
            const saveStateClass = blockedReason !== '' && !productionGuardOverrideActive()
                ? ' error'
                : (saveState && saveState.kind === 'saved'
                ? ' ok'
                : (saveState && saveState.kind === 'error' ? ' error' : ''));
            const saveStateMessage = blockedReason !== ''
                ? (productionGuardOverrideActive()
                    ? 'Testing override active. This will save without ingredient-use detail.'
                    : blockedReason)
                : (outputOnlyAllowed
                    ? 'Recipe optional. This saves as an output-only entry.'
                : (saveState && saveState.message
                    ? saveState.message
                    : 'Blank = no production'));
            return '<tr data-row-kind="production-product" data-row-id="' + escapeHtml(rowId) + '">'
                + '<td><strong>' + escapeHtml(row.name) + '</strong><div class="bakeshop-inline-note">' + escapeHtml(row.sku || 'No SKU') + '</div></td>'
                + '<td>' + escapeHtml(row.category || '—') + '</td>'
                + '<td>' + displayTwoDecimalQuantity(row.default_yield_qty) + ' ' + escapeHtml(row.default_yield_unit_code || '') + '</td>'
                + '<td><input class="bakeshop-table-input" type="number" min="0.01" step="0.01" placeholder="0.00" data-production-qty-input="' + escapeHtml(rowId) + '" value="' + escapeHtml(draftQty) + '"' + (inputDisabled ? ' disabled' : '') + '><div class="bakeshop-inline-note' + saveStateClass + '">' + escapeHtml(saveStateMessage) + '</div></td>'
                + '</tr>';
        }).join('');

        syncProductionProductSelection();
    }

    function currentReportScope() {
        const fromSummary = {
            branch_id: $('#summary-branch-filter') ? $('#summary-branch-filter').value : '',
            from_date: $('#summary-from-filter') ? $('#summary-from-filter').value : '',
            to_date: $('#summary-to-filter') ? $('#summary-to-filter').value : ''
        };
        const fromUsage = {
            branch_id: $('#usage-branch') ? $('#usage-branch').value : '',
            from_date: $('#usage-from') ? $('#usage-from').value : '',
            to_date: $('#usage-to') ? $('#usage-to').value : ''
        };

        return {
            branch_id: fromUsage.branch_id || fromSummary.branch_id,
            from_date: fromUsage.from_date || fromSummary.from_date,
            to_date: fromUsage.to_date || fromSummary.to_date
        };
    }

    function syncReportScopeInputs(sourcePrefix) {
        const source = {
            branch_id: $('#' + sourcePrefix + '-branch-filter') || $('#' + sourcePrefix + '-branch'),
            from_date: $('#' + sourcePrefix + '-from-filter') || $('#' + sourcePrefix + '-from'),
            to_date: $('#' + sourcePrefix + '-to-filter') || $('#' + sourcePrefix + '-to')
        };
        const usageTargets = {
            branch_id: $('#usage-branch'),
            from_date: $('#usage-from'),
            to_date: $('#usage-to')
        };

        Object.keys(usageTargets).forEach((key) => {
            if (source[key] && usageTargets[key]) {
                usageTargets[key].value = source[key].value || '';
            }
        });
    }

    function syncRecipePanel() {
        const empty = $('#recipe-panel-empty');
        const details = $('#recipe-panel-details');
        const title = $('#recipe-panel-title');
        const description = $('#recipe-form-description');
        const productEditorPanel = $('#product-editor-panel');
        const recipePanel = $('#recipe-panel');
        const product = activeProductRecord();

        if (!empty || !details || !title || !description || !productEditorPanel || !recipePanel) {
            return;
        }

        if (!productRecipesEnabled) {
            productEditorPanel.classList.remove('is-editing');
            recipePanel.classList.remove('is-editing');
            return;
        }

        if (!product) {
            empty.hidden = false;
            details.hidden = true;
            title.textContent = 'Recipe';
            description.textContent = 'Edit a product first to view and maintain its recipe lines.';
            productEditorPanel.classList.remove('is-editing');
            recipePanel.classList.remove('is-editing');
            return;
        }

        empty.hidden = true;
        details.hidden = false;
        title.textContent = 'Recipe for ' + (product.name || 'Product');
        description.textContent = 'Add or edit ingredient usage here.';
        recipeForm.elements.namedItem('product_id').value = String(product.id || '');
        productEditorPanel.classList.add('is-editing');
        recipePanel.classList.add('is-editing');
    }

    function showBanner(message, ok = true) {
        banner.textContent = message;
        banner.className = 'bakeshop-banner show ' + (ok ? 'ok' : 'error');
    }

    function clearBanner() {
        banner.className = 'bakeshop-banner';
        banner.textContent = '';
    }

    function filteredProductRows() {
        const showArchived = state.productListView === 'archived';
        return state.products.filter((row) => {
            const isArchived = Number(row.is_active) === 0;
            return showArchived === isArchived;
        });
    }

    function filteredDeliveryRows() {
        return state.deliveries.filter((row) => rowMatchesSearch(tableSearchQuery('#deliveries-filter'), [row.branch_name, row.delivered_at, row.reference, row.received_by, row.source_label, row.cost_basis_summary, row.item_count, row.total_quantity, row.total_amount]));
    }

    function pruneProductSelection() {
        const validIds = new Set(state.products
            .filter((row) => Number(row.can_delete) === 1)
            .map((row) => Number(row.id))
            .filter((id) => Number.isFinite(id) && id > 0));
        Array.from(state.selectedProductIds).forEach((id) => {
            if (!validIds.has(id)) {
                state.selectedProductIds.delete(id);
            }
        });
    }

    function escapeHtml(value) {
        return String(value ?? '')
            .replace(/&/g, '&amp;')
            .replace(/</g, '&lt;')
            .replace(/>/g, '&gt;')
            .replace(/"/g, '&quot;')
            .replace(/'/g, '&#039;');
    }

    function productDeletePreviewLabel(row, id) {
        const name = row && row.name ? row.name : ('Product #' + String(id));
        return row && row.sku ? (name + ' (' + row.sku + ')') : name;
    }

    function ingredientDeletePreviewLabel(row, id) {
        const name = row && row.name ? row.name : ('Ingredient #' + String(id));
        return row && row.sku ? (name + ' (' + row.sku + ')') : name;
    }

    function deliveryDeletePreviewLabel(row, id) {
        const reference = row && row.reference ? row.reference : ('Delivery #' + String(id));
        const branch = row && row.branch_name ? row.branch_name : '';
        const deliveredAt = row && row.delivered_at ? row.delivered_at : '';
        return [reference, branch, deliveredAt].filter(Boolean).join(' - ');
    }

    function pruneDeliverySelection() {
        const validIds = new Set(state.deliveries.map((row) => Number(row.id)).filter((id) => Number.isFinite(id) && id > 0));
        Array.from(state.selectedDeliveryIds).forEach((id) => {
            if (!validIds.has(id)) {
                state.selectedDeliveryIds.delete(id);
            }
        });
    }

    function syncSelectionControls(options) {
        const rows = options.rows || [];
        const selectedIds = options.selectedIds;
        const prefix = options.prefix;
        const noun = options.noun;
        const singular = options.singular || noun.replace(/s$/, '');
        const selectAll = $('#' + prefix + '-select-all');
        const summary = $('#' + prefix + '-selection-summary');
        const clearButton = $('#' + prefix + '-clear-selection');
        const deleteButton = $('#' + prefix + '-delete-selected');
        const selectVisibleButton = $('#' + prefix + '-select-visible');
        const visibleIds = rows.map((row) => Number(row.id)).filter((id) => Number.isFinite(id) && id > 0);
        const selectedCount = selectedIds.size;
        const visibleSelectedCount = visibleIds.filter((id) => selectedIds.has(id)).length;

        if (summary) {
            if (selectedCount === 0) {
                summary.textContent = 'No ' + noun + ' selected.';
            } else if (selectedCount === 1) {
                summary.textContent = '1 ' + singular + ' selected.';
            } else {
                summary.textContent = String(selectedCount) + ' ' + noun + ' selected.';
            }
        }

        if (selectAll) {
            selectAll.checked = visibleIds.length > 0 && visibleSelectedCount === visibleIds.length;
            selectAll.indeterminate = visibleSelectedCount > 0 && visibleSelectedCount < visibleIds.length;
            selectAll.disabled = !canManageWorkspace || visibleIds.length === 0;
        }
        if (selectVisibleButton) {
            selectVisibleButton.disabled = !canManageWorkspace || visibleIds.length === 0;
        }
        if (clearButton) {
            clearButton.hidden = selectedCount === 0;
            clearButton.disabled = !canManageWorkspace || selectedCount === 0;
        }
        if (deleteButton) {
            deleteButton.hidden = selectedCount === 0;
            deleteButton.disabled = !canManageWorkspace || selectedCount === 0;
            deleteButton.textContent = selectedCount > 1 ? 'Delete Selected (' + String(selectedCount) + ')' : 'Delete Selected';
        }
    }

    function productDeleteEligibleRows(rows = filteredProductRows()) {
        return rows.filter((row) => Number(row.can_delete) === 1);
    }

    function syncProductViewControls() {
        const activeButton = $('#products-view-active');
        const archivedButton = $('#products-view-archived');
        const summary = $('#products-view-summary');
        const activeCount = state.products.filter((row) => Number(row.is_active) !== 0).length;
        const archivedCount = state.products.filter((row) => Number(row.is_active) === 0).length;

        $('#products-active-count').textContent = String(activeCount);
        $('#products-archived-count').textContent = String(archivedCount);

        if (activeButton) {
            const isActiveView = state.productListView === 'active';
            activeButton.classList.toggle('active', isActiveView);
            activeButton.setAttribute('aria-selected', isActiveView ? 'true' : 'false');
        }
        if (archivedButton) {
            const isArchivedView = state.productListView === 'archived';
            archivedButton.classList.toggle('active', isArchivedView);
            archivedButton.setAttribute('aria-selected', isArchivedView ? 'true' : 'false');
        }
        if (summary) {
            summary.textContent = state.productListView === 'archived'
                ? 'Archived products stay out of batch recording until they are restored.'
                : 'View active products used for current batch recording.';
        }
    }

    function syncProductSelectionControls(rows = filteredProductRows()) {
        const selectAll = $('#products-select-all');
        const summary = $('#products-selection-summary');
        const clearButton = $('#products-clear-selection');
        const deleteButton = $('#products-delete-selected');
        const selectVisibleButton = $('#products-select-visible');
        const deletableRows = productDeleteEligibleRows(rows);
        const visibleIds = deletableRows.map((row) => Number(row.id)).filter((id) => Number.isFinite(id) && id > 0);
        const selectedCount = state.selectedProductIds.size;
        const visibleSelectedCount = visibleIds.filter((id) => state.selectedProductIds.has(id)).length;

        if (summary) {
            if (selectedCount === 0) {
                summary.textContent = rows.length > 0 && visibleIds.length === 0 ? 'Products already used in saved batches can be archived but not deleted.' : 'No products selected.';
            } else if (selectedCount === 1) {
                summary.textContent = '1 product selected.';
            } else {
                summary.textContent = String(selectedCount) + ' products selected.';
            }
        }

        if (selectAll) {
            selectAll.checked = visibleIds.length > 0 && visibleSelectedCount === visibleIds.length;
            selectAll.indeterminate = visibleSelectedCount > 0 && visibleSelectedCount < visibleIds.length;
            selectAll.disabled = !canManageWorkspace || visibleIds.length === 0;
        }

        if (selectVisibleButton) {
            selectVisibleButton.disabled = !canManageWorkspace || visibleIds.length === 0;
        }
        if (clearButton) {
            clearButton.hidden = selectedCount === 0;
            clearButton.disabled = !canManageWorkspace || selectedCount === 0;
        }
        if (deleteButton) {
            deleteButton.hidden = selectedCount === 0;
            deleteButton.disabled = !canManageWorkspace || selectedCount === 0;
            deleteButton.textContent = selectedCount > 1 ? 'Delete Selected (' + String(selectedCount) + ')' : 'Delete Selected';
        }
    }

    function syncDeliverySelectionControls(rows = filteredDeliveryRows()) {
        syncSelectionControls({ rows, selectedIds: state.selectedDeliveryIds, prefix: 'deliveries', noun: 'deliveries', singular: 'delivery' });
    }

    function normalizeTwoDecimalQuantity(value, fallback = '1.00') {
        const numeric = Number.parseFloat(String(value ?? '').trim());
        if (!Number.isFinite(numeric) || numeric <= 0) {
            return fallback;
        }
        return numeric.toFixed(2);
    }

    function displayTwoDecimalQuantity(value, fallback = '0.00') {
        const numeric = Number.parseFloat(String(value ?? '').trim());
        if (!Number.isFinite(numeric)) {
            return fallback;
        }
        return numeric.toFixed(2);
    }

    function displayUsageQuantity(value, fallback = null) {
        const numeric = Number.parseFloat(String(value ?? '').trim());
        if (!Number.isFinite(numeric)) {
            return fallback === null ? (0).toFixed(state.usageDecimalPlaces) : fallback;
        }

        return numeric.toFixed(state.usageDecimalPlaces);
    }

    function formatCurrencyDisplay(value, fallback = 'PHP 0.00') {
        const numeric = Number.parseFloat(String(value ?? '').trim());
        if (!Number.isFinite(numeric)) {
            return fallback;
        }
        return 'PHP ' + numeric.toFixed(2);
    }

    function renderProductsTable(rows) {
        const tbody = document.querySelector('#products-table tbody');
        if (!tbody) {
            return;
        }

        const totalColumns = productRecipesEnabled ? 7 : 6;
        const recipeCellStyle = productRecipesEnabled ? '' : ' style="display:none;"';

        if (!rows.length) {
            tbody.innerHTML = '<tr><td colspan="' + String(totalColumns) + '" class="bakeshop-muted">' + escapeHtml(state.productListView === 'archived' ? 'No archived products yet.' : 'No active products yet.') + '</td></tr>';
            syncProductViewControls();
            syncProductSelectionControls(rows);
            return;
        }

        tbody.innerHTML = rows.map((row) => {
            const resolvedRowId = normalizedRowId('product', row);
            const selected = resolvedRowId > 0 && state.selectedProductIds.has(resolvedRowId);
            const selectionCell = canManageWorkspace && resolvedRowId > 0 && Number(row.can_delete) === 1
                ? '<td class="bakeshop-checkbox-cell"><input class="bakeshop-checkbox" type="checkbox" data-product-select="' + escapeHtml(resolvedRowId) + '" aria-label="Select product ' + escapeHtml(row.name || String(resolvedRowId)) + '"' + (selected ? ' checked' : '') + '></td>'
                : '<td class="bakeshop-checkbox-cell"></td>';

            const dependencyNote = Number(row.production_reference_count) > 0
                ? '<div class="bakeshop-inline-note">Used by ' + escapeHtml(String(row.production_reference_count)) + ' saved batch' + (Number(row.production_reference_count) === 1 ? '' : 'es') + '.</div>'
                : '';

            return '<tr data-row-kind="product" data-row-id="' + escapeHtml(resolvedRowId) + '">'
                + selectionCell
                + '<td><strong>' + escapeHtml(row.name) + '</strong><div class="bakeshop-inline-note">' + escapeHtml(row.sku || 'No SKU') + '</div>' + dependencyNote + '</td>'
                + '<td>' + escapeHtml(row.category || '—') + '</td>'
                + '<td>' + displayTwoDecimalQuantity(row.default_yield_qty) + ' ' + escapeHtml(row.default_yield_unit_code || '') + '</td>'
                + '<td' + recipeCellStyle + '>' + escapeHtml(row.recipe_item_count) + '</td>'
                + '<td>' + rowStatusChip(row.is_active) + '</td>'
                + '<td>' + rowActionButtons('product', row) + '</td>'
                + '</tr>';
        }).join('');

        syncProductViewControls();
        syncProductSelectionControls(rows);
    }

    function renderDeliveryDetail(row) {
        const items = Array.isArray(row.items) ? row.items : [];
        return '<div class="bakeshop-detail-stack">'
            + '<strong>' + escapeHtml(row.source_label || 'Commissary') + '</strong>'
            + '<span class="bakeshop-inline-note">' + escapeHtml(row.received_by || 'Receiver not recorded') + (row.cost_basis_summary ? ' · ' + escapeHtml(row.cost_basis_summary) : '') + '</span>'
            + '<span class="bakeshop-inline-note">Coverage: ' + escapeHtml(String(row.coverage_days || 1)) + ' day(s)</span>'
            + '<span class="bakeshop-inline-note">' + escapeHtml(String(row.item_count || items.length || 0)) + ' lines · ' + escapeHtml(String(row.total_quantity || '0')) + ' total qty · ' + formatCurrencyDisplay(row.total_amount) + ' total amount</span>'
            + renderDetailList(items, (item) => escapeHtml(item.ingredient_name || 'Ingredient') + ': ' + escapeHtml(String(item.qty || '0')) + ' ' + escapeHtml(item.unit_code || '') + ((item.unit_cost !== null && item.unit_cost !== undefined && item.unit_cost !== '') ? (' @ ' + formatCurrencyDisplay(item.unit_cost)) : '') + ' · ' + escapeHtml(item.cost_basis_label || 'Delivery Source'), 'No delivery line detail loaded.')
            + '</div>';
    }

    function renderProductionSnapshotDetail(row) {
        const items = Array.isArray(row.items) ? row.items : [];
        return '<div class="bakeshop-detail-stack">'
            + '<strong>' + escapeHtml(String(row.consumed_item_count || items.length || 0)) + ' ingredient line(s)</strong>'
            + '<span class="bakeshop-inline-note">' + escapeHtml(String(row.total_consumed_qty || '0')) + ' total ingredient quantity</span>'
            + renderDetailList(items, (item) => escapeHtml(item.ingredient_name || 'Ingredient') + ': ' + escapeHtml(String(item.qty_used || '0')) + ' ' + escapeHtml(item.unit_code || ''), 'No ingredient-use detail was saved for this entry.')
            + '</div>';
    }

    function nowLocalDateTime() {
        const date = new Date();
        const pad = (value) => String(value).padStart(2, '0');
        return [date.getFullYear(), pad(date.getMonth() + 1), pad(date.getDate())].join('-') + 'T' + [pad(date.getHours()), pad(date.getMinutes())].join(':');
    }

    function nowLocalDate() {
        return nowLocalDateTime().slice(0, 10);
    }

    function syncDeliverySourceField() {
        const sourceType = $('#delivery-source-type');
        const sourceNameField = $('#delivery-source-name-field');
        const sourceNameInput = $('#delivery-source-name');
        if (!sourceType || !sourceNameField || !sourceNameInput) {
            return;
        }

        const isOther = sourceType.value === 'other';
        sourceNameField.hidden = !isOther;
        sourceNameInput.disabled = !isOther;
        if (!isOther) {
            sourceNameInput.value = '';
        }
    }

    function apiUrl(base, params = {}) {
        const url = new URL(base, window.location.origin);
        Object.entries(params).forEach(([key, value]) => {
            if (value !== null && value !== undefined && value !== '') {
                url.searchParams.set(key, value);
            }
        });
        return url.toString();
    }

    async function request(url, options = {}) {
        const requestUrl = new URL(String(url || ''), window.location.origin).toString();
        const response = await fetch(requestUrl, {
            headers: {
                'Accept': 'application/json',
                ...(options.body ? { 'Content-Type': 'application/json' } : {}),
                ...((options.method || 'GET').toUpperCase() !== 'GET' ? { 'X-CSRF-Token': csrfToken } : {}),
                ...(options.headers || {})
            },
            credentials: 'same-origin',
            ...options
        });

        const payload = await response.json().catch(() => ({ ok: false, error: 'Invalid server response' }));
        if (!response.ok || payload.ok === false) {
            throw new Error(payload.error || 'Request failed');
        }

        return payload.data || {};
    }

    function populateSelect(selector, items, mapFn, includeBlankLabel = '') {
        const select = $(selector);
        if (!select) {
            return;
        }

        const currentValue = select.value;
        const options = [];
        if (includeBlankLabel !== null) {
            options.push('<option value="">' + escapeHtml(includeBlankLabel) + '</option>');
        }
        items.forEach((item) => {
            const mapped = mapFn(item);
            options.push('<option value="' + escapeHtml(mapped.value) + '">' + escapeHtml(mapped.label) + '</option>');
        });
        select.innerHTML = options.join('');

        if (currentValue && Array.from(select.options).some((option) => option.value === currentValue)) {
            select.value = currentValue;
        }
    }

    function applyWorkspaceAccessMode() {
        if (canManageWorkspace) {
            return;
        }

        manageRequiredForms.forEach((form) => {
            form.querySelectorAll('input, select, textarea, button').forEach((field) => {
                if (field instanceof HTMLElement && field.getAttribute('type') === 'hidden') {
                    return;
                }
                field.disabled = true;
            });
        });
    }

    function tableSearchQuery(selector) {
        const input = $(selector);
        return input ? String(input.value || '').trim().toLowerCase() : '';
    }

    function rowMatchesSearch(query, values) {
        if (query === '') {
            return true;
        }

        return values
            .map((value) => String(value || '').toLowerCase())
            .join(' ')
            .includes(query);
    }

    function renderDetailList(items, renderItem, emptyMessage = 'No detail loaded.') {
        const listItems = Array.isArray(items) ? items : [];
        if (!listItems.length) {
            return '<div class="bakeshop-detail-list"><span>' + escapeHtml(emptyMessage) + '</span></div>';
        }

        return '<div class="bakeshop-detail-list">'
            + listItems.map((item) => '<span>' + renderItem(item) + '</span>').join('')
            + '</div>';
    }

    function renderTable(selector, rows, columns, emptyMessage = 'No rows yet.', rowKind = '') {
        const tbody = document.querySelector(selector + ' tbody');
        if (!tbody) {
            return;
        }

        if (!rows.length) {
            tbody.innerHTML = '<tr><td colspan="' + columns.length + '" class="bakeshop-muted">' + escapeHtml(emptyMessage) + '</td></tr>';
            return;
        }

        tbody.innerHTML = rows.map((row) => {
            const cells = columns.map((column) => '<td>' + column(row) + '</td>').join('');
            const resolvedRowId = rowKind ? normalizedRowId(rowKind, row) : Number(row && row.id ? row.id : 0);
            const rowAttrs = rowKind && resolvedRowId > 0
                ? ' data-row-kind="' + escapeHtml(rowKind) + '" data-row-id="' + escapeHtml(resolvedRowId) + '"'
                : '';
            return '<tr' + rowAttrs + '>' + cells + '</tr>';
        }).join('');
    }

    function clearFocusSearch() {
        const url = new URL(window.location.href);
        url.searchParams.delete('focus_kind');
        url.searchParams.delete('focus_id');
        const next = url.pathname + (url.search ? url.search : '') + (url.hash ? url.hash : '');
        history.replaceState(null, '', next);
    }

    function setFocusNote(selector, message) {
        const element = $(selector);
        if (!element) {
            return;
        }

        element.hidden = !message;
        element.textContent = message || '';
    }

    function openFocusedEditor(kind, row) {
        if (kind === 'branch') {
            editBranch(row, 'history');
            return true;
        }
        if (kind === 'product') {
            editProduct(row, 'history');
            return true;
        }
        if (kind === 'ingredient') {
            editIngredient(row, 'history');
            return true;
        }
        if (kind === 'delivery') {
            state.expandedDeliveryId = Number(row.id || 0);
            renderOperationalTables();
            return false;
        }
        if (kind === 'recipe') {
            editRecipe(row, 'history');
            return true;
        }
        if (kind === 'production') {
            editProduction(row, 'history');
            return true;
        }
        return false;
    }

    function applyFocusedRow(selector, kind, rows, label) {
        if (focusState.applied || focusState.kind !== kind || !Number.isFinite(focusState.id) || focusState.id <= 0) {
            return;
        }

        const match = rows.find((row) => Number(row.id) === focusState.id);
        if (!match) {
            return;
        }

        const tableRow = document.querySelector(selector + ' tbody tr[data-row-kind="' + kind + '"][data-row-id="' + focusState.id + '"]');
        if (!tableRow) {
            return;
        }

        tableRow.classList.add('bakeshop-row-focus');
        if (openFocusedEditor(kind, match)) {
            showBanner(label + ' record opened from activity history for review.', true);
        } else {
            tableRow.scrollIntoView({ behavior: 'smooth', block: 'center' });
            showBanner(label + ' record opened from activity history.', true);
        }
        focusState.applied = true;
        clearFocusSearch();
    }

    function updateStats() {
        $('#stat-branches').textContent = String(state.branches.length);
        $('#stat-products').textContent = String(state.products.length);
        $('#stat-ingredients').textContent = String(state.ingredients.length);
        const recipeStat = $('#stat-recipes');
        if (recipeStat) {
            recipeStat.textContent = String(state.recipes.length);
        }
    }

    function filteredIngredientRows() {
        const ingredientQuery = tableSearchQuery('#ingredients-filter');
        const showArchived = state.ingredientListView === 'archived';
        return state.ingredients.filter((row) => {
            const isArchived = Number(row.is_active) === 0;
            if (showArchived !== isArchived) {
                return false;
            }

            return rowMatchesSearch(ingredientQuery, [row.name, row.sku, row.default_unit_code, row.default_unit_name]);
        });
    }

    function syncIngredientViewControls() {
        const activeButton = $('#ingredients-view-active');
        const archivedButton = $('#ingredients-view-archived');
        const summary = $('#ingredients-view-summary');
        const activeCount = state.ingredients.filter((row) => Number(row.is_active) !== 0).length;
        const archivedCount = state.ingredients.filter((row) => Number(row.is_active) === 0).length;

        $('#ingredients-active-count').textContent = String(activeCount);
        $('#ingredients-archived-count').textContent = String(archivedCount);

        if (activeButton) {
            const isActiveView = state.ingredientListView === 'active';
            activeButton.classList.toggle('active', isActiveView);
            activeButton.setAttribute('aria-selected', isActiveView ? 'true' : 'false');
        }
        if (archivedButton) {
            const isArchivedView = state.ingredientListView === 'archived';
            archivedButton.classList.toggle('active', isArchivedView);
            archivedButton.setAttribute('aria-selected', isArchivedView ? 'true' : 'false');
        }
        if (summary) {
            summary.textContent = state.ingredientListView === 'archived'
                ? 'Archived ingredients stay out of delivery and recipe pickers until they are restored.'
                : 'View active ingredients used in current operations.';
        }
    }

    function ingredientDeleteEligibleRows(rows = filteredIngredientRows()) {
        return rows.filter((row) => Number(row.can_delete) === 1);
    }

    function pruneIngredientSelection() {
        const validIds = new Set(state.ingredients
            .filter((row) => Number(row.can_delete) === 1)
            .map((row) => Number(row.id))
            .filter((id) => Number.isFinite(id) && id > 0));
        Array.from(state.selectedIngredientIds).forEach((id) => {
            if (!validIds.has(id)) {
                state.selectedIngredientIds.delete(id);
            }
        });
    }

    function syncIngredientSelectionControls(rows = filteredIngredientRows()) {
        const selectAll = $('#ingredients-select-all');
        const summary = $('#ingredients-selection-summary');
        const clearButton = $('#ingredients-clear-selection');
        const deleteButton = $('#ingredients-delete-selected');
        const selectVisibleButton = $('#ingredients-select-visible');
        const deletableRows = ingredientDeleteEligibleRows(rows);
        const visibleIds = deletableRows.map((row) => Number(row.id)).filter((id) => Number.isFinite(id) && id > 0);
        const selectedCount = state.selectedIngredientIds.size;
        const visibleSelectedCount = visibleIds.filter((id) => state.selectedIngredientIds.has(id)).length;

        if (summary) {
            if (selectedCount === 0) {
                summary.textContent = rows.length > 0 && visibleIds.length === 0 ? 'Ingredients already in use can be archived but not deleted.' : 'No ingredients selected.';
            } else if (selectedCount === 1) {
                summary.textContent = '1 ingredient selected.';
            } else {
                summary.textContent = String(selectedCount) + ' ingredients selected.';
            }
        }

        if (selectAll) {
            selectAll.checked = visibleIds.length > 0 && visibleSelectedCount === visibleIds.length;
            selectAll.indeterminate = visibleSelectedCount > 0 && visibleSelectedCount < visibleIds.length;
            selectAll.disabled = !canManageWorkspace || visibleIds.length === 0;
        }

        if (selectVisibleButton) {
            selectVisibleButton.disabled = !canManageWorkspace || visibleIds.length === 0;
        }
        if (clearButton) {
            clearButton.hidden = selectedCount === 0;
            clearButton.disabled = !canManageWorkspace || selectedCount === 0;
        }
        if (deleteButton) {
            deleteButton.hidden = selectedCount === 0;
            deleteButton.disabled = !canManageWorkspace || selectedCount === 0;
            deleteButton.textContent = selectedCount > 1 ? 'Delete Selected (' + String(selectedCount) + ')' : 'Delete Selected';
        }
    }

    function renderIngredientsTable(rows) {
        const tbody = document.querySelector('#ingredients-table tbody');
        if (!tbody) {
            return;
        }

        if (!rows.length) {
            tbody.innerHTML = '<tr><td colspan="7" class="bakeshop-muted">' + escapeHtml(state.ingredientListView === 'archived' ? 'No archived ingredients yet.' : 'No active ingredients yet.') + '</td></tr>';
            syncIngredientViewControls();
            syncIngredientSelectionControls(rows);
            return;
        }

        tbody.innerHTML = rows.map((row) => {
            const resolvedRowId = normalizedRowId('ingredient', row);
            const selected = resolvedRowId > 0 && state.selectedIngredientIds.has(resolvedRowId);
            const selectionCell = canManageWorkspace && resolvedRowId > 0 && Number(row.can_delete) === 1
                ? '<td class="bakeshop-checkbox-cell"><input class="bakeshop-checkbox" type="checkbox" data-ingredient-select="' + escapeHtml(resolvedRowId) + '" aria-label="Select ingredient ' + escapeHtml(row.name || String(resolvedRowId)) + '"' + (selected ? ' checked' : '') + '></td>'
                : '<td class="bakeshop-checkbox-cell"></td>';

            const dependencyNotes = [];
            if (Number(row.recipe_reference_count) > 0) {
                dependencyNotes.push(String(row.recipe_reference_count) + ' recipe line(s)');
            }
            if (Number(row.delivery_reference_count) > 0) {
                dependencyNotes.push(String(row.delivery_reference_count) + ' delivery line(s)');
            }
            if (Number(row.production_reference_count) > 0) {
                dependencyNotes.push(String(row.production_reference_count) + ' production snapshot line(s)');
            }
            if (Number(row.usage_reference_count) > 0) {
                dependencyNotes.push(String(row.usage_reference_count) + ' usage record(s)');
            }
            const dependencyNote = dependencyNotes.length > 0
                ? '<div class="bakeshop-inline-note">In use by ' + escapeHtml(dependencyNotes.join(' · ')) + '.</div>'
                : '';

            return '<tr data-row-kind="ingredient" data-row-id="' + escapeHtml(resolvedRowId) + '">'
                + selectionCell
                + '<td><strong>' + escapeHtml(row.name) + '</strong>' + dependencyNote + '</td>'
                + '<td>' + escapeHtml(row.sku || '—') + '</td>'
                + '<td>' + escapeHtml([row.default_unit_code, row.default_unit_name].filter(Boolean).join(' — ') || '—') + '</td>'
                + '<td>' + escapeHtml(formatIngredientPack(row)) + '</td>'
                + '<td>' + rowStatusChip(row.is_active) + '</td>'
                + '<td>' + rowActionButtons('ingredient', row) + '</td>'
                + '</tr>';
        }).join('');

        syncIngredientViewControls();
        syncIngredientSelectionControls(rows);
    }

    function renderDeliveriesTable(rows) {
        const tbody = document.querySelector('#deliveries-table tbody');
        if (!tbody) {
            return;
        }

        if (!rows.length) {
            tbody.innerHTML = '<tr><td colspan="6" class="bakeshop-muted">No deliveries yet.</td></tr>';
            syncDeliverySelectionControls(rows);
            return;
        }

        tbody.innerHTML = rows.map((row) => {
            const resolvedRowId = normalizedRowId('delivery', row);
            const selected = resolvedRowId > 0 && state.selectedDeliveryIds.has(resolvedRowId);
            const expanded = resolvedRowId > 0 && Number(state.expandedDeliveryId || 0) === resolvedRowId;
            const selectionCell = canManageWorkspace && resolvedRowId > 0
                ? '<td class="bakeshop-checkbox-cell"><input class="bakeshop-checkbox" type="checkbox" data-delivery-select="' + escapeHtml(resolvedRowId) + '" aria-label="Select delivery ' + escapeHtml(row.reference || String(resolvedRowId)) + '"' + (selected ? ' checked' : '') + '></td>'
                : '<td class="bakeshop-checkbox-cell"></td>';
            const actionButtons = [
                '<button type="button" class="bakeshop-link-button" data-action="toggle-delivery-detail" data-id="' + escapeHtml(row.id) + '">' + (expanded ? 'Hide Details' : 'View Details') + '</button>'
            ];
            if (canManageWorkspace) {
                actionButtons.push('<button type="button" class="bakeshop-link-button warn" data-action="delete-delivery" data-id="' + escapeHtml(row.id) + '">Delete</button>');
            }

            return '<tr data-row-kind="delivery" data-row-id="' + escapeHtml(resolvedRowId) + '">'
                + selectionCell
                + '<td><strong>' + escapeHtml(row.branch_name || '—') + '</strong><div class="bakeshop-inline-note">' + escapeHtml(row.source_label || 'Delivery source not set') + '</div></td>'
                + '<td>' + escapeHtml(row.delivered_at || '—') + '</td>'
                + '<td>' + escapeHtml(row.reference || '—') + '<div class="bakeshop-inline-note">' + escapeHtml(row.received_by || 'Receiver not set') + '</div></td>'
                + '<td><div class="bakeshop-detail-stack"><span>' + escapeHtml(row.item_count || 0) + ' item(s)</span><span>' + escapeHtml(row.total_quantity || '0') + ' total qty</span><span>' + escapeHtml(String(row.coverage_days || 1)) + ' day coverage</span><span>' + escapeHtml(row.cost_basis_summary || 'Cost basis pending') + '</span></div></td>'
                + '<td><div class="bakeshop-row-actions">' + actionButtons.join('') + '</div></td>'
                + '</tr>'
                + (expanded
                    ? '<tr class="bakeshop-row-focus"><td colspan="6">' + renderDeliveryDetail(row) + '</td></tr>'
                    : '');
        }).join('');

        syncDeliverySelectionControls(rows);
    }

    function renderBranchTables() {
        const filteredBranches = state.branches.filter((row) => rowMatchesSearch(tableSearchQuery('#branches-filter'), [row.code, row.name, row.address]));

        renderTable('#branches-table', filteredBranches, [
            (row) => escapeHtml(row.code),
            (row) => escapeHtml(row.name),
            (row) => escapeHtml(row.address || '—'),
            (row) => rowStatusChip(row.is_active),
            (row) => rowActionButtons('branch', row)
        ], 'No branches yet.', 'branch');
        applyFocusedRow('#branches-table', 'branch', filteredBranches, 'Branch');

        const activeBranches = activeBranchRows();
        populateSelect('#delivery-branch', activeBranches, (row) => ({ value: row.id, label: row.code + ' — ' + row.name }), 'Select branch');
        populateSelect('#production-branch', activeBranches, (row) => ({ value: row.id, label: row.code + ' — ' + row.name }), 'Select branch');
        populateSelect('#product-target-branch', activeBranches, (row) => ({ value: row.id, label: row.code + ' — ' + row.name }), 'Select branch');
        populateSelect('#usage-branch', state.branches, (row) => ({ value: row.id, label: row.code + ' — ' + row.name }), 'All branches');

        if (state.productTargetBranchId <= 0 && activeBranches[0]) {
            state.productTargetBranchId = Number(activeBranches[0].id || 0);
        }

        renderProductTargetsTable();
    }

    function renderCatalogTables() {
        const activeProductId = Number(state.activeProductId || 0);
        const recipeQuery = tableSearchQuery('#recipes-filter');
        if (focusState.kind === 'product' && !focusState.applied) {
            const focusedProduct = state.products.find((row) => Number(row.id) === focusState.id);
            if (focusedProduct) {
                state.productListView = Number(focusedProduct.is_active) === 0 ? 'archived' : 'active';
            }
        }
        if (focusState.kind === 'ingredient' && !focusState.applied) {
            const focusedIngredient = state.ingredients.find((row) => Number(row.id) === focusState.id);
            if (focusedIngredient) {
                state.ingredientListView = Number(focusedIngredient.is_active) === 0 ? 'archived' : 'active';
            }
        }
        const filteredProducts = filteredProductRows();
        const filteredIngredients = filteredIngredientRows();
        const filteredRecipes = activeProductId > 0
            ? state.recipes.filter((row) => Number(row.product_id) === activeProductId && rowMatchesSearch(recipeQuery, [row.ingredient_name, row.unit_code, row.notes]))
            : [];

        renderProductsTable(filteredProducts);

        renderIngredientsTable(filteredIngredients);

        renderTable('#recipes-table', filteredRecipes, [
            (row) => escapeHtml(row.ingredient_name),
            (row) => displayTwoDecimalQuantity(row.qty),
            (row) => escapeHtml(row.unit_code),
            (row) => escapeHtml(row.notes || '—'),
            (row) => canManageWorkspace
                ? '<div class="bakeshop-row-actions"><button type="button" class="bakeshop-link-button" data-action="edit-recipe" data-id="' + escapeHtml(row.id) + '">Edit</button><button type="button" class="bakeshop-link-button warn" data-action="delete-recipe" data-id="' + escapeHtml(row.id) + '">Delete</button></div>'
                : '<span class="bakeshop-inline-note">View only</span>'
        ], activeProductId > 0 ? 'No recipe lines yet for this product.' : 'Edit a product to view its recipe lines.', 'recipe');
        applyFocusedRow('#products-table', 'product', filteredProducts, 'Product');
        applyFocusedRow('#ingredients-table', 'ingredient', filteredIngredients, 'Ingredient');
        applyFocusedRow('#recipes-table', 'recipe', filteredRecipes, 'Recipe line');

        if (activeProductId > 0) {
            const activeProductRow = document.querySelector('#products-table tbody tr[data-row-kind="product"][data-row-id="' + activeProductId + '"]');
            if (activeProductRow) {
                activeProductRow.classList.add('bakeshop-row-editing');
            }
        }

        populateSelect('#product-yield-unit', state.units, (row) => ({ value: row.id, label: row.code + ' — ' + row.name }), 'Select yield unit');
        populateSelect('#ingredient-unit', state.units, (row) => ({ value: row.id, label: row.code + ' — ' + row.name }), 'Select default unit');
        populateSelect('#recipe-unit', state.units, (row) => ({ value: row.id, label: row.code + ' — ' + row.name }), 'Select unit');
        const activeProducts = state.products.filter((row) => Number(row.is_active) !== 0);
        const activeIngredients = state.ingredients.filter((row) => Number(row.is_active) !== 0);
        populateSelect('#product-target-product', activeProducts, (row) => ({ value: row.id, label: row.name + (row.default_yield_unit_code ? (' — ' + row.default_yield_unit_code) : '') }), 'Select product');
        syncIngredientPackUnitOptions(ingredientForm?.elements.namedItem('pack_unit_id')?.value || '');
        syncProductTargetUnitOptions(productTargetForm?.elements.namedItem('unit_id')?.value || '');
        const filteredProductionProducts = activeProducts.filter((row) => rowMatchesSearch(tableSearchQuery('#production-products-filter'), [row.name, row.sku, row.category, row.default_yield_unit_code]));
        renderProductionProductsTable(filteredProductionProducts);
        renderProductTargetsTable();
        populateSelect('#recipe-ingredient', activeIngredients, (row) => ({ value: row.id, label: row.name }), 'Select ingredient');
        syncRecipePanel();
    }

    function renderOperationalTables() {
        const filteredDeliveries = filteredDeliveryRows();
        const filteredProduction = state.production.filter((row) => rowMatchesSearch(tableSearchQuery('#production-filter'), [row.branch_name, row.product_name, row.produced_at, row.produced_by, row.notes, row.qty_produced, row.default_yield_unit_code, row.consumed_item_count, row.total_consumed_qty]));

        if (focusState.kind === 'delivery' && !focusState.applied) {
            activateDeliverySectionTab('saved');
        }

        renderDeliveriesTable(filteredDeliveries);

        renderTable('#production-table', filteredProduction, [
            (row) => escapeHtml(row.branch_name),
            (row) => escapeHtml(row.product_name) + (Number(row.id || 0) === Number(state.lastSavedProductionId || 0) ? ' <span class="bakeshop-chip recent">Recent</span>' : ''),
            (row) => escapeHtml(row.produced_at),
            (row) => escapeHtml(row.qty_produced) + ' ' + escapeHtml(row.default_yield_unit_code || ''),
            (row) => renderProductionSnapshotDetail(row),
            (row) => canManageWorkspace
                ? '<div class="bakeshop-row-actions"><button type="button" class="bakeshop-link-button" data-action="edit-production" data-id="' + escapeHtml(row.id) + '">Edit Details</button><button type="button" class="bakeshop-link-button warn" data-action="void-production" data-id="' + escapeHtml(row.id) + '">Void Entry</button></div>'
                : '<span class="bakeshop-inline-note">View only</span>'
        ], 'No saved entries yet.', 'production');
        document.querySelectorAll('#production-table tbody tr[data-row-kind="production"]').forEach((rowElement) => {
            const rowId = Number(rowElement.getAttribute('data-row-id') || '0');
            rowElement.classList.toggle('bakeshop-row-recent', rowId > 0 && rowId === Number(state.lastSavedProductionId || 0));
        });
        const productionSavedCount = $('#production-saved-count');
        const productionSavedLatestItem = $('#production-saved-latest-item');
        const productionSavedLatestBranch = $('#production-saved-latest-branch');
        if (productionSavedCount) {
            productionSavedCount.textContent = String(filteredProduction.length || 0);
        }
        if (productionSavedLatestItem) {
            productionSavedLatestItem.textContent = state.lastSavedProductionSummary && state.lastSavedProductionSummary.product_name
                ? state.lastSavedProductionSummary.product_name
                : 'None yet';
        }
        if (productionSavedLatestBranch) {
            productionSavedLatestBranch.textContent = state.lastSavedProductionSummary && state.lastSavedProductionSummary.branch_name
                ? state.lastSavedProductionSummary.branch_name
                : 'No branch yet';
        }
        applyFocusedRow('#deliveries-table', 'delivery', filteredDeliveries, 'Delivery');
        applyFocusedRow('#production-table', 'production', filteredProduction, 'Saved entry');
    }

    function renderUsage() {
        const filteredUsage = state.usage.filter((row) => rowMatchesSearch(tableSearchQuery('#usage-filter'), [row.branch_name, row.period_date, row.ingredient_name, row.unit_code || row.dimension, row.delivered_qty_base, row.consumed_qty_base, row.variance_qty_base]));
        const filteredInventory = state.inventorySnapshot.filter((row) => rowMatchesSearch(tableSearchQuery('#inventory-filter'), [row.branch_name, row.ingredient_name, row.unit_code || row.dimension, row.delivered_qty_base, row.consumed_qty_base, row.on_hand_qty_base]));

        renderTable('#usage-table', filteredUsage, [
            (row) => escapeHtml(row.branch_name),
            (row) => escapeHtml(row.period_date),
            (row) => escapeHtml(row.ingredient_name),
            (row) => escapeHtml(row.unit_code || row.dimension || 'unit'),
            (row) => escapeHtml(row.delivered_qty_base),
            (row) => escapeHtml(row.consumed_qty_base),
            (row) => escapeHtml(row.variance_qty_base)
        ], 'No usage rows matched the selected filters.');

        const usageZeroValue = (0).toFixed(state.usageDecimalPlaces);
        $('#usage-total-delivered').textContent = state.usageTotals.delivered_display || state.usageTotals.delivered_qty_base || usageZeroValue;
        $('#usage-total-consumed').textContent = state.usageTotals.consumed_display || state.usageTotals.consumed_qty_base || usageZeroValue;
        $('#usage-total-variance').textContent = state.usageTotals.variance_display || state.usageTotals.variance_qty_base || usageZeroValue;
        $('#usage-factual-ingredients').textContent = String(state.factualSummary.ingredient_count || 0);
        $('#usage-factual-deliveries').textContent = String(state.factualSummary.delivery_item_count || 0);
        $('#usage-factual-runs').textContent = String(state.factualSummary.production_run_count || 0);

        renderTable('#inventory-table', filteredInventory, [
            (row) => escapeHtml(row.branch_name),
            (row) => escapeHtml(row.ingredient_name),
            (row) => escapeHtml(row.unit_code || row.dimension || 'unit'),
            (row) => escapeHtml(row.delivered_qty_base),
            (row) => escapeHtml(row.consumed_qty_base),
            (row) => '<strong>' + escapeHtml(row.on_hand_qty_base) + '</strong>'
        ], 'No inventory snapshot rows are available for the selected branch yet.');
        $('#inventory-total-on-hand').textContent = state.inventoryTotals.on_hand_display || state.inventoryTotals.on_hand_qty_base || usageZeroValue;
        $('#inventory-total-lines').textContent = String(state.inventoryTotals.item_count || state.inventorySnapshot.length || 0);
        renderDrProjectionTables();
    }

    function syncPrintLink() {
        const scope = currentReportScope();
        const drScope = currentDrProjectionScope();

        if (printLink) {
            printLink.href = apiUrl('/admin/bakeshop/print', scope);
        }

        [drProjectionPrintLink, drProjectionInlinePrintLink].forEach((link) => {
            if (!link) {
                return;
            }

            link.href = apiUrl('/admin/bakeshop/print/dr-projection', drScope);
            link.setAttribute('aria-disabled', canLoadDrProjection(drScope) ? 'false' : 'true');
        });
    }

    function collectDeliveryItems() {
        return Array.from(deliveryLines.querySelectorAll('tr[data-ingredient-id]')).map((row) => ({
            ingredient_id: row.getAttribute('data-ingredient-id') || '',
            unit_id: row.getAttribute('data-unit-id') || '',
            qty: row.querySelector('[data-field="qty"]').value,
            unit_cost: row.querySelector('[data-field="unit_cost"]').value,
            cost_basis: row.querySelector('[data-field="cost_basis"]').value
        })).filter((item) => {
            const parsedQty = Number(item.qty);
            return Number.isFinite(parsedQty) && parsedQty > 0;
        });
    }

    function clearDeliverySheetValues() {
        deliveryLines.querySelectorAll('[data-field="qty"], [data-field="unit_cost"]').forEach((input) => {
            input.value = '';
        });
        deliveryLines.querySelectorAll('[data-field="cost_basis"]').forEach((input) => {
            input.value = '';
        });
        deliveryLines.querySelectorAll('tr').forEach((row) => row.classList.remove('is-imported'));
        if (deliveryCsvFile) {
            deliveryCsvFile.value = '';
        }
    }

    function renderDeliverySheet() {
        const activeIngredients = state.ingredients.filter((row) => Number(row.is_active) !== 0);
        if (!deliveryLines) {
            return;
        }

        if (!activeIngredients.length) {
            deliveryLines.innerHTML = '<tr><td colspan="6" class="bakeshop-muted">Add active ingredients in Products + Recipes before recording daily deliveries.</td></tr>';
            return;
        }

        deliveryLines.innerHTML = activeIngredients.map((row) => {
            const unitLabel = [row.default_unit_code, row.default_unit_name].filter(Boolean).join(' — ');
            const searchText = [row.name, row.sku || '', row.default_unit_code || ''].join(' ').toLowerCase();
            const disabledAttr = canManageWorkspace ? '' : ' disabled';
            return '<tr data-ingredient-id="' + escapeHtml(row.id) + '" data-unit-id="' + escapeHtml(row.default_unit_id) + '" data-search="' + escapeHtml(searchText) + '">'
                + '<td><strong>' + escapeHtml(row.name) + '</strong></td>'
                + '<td>' + escapeHtml(row.sku || '—') + '</td>'
                + '<td>' + escapeHtml(unitLabel || '—') + '</td>'
                + '<td><input data-field="qty" type="number" min="0" step="0.0001" placeholder="0.0000"' + disabledAttr + '></td>'
                + '<td><input data-field="unit_cost" type="number" min="0" step="0.0001" placeholder="Optional"' + disabledAttr + '></td>'
                + '<td><select data-field="cost_basis" class="bakeshop-table-input"' + disabledAttr + '><option value="">Delivery Source</option><option value="receipt">Receipt</option><option value="price_list">Price List</option><option value="manual">Manual</option></select></td>'
                + '</tr>';
        }).join('');
    }

    function filterDeliverySheet() {
        const query = ($('#delivery-sheet-filter').value || '').trim().toLowerCase();
        deliveryLines.querySelectorAll('tr[data-ingredient-id]').forEach((row) => {
            const haystack = row.getAttribute('data-search') || '';
            row.hidden = query !== '' && !haystack.includes(query);
        });
    }

    function parseCsvRows(text) {
        const rows = [];
        let current = '';
        let row = [];
        let inQuotes = false;

        for (let index = 0; index < text.length; index += 1) {
            const char = text[index];
            const next = text[index + 1] || '';

            if (char === '"') {
                if (inQuotes && next === '"') {
                    current += '"';
                    index += 1;
                } else {
                    inQuotes = !inQuotes;
                }
                continue;
            }

            if (char === ',' && !inQuotes) {
                row.push(current);
                current = '';
                continue;
            }

            if ((char === '\n' || char === '\r') && !inQuotes) {
                if (char === '\r' && next === '\n') {
                    index += 1;
                }
                row.push(current);
                if (row.some((cell) => cell.trim() !== '')) {
                    rows.push(row);
                }
                row = [];
                current = '';
                continue;
            }

            current += char;
        }

        row.push(current);
        if (row.some((cell) => cell.trim() !== '')) {
            rows.push(row);
        }

        return rows;
    }

    function importDeliveryCsv(text) {
        const rows = parseCsvRows(text);
        if (rows.length < 2) {
            throw new Error('CSV import needs a header row and at least one data row.');
        }

        const normalizeHeader = (value) => value.trim().toLowerCase().replace(/[^a-z0-9]+/g, '_');
        const headers = rows[0].map(normalizeHeader);
        const skuIndex = headers.findIndex((header) => ['sku', 'ingredient_sku'].includes(header));
        const ingredientIndex = headers.findIndex((header) => ['ingredient', 'ingredient_name', 'name'].includes(header));
        const qtyIndex = headers.findIndex((header) => ['qty', 'quantity', 'delivered_qty'].includes(header));
        const unitCostIndex = headers.findIndex((header) => ['unit_cost', 'cost', 'unit_price'].includes(header));
        const costBasisIndex = headers.findIndex((header) => ['cost_basis', 'basis', 'cost_source'].includes(header));

        if (qtyIndex === -1 || (skuIndex === -1 && ingredientIndex === -1)) {
            throw new Error('CSV import needs `sku` or `ingredient`, plus `qty` headers.');
        }

        const rowByLookup = new Map();
        deliveryLines.querySelectorAll('tr[data-ingredient-id]').forEach((row) => {
            const cells = row.querySelectorAll('td');
            const ingredientName = (cells[0]?.textContent || '').trim().toLowerCase();
            const sku = (cells[1]?.textContent || '').trim().toLowerCase();
            if (ingredientName !== '') {
                rowByLookup.set(ingredientName, row);
            }
            if (sku !== '' && sku !== '—') {
                rowByLookup.set(sku, row);
            }
            row.classList.remove('is-imported');
        });

        let matched = 0;
        const unmatched = [];
        rows.slice(1).forEach((row) => {
            const lookupValue = String((skuIndex !== -1 ? row[skuIndex] : row[ingredientIndex]) || '').trim().toLowerCase();
            const qtyValue = String(row[qtyIndex] || '').trim();
            const unitCostValue = unitCostIndex !== -1 ? String(row[unitCostIndex] || '').trim() : '';
            const costBasisValue = costBasisIndex !== -1
                ? String(row[costBasisIndex] || '').trim().toLowerCase().replace(/[^a-z]+/g, '_')
                : '';

            if (lookupValue === '' || qtyValue === '') {
                return;
            }

            const targetRow = rowByLookup.get(lookupValue);
            if (!targetRow) {
                unmatched.push(lookupValue);
                return;
            }

            targetRow.querySelector('[data-field="qty"]').value = qtyValue;
            targetRow.querySelector('[data-field="unit_cost"]').value = unitCostValue;
            targetRow.querySelector('[data-field="cost_basis"]').value = ['receipt', 'price_list', 'manual'].includes(costBasisValue) ? costBasisValue : '';
            targetRow.classList.add('is-imported');
            matched += 1;
        });

        filterDeliverySheet();

        if (!matched) {
            throw new Error('No CSV rows matched the listed ingredients. Use SKU or exact ingredient names.');
        }

        if (unmatched.length) {
            showBanner('Imported ' + matched + ' ingredient rows. Unmatched rows: ' + unmatched.slice(0, 5).join(', ') + (unmatched.length > 5 ? '…' : '') + '.', true);
            return;
        }

        showBanner('Imported ' + matched + ' ingredient rows from CSV.', true);
    }

    function downloadDeliveryCsvTemplate() {
        const activeIngredients = state.ingredients.filter((row) => Number(row.is_active) !== 0);
        const lines = ['sku,ingredient,qty,unit_cost,cost_basis'];
        activeIngredients.forEach((row) => {
            lines.push([
                '"' + String(row.sku || '').replace(/"/g, '""') + '"',
                '"' + String(row.name || '').replace(/"/g, '""') + '"',
                '',
                '',
                ''
            ].join(','));
        });

        const blob = new Blob([lines.join('\n')], { type: 'text/csv;charset=utf-8' });
        const link = document.createElement('a');
        const objectUrl = URL.createObjectURL(blob);
        link.href = objectUrl;
        link.download = 'bakeshop-daily-deliveries-template.csv';
        document.body.appendChild(link);
        link.click();
        document.body.removeChild(link);
        URL.revokeObjectURL(objectUrl);
    }

    async function loadBranches(force = false) {
        if (!force && state.loaded.branches) {
            renderBranchTables();
            return;
        }
        const data = await request(api.branches);
        state.branches = normalizeMaintenanceRows('branch', data.items || []);
        state.loaded.branches = true;
        renderBranchTables();
    }

    async function loadUnits(force = false) {
        if (!force && state.loaded.units) {
            renderCatalogTables();
            return;
        }
        const data = await request(api.units);
        state.units = data.items || [];
        state.loaded.units = true;
        renderCatalogTables();
    }

    async function loadProducts(force = false) {
        if (!force && state.loaded.products) {
            renderCatalogTables();
            updateStats();
            return;
        }
        const data = await request(api.products);
        state.products = normalizeMaintenanceRows('product', data.items || []);
        state.loaded.products = true;
        pruneProductSelection();
        renderCatalogTables();
        updateStats();
    }

    async function loadIngredients(force = false) {
        if (!force && state.loaded.ingredients) {
            renderCatalogTables();
            renderDeliverySheet();
            filterDeliverySheet();
            updateStats();
            return;
        }
        const data = await request(api.ingredients);
        state.ingredients = normalizeMaintenanceRows('ingredient', data.items || []);
        state.loaded.ingredients = true;
        pruneIngredientSelection();
        renderCatalogTables();
        renderDeliverySheet();
        filterDeliverySheet();
        updateStats();
    }

    async function loadRecipes(force = false) {
        if (!productRecipesEnabled) {
            state.recipes = [];
            state.loaded.recipes = true;
            renderCatalogTables();
            updateStats();
            return;
        }

        if (!force && state.loaded.recipes) {
            renderCatalogTables();
            updateStats();
            return;
        }
        const data = await request(api.recipes);
        state.recipes = data.items || [];
        state.loaded.recipes = true;
        renderCatalogTables();
        updateStats();
    }

    async function loadDeliveries(force = false) {
        if (!force && state.loaded.deliveries) {
            renderOperationalTables();
            return;
        }
        const data = await request(api.deliveries);
        state.deliveries = data.items || [];
        state.loaded.deliveries = true;
        pruneDeliverySelection();
        renderOperationalTables();
    }

    async function loadProductTargets(force = false) {
        if (!force && state.loaded['product-targets']) {
            renderProductTargetsTable();
            return;
        }

        const data = await request(api.productTargets);
        state.productTargets = data.items || [];
        state.loaded['product-targets'] = true;
        renderProductTargetsTable();
    }

    async function loadProduction(force = false) {
        if (!force && state.loaded.production) {
            renderOperationalTables();
            return;
        }
        const data = await request(api.production);
        state.production = data.items || [];
        state.loaded.production = true;
        renderOperationalTables();
    }

    async function loadUsage() {
        syncPrintLink();
        const scope = currentReportScope();
        const usageBranch = $('#usage-branch');
        const usageFrom = $('#usage-from');
        const usageTo = $('#usage-to');
        if (usageBranch) {
            usageBranch.value = scope.branch_id || '';
        }
        if (usageFrom) {
            usageFrom.value = scope.from_date || '';
        }
        if (usageTo) {
            usageTo.value = scope.to_date || '';
        }
        const data = await request(apiUrl(api.usage, scope));
        if (data.settings && Number.isFinite(Number(data.settings.usage_decimal_places))) {
            state.usageDecimalPlaces = Number(data.settings.usage_decimal_places);
        }
        state.usage = data.items || [];
        state.usageTotals = data.totals || state.usageTotals;
        state.factualSummary = data.factual_summary || state.factualSummary;
        state.inventorySnapshot = (data.inventory && data.inventory.items) || [];
        state.inventoryTotals = (data.inventory && data.inventory.totals) || state.inventoryTotals;
        renderUsage();
    }

    async function loadDrProjection(force = false) {
        const scope = currentDrProjectionScope();
        const scopeKey = drProjectionScopeKey(scope);

        if (!canLoadDrProjection(scope)) {
            state.drProjection = {
                filters: null,
                branch: null,
                window_days: 0,
                ingredients: [],
                products: [],
                error: ''
            };
            state.drProjectionScopeKey = '';
            state.loaded['dr-projection'] = false;
            renderDrProjectionTables();
            return;
        }

        if (!force && state.loaded['dr-projection'] && state.drProjectionScopeKey === scopeKey) {
            renderDrProjectionTables();
            return;
        }

        const data = await request(apiUrl(api.drProjection, scope));
        const report = data.report || {};
        if (report.settings && Number.isFinite(Number(report.settings.usage_decimal_places))) {
            state.usageDecimalPlaces = Number(report.settings.usage_decimal_places);
        }
        state.drProjection = {
            filters: report.filters || null,
            branch: report.branch || null,
            window_days: Number(report.window_days || 0),
            ingredients: report.ingredients || [],
            products: report.products || [],
            error: ''
        };
        state.drProjectionScopeKey = scopeKey;
        state.loaded['dr-projection'] = true;
        renderDrProjectionTables();
    }

    async function ensureTabData(tabName, options = {}) {
        const force = options.force === true;
        const resolvedTab = resolveTabName(tabName);
        const loaders = datasetLoaders();

        for (const requirement of tabRequirementsFor(resolvedTab)) {
            await loaders[requirement](force);
        }
    }

    async function submitJson(url, payload, successMessage, after) {
        try {
            const data = await request(url, {
                method: 'POST',
                body: JSON.stringify({ _token: csrfToken, ...payload })
            });
            showBanner(successMessage, true);
            if (typeof after === 'function') {
                await after(data);
            }
            await applyCacheInvalidations(data.cache_invalidate || [], {
                refreshCurrentTab: typeof after !== 'function'
            });
            return data;
        } catch (error) {
            showBanner(error.message || 'Request failed.', false);
            return null;
        }
    }

    function confirmDelete(message) {
        return window.confirm(message);
    }

    function closeDeleteConfirm(confirmed) {
        if (deleteConfirm) {
            deleteConfirm.hidden = true;
        }
        document.body.classList.remove('bakeshop-confirm-open');

        if (typeof pendingDeleteConfirmResolve === 'function') {
            const resolve = pendingDeleteConfirmResolve;
            pendingDeleteConfirmResolve = null;
            resolve(confirmed === true);
        }
    }

    function confirmBulkDelete(options = {}) {
        const previewItems = Array.from(new Set((options.items || []).map((item) => String(item || '').trim()).filter(Boolean)));
        const previewLimit = 5;

        if (!deleteConfirm || !deleteConfirmTitle || !deleteConfirmMessage || !deleteConfirmImpact || !deleteConfirmList || !deleteConfirmOverflow || !deleteConfirmSubmit) {
            const fallbackMessage = [
                options.message || 'Delete the selected records?',
                previewItems.length ? previewItems.slice(0, previewLimit).map((item) => '- ' + item).join('\n') : '',
                previewItems.length > previewLimit ? ('+' + String(previewItems.length - previewLimit) + ' more') : ''
            ].filter(Boolean).join('\n\n');
            return Promise.resolve(window.confirm(fallbackMessage));
        }

        if (typeof pendingDeleteConfirmResolve === 'function') {
            closeDeleteConfirm(false);
        }

        deleteConfirmTitle.textContent = options.title || 'Delete selected records?';
        deleteConfirmMessage.textContent = options.message || 'Review the selected items before confirming this delete.';

        const impactMessage = String(options.impact || '').trim();
        deleteConfirmImpact.textContent = impactMessage;
        deleteConfirmImpact.hidden = impactMessage === '';

        deleteConfirmList.innerHTML = previewItems.slice(0, previewLimit)
            .map((item) => '<li>' + escapeHtml(item) + '</li>')
            .join('');
        deleteConfirmList.hidden = previewItems.length === 0;

        if (previewItems.length > previewLimit) {
            deleteConfirmOverflow.textContent = '+' + String(previewItems.length - previewLimit) + ' more selected item(s)';
            deleteConfirmOverflow.hidden = false;
        } else {
            deleteConfirmOverflow.textContent = '';
            deleteConfirmOverflow.hidden = true;
        }

        deleteConfirmSubmit.textContent = options.confirmLabel || 'Delete Selected';
        deleteConfirm.hidden = false;
        document.body.classList.add('bakeshop-confirm-open');

        return new Promise((resolve) => {
            pendingDeleteConfirmResolve = resolve;
            deleteConfirmCancel?.focus();
        });
    }

    function promptRequiredValue(message, defaultValue = '') {
        const value = window.prompt(message, defaultValue);
        if (value === null) {
            return null;
        }

        const normalized = String(value).trim();
        if (normalized === '') {
            showBanner('A reason is required to void a saved entry.', false);
            return null;
        }

        return normalized;
    }

    function syncEditorActionButtons(options) {
        const addButton = options.addSelector ? $(options.addSelector) : null;
        const cancelButton = options.cancelSelector ? $(options.cancelSelector) : null;
        const editing = options.editing === true;

        if (addButton) {
            addButton.disabled = !canManageWorkspace || editing;
        }

        if (cancelButton) {
            cancelButton.hidden = !editing;
            cancelButton.disabled = !canManageWorkspace || !editing;
        }
    }

    function resetBranchForm() {
        branchForm.reset();
        branchForm.elements.namedItem('id').value = '';
        branchForm.elements.namedItem('is_active').value = '1';
        setFocusNote('#branch-focus-note', '');
        $('#branch-submit').textContent = 'Save Branch';
        syncEditorActionButtons({ cancelSelector: '#branch-cancel', editing: false });
    }

    function editBranch(row, source = 'table') {
        branchForm.elements.namedItem('id').value = String(row.id || '');
        branchForm.elements.namedItem('is_active').value = String(Number(row.is_active) === 0 ? 0 : 1);
        branchForm.elements.namedItem('code').value = row.code || '';
        branchForm.elements.namedItem('name').value = row.name || '';
        branchForm.elements.namedItem('address').value = row.address || '';
        setFocusNote('#branch-focus-note', source === 'history' ? 'Reviewing this branch from activity history. Confirm the details below before saving changes.' : '');
        $('#branch-submit').textContent = 'Update Branch';
        syncEditorActionButtons({ cancelSelector: '#branch-cancel', editing: true });
        branchForm.scrollIntoView({ behavior: 'smooth', block: 'nearest' });
    }

    function resetProductionForm() {
        productionForm.reset();
        state.productionDraftQuantities = {};
        state.productionDraftSaveState = {};
        state.productionGuardOverride = false;
        productionForm.elements.namedItem('id').value = '';
        productionForm.elements.namedItem('product_id').value = '';
        productionForm.elements.namedItem('qty_produced').value = '';
        productionForm.elements.namedItem('branch_id').disabled = false;
        $('#production-products-filter').disabled = false;
        setFocusNote('#production-focus-note', '');
        $('#production-submit').textContent = 'Update Saved Entry';
        $('#production-submit').hidden = true;
        syncEditorActionButtons({ cancelSelector: '#production-cancel', editing: false });
        productionForm.elements.namedItem('produced_at').value = nowLocalDateTime();
        syncProductionGuardOverrideControls();
        activateProductionSectionTab('record');
        syncProductionLastSavedCard();
        syncProductionProductSelection();
        renderCatalogTables();
    }

    function editProduction(row, source = 'table') {
        state.productionDraftQuantities = {
            [String(row.product_id || '')]: String(row.qty_produced || '')
        };
        state.productionDraftSaveState = {
            [String(row.product_id || '')]: {
                kind: 'saved',
                message: 'Saved entry selected for review.'
            }
        };
        productionForm.elements.namedItem('id').value = String(row.id || '');
        productionForm.elements.namedItem('branch_id').value = String(row.branch_id || '');
        productionForm.elements.namedItem('branch_id').disabled = true;
        productionForm.elements.namedItem('product_id').value = String(row.product_id || '');
        productionForm.elements.namedItem('qty_produced').value = String(row.qty_produced || '');
        productionForm.elements.namedItem('produced_at').value = productionDateTimeInputValue(row.produced_at || '');
        productionForm.elements.namedItem('produced_by').value = row.produced_by || '';
        productionForm.elements.namedItem('notes').value = row.notes || '';
        $('#production-products-filter').disabled = true;
        setFocusNote('#production-focus-note', source === 'history'
            ? 'Reviewing this saved entry from activity history. Only the finished time, staff name, and note can be updated here.'
            : 'Reviewing a saved entry. Branch, item, amount made, and ingredients used stay unchanged.');
        $('#production-submit').textContent = 'Update Saved Entry';
        $('#production-submit').hidden = false;
        syncEditorActionButtons({ cancelSelector: '#production-cancel', editing: true });
        syncProductionGuardOverrideControls();
        rememberLastSavedProduction(row);
        activateProductionSectionTab('record');
        renderCatalogTables();
        syncProductionProductSelection();
        productionForm.scrollIntoView({ behavior: 'smooth', block: 'nearest' });
    }

    function resetProductForm() {
        productForm.reset();
        state.activeProductId = 0;
        productForm.elements.namedItem('id').value = '';
        productForm.elements.namedItem('is_active').value = '1';
        productForm.elements.namedItem('default_yield_qty').value = '1.00';
        const _pft = $('#product-form-title'); if (_pft) _pft.textContent = 'New Product';
        const _pfd = $('#product-form-description'); if (_pfd) _pfd.textContent = 'Finished goods for production.';
        setFocusNote('#product-focus-note', '');
        $('#product-submit').textContent = 'Save Product';
        syncEditorActionButtons({ addSelector: '#product-add', cancelSelector: '#product-cancel', editing: false });
        resetRecipeForm();
        renderCatalogTables();
    }

    function editProduct(row, source = 'table') {
        state.activeProductId = Number(row.id || 0);
        state.productListView = Number(row.is_active) === 0 ? 'archived' : 'active';
        productForm.elements.namedItem('id').value = String(row.id || '');
        productForm.elements.namedItem('is_active').value = String(Number(row.is_active) === 0 ? 0 : 1);
        productForm.elements.namedItem('name').value = row.name || '';
        productForm.elements.namedItem('sku').value = row.sku || '';
        productForm.elements.namedItem('category').value = row.category || '';
        productForm.elements.namedItem('default_yield_qty').value = normalizeTwoDecimalQuantity(row.default_yield_qty, '1.00');
        productForm.elements.namedItem('default_yield_unit_id').value = row.default_yield_unit_id || '';
        const _pft2 = $('#product-form-title'); if (_pft2) _pft2.textContent = 'Edit Product';
        const _pfd2 = $('#product-form-description'); if (_pfd2) _pfd2.textContent = 'Update this finished good without leaving the catalog workspace.';
        setFocusNote('#product-focus-note', source === 'history' ? 'Reviewing this product from activity history. Confirm the product details and yield before saving.' : '');
        $('#product-submit').textContent = 'Update Product';
        syncEditorActionButtons({ addSelector: '#product-add', cancelSelector: '#product-cancel', editing: true });
        resetRecipeForm();
        renderCatalogTables();
        productForm.scrollIntoView({ behavior: 'smooth', block: 'nearest' });
    }

    function resetIngredientForm() {
        ingredientForm.reset();
        ingredientForm.elements.namedItem('id').value = '';
        ingredientForm.elements.namedItem('is_active').value = '1';
        ingredientForm.elements.namedItem('pack_label').value = '';
        ingredientForm.elements.namedItem('pack_qty').value = '';
        const _ift = $('#ingredient-form-title'); if (_ift) _ift.textContent = 'New Ingredient';
        const _ifd = $('#ingredient-form-description'); if (_ifd) _ifd.textContent = 'Raw materials received into branch inventory through deliveries.';
        setFocusNote('#ingredient-focus-note', '');
        $('#ingredient-submit').textContent = 'Save Ingredient';
        syncEditorActionButtons({ addSelector: '#ingredient-add', cancelSelector: '#ingredient-cancel', editing: false });
        syncIngredientPackUnitOptions('');
    }

    function editIngredient(row, source = 'table') {
        ingredientForm.elements.namedItem('id').value = String(row.id || '');
        ingredientForm.elements.namedItem('is_active').value = String(Number(row.is_active) === 0 ? 0 : 1);
        ingredientForm.elements.namedItem('name').value = row.name || '';
        ingredientForm.elements.namedItem('sku').value = row.sku || '';
        ingredientForm.elements.namedItem('default_unit_id').value = row.default_unit_id || '';
        ingredientForm.elements.namedItem('pack_label').value = row.pack_label || '';
        ingredientForm.elements.namedItem('pack_qty').value = row.pack_qty || '';
        const _ift2 = $('#ingredient-form-title'); if (_ift2) _ift2.textContent = 'Edit Ingredient';
        const _ifd2 = $('#ingredient-form-description'); if (_ifd2) _ifd2.textContent = 'Update this raw material without leaving the catalog workspace.';
        setFocusNote('#ingredient-focus-note', source === 'history' ? 'Reviewing this ingredient from activity history. Confirm the stock unit and identity details before saving.' : '');
        $('#ingredient-submit').textContent = 'Update Ingredient';
        syncEditorActionButtons({ addSelector: '#ingredient-add', cancelSelector: '#ingredient-cancel', editing: true });
        syncIngredientPackUnitOptions(row.pack_unit_id || '');
        ingredientForm.scrollIntoView({ behavior: 'smooth', block: 'nearest' });
    }

    function resetProductTargetForm() {
        if (!productTargetForm) {
            return;
        }

        const branchId = currentProductTargetBranchId();
        productTargetForm.reset();
        productTargetForm.elements.namedItem('id').value = '';
        productTargetForm.elements.namedItem('is_active').value = '1';
        if (branchId > 0) {
            productTargetForm.elements.namedItem('branch_id').value = String(branchId);
        }
        productTargetForm.elements.namedItem('daily_qty').value = '1.00';
        setFocusNote('#product-target-focus-note', '');
        $('#product-target-submit').textContent = 'Save Target';
        syncEditorActionButtons({ addSelector: '#product-target-add', cancelSelector: '#product-target-cancel', editing: false });
        syncProductTargetUnitOptions('');
    }

    function editProductTarget(row) {
        if (!productTargetForm) {
            return;
        }

        state.productTargetBranchId = Number(row.branch_id || 0);
        productTargetForm.elements.namedItem('id').value = String(row.id || '');
        productTargetForm.elements.namedItem('is_active').value = String(Number(row.is_active) === 0 ? 0 : 1);
        productTargetForm.elements.namedItem('branch_id').value = String(row.branch_id || '');
        productTargetForm.elements.namedItem('product_id').value = String(row.product_id || '');
        productTargetForm.elements.namedItem('daily_qty').value = normalizeTwoDecimalQuantity(row.daily_qty, '1.00');
        setFocusNote('#product-target-focus-note', 'Reviewing this branch target. Confirm the branch, product, target quantity, and unit before saving.');
        $('#product-target-submit').textContent = 'Update Target';
        syncEditorActionButtons({ addSelector: '#product-target-add', cancelSelector: '#product-target-cancel', editing: true });
        syncProductTargetUnitOptions(row.unit_id || '');
        productTargetForm.scrollIntoView({ behavior: 'smooth', block: 'nearest' });
    }

    async function deleteProductTarget(row) {
        if (!confirmDelete('Delete this branch target? This cannot be undone.')) {
            return;
        }

        await submitJson(api.productTargetsDelete, {
            id: row.id
        }, 'Branch target deleted.', async () => {
            if (productTargetForm && productTargetForm.elements.namedItem('id').value === String(row.id)) {
                resetProductTargetForm();
            }
            await loadProductTargets(true);
        });
    }

    function resetRecipeForm() {
        recipeForm.reset();
        recipeForm.dataset.recipeId = '';
        recipeForm.elements.namedItem('qty').value = '1.00';
        if (state.activeProductId > 0) {
            recipeForm.elements.namedItem('product_id').value = String(state.activeProductId);
        }
        setFocusNote('#recipe-focus-note', '');
        $('#recipe-submit').textContent = 'Save Recipe Line';
        syncEditorActionButtons({ cancelSelector: '#recipe-cancel', editing: false });
        syncRecipePanel();
    }

    function editRecipe(row, source = 'table') {
        if (Number(row.product_id) > 0 && Number(state.activeProductId) !== Number(row.product_id)) {
            state.activeProductId = Number(row.product_id);
            renderCatalogTables();
        }
        recipeForm.dataset.recipeId = String(row.id || '');
        recipeForm.elements.namedItem('product_id').value = row.product_id || '';
        recipeForm.elements.namedItem('ingredient_id').value = row.ingredient_id || '';
        recipeForm.elements.namedItem('unit_id').value = row.unit_id || '';
        recipeForm.elements.namedItem('qty').value = normalizeTwoDecimalQuantity(row.qty, '1.00');
        recipeForm.elements.namedItem('notes').value = row.notes || '';
        setFocusNote('#recipe-focus-note', source === 'history' ? 'Reviewing this recipe line from activity history. Confirm the product, ingredient, and quantity before saving.' : '');
        $('#recipe-submit').textContent = 'Update Recipe Line';
        syncEditorActionButtons({ cancelSelector: '#recipe-cancel', editing: true });
        syncRecipePanel();
        recipeForm.scrollIntoView({ behavior: 'smooth', block: 'nearest' });
    }

    async function deleteRecipe(row) {
        if (!confirmDelete('Delete this recipe line? This cannot be undone.')) {
            return;
        }

        await submitJson(api.recipesDelete, {
            id: row.id
        }, 'Recipe line deleted.', async () => {
            if (recipeForm.dataset.recipeId === String(row.id)) {
                resetRecipeForm();
            }
            await loadRecipes(true);
            await loadProducts(true);
        });
    }

    async function deleteProductsByIds(ids) {
        const normalizedIds = Array.from(new Set((ids || []).map((id) => Number(id)).filter((id) => Number.isFinite(id) && id > 0)));
        if (!normalizedIds.length) {
            return;
        }

        const message = normalizedIds.length === 1
            ? (productRecipesEnabled
                ? 'Delete this product? Its recipe lines will also be deleted. This cannot be undone.'
                : 'Delete this product? This cannot be undone.')
            : (productRecipesEnabled
                ? 'Delete ' + String(normalizedIds.length) + ' selected products? Their recipe lines will also be deleted. This cannot be undone.'
                : 'Delete ' + String(normalizedIds.length) + ' selected products? This cannot be undone.');
        const shouldDelete = normalizedIds.length === 1
            ? confirmDelete(message)
            : await confirmBulkDelete({
                title: 'Delete selected products?',
                message,
                impact: productRecipesEnabled ? 'Each selected product also removes its recipe lines.' : 'Selected products are removed permanently.',
                items: normalizedIds.map((id) => productDeletePreviewLabel(findStateRow('product', id), id)),
                confirmLabel: 'Delete Products'
            });
        if (!shouldDelete) {
            return;
        }

        const data = await submitJson(api.productsBatchDelete, {
            ids: normalizedIds
        }, normalizedIds.length === 1 ? 'Product deleted.' : ('Deleted ' + String(normalizedIds.length) + ' products.'));
        if (!data) {
            return;
        }

        normalizedIds.forEach((id) => {
            state.selectedProductIds.delete(id);
            if (productForm.elements.namedItem('id').value === String(id) || Number(state.activeProductId) === id) {
                resetProductForm();
            }
        });

        await loadProducts(true);
        await loadRecipes(true);
    }

    async function deleteProduct(row) {
        await deleteProductsByIds([row.id]);
    }

    async function deleteIngredientsByIds(ids) {
        const normalizedIds = Array.from(new Set((ids || []).map((id) => Number(id)).filter((id) => Number.isFinite(id) && id > 0)));
        if (!normalizedIds.length) {
            return;
        }

        const message = normalizedIds.length === 1
            ? 'Delete this ingredient? This cannot be undone.'
            : 'Delete ' + String(normalizedIds.length) + ' selected ingredients? This cannot be undone.';
        const shouldDelete = normalizedIds.length === 1
            ? confirmDelete(message)
            : await confirmBulkDelete({
                title: 'Delete selected ingredients?',
                message,
                impact: 'Deleting ingredients removes them from the active master list immediately.',
                items: normalizedIds.map((id) => ingredientDeletePreviewLabel(findStateRow('ingredient', id), id)),
                confirmLabel: 'Delete Ingredients'
            });
        if (!shouldDelete) {
            return;
        }

        const data = await submitJson(api.ingredientsBatchDelete, {
            ids: normalizedIds
        }, normalizedIds.length === 1 ? 'Ingredient deleted.' : ('Deleted ' + String(normalizedIds.length) + ' ingredients.'));
        if (!data) {
            return;
        }

        normalizedIds.forEach((id) => {
            state.selectedIngredientIds.delete(id);
            if (ingredientForm.elements.namedItem('id').value === String(id)) {
                resetIngredientForm();
            }
        });

        await loadIngredients(true);
        await loadRecipes(true);
    }

    async function deleteIngredient(row) {
        await deleteIngredientsByIds([row.id]);
    }

    async function deleteDeliveriesByIds(ids) {
        const normalizedIds = Array.from(new Set((ids || []).map((id) => Number(id)).filter((id) => Number.isFinite(id) && id > 0)));
        if (!normalizedIds.length) {
            return;
        }

        const message = normalizedIds.length === 1
            ? 'Delete this delivery and its item lines? This cannot be undone.'
            : 'Delete ' + String(normalizedIds.length) + ' selected deliveries and their item lines? This cannot be undone.';
        const shouldDelete = normalizedIds.length === 1
            ? confirmDelete(message)
            : await confirmBulkDelete({
                title: 'Delete selected deliveries?',
                message,
                impact: 'Each selected delivery also removes its received ingredient lines from daily receiving history.',
                items: normalizedIds.map((id) => deliveryDeletePreviewLabel(findStateRow('delivery', id), id)),
                confirmLabel: 'Delete Deliveries'
            });
        if (!shouldDelete) {
            return;
        }

        const data = await submitJson(api.deliveriesBatchDelete, {
            ids: normalizedIds
        }, normalizedIds.length === 1 ? 'Delivery deleted.' : ('Deleted ' + String(normalizedIds.length) + ' deliveries.'));
        if (!data) {
            return;
        }

        normalizedIds.forEach((id) => {
            state.selectedDeliveryIds.delete(id);
            if (Number(state.expandedDeliveryId || 0) === id) {
                state.expandedDeliveryId = 0;
            }
        });

        await loadDeliveries(true);
        await loadUsage();
    }

    async function deleteDelivery(row) {
        await deleteDeliveriesByIds([row.id]);
    }

    async function voidProductionRun(row) {
        if (!confirmDelete('Void this saved entry and remove its ingredient use from usage and inventory?')) {
            return;
        }

        const voidReason = promptRequiredValue('Why is this saved entry being voided?', 'Duplicate or incorrect entry');
        if (voidReason === null) {
            return;
        }

        await submitJson(api.productionVoid, {
            id: row.id,
            void_reason: voidReason
        }, 'Saved entry voided.', async () => {
            await loadProduction(true);
            await loadUsage();
        });
    }

    async function toggleActive(kind, row) {
        const rowId = normalizedRowId(kind, row);
        if (!Number.isFinite(rowId) || rowId <= 0) {
            showBanner('Selected ' + String(kind || 'record') + ' could not be resolved.', false);
            return;
        }

        const nextActive = Number(row.is_active) === 0 ? 1 : 0;
        if (kind === 'branch') {
            await submitJson(api.branchStatus.replace('[id]', encodeURIComponent(String(rowId))), {
                is_active: nextActive
            }, nextActive === 1 ? 'Branch restored.' : 'Branch archived.', async () => {
                if (branchForm.elements.namedItem('id').value === String(row.id)) {
                    resetBranchForm();
                }
                await loadBranches(true);
            });
            return;
        }

        if (kind === 'product') {
            await submitJson(api.productStatus.replace('[id]', encodeURIComponent(String(rowId))), {
                is_active: nextActive
            }, nextActive === 1 ? 'Product restored.' : 'Product archived.', async () => {
                if (productForm.elements.namedItem('id').value === String(row.id)) {
                    resetProductForm();
                }
                await loadProducts(true);
                await loadRecipes(true);
            });
            return;
        }

        if (kind === 'ingredient') {
            await submitJson(api.ingredientStatus.replace('[id]', encodeURIComponent(String(rowId))), {
                is_active: nextActive
            }, nextActive === 1 ? 'Ingredient restored.' : 'Ingredient archived.', async () => {
                if (ingredientForm.elements.namedItem('id').value === String(row.id)) {
                    resetIngredientForm();
                }
                await loadIngredients(true);
                await loadRecipes(true);
            });
        }
    }

    function findStateRow(kind, id) {
        const numericId = Number(id);
        if (kind === 'branch') {
            return state.branches.find((row) => Number(row.id) === numericId) || null;
        }
        if (kind === 'product') {
            return state.products.find((row) => Number(row.id) === numericId) || null;
        }
        if (kind === 'ingredient') {
            return state.ingredients.find((row) => Number(row.id) === numericId) || null;
        }
        if (kind === 'recipe') {
            return state.recipes.find((row) => Number(row.id) === numericId) || null;
        }
        if (kind === 'delivery') {
            return state.deliveries.find((row) => Number(row.id) === numericId) || null;
        }
        if (kind === 'production') {
            return state.production.find((row) => Number(row.id) === numericId) || null;
        }
        if (kind === 'product-target') {
            return state.productTargets.find((row) => Number(row.id) === numericId) || null;
        }
        return null;
    }

    function bindMaintenanceActions(selector) {
        $(selector).addEventListener('click', async (event) => {
            const button = event.target.closest('[data-action]');
            if (!button) {
                return;
            }

            if (!canManageWorkspace) {
                showBanner('This work area is read only for your role.', false);
                return;
            }

            const kind = button.getAttribute('data-kind');
            const buttonRowId = Number(button.getAttribute('data-id') || '0');
            if (!Number.isFinite(buttonRowId) || buttonRowId <= 0) {
                showBanner('Selected record could not be resolved.', false);
                return;
            }

            const row = findStateRow(kind, buttonRowId);
            if (!row) {
                showBanner('Selected record could not be found.', false);
                return;
            }

            if (button.getAttribute('data-action') === 'edit') {
                if (kind === 'branch') {
                    editBranch(row);
                } else if (kind === 'product') {
                    editProduct(row);
                } else if (kind === 'ingredient') {
                    editIngredient(row);
                }
                clearBanner();
                return;
            }

            if (button.getAttribute('data-action') === 'delete') {
                if (kind === 'product') {
                    await deleteProduct(row);
                    return;
                }
                if (kind === 'ingredient') {
                    await deleteIngredient(row);
                    return;
                }
            }

            await toggleActive(kind, row);
        });
    }

    $('#branch-form').addEventListener('submit', async (event) => {
        event.preventDefault();
        const form = event.currentTarget;
        await submitJson(api.branches, {
            id: form.elements.namedItem('id').value,
            is_active: form.elements.namedItem('is_active').value,
            code: form.elements.namedItem('code').value,
            name: form.elements.namedItem('name').value,
            address: form.elements.namedItem('address').value
        }, form.elements.namedItem('id').value ? 'Branch updated.' : 'Branch saved.', async () => {
            resetBranchForm();
            await loadBranches();
        });
    });

    $('#product-form').addEventListener('submit', async (event) => {
        event.preventDefault();
        const form = event.currentTarget;
        await submitJson(api.products, {
            id: form.elements.namedItem('id').value,
            is_active: form.elements.namedItem('is_active').value,
            name: form.elements.namedItem('name').value,
            sku: form.elements.namedItem('sku').value,
            category: form.elements.namedItem('category').value,
            default_yield_qty: normalizeTwoDecimalQuantity(form.elements.namedItem('default_yield_qty').value, '1.00'),
            default_yield_unit_id: form.elements.namedItem('default_yield_unit_id').value
        }, form.elements.namedItem('id').value ? 'Product updated.' : 'Product saved.', async () => {
            const savedProductId = Number(form.elements.namedItem('id').value || 0);
            await loadProducts(true);
            await loadRecipes(true);
            if (savedProductId > 0) {
                const savedRow = state.products.find((row) => Number(row.id) === savedProductId);
                if (savedRow) {
                    editProduct(savedRow);
                    return;
                }
            }
            resetProductForm();
        });
    });

    $('#ingredient-form').addEventListener('submit', async (event) => {
        event.preventDefault();
        const form = event.currentTarget;
        await submitJson(api.ingredients, {
            id: form.elements.namedItem('id').value,
            is_active: form.elements.namedItem('is_active').value,
            name: form.elements.namedItem('name').value,
            sku: form.elements.namedItem('sku').value,
            default_unit_id: form.elements.namedItem('default_unit_id').value,
            pack_label: form.elements.namedItem('pack_label').value,
            pack_qty: form.elements.namedItem('pack_qty').value,
            pack_unit_id: form.elements.namedItem('pack_unit_id').value
        }, form.elements.namedItem('id').value ? 'Ingredient updated.' : 'Ingredient saved.', async () => {
            resetIngredientForm();
            await loadIngredients(true);
            await loadRecipes(true);
        });
    });

    $('#product-target-form')?.addEventListener('submit', async (event) => {
        event.preventDefault();
        const form = event.currentTarget;
        await submitJson(api.productTargets, {
            id: form.elements.namedItem('id').value,
            is_active: form.elements.namedItem('is_active').value,
            branch_id: form.elements.namedItem('branch_id').value,
            product_id: form.elements.namedItem('product_id').value,
            daily_qty: normalizeTwoDecimalQuantity(form.elements.namedItem('daily_qty').value, '1.00'),
            unit_id: form.elements.namedItem('unit_id').value
        }, form.elements.namedItem('id').value ? 'Branch target updated.' : 'Branch target saved.', async () => {
            state.productTargetBranchId = Number(form.elements.namedItem('branch_id').value || 0);
            resetProductTargetForm();
            await loadProductTargets(true);
            await loadDrProjection(true);
        });
    });

    $('#branch-cancel').addEventListener('click', resetBranchForm);
    $('#product-add').addEventListener('click', () => {
        resetProductForm();
        productForm.elements.namedItem('name').focus();
    });
    $('#product-cancel').addEventListener('click', resetProductForm);
    deleteConfirmCancel?.addEventListener('click', () => {
        closeDeleteConfirm(false);
    });
    deleteConfirmSubmit?.addEventListener('click', () => {
        closeDeleteConfirm(true);
    });
    deleteConfirm?.addEventListener('click', (event) => {
        if (event.target === deleteConfirm) {
            closeDeleteConfirm(false);
        }
    });
    document.addEventListener('keydown', (event) => {
        if (event.key === 'Escape' && deleteConfirm && !deleteConfirm.hidden) {
            event.preventDefault();
            closeDeleteConfirm(false);
        }
    });
    $('#products-select-visible')?.addEventListener('click', () => {
        productDeleteEligibleRows().forEach((row) => {
            const rowId = Number(row.id);
            if (Number.isFinite(rowId) && rowId > 0) {
                state.selectedProductIds.add(rowId);
            }
        });
        renderCatalogTables();
    });
    $('#products-clear-selection')?.addEventListener('click', () => {
        state.selectedProductIds.clear();
        renderCatalogTables();
    });
    $('#products-delete-selected')?.addEventListener('click', async () => {
        await deleteProductsByIds(Array.from(state.selectedProductIds));
    });
    $('#products-select-all')?.addEventListener('change', (event) => {
        const checked = event.currentTarget.checked;
        productDeleteEligibleRows().forEach((row) => {
            const rowId = Number(row.id);
            if (!Number.isFinite(rowId) || rowId <= 0) {
                return;
            }
            if (checked) {
                state.selectedProductIds.add(rowId);
            } else {
                state.selectedProductIds.delete(rowId);
            }
        });
        renderCatalogTables();
    });
    $('#products-table')?.addEventListener('change', (event) => {
        const checkbox = event.target.closest('[data-product-select]');
        if (!checkbox) {
            return;
        }

        const rowId = Number(checkbox.getAttribute('data-product-select') || '0');
        if (!Number.isFinite(rowId) || rowId <= 0) {
            return;
        }

        if (checkbox.checked) {
            state.selectedProductIds.add(rowId);
        } else {
            state.selectedProductIds.delete(rowId);
        }
        syncProductSelectionControls(filteredProductRows());
    });
    document.querySelectorAll('[data-product-view]').forEach((button) => {
        button.addEventListener('click', () => {
            const nextView = button.getAttribute('data-product-view') === 'archived' ? 'archived' : 'active';
            if (state.productListView === nextView) {
                return;
            }

            state.productListView = nextView;
            state.selectedProductIds.clear();
            if (state.activeProductId > 0) {
                const activeProduct = state.products.find((row) => Number(row.id) === Number(state.activeProductId));
                if (activeProduct && ((nextView === 'archived') !== (Number(activeProduct.is_active) === 0))) {
                    resetProductForm();
                    return;
                }
            }
            renderCatalogTables();
        });
    });
    $('#ingredient-add').addEventListener('click', () => {
        resetIngredientForm();
        ingredientForm.elements.namedItem('name').focus();
    });
    $('#ingredient-cancel').addEventListener('click', resetIngredientForm);
    $('#product-target-add')?.addEventListener('click', () => {
        resetProductTargetForm();
        productTargetForm?.elements.namedItem('product_id')?.focus();
    });
    $('#product-target-cancel')?.addEventListener('click', resetProductTargetForm);
    document.querySelectorAll('[data-ingredient-view]').forEach((button) => {
        button.addEventListener('click', () => {
            const nextView = button.getAttribute('data-ingredient-view') === 'archived' ? 'archived' : 'active';
            if (state.ingredientListView === nextView) {
                return;
            }

            state.ingredientListView = nextView;
            state.selectedIngredientIds.clear();
            renderCatalogTables();
        });
    });
    $('#ingredients-select-visible')?.addEventListener('click', () => {
        ingredientDeleteEligibleRows().forEach((row) => {
            const rowId = Number(row.id);
            if (Number.isFinite(rowId) && rowId > 0) {
                state.selectedIngredientIds.add(rowId);
            }
        });
        renderCatalogTables();
    });
    $('#ingredients-clear-selection')?.addEventListener('click', () => {
        state.selectedIngredientIds.clear();
        renderCatalogTables();
    });
    $('#ingredients-delete-selected')?.addEventListener('click', async () => {
        await deleteIngredientsByIds(Array.from(state.selectedIngredientIds));
    });
    $('#ingredients-select-all')?.addEventListener('change', (event) => {
        const checked = event.currentTarget.checked;
        ingredientDeleteEligibleRows().forEach((row) => {
            const rowId = Number(row.id);
            if (!Number.isFinite(rowId) || rowId <= 0) {
                return;
            }
            if (checked) {
                state.selectedIngredientIds.add(rowId);
            } else {
                state.selectedIngredientIds.delete(rowId);
            }
        });
        renderCatalogTables();
    });
    $('#ingredients-table')?.addEventListener('change', (event) => {
        const checkbox = event.target.closest('[data-ingredient-select]');
        if (!checkbox) {
            return;
        }

        const rowId = Number(checkbox.getAttribute('data-ingredient-select') || '0');
        if (!Number.isFinite(rowId) || rowId <= 0) {
            return;
        }

        if (checkbox.checked) {
            state.selectedIngredientIds.add(rowId);
        } else {
            state.selectedIngredientIds.delete(rowId);
        }
        syncIngredientSelectionControls(filteredIngredientRows());
    });
    $('#product-target-branch')?.addEventListener('change', (event) => {
        state.productTargetBranchId = Number(event.currentTarget.value || '0');
        renderProductTargetsTable();
    });
    $('#product-target-product')?.addEventListener('change', () => {
        syncProductTargetUnitOptions('');
    });
    $('#ingredient-unit')?.addEventListener('change', () => {
        syncIngredientPackUnitOptions('');
    });
    $('#recipe-cancel').addEventListener('click', resetRecipeForm);

    $('#recipe-form').addEventListener('submit', async (event) => {
        event.preventDefault();
        const form = event.currentTarget;
        await submitJson(api.recipes, {
            product_id: form.product_id.value,
            ingredient_id: form.ingredient_id.value,
            unit_id: form.unit_id.value,
            qty: normalizeTwoDecimalQuantity(form.qty.value, '1.00'),
            notes: form.notes.value
        }, form.dataset.recipeId ? 'Recipe line updated.' : 'Recipe line saved.', async () => {
            resetRecipeForm();
            await loadRecipes(true);
            await loadProducts(true);
        });
    });

    $('#delivery-sheet-filter').addEventListener('input', filterDeliverySheet);
    ['#branches-filter'].forEach((selector) => {
        const input = $(selector);
        if (input) {
            input.addEventListener('input', renderBranchTables);
        }
    });
    ['#recipes-filter', '#ingredients-filter', '#production-products-filter'].forEach((selector) => {
        const input = $(selector);
        if (input) {
            input.addEventListener('input', renderCatalogTables);
        }
    });
    ['#product-target-filter'].forEach((selector) => {
        const input = $(selector);
        if (input) {
            input.addEventListener('input', renderProductTargetsTable);
        }
    });
    ['#deliveries-filter', '#production-filter'].forEach((selector) => {
        const input = $(selector);
        if (input) {
            input.addEventListener('input', renderOperationalTables);
        }
    });
    ['#usage-filter', '#inventory-filter'].forEach((selector) => {
        const input = $(selector);
        if (input) {
            input.addEventListener('input', renderUsage);
        }
    });
    ['#dr-projection-ingredients-filter', '#dr-projection-products-filter'].forEach((selector) => {
        const input = $(selector);
        if (input) {
            input.addEventListener('input', renderDrProjectionTables);
        }
    });
    $('#delivery-sheet-clear').addEventListener('click', () => {
        clearDeliverySheetValues();
        showBanner('Daily delivery sheet cleared.', true);
    });
    $('#delivery-csv-template').addEventListener('click', downloadDeliveryCsvTemplate);
    deliveryCsvFile.addEventListener('change', async (event) => {
        const file = event.currentTarget.files && event.currentTarget.files[0];
        if (!file) {
            return;
        }

        try {
            const text = await file.text();
            importDeliveryCsv(text);
        } catch (error) {
            showBanner(error.message || 'Unable to import CSV.', false);
        }
    });

    $('#delivery-form').addEventListener('submit', async (event) => {
        event.preventDefault();
        const form = event.currentTarget;
        const items = collectDeliveryItems();
        if (!items.length) {
            showBanner('Enter at least one received quantity or import a CSV before saving.', false);
            return;
        }

        const preservedBranch = form.branch_id.value;
        const preservedDeliveredAt = form.delivered_at.value;
        const preservedCoverageDays = form.coverage_days.value;
        const preservedReceivedBy = form.received_by.value;
        const preservedSourceType = form.source_type.value;
        const preservedSourceName = form.source_name.value;
        await submitJson(api.deliveries, {
            branch_id: form.branch_id.value,
            delivered_at: form.delivered_at.value,
            coverage_days: form.coverage_days.value,
            reference: form.reference.value,
            source_type: form.source_type.value,
            source_name: form.source_name.value,
            received_by: form.received_by.value,
            notes: form.notes.value,
            items: items
        }, 'Delivery saved.', async () => {
            form.reference.value = '';
            form.notes.value = '';
            form.branch_id.value = preservedBranch;
            form.delivered_at.value = preservedDeliveredAt || nowLocalDate();
            form.coverage_days.value = preservedCoverageDays || String(defaultDrCoverageDays || 1);
            form.received_by.value = preservedReceivedBy;
            form.source_type.value = preservedSourceType || 'commissary';
            form.source_name.value = preservedSourceName;
            syncDeliverySourceField();
            clearDeliverySheetValues();
            await loadDeliveries(true);
            await loadUsage();
            await loadDrProjection(true);
        });
    });
    $('#deliveries-select-visible')?.addEventListener('click', () => {
        filteredDeliveryRows().forEach((row) => {
            const rowId = Number(row.id);
            if (Number.isFinite(rowId) && rowId > 0) {
                state.selectedDeliveryIds.add(rowId);
            }
        });
        renderOperationalTables();
    });
    $('#deliveries-clear-selection')?.addEventListener('click', () => {
        state.selectedDeliveryIds.clear();
        renderOperationalTables();
    });
    $('#deliveries-delete-selected')?.addEventListener('click', async () => {
        await deleteDeliveriesByIds(Array.from(state.selectedDeliveryIds));
    });
    $('#deliveries-select-all')?.addEventListener('change', (event) => {
        const checked = event.currentTarget.checked;
        filteredDeliveryRows().forEach((row) => {
            const rowId = Number(row.id);
            if (!Number.isFinite(rowId) || rowId <= 0) {
                return;
            }
            if (checked) {
                state.selectedDeliveryIds.add(rowId);
            } else {
                state.selectedDeliveryIds.delete(rowId);
            }
        });
        renderOperationalTables();
    });
    $('#deliveries-table')?.addEventListener('change', (event) => {
        const checkbox = event.target.closest('[data-delivery-select]');
        if (!checkbox) {
            return;
        }

        const rowId = Number(checkbox.getAttribute('data-delivery-select') || '0');
        if (!Number.isFinite(rowId) || rowId <= 0) {
            return;
        }

        if (checkbox.checked) {
            state.selectedDeliveryIds.add(rowId);
        } else {
            state.selectedDeliveryIds.delete(rowId);
        }
        syncDeliverySelectionControls(filteredDeliveryRows());
    });

    $('#production-products-table').addEventListener('click', (event) => {
        const qtyInput = event.target.closest('[data-production-qty-input]');
        if (qtyInput) {
            return;
        }

        const rowElement = event.target.closest('tr[data-row-kind="production-product"]');
        if (!rowElement) {
            return;
        }

        const row = state.products.find((item) => Number(item.id) === Number(rowElement.getAttribute('data-row-id') || '0') && Number(item.is_active) !== 0);
        if (!row) {
            showBanner('Selected product could not be found.', false);
            return;
        }

        focusProductionDraftInput(row);
    });

    $('#production-products-table').addEventListener('input', (event) => {
        const qtyInput = event.target.closest('[data-production-qty-input]');
        if (!(qtyInput instanceof HTMLInputElement)) {
            return;
        }

        const productId = Number(qtyInput.getAttribute('data-production-qty-input') || '0');
        if (!Number.isFinite(productId) || productId <= 0) {
            return;
        }

        const rawValue = String(qtyInput.value || '').trim();
        const numericValue = Number.parseFloat(rawValue);
        if (rawValue === '' || !Number.isFinite(numericValue) || numericValue <= 0) {
            delete state.productionDraftQuantities[String(productId)];
        } else {
            state.productionDraftQuantities[String(productId)] = rawValue;
        }

        syncProductionProductSelection();
    });

    $('#production-products-table').addEventListener('change', async (event) => {
        const qtyInput = event.target.closest('[data-production-qty-input]');
        if (!(qtyInput instanceof HTMLInputElement)) {
            return;
        }

        const productId = Number(qtyInput.getAttribute('data-production-qty-input') || '0');
        if (!Number.isFinite(productId) || productId <= 0) {
            return;
        }

        await autosaveProductionDraft(productId, qtyInput.value, qtyInput);
    });

    $('#production-products-table').addEventListener('keydown', (event) => {
        const qtyInput = event.target.closest('[data-production-qty-input]');
        if (!(qtyInput instanceof HTMLInputElement)) {
            return;
        }

        if (event.key === 'Enter') {
            event.preventDefault();
            qtyInput.blur();
        }
    });

    $('#production-form').addEventListener('submit', async (event) => {
        event.preventDefault();
        const form = event.currentTarget;
        const productionRunId = Number(form.elements.namedItem('id').value || '0');
        if (productionRunId > 0) {
            await submitJson(api.production, {
                id: productionRunId,
                produced_at: form.produced_at.value,
                produced_by: form.produced_by.value,
                notes: form.notes.value
            }, 'Saved entry updated.', async (data) => {
                await loadProduction(true);
                const updatedId = Number((data && data.item && data.item.id) || productionRunId || 0);
                const updatedSavedRow = state.production.find((row) => Number(row.id) === updatedId);
                if (updatedSavedRow) {
                    rememberLastSavedProduction(updatedSavedRow);
                }
                await loadUsage();
                const updatedRow = state.production.find((row) => Number(row.id) === productionRunId);
                if (updatedRow) {
                    editProduction(updatedRow);
                    return;
                }
                resetProductionForm();
            });
            return;
        }

        showBanner('Enter the amount made in the item list. Each row saves when you leave the box.', false);
    });

    if (permissionsForm && canManageSettings) {
        permissionsForm.addEventListener('submit', async (event) => {
            event.preventDefault();
            await submitJson(api.permissionsSettings, {
                role_permissions: {
                    supervisor: [
                        permissionsForm.elements.namedItem('supervisor_read').checked ? 'bakeshop.read' : '',
                        permissionsForm.elements.namedItem('supervisor_manage').checked ? 'bakeshop.manage' : ''
                    ].filter(Boolean)
                }
            }, 'Access settings updated.');
        });
    }

    $('#usage-form').addEventListener('submit', async (event) => {
        event.preventDefault();
        try {
            await ensureTabData('usage', { force: true });
            showBanner('Usage summary refreshed.', true);
        } catch (error) {
            showBanner(error.message || 'Unable to load usage summary.', false);
        }
    });

    $('#bakeshop-refresh').addEventListener('click', async () => {
        try {
            await ensureTabData(window.location.hash.slice(1) || defaultTab, { force: true });
            showBanner('The current work area has been refreshed.', true);
        } catch (error) {
            showBanner(error.message || 'Unable to refresh data.', false);
        }
    });

    ['#usage-branch', '#usage-from', '#usage-to', '#usage-horizon-days', '#summary-branch-filter', '#summary-from-filter', '#summary-to-filter'].forEach((selector) => {
        $(selector).addEventListener('change', () => {
            if (selector.startsWith('#summary-')) {
                syncReportScopeInputs('summary');
            }
            syncPrintLink();
        });
    });

    bindMaintenanceActions('#branches-table');
    bindMaintenanceActions('#products-table');
    bindMaintenanceActions('#ingredients-table');
    $('#product-targets-table')?.addEventListener('click', async (event) => {
        const button = event.target.closest('[data-action]');
        if (!button) {
            return;
        }

        const row = findStateRow('product-target', button.getAttribute('data-id') || '0');
        if (!row) {
            showBanner('Selected branch target could not be found.', false);
            return;
        }

        if (button.getAttribute('data-action') === 'edit-product-target') {
            if (!canManageWorkspace) {
                showBanner('This work area is read only for your role.', false);
                return;
            }

            editProductTarget(row);
            clearBanner();
            return;
        }

        if (button.getAttribute('data-action') === 'delete-product-target') {
            if (!canManageWorkspace) {
                showBanner('This work area is read only for your role.', false);
                return;
            }

            await deleteProductTarget(row);
        }
    });
    $('#recipes-table').addEventListener('click', async (event) => {
        const button = event.target.closest('[data-action]');
        if (!button) {
            return;
        }

        if (!canManageWorkspace) {
            showBanner('This work area is read only for your role.', false);
            return;
        }

        const row = findStateRow('recipe', button.getAttribute('data-id'));
        if (!row) {
            showBanner('Selected recipe line could not be found.', false);
            return;
        }

        if (button.getAttribute('data-action') === 'edit-recipe') {
            editRecipe(row);
            clearBanner();
            return;
        }

        await deleteRecipe(row);
    });

    $('#deliveries-table').addEventListener('click', async (event) => {
        const detailButton = event.target.closest('[data-action="toggle-delivery-detail"]');
        if (detailButton) {
            const row = findStateRow('delivery', detailButton.getAttribute('data-id'));
            if (!row) {
                showBanner('Selected delivery could not be found.', false);
                return;
            }

            const rowId = Number(row.id || 0);
            state.expandedDeliveryId = Number(state.expandedDeliveryId || 0) === rowId ? 0 : rowId;
            renderOperationalTables();
            return;
        }

        const button = event.target.closest('[data-action="delete-delivery"]');
        if (!button) {
            return;
        }

        if (!canManageWorkspace) {
            showBanner('This work area is read only for your role.', false);
            return;
        }

        const row = findStateRow('delivery', button.getAttribute('data-id'));
        if (!row) {
            showBanner('Selected delivery could not be found.', false);
            return;
        }

        await deleteDelivery(row);
    });

    $('#production-table').addEventListener('click', async (event) => {
        if (!canManageWorkspace) {
            const readonlyButton = event.target.closest('[data-action="edit-production"], [data-action="void-production"]');
            if (readonlyButton) {
                showBanner('This work area is read only for your role.', false);
            }
            return;
        }

        const editButton = event.target.closest('[data-action="edit-production"]');
        if (editButton) {
            const editRow = findStateRow('production', editButton.getAttribute('data-id'));
            if (!editRow) {
                showBanner('That saved entry could not be found.', false);
                return;
            }

            activateProductionSectionTab('record');
            editProduction(editRow);
            return;
        }

        const button = event.target.closest('[data-action="void-production"]');
        if (!button) {
            return;
        }

        const row = findStateRow('production', button.getAttribute('data-id'));
        if (!row) {
            showBanner('That saved entry could not be found.', false);
            return;
        }

        await voidProductionRun(row);
    });

    $('#delivery-at').value = nowLocalDate();
    $('#delivery-coverage-days').value = String(defaultDrCoverageDays || 1);
    $('#delivery-source-type').value = 'commissary';
    syncDeliverySourceField();
    applyWorkspaceAccessMode();
    syncEditorActionButtons({ cancelSelector: '#branch-cancel', editing: false });
    syncEditorActionButtons({ addSelector: '#product-add', cancelSelector: '#product-cancel', editing: false });
    syncEditorActionButtons({ addSelector: '#ingredient-add', cancelSelector: '#ingredient-cancel', editing: false });
    syncEditorActionButtons({ addSelector: '#product-target-add', cancelSelector: '#product-target-cancel', editing: false });
    syncEditorActionButtons({ cancelSelector: '#recipe-cancel', editing: false });
    syncEditorActionButtons({ cancelSelector: '#production-cancel', editing: false });
    resetProductTargetForm();
    $('#delivery-source-type').addEventListener('change', syncDeliverySourceField);
    deliverySectionTabs.forEach((button) => {
        button.addEventListener('click', () => {
            activateDeliverySectionTab(button.getAttribute('data-delivery-section-tab') || 'receive');
        });
    });
    $('#production-cancel').addEventListener('click', resetProductionForm);
    productionSectionTabs.forEach((button) => {
        button.addEventListener('click', () => {
            activateProductionSectionTab(button.getAttribute('data-production-section-tab') || 'record');
        });
    });
    productionGuardToggle?.addEventListener('click', () => {
        if (productionMetadataEditActive()) {
            showBanner('Testing override is only available while recording a new batch.', false);
            return;
        }

        state.productionGuardOverride = !state.productionGuardOverride;
        syncProductionGuardOverrideControls();
        syncProductionProductSelection();
        renderCatalogTables();
    });
    productionReviewLastSaved?.addEventListener('click', () => {
        activateProductionSectionTab('saved', { scrollToRecent: true });
    });
    productionEditLastSaved?.addEventListener('click', () => {
        const row = state.production.find((item) => Number(item.id) === Number(state.lastSavedProductionId || 0));
        if (!row) {
            showBanner('The last saved entry could not be found. Refresh the list and try again.', false);
            return;
        }

        editProduction(row);
    });
    resetProductionForm();
    resetBranchForm();
    resetProductForm();
    resetIngredientForm();
    resetRecipeForm();
    syncReportScopeInputs('summary');
    syncPrintLink();

    if (searchParams.get('onboarding') === 'bootstrap') {
        showBanner('Bootstrap onboarding is still active. You can review live workspace data here while finishing the staff handoff.', true);
    }

    ensureTabData(window.location.hash.slice(1) || defaultTab).catch((error) => {
        showBanner(error.message || 'Unable to load initial bakeshop data.', false);
    });
});
</script>

                </div>
            </main>
        </div>
    </div>
    
    <script>
    (() => {
        const submenuLinks = Array.from(document.querySelectorAll('[data-workspace-submenu="true"]'));
        if (!submenuLinks.length) {
            return;
        }

        function syncWorkspaceSubmenu() {
            const hash = window.location.hash.replace(/^#/, '');
            submenuLinks.forEach((link) => {
                const serverActive = link.getAttribute('data-server-active') === 'true';
                const shouldBeActive = hash !== ''
                    ? link.getAttribute('data-tab-target') === hash
                    : serverActive;
                link.classList.toggle('active', shouldBeActive);
                if (shouldBeActive) {
                    link.setAttribute('aria-current', 'page');
                } else {
                    link.removeAttribute('aria-current');
                }
            });
        }

        syncWorkspaceSubmenu();
        window.addEventListener('hashchange', syncWorkspaceSubmenu);
    })();
    </script>
    
    
</body>
</html>
  ✗ shell sidebar uses configured store description — <!DOCTYPE html>
<html lang="en">
<head>
    <meta charset="UTF-8">
    <meta name="viewport" content="width=device-width, initial-scale=1.0">
    <title>Bakeshop Operations</title>
    <link rel="icon" href="/uploads/bakeshop/north-oven.png">
    <link rel="preconnect" href="https://fonts.googleapis.com">
    <link rel="preconnect" href="https://fonts.gstatic.com" crossorigin>
    <link href="https://fonts.googleapis.com/css2?family=Inter:wght@400;500;600;700;800&display=swap" rel="stylesheet">
    <style>
        :root {
            --page-bg: linear-gradient(180deg, #eef5ff 0%, #e0ecff 48%, #d6e6ff 100%);
            --surface-color: rgba(248, 251, 255, 0.98);
            --surface-strong: #ffffff;
            --surface-soft: #edf4ff;
            --border-color: #c8d7f2;
            --sidebar-bg: linear-gradient(180deg, #153b7a 0%, #0f2851 100%);
            --sidebar-border: rgba(255, 255, 255, 0.08);
            --sidebar-text: rgba(239, 246, 255, 0.84);
            --sidebar-text-strong: #f8fbff;
            --accent: #2563eb;
            --accent-strong: #1d4ed8;
            --accent-soft: rgba(37, 99, 235, 0.14);
            --text-color: #111827;
            --text-muted: #374151;
            --shadow-lg: 0 24px 60px rgba(30, 64, 175, 0.12);
            --shadow-sm: 0 12px 26px rgba(30, 64, 175, 0.08);
            --font-body: 'Inter', system-ui, -apple-system, BlinkMacSystemFont, 'Segoe UI', sans-serif;
            --font-size-h2: clamp(1.6rem, 2vw, 2rem);
            --radius-card: 14px;
            --radius-control: 10px;
        }

        * { box-sizing: border-box; }
        html, body { margin: 0; min-height: 100%; }
        body {
            font-family: var(--font-body);
            color: var(--text-color);
            background: var(--page-bg);
        }

        a { color: inherit; }
        button, input, select, textarea { font: inherit; }

        .bakeshop-sidebar-toggle {
            position: absolute;
            opacity: 0;
            pointer-events: none;
        }

        .bakeshop-mobile-overlay,
        .bakeshop-mobile-nav-button,
        .bakeshop-sidebar-close {
            display: none;
        }

        .bakeshop-admin-shell {
            min-height: 100vh;
            display: grid;
            grid-template-columns: minmax(238px, 272px) minmax(0, 1fr);
        }

        .sidebar {
            background: var(--sidebar-bg);
            color: var(--sidebar-text);
            padding: 24px 18px 20px;
            display: grid;
            gap: 22px;
            align-content: start;
            border-right: 1px solid var(--sidebar-border);
            position: sticky;
            top: 0;
            min-height: 100vh;
            overflow-y: auto;
        }

        .bakeshop-sidebar-close {
            align-items: center;
            justify-content: center;
            align-self: flex-end;
            border-radius: 999px;
            border: 1px solid rgba(255, 255, 255, 0.16);
            padding: 8px 12px;
            font-size: 0.8rem;
            font-weight: 700;
            letter-spacing: 0.04em;
            text-transform: uppercase;
            color: var(--sidebar-text-strong);
            background: rgba(255, 255, 255, 0.08);
            cursor: pointer;
        }

        .bakeshop-brand {
            display: grid;
            grid-template-columns: auto minmax(0, 1fr);
            align-items: start;
            gap: 10px;
            padding: 6px 10px 0;
        }

        .bakeshop-brand-mark {
            width: 52px;
            height: 52px;
            border-radius: var(--radius-card);
            background: linear-gradient(145deg, rgba(96, 165, 250, 0.24), rgba(37, 99, 235, 0.38));
            display: inline-flex;
            align-items: center;
            justify-content: center;
            font-family: var(--font-body);
            font-weight: 800;
            font-size: 1.45rem;
            color: var(--sidebar-text-strong);
            border: 1px solid rgba(255, 255, 255, 0.08);
            box-shadow: inset 0 1px 0 rgba(255, 255, 255, 0.08);
            overflow: hidden;
        }

        .bakeshop-brand-mark img {
            width: 100%;
            height: 100%;
            object-fit: contain;
            display: block;
            padding: 5px;
            background: #ffffff;
        }

        .bakeshop-brand h1 {
            margin: 0;
            font-size: 1.45rem;
            font-weight: 800;
            line-height: 1.05;
            color: var(--sidebar-text-strong);
        }

        .bakeshop-brand p {
            margin: 0;
            font-size: 0.92rem;
            line-height: 1.55;
        }

        .bakeshop-nav {
            display: grid;
            gap: 14px;
        }

        .bakeshop-nav-group {
            display: grid;
            gap: 8px;
        }

        .bakeshop-nav-label {
            padding: 0 10px;
            font-size: 0.72rem;
            font-weight: 700;
            letter-spacing: 0.12em;
            text-transform: uppercase;
            color: rgba(255, 247, 237, 0.5);
        }

        .bakeshop-nav a {
            display: flex;
            align-items: center;
            gap: 12px;
            border-radius: var(--radius-control);
            padding: 13px 14px;
            text-decoration: none;
            color: var(--sidebar-text);
            border: 1px solid transparent;
            background: transparent;
            transition: background-color 0.16s ease, border-color 0.16s ease, transform 0.16s ease;
        }

        .bakeshop-nav a:hover {
            background: rgba(255, 255, 255, 0.06);
            border-color: rgba(255, 255, 255, 0.07);
            transform: translateX(1px);
        }

        .bakeshop-nav a.active {
            background: linear-gradient(145deg, rgba(96, 165, 250, 0.2), rgba(37, 99, 235, 0.22));
            border-color: rgba(147, 197, 253, 0.24);
            color: var(--sidebar-text-strong);
            box-shadow: inset 0 1px 0 rgba(255, 255, 255, 0.05);
        }

        .bakeshop-nav-title {
            display: grid;
            gap: 2px;
        }

        .bakeshop-nav-title strong {
            font-size: 0.93rem;
            font-weight: 600;
            color: inherit;
        }

        .bakeshop-nav-title span {
            font-size: 0.79rem;
            color: inherit;
            opacity: 0.82;
        }

        .bakeshop-nav-submenu {
            display: grid;
            gap: 4px;
            padding-left: 12px;
        }

        .bakeshop-nav-submenu a {
            padding: 9px 12px;
            border-radius: 12px;
            font-size: 0.84rem;
            color: rgba(255, 247, 237, 0.82);
            border-color: transparent;
        }

        .bakeshop-nav-submenu a:hover {
            transform: none;
            background: rgba(255, 255, 255, 0.05);
        }

        .bakeshop-nav-submenu a.active {
            background: rgba(255, 255, 255, 0.12);
            border-color: rgba(147, 197, 253, 0.18);
            color: var(--sidebar-text-strong);
            box-shadow: none;
        }

        .bakeshop-sidebar-card {
            margin-top: auto;
            border-radius: var(--radius-card);
            border: 1px solid rgba(255, 255, 255, 0.08);
            background: rgba(255, 255, 255, 0.05);
            padding: 16px;
            display: grid;
            gap: 10px;
        }

        .bakeshop-sidebar-card h2 {
            margin: 0;
            font-size: 0.98rem;
            color: var(--sidebar-text-strong);
        }

        .bakeshop-sidebar-card p {
            margin: 0;
            font-size: 0.84rem;
            line-height: 1.55;
        }

        .bakeshop-main {
            min-width: 0;
            display: flex;
            flex-direction: column;
        }

        .topbar {
            display: grid;
            grid-template-columns: auto minmax(0, 1fr) auto;
            align-items: start;
            gap: 18px;
            padding: 22px 28px 16px;
        }

        .bakeshop-topbar-actions {
            display: flex;
            align-items: center;
            justify-content: flex-start;
            width: fit-content;
        }

        .bakeshop-topbar-user-tools {
            display: flex;
            align-items: center;
            justify-content: flex-end;
            flex-wrap: wrap;
            gap: 12px;
            min-width: 0;
        }

        .bakeshop-topbar-signout {
            margin: 0;
        }

        .bakeshop-title-stack {
            display: grid;
            gap: 6px;
            min-width: 0;
        }

        .bakeshop-kicker {
            font-size: 0.75rem;
            font-weight: 700;
            letter-spacing: 0.14em;
            text-transform: uppercase;
            color: var(--accent-strong);
        }

        .bakeshop-title-stack h2 {
            margin: 0;
            font-size: clamp(1.5rem, 2.2vw, 2.2rem);
            font-weight: 800;
            line-height: 1.05;
        }

        .bakeshop-title-stack p {
            margin: 0;
            color: var(--text-muted);
            font-size: 0.92rem;
        }

        .bakeshop-user-card {
            border-radius: var(--radius-card);
            padding: 14px 16px;
            background: rgba(255, 252, 247, 0.82);
            border: 1px solid var(--border-color);
            box-shadow: var(--shadow-sm);
            display: grid;
            gap: 4px;
            width: fit-content;
            max-width: min(100%, 32rem);
            min-width: min(220px, 100%);
            justify-self: end;
        }

        .bakeshop-user-card strong { font-size: 0.96rem; }
        .bakeshop-user-card span,
        .bakeshop-user-card small { color: var(--text-muted); }
        .bakeshop-user-card strong,
        .bakeshop-user-card span,
        .bakeshop-user-card small {
            overflow-wrap: anywhere;
        }
        .bakeshop-user-role {
            display: inline-flex;
            align-items: center;
            width: fit-content;
            padding: 4px 9px;
            border-radius: 999px;
            background: var(--accent-soft);
            color: var(--accent-strong);
            font-size: 0.72rem;
            font-weight: 700;
            letter-spacing: 0.05em;
            text-transform: uppercase;
        }

        .bakeshop-mobile-nav-button {
            align-items: center;
            justify-content: center;
            gap: 8px;
            width: fit-content;
            min-height: 44px;
            border-radius: 999px;
            padding: 0 16px;
            border: 1px solid rgba(37, 99, 235, 0.18);
            background: rgba(255, 255, 255, 0.92);
            box-shadow: var(--shadow-sm);
            color: var(--accent-strong);
            font-size: 0.9rem;
            font-weight: 700;
            letter-spacing: 0.03em;
            cursor: pointer;
        }

        .bakeshop-content {
            padding: 0 28px 28px;
        }

        .bakeshop-content-inner {
            background: rgba(255, 255, 255, 0.9);
            border: 1px solid rgba(200, 215, 242, 0.85);
            border-radius: 20px;
            padding: 22px;
            box-shadow: var(--shadow-lg);
        }

        .bakeshop-shell-note {
            margin-top: 14px;
            display: inline-flex;
            align-items: center;
            gap: 8px;
            border-radius: 999px;
            padding: 8px 12px;
            background: rgba(219, 234, 254, 0.12);
            border: 1px solid rgba(219, 234, 254, 0.16);
            color: var(--sidebar-text-strong);
            font-size: 0.8rem;
        }

        .bakeshop-onboarding-checklist {
            display: grid;
            gap: 12px;
        }

        .bakeshop-onboarding-step {
            display: grid;
            gap: 10px;
            padding: 14px 16px;
            border-radius: 14px;
            border: 1px solid rgba(180, 83, 9, 0.16);
            background: rgba(255, 255, 255, 0.82);
        }

        .bakeshop-onboarding-step.current {
            border-color: rgba(217, 119, 6, 0.42);
            box-shadow: 0 0 0 2px rgba(245, 158, 11, 0.1);
        }

        .bakeshop-onboarding-step.done {
            border-color: rgba(22, 101, 52, 0.18);
            background: rgba(240, 253, 244, 0.82);
        }

        .bakeshop-onboarding-step-head {
            display: flex;
            align-items: center;
            justify-content: space-between;
            gap: 10px;
            flex-wrap: wrap;
        }

        .bakeshop-onboarding-step h4 {
            margin: 0;
            font-size: 0.95rem;
        }

        .bakeshop-onboarding-step p {
            margin: 0;
            line-height: 1.6;
        }

        .bakeshop-step-status {
            display: inline-flex;
            align-items: center;
            width: fit-content;
            border-radius: 999px;
            padding: 4px 10px;
            font-size: 0.72rem;
            font-weight: 700;
            letter-spacing: 0.05em;
            text-transform: uppercase;
        }

        .bakeshop-step-status.done {
            background: rgba(22, 101, 52, 0.12);
            color: #166534;
        }

        .bakeshop-step-status.current {
            background: rgba(217, 119, 6, 0.12);
            color: #b45309;
        }

        .bakeshop-step-status.pending {
            background: rgba(71, 85, 105, 0.12);
            color: #475569;
        }

        .bakeshop-step-action {
            display: inline-flex;
            align-items: center;
            justify-content: center;
            width: fit-content;
            gap: 8px;
            padding: 9px 14px;
            border-radius: 10px;
            border: 1px solid rgba(180, 83, 9, 0.2);
            background: #ffffff;
            color: #92400e;
            font-weight: 700;
            text-decoration: none;
        }

        .bakeshop-step-action:hover {
            background: #fff7ed;
        }

        .bakeshop-sidebar-link {
            display: inline-flex;
            align-items: center;
            justify-content: center;
            gap: 8px;
            padding: 10px 14px;
            border-radius: 2px;
            border: 1px solid #d1d5db;
            background: #ffffff;
            color: #111827;
            text-decoration: none;
            font-weight: 600;
            cursor: pointer;
            transition: background-color 0.16s ease, border-color 0.16s ease, box-shadow 0.16s ease, transform 0.16s ease;
        }

        .bakeshop-sidebar-inline-form {
            margin: 0;
        }

        .bakeshop-sidebar-link:hover {
            background: #eff6ff;
            border-color: #93c5fd;
            box-shadow: 0 10px 22px rgba(37, 99, 235, 0.12);
            transform: translateY(-1px);
        }

        @media (max-width: 980px) {
            .bakeshop-admin-shell {
                grid-template-columns: 1fr;
            }

            .bakeshop-mobile-overlay {
                display: block;
                position: fixed;
                inset: 0;
                background: rgba(15, 23, 42, 0.52);
                opacity: 0;
                pointer-events: none;
                transition: opacity 0.18s ease;
                z-index: 39;
            }

            .sidebar {
                position: fixed;
                top: 0;
                left: 0;
                bottom: 0;
                width: min(86vw, 320px);
                min-height: 100vh;
                z-index: 40;
                box-shadow: 0 28px 64px rgba(15, 23, 42, 0.3);
                transform: translateX(calc(-100% - 18px));
                transition: transform 0.22s ease;
            }

            .bakeshop-sidebar-close,
            .bakeshop-mobile-nav-button {
                display: inline-flex;
            }

            .bakeshop-sidebar-toggle:checked ~ .bakeshop-mobile-overlay {
                opacity: 1;
                pointer-events: auto;
            }

            .bakeshop-sidebar-toggle:checked ~ .bakeshop-admin-shell .sidebar {
                transform: translateX(0);
            }

            .topbar {
                padding-top: 18px;
                flex-direction: column;
                align-items: flex-start;
                grid-template-columns: 1fr;
            }

            .bakeshop-topbar-actions {
                position: sticky;
                top: 0;
                z-index: 30;
                justify-content: flex-start;
                width: 100%;
                padding: 10px 0 6px;
                background: linear-gradient(180deg, rgba(238, 245, 255, 0.98) 0%, rgba(238, 245, 255, 0.92) 78%, rgba(238, 245, 255, 0) 100%);
            }

            .bakeshop-topbar-user-tools {
                width: 100%;
                justify-content: space-between;
            }

            .bakeshop-user-card {
                width: 100%;
                min-width: 0;
            }
        }

        @media (max-width: 640px) {
            .topbar,
            .bakeshop-content {
                padding-left: 16px;
                padding-right: 16px;
            }

            .bakeshop-content-inner {
                padding: 16px;
                border-radius: 16px;
            }
        }
    </style>
    
<style>
    .bakeshop-shell { display: grid; gap: 24px; }
    .bakeshop-header { display: flex; flex-wrap: wrap; align-items: end; justify-content: space-between; gap: 16px; }
    .bakeshop-header h2 { font-size: var(--font-size-h2); font-weight: 700; margin-bottom: 6px; }
    .bakeshop-header p { color: var(--text-muted); margin: 0; max-width: 56rem; }
    .bakeshop-actions { display: flex; gap: 10px; flex-wrap: wrap; }
    .bakeshop-shell,
    .bakeshop-shell * {
        color: var(--text-color);
    }
    .bakeshop-flow {
        display: grid;
        gap: 14px;
        grid-template-columns: repeat(auto-fit, minmax(180px, 1fr));
    }
    .bakeshop-flow-step {
        border: 1px solid var(--border-color);
        border-radius: 14px;
        background: linear-gradient(180deg, #f7faff 0%, #ffffff 100%);
        padding: 18px;
        box-shadow: 0 10px 24px rgba(37, 99, 235, 0.05);
    }
    .bakeshop-flow-step strong {
        display: inline-flex;
        align-items: center;
        justify-content: center;
        width: 32px;
        height: 32px;
        border-radius: 999px;
        background: var(--accent);
        color: #fff;
        font-size: 0.86rem;
        margin-bottom: 10px;
    }
    .bakeshop-flow-step h3 {
        margin: 0 0 8px;
        font-size: 0.98rem;
    }
    .bakeshop-flow-step p {
        margin: 0;
        color: var(--text-muted);
        font-size: 0.9rem;
        line-height: 1.5;
    }
    .bakeshop-button,
    .bakeshop-shell button,
    .bakeshop-shell input,
    .bakeshop-shell select,
    .bakeshop-shell textarea { font: inherit; }
    .bakeshop-button {
        display: inline-flex;
        align-items: center;
        justify-content: center;
        gap: 8px;
        border-radius: 2px;
        border: 1px solid #1d4ed8;
        background: #2563eb;
        color: #ffffff;
        padding: 10px 16px;
        text-decoration: none;
        font-size: 0.92rem;
        cursor: pointer;
    }
    .bakeshop-button:hover {
        background: #1d4ed8;
    }
    .bakeshop-button.secondary {
        background: #2563eb;
        color: #ffffff;
        border-color: #1d4ed8;
    }
    .bakeshop-button.secondary:hover {
        background: #1d4ed8;
    }
    .bakeshop-button.print {
        background: #6b7280;
        border-color: #6b7280;
        color: #ffffff;
    }
    .bakeshop-button.print:hover {
        background: #4b5563;
    }
    .bakeshop-button.staff {
        background: #eab308;
        border-color: #ca8a04;
        color: #111827;
    }
    .bakeshop-button.staff:hover {
        background: #ca8a04;
        color: #111827;
    }
    .bakeshop-button.refresh {
        background: #f97316;
        border-color: #ea580c;
        color: #ffffff;
    }
    .bakeshop-button.refresh:hover {
        background: #ea580c;
    }
    .bakeshop-button.success {
        background: #16a34a;
        border-color: #15803d;
        color: #ffffff;
    }
    .bakeshop-button.success:hover {
        background: #15803d;
    }
    .bakeshop-button.danger {
        background: #dc2626;
        border-color: #b91c1c;
        color: #ffffff;
    }
    .bakeshop-button.danger:hover {
        background: #b91c1c;
    }
    .bakeshop-button:disabled,
    .bakeshop-button.secondary:disabled,
    .bakeshop-button.print:disabled,
    .bakeshop-button.staff:disabled,
    .bakeshop-button.refresh:disabled,
    .bakeshop-button.success:disabled,
    .bakeshop-button.danger:disabled {
        background: #d1d5db;
        border-color: #cbd5e1;
        color: #6b7280;
        cursor: not-allowed;
        box-shadow: none;
        opacity: 0.72;
        pointer-events: none;
    }
    .bakeshop-button:disabled:hover,
    .bakeshop-button.secondary:disabled:hover,
    .bakeshop-button.print:disabled:hover,
    .bakeshop-button.staff:disabled:hover,
    .bakeshop-button.refresh:disabled:hover,
    .bakeshop-button.success:disabled:hover,
    .bakeshop-button.danger:disabled:hover {
        background: #d1d5db;
        border-color: #cbd5e1;
        color: #6b7280;
    }
    .bakeshop-banner {
        display: none;
        padding: 14px 16px;
        border-radius: 14px;
        border: 1px solid transparent;
        font-size: 0.92rem;
    }
    .bakeshop-banner.show { display: block; }
    .bakeshop-banner.ok { background: #eff6ff; border-color: #bfdbfe; color: #1d4ed8; }
    .bakeshop-banner.error { background: #fff3f2; border-color: #fecaca; color: #991b1b; }
    .bakeshop-readonly-note {
        padding: 14px 16px;
        border-radius: 14px;
        border: 1px solid #fde68a;
        background: #fffbeb;
        color: #92400e;
        line-height: 1.55;
    }
    .bakeshop-onboarding {
        display: grid;
        gap: 10px;
        padding: 16px 18px;
        border-radius: 14px;
        border: 1px solid #f3d7a5;
        background: linear-gradient(135deg, #fff7ed, #fffbeb);
        box-shadow: 0 14px 30px rgba(180, 83, 9, 0.08);
    }
    .bakeshop-onboarding h3 { margin: 0; }
    .bakeshop-onboarding p { margin: 0; color: #7c5a32; line-height: 1.6; }
    .bakeshop-onboarding strong { color: #92400e; }
    .bakeshop-stats { display: grid; gap: 14px; grid-template-columns: repeat(auto-fit, minmax(150px, 1fr)); }
    .bakeshop-stat {
        border: 1px solid var(--border-color);
        border-radius: 14px;
        padding: 18px;
        background: linear-gradient(180deg, #ffffff 0%, #f3f8ff 100%);
    }
    .bakeshop-stat strong { display: block; font-size: 1.7rem; line-height: 1; }
    .bakeshop-stat span { display: block; margin-top: 8px; color: var(--text-muted); font-size: 0.8rem; text-transform: uppercase; letter-spacing: 0.06em; }
    .bakeshop-layout { display: grid; gap: 20px; grid-template-columns: minmax(0, 1fr); }
    .bakeshop-column { display: grid; gap: 20px; align-content: start; }
    .bakeshop-panel {
        border: 1px solid var(--border-color);
        border-radius: 14px;
        background: var(--surface-color, #fff);
        overflow: hidden;
        box-shadow: 0 14px 32px rgba(37, 99, 235, 0.05);
        transition: background 160ms ease, border-color 160ms ease, box-shadow 160ms ease;
    }
    .bakeshop-panel-subdued {
        box-shadow: none;
        border: 1px dashed var(--border-color);
        margin-top: 8px;
    }
    .bakeshop-panel.is-editing {
        border-color: #93c5fd;
        background: linear-gradient(180deg, #f7fbff 0%, #eef6ff 100%);
        box-shadow: 0 18px 40px rgba(37, 99, 235, 0.12);
    }
    .bakeshop-panel.is-editing .bakeshop-panel-head {
        background: linear-gradient(180deg, rgba(219, 234, 254, 0.7) 0%, rgba(239, 246, 255, 0.25) 100%);
    }
    .bakeshop-panel.is-editing .bakeshop-panel-body {
        background: linear-gradient(180deg, rgba(255, 255, 255, 0.55) 0%, rgba(239, 246, 255, 0.85) 100%);
    }
    .bakeshop-panel-head {
        padding: 18px 20px 12px;
        border-bottom: 1px solid color-mix(in srgb, var(--border-color) 85%, transparent);
    }
    .bakeshop-panel-head h3 { margin: 0 0 6px; font-size: 1rem; }
    .bakeshop-panel-head p { margin: 0; color: var(--text-muted); font-size: 0.9rem; }
    .bakeshop-panel-body { padding: 18px 20px 20px; display: grid; gap: 16px; }
    .bakeshop-grid-2 { display: grid; gap: 12px; grid-template-columns: repeat(2, minmax(0, 1fr)); }
    .bakeshop-grid-3 { display: grid; gap: 12px; grid-template-columns: repeat(3, minmax(0, 1fr)); }
    .bakeshop-field { display: grid; gap: 6px; }
    .bakeshop-field label { font-size: 0.78rem; font-weight: 600; text-transform: uppercase; letter-spacing: 0.05em; color: var(--text-muted); }
    .bakeshop-field input,
    .bakeshop-field select,
    .bakeshop-field textarea {
        width: 100%;
        border-radius: 2px;
        border: 1px solid #d1d5db;
        background: #fff;
        color: #111827;
        padding: 11px 12px;
    }
    .bakeshop-field textarea { min-height: 92px; resize: vertical; }
    .bakeshop-form-actions { display: flex; justify-content: space-between; align-items: center; gap: 12px; flex-wrap: wrap; }
    .bakeshop-form-actions.bakeshop-view-tabs { justify-content: flex-start; align-items: center; gap: 14px; }
    .bakeshop-view-tabs .bakeshop-help { margin: 0; }
    .bakeshop-help { font-size: 0.82rem; color: var(--text-muted); }
    .bakeshop-setup-shell { display: grid; gap: 18px; }
    .bakeshop-tabs {
        display: flex;
        gap: 10px;
        flex-wrap: wrap;
        padding: 8px;
        border-radius: 14px;
        background: #eef4ff;
        border: 1px solid #d6e4ff;
    }
    .bakeshop-tab {
        border: 1px solid transparent;
        background: transparent;
        color: #35517a;
        border-radius: 10px;
        padding: 10px 14px;
        font-weight: 600;
        cursor: pointer;
    }
    .bakeshop-tab.active {
        background: #ffffff;
        border-color: #bfd5ff;
        color: var(--accent-strong);
        box-shadow: 0 8px 20px rgba(37, 99, 235, 0.08);
    }
    .bakeshop-tab-panel { display: none; }
    .bakeshop-tab-panel.active { display: block; }
    .bakeshop-section-tabs {
        display: flex;
        gap: 10px;
        flex-wrap: wrap;
        padding: 8px;
        border-radius: 14px;
        background: linear-gradient(180deg, #ecfdf3 0%, #f8fffb 100%);
        border: 1px solid #b7e4c7;
        box-shadow: inset 0 1px 0 rgba(255, 255, 255, 0.8);
    }
    .bakeshop-section-tab {
        border: 1px solid #a7d7b5;
        background: linear-gradient(180deg, #f4fff7 0%, #e8f8ee 100%);
        color: #21543a;
        border-radius: 10px;
        padding: 10px 16px;
        font-weight: 700;
        box-shadow: 0 4px 12px rgba(22, 101, 52, 0.08);
        cursor: pointer;
        transition: transform 120ms ease, box-shadow 120ms ease, background 120ms ease, border-color 120ms ease, color 120ms ease;
    }
    .bakeshop-section-tab:hover,
    .bakeshop-section-tab:focus-visible {
        border-color: #63b37d;
        box-shadow: 0 10px 22px rgba(22, 101, 52, 0.14);
        transform: translateY(-1px);
        outline: none;
    }
    .bakeshop-section-tab.active {
        background: linear-gradient(180deg, #2563eb 0%, #1d4ed8 100%);
        border-color: #1d4ed8;
        color: #ffffff;
        box-shadow: 0 12px 26px rgba(37, 99, 235, 0.24);
    }
    .bakeshop-section-panel { display: none; }
    .bakeshop-section-panel.active { display: grid; gap: 16px; }
    .bakeshop-tab-summary {
        display: grid;
        gap: 6px;
        padding: 0 2px;
    }
    .bakeshop-tab-summary h3 {
        margin: 0;
        font-size: 1.02rem;
    }
    .bakeshop-tab-summary p {
        margin: 0;
        color: var(--text-muted);
        max-width: 58rem;
    }
    .bakeshop-table-wrap { overflow: auto; }
    .bakeshop-table { width: 100%; border-collapse: collapse; font-size: 0.92rem; }
    .bakeshop-table th,
    .bakeshop-table td { padding: 10px 12px; border-bottom: 1px solid var(--border-color); text-align: left; vertical-align: top; }
    .bakeshop-table th { font-size: 0.78rem; text-transform: uppercase; letter-spacing: 0.05em; color: var(--text-muted); }
    .bakeshop-table th.bakeshop-checkbox-cell,
    .bakeshop-table td.bakeshop-checkbox-cell { width: 44px; padding-right: 8px; padding-left: 12px; text-align: center; }
    .bakeshop-table tr:last-child td { border-bottom: none; }
    .bakeshop-table tr.bakeshop-row-selectable { cursor: pointer; }
    .bakeshop-table tr.bakeshop-row-selectable:hover td {
        background: #f8fbff;
    }
    .bakeshop-table-input {
        width: 100%;
        min-width: 110px;
        border-radius: 2px;
        border: 1px solid #d1d5db;
        background: #fff;
        color: #111827;
        padding: 8px 10px;
        font: inherit;
    }
    .bakeshop-table tr.bakeshop-row-focus td {
        background: #fff8db;
        box-shadow: inset 0 0 0 1px rgba(234, 179, 8, 0.22);
    }
    .bakeshop-table tr.bakeshop-row-editing td {
        background: #eef6ff;
        box-shadow: inset 0 0 0 1px rgba(37, 99, 235, 0.18);
    }
    .bakeshop-table tr.bakeshop-row-recent td {
        background: linear-gradient(180deg, rgba(220, 252, 231, 0.95) 0%, rgba(240, 253, 244, 0.75) 100%);
    }
    .bakeshop-muted { color: var(--text-muted); }
    .bakeshop-delivery-sheet input[type="number"] { min-width: 110px; }
    .bakeshop-delivery-sheet tr.is-imported td { background: #effaf4; }
    .bakeshop-inline-note { font-size: 0.82rem; color: var(--text-muted); }
    .bakeshop-inline-note.ok { color: #15803d; }
    .bakeshop-inline-note.error { color: #b91c1c; }
    .bakeshop-review-card {
        display: grid;
        gap: 10px;
        padding: 16px 18px;
        border-radius: 14px;
        border: 1px solid #bbf7d0;
        background: linear-gradient(180deg, #f0fdf4 0%, #ffffff 100%);
    }
    .bakeshop-review-card strong {
        display: block;
        margin-bottom: 4px;
    }
    .bakeshop-review-card p {
        margin: 0;
        color: var(--text-muted);
        line-height: 1.5;
    }
    .bakeshop-detail-stack { display: grid; gap: 6px; }
    .bakeshop-detail-list { display: grid; gap: 4px; margin-top: 2px; }
    .bakeshop-detail-list span { display: block; color: var(--text-muted); font-size: 0.82rem; }
    .bakeshop-row-actions { display: flex; gap: 8px; flex-wrap: wrap; }
    .bakeshop-checkbox {
        width: 16px;
        height: 16px;
        cursor: pointer;
        accent-color: #2563eb;
    }
    .bakeshop-bulk-actions {
        display: flex;
        align-items: center;
        justify-content: space-between;
        gap: 12px;
        flex-wrap: wrap;
    }
    .bakeshop-bulk-actions .bakeshop-help { margin: 0; }
    .bakeshop-inline-tabs {
        display: inline-flex;
        flex-wrap: wrap;
        gap: 8px;
        padding: 8px;
        border-radius: 14px;
        background: linear-gradient(180deg, #ecfdf3 0%, #f8fffb 100%);
        border: 1px solid #b7e4c7;
        box-shadow: inset 0 1px 0 rgba(255, 255, 255, 0.8);
    }
    .bakeshop-inline-tab {
        border: 1px solid #a7d7b5;
        background: linear-gradient(180deg, #f4fff7 0%, #e8f8ee 100%);
        color: #21543a;
        border-radius: 10px;
        padding: 9px 14px;
        font-weight: 700;
        box-shadow: 0 4px 12px rgba(22, 101, 52, 0.08);
        cursor: pointer;
        transition: transform 120ms ease, box-shadow 120ms ease, background 120ms ease, border-color 120ms ease, color 120ms ease;
    }
    .bakeshop-inline-tab:hover,
    .bakeshop-inline-tab:focus-visible {
        border-color: #63b37d;
        box-shadow: 0 10px 22px rgba(22, 101, 52, 0.14);
        transform: translateY(-1px);
        outline: none;
    }
    .bakeshop-inline-tab.active {
        background: linear-gradient(180deg, #2563eb 0%, #1d4ed8 100%);
        border-color: #1d4ed8;
        color: #ffffff;
        box-shadow: 0 12px 26px rgba(37, 99, 235, 0.24);
    }
    .bakeshop-inline-tab-count {
        color: var(--text-muted);
        font-weight: 500;
        margin-left: 6px;
    }
    .bakeshop-inline-tab.active .bakeshop-inline-tab-count {
        color: rgba(255, 255, 255, 0.88);
    }
    body.bakeshop-confirm-open { overflow: hidden; }
    .bakeshop-confirm-backdrop {
        position: fixed;
        inset: 0;
        z-index: 80;
        display: grid;
        place-items: center;
        padding: 24px;
        background: rgba(15, 23, 42, 0.46);
    }
    .bakeshop-confirm-backdrop[hidden] {
        display: none;
    }
    .bakeshop-confirm-panel {
        width: min(100%, 560px);
        display: grid;
        gap: 16px;
        border-radius: 16px;
        border: 1px solid rgba(248, 113, 113, 0.35);
        background: #ffffff;
        box-shadow: 0 28px 70px rgba(15, 23, 42, 0.28);
        padding: 22px;
    }
    .bakeshop-confirm-panel h3 {
        margin: 0;
        font-size: 1.08rem;
    }
    .bakeshop-confirm-panel p {
        margin: 0;
        color: var(--text-muted);
        line-height: 1.55;
    }
    .bakeshop-confirm-impact {
        padding: 10px 12px;
        border-radius: 12px;
        background: #fff7ed;
        border: 1px solid #fed7aa;
        color: #9a3412;
        font-size: 0.86rem;
    }
    .bakeshop-confirm-list {
        margin: 0;
        padding: 0;
        list-style: none;
        display: grid;
        gap: 8px;
    }
    .bakeshop-confirm-list li {
        padding: 10px 12px;
        border-radius: 12px;
        border: 1px solid var(--border-color);
        background: #f8fafc;
        color: #0f172a;
        font-size: 0.9rem;
    }
    .bakeshop-confirm-overflow {
        font-size: 0.84rem;
        color: var(--text-muted);
    }
    .bakeshop-link-button {
        border: none;
        background: transparent;
        color: var(--accent-strong);
        cursor: pointer;
        padding: 0;
        font: inherit;
    }
    .bakeshop-link-button.warn { color: #b91c1c; }
    .bakeshop-chip {
        display: inline-flex;
        align-items: center;
        padding: 4px 9px;
        border-radius: 999px;
        font-size: 0.74rem;
        font-weight: 600;
        letter-spacing: 0.04em;
        text-transform: uppercase;
    }
    .bakeshop-chip.active { background: #eff6ff; color: #1d4ed8; }
    .bakeshop-chip.inactive { background: #eef2f7; color: #51627b; }
    .bakeshop-chip.recent { background: #dcfce7; color: #166534; }
    .bakeshop-focus-note {
        padding: 10px 12px;
        border-radius: 12px;
        background: #fff8db;
        color: #854d0e;
        font-size: 0.85rem;
    }
    .bakeshop-summary-meta { display: grid; gap: 12px; grid-template-columns: repeat(auto-fit, minmax(160px, 1fr)); }
    .bakeshop-summary-meta div { border: 1px solid var(--border-color); border-radius: 12px; padding: 12px; background: #fff; }
    .bakeshop-summary-note {
        padding: 12px 14px;
        border: 1px solid var(--border-color);
        border-radius: 12px;
        background: #fff;
        color: var(--text-muted);
        line-height: 1.55;
    }
    .bakeshop-summary-groups { display: grid; gap: 16px; }
    .bakeshop-summary-group {
        border: 1px solid var(--border-color);
        border-radius: 12px;
        background: #fff;
        overflow: hidden;
    }
    .bakeshop-summary-group-head {
        padding: 14px 16px 10px;
        border-bottom: 1px solid var(--border-color);
        display: grid;
        gap: 4px;
    }
    .bakeshop-summary-group-head h4 {
        margin: 0;
        font-size: 1rem;
    }
    .bakeshop-summary-group-head p {
        margin: 0;
        color: var(--text-muted);
        font-size: 0.88rem;
    }
    .bakeshop-summary-ingredient strong {
        display: block;
    }
    .bakeshop-summary-ingredient span {
        color: var(--text-muted);
        font-size: 0.84rem;
    }
    .bakeshop-summary-meta p { margin: 6px 0 0; color: var(--text-muted); }
    .bakeshop-empty {
        padding: 18px;
        border: 1px dashed var(--border-color);
        border-radius: 12px;
        color: var(--text-muted);
        background: #fff;
    }
    @media (max-width: 1100px) {
        .bakeshop-layout { grid-template-columns: 1fr; }
    }
    @media (max-width: 760px) {
        .bakeshop-tabs { display: grid; grid-template-columns: 1fr; }
        .bakeshop-grid-2,
        .bakeshop-grid-3,
        .bakeshop-delivery-line { grid-template-columns: 1fr; }
    }
</style>

</head>
<body>
    <input class="bakeshop-sidebar-toggle" type="checkbox" id="bakeshop-sidebar-toggle" aria-hidden="true">
    <label class="bakeshop-mobile-overlay" for="bakeshop-sidebar-toggle" aria-hidden="true"></label>
    <div class="bakeshop-admin-shell">
        <aside class="sidebar">
            <label class="bakeshop-sidebar-close" for="bakeshop-sidebar-toggle">Close</label>
            <div class="bakeshop-brand">
                <div class="bakeshop-brand-mark"><img src="/uploads/bakeshop/north-oven.png" alt="North Oven Bakery logo"></div>
                <div>
                    <h1>North Oven Bakery</h1>
                    <p>Projection printouts for branch planning.</p>
                </div>
            </div>

            <nav class="bakeshop-nav">
                <div class="bakeshop-nav-group">
                    <div class="bakeshop-nav-label">Daily Work</div>
                    <a href="http://cmsnew.testtests/bakeshop_supervisor_settings_panel_test.php/admin/bakeshop" class="active">
                        <span class="bakeshop-nav-title">
                            <strong>Operations Workspace</strong>
                            <span>Overview plus focused views for branches, products, ingredients, deliveries, production, and usage</span>
                        </span>
                    </a>
                    
                    <div class="bakeshop-nav-submenu" aria-label="Focused work areas">
                        <a href="http://cmsnew.testtests/bakeshop_supervisor_settings_panel_test.php/admin/bakeshop?view=workspace#branches" class="" data-workspace-submenu="true" data-tab-target="branches" data-server-active="false">Branches</a>
                        <a href="http://cmsnew.testtests/bakeshop_supervisor_settings_panel_test.php/admin/bakeshop?view=workspace#catalog" class="" data-workspace-submenu="true" data-tab-target="catalog" data-server-active="false">Products</a>
                        <a href="http://cmsnew.testtests/bakeshop_supervisor_settings_panel_test.php/admin/bakeshop?view=workspace#ingredients" class="" data-workspace-submenu="true" data-tab-target="ingredients" data-server-active="false">Ingredients</a>
                        <a href="http://cmsnew.testtests/bakeshop_supervisor_settings_panel_test.php/admin/bakeshop?view=workspace#deliveries" class="" data-workspace-submenu="true" data-tab-target="deliveries" data-server-active="false">Ingredient Deliveries</a>
                        <a href="http://cmsnew.testtests/bakeshop_supervisor_settings_panel_test.php/admin/bakeshop?view=workspace#production" class="" data-workspace-submenu="true" data-tab-target="production" data-server-active="false">Production Runs</a>
                        <a href="http://cmsnew.testtests/bakeshop_supervisor_settings_panel_test.php/admin/bakeshop?view=workspace#usage" class="" data-workspace-submenu="true" data-tab-target="usage" data-server-active="false">Usage Summary</a>
                    </div>
                    
                </div>

                <div class="bakeshop-nav-group">
                    <div class="bakeshop-nav-label">Reports</div>
                    <a href="http://cmsnew.testtests/bakeshop_supervisor_settings_panel_test.php/admin/bakeshop/print" target="_blank" rel="noopener">
                        <span class="bakeshop-nav-title">
                            <strong>Print Summary</strong>
                            <span>Open the clean branch usage report</span>
                        </span>
                    </a>
                </div>

                <div class="bakeshop-nav-group">
                    <div class="bakeshop-nav-label">Administration</div>
                    
                    <a href="http://cmsnew.testtests/bakeshop_supervisor_settings_panel_test.php/admin/bakeshop/history" class="">
                        <span class="bakeshop-nav-title">
                            <strong>Activity History</strong>
                            <span>Changes to staff, settings, and operations</span>
                        </span>
                    </a>
                    
                    
                    <a href="http://cmsnew.testtests/bakeshop_supervisor_settings_panel_test.php/admin/bakeshop/users" class="">
                        <span class="bakeshop-nav-title">
                            <strong>Staff</strong>
                            <span>Admins, supervisors, onboarding</span>
                        </span>
                    </a>
                    
                    
                    <a href="http://cmsnew.testtests/bakeshop_supervisor_settings_panel_test.php/admin/bakeshop/settings" class="">
                        <span class="bakeshop-nav-title">
                            <strong>Settings</strong>
                            <span>Access rules and module defaults</span>
                        </span>
                    </a>
                    
                </div>

                <div class="bakeshop-nav-group">
                    <div class="bakeshop-nav-label">Account</div>
                    <a href="http://cmsnew.testtests/bakeshop_supervisor_settings_panel_test.php/admin/bakeshop/account" class="">
                        <span class="bakeshop-nav-title">
                            <strong>My Account</strong>
                            <span>Password and account details</span>
                        </span>
                    </a>
                </div>
            </nav>

            <div class="bakeshop-sidebar-card">
                <h2>Recommended Order</h2>
                <p>Open the operations workspace once, then move across the tabs in order: branches, ingredients, products, deliveries, production, and usage review.</p>
                
            </div>
        </aside>

        <div class="bakeshop-main">
            <header class="topbar">
                <div class="bakeshop-topbar-actions">
                    <label class="bakeshop-mobile-nav-button" for="bakeshop-sidebar-toggle">Menu</label>
                </div>
                <div class="bakeshop-title-stack">
                    <span class="bakeshop-kicker">Bakeshop Module</span>
                    <h2 id="bakeshop-page-title">Bakeshop Operations</h2>
                    <p id="bakeshop-page-intro">One operations workspace for branch setup, ingredients, products, deliveries, production, and usage. The sections below are grouped so non-technical staff can work in the order they actually do the day.</p>
                </div>

                <div class="bakeshop-topbar-user-tools">
                    <div class="bakeshop-user-card">
                        <strong>Administrator</strong>
                        <span>test-debug@example.com</span>
                        <span class="bakeshop-user-role">admin</span>
                    </div>
                    <form class="bakeshop-topbar-signout" method="post" action="http://cmsnew.testtests/bakeshop_supervisor_settings_panel_test.php/bakeshop/logout">
                        <input type="hidden" name="_token" value="7de2463e22f2cc74fd547e2d1a0160e3e8769de21ab0ab258c06b084db96271b">
                        <button class="bakeshop-sidebar-link" type="submit">Sign Out</button>
                    </form>
                </div>
            </header>

            <main class="bakeshop-content">
                <div class="bakeshop-content-inner">
                    
<div class="bakeshop-shell">
    <div class="bakeshop-header" style="justify-content:flex-end;">
        <div class="bakeshop-actions">
            
            <a class="bakeshop-button staff" href="http://cmsnew.testtests/bakeshop_supervisor_settings_panel_test.php/admin/bakeshop/users">Manage Staff</a>
            
            <a class="bakeshop-button print" id="bakeshop-print-link" href="http://cmsnew.testtests/bakeshop_supervisor_settings_panel_test.php/admin/bakeshop/print" target="_blank" rel="noopener">Open Print Summary</a>
            <button class="bakeshop-button refresh" type="button" id="bakeshop-refresh">Refresh Data</button>
        </div>
    </div>

    <div class="bakeshop-banner" id="bakeshop-banner"></div>

    <div class="bakeshop-confirm-backdrop" id="bakeshop-delete-confirm" hidden>
        <div class="bakeshop-confirm-panel" role="dialog" aria-modal="true" aria-labelledby="bakeshop-delete-confirm-title" aria-describedby="bakeshop-delete-confirm-message">
            <div class="bakeshop-shell" style="gap: 12px;">
                <h3 id="bakeshop-delete-confirm-title">Delete selected records?</h3>
                <p id="bakeshop-delete-confirm-message">Review the selected items before confirming this delete.</p>
                <div class="bakeshop-confirm-impact" id="bakeshop-delete-confirm-impact" hidden></div>
                <ul class="bakeshop-confirm-list" id="bakeshop-delete-confirm-list" hidden></ul>
                <p class="bakeshop-confirm-overflow" id="bakeshop-delete-confirm-overflow" hidden></p>
            </div>
            <div class="bakeshop-actions" style="justify-content: flex-end;">
                <button class="bakeshop-button secondary" type="button" id="bakeshop-delete-confirm-cancel">Cancel</button>
                <button class="bakeshop-button danger" type="button" id="bakeshop-delete-confirm-submit">Delete Selected</button>
            </div>
        </div>
    </div>

    

    

    <div class="bakeshop-stats" style="">
        <div class="bakeshop-stat">
            <strong id="stat-branches">1</strong>
            <span>Active Branches</span>
        </div>
        <div class="bakeshop-stat">
            <strong id="stat-products">1</strong>
            <span>Products</span>
        </div>
        <div class="bakeshop-stat">
            <strong id="stat-ingredients">3</strong>
            <span>Ingredients</span>
        </div>
        <div class="bakeshop-stat" >
            <strong id="stat-recipes">0</strong>
            <span>Recipe Lines</span>
        </div>
    </div>

    <section class="bakeshop-panel" style="">
        <div class="bakeshop-panel-head">
            <h3>Start Here</h3>
            <p>Follow this order so first-time setup stays predictable and the daily routine is easy to repeat.</p>
        </div>
        <div class="bakeshop-panel-body">
            <div class="bakeshop-flow">
                <article class="bakeshop-flow-step">
                    <strong>1</strong>
                    <h3>Set up branches</h3>
                    <p>Create the store locations you report against. Everything else connects back to these branches.</p>
                </article>
                <article class="bakeshop-flow-step">
                    <strong>2</strong>
                    <h3>Define products and recipes</h3>
                    <p>Add your finished goods and ingredient recipe lines before you record actual stock movement.</p>
                </article>
                <article class="bakeshop-flow-step">
                    <strong>3</strong>
                    <h3>Receive inventory and record production</h3>
                    <p>Use the same workspace for incoming ingredient inventory and production output so stock-in and stock-out stay connected.</p>
                </article>
                <article class="bakeshop-flow-step">
                    <strong>4</strong>
                    <h3>Review usage and print</h3>
                    <p>Check the branch usage summary, then open the printable report when you need a clean handoff.</p>
                </article>
            </div>
        </div>
    </section>

    <section class="bakeshop-panel" style="">
        <div class="bakeshop-panel-head">
            <h3>Summary Report</h3>
            <p>Branch ingredient balance summary for handoff: beginning stock, delivery source, total delivery, production usage, and remaining balance.</p>
        </div>
        <div class="bakeshop-panel-body bakeshop-setup-shell">
            <form class="bakeshop-shell" method="get" action="http://cmsnew.testtests/bakeshop_supervisor_settings_panel_test.php/admin/bakeshop" style="gap: 12px;">
                <div class="bakeshop-grid-3">
                    <div class="bakeshop-field">
                        <label for="summary-branch-filter">Branch</label>
                        <select id="summary-branch-filter" name="branch_id">
                            <option value="">All branches</option>
                            
                            <option value="398">DPE7723E5D - Projection Branch E7723E5D</option>
                            
                        </select>
                    </div>
                    <div class="bakeshop-field">
                        <label for="summary-from-filter">From</label>
                        <input id="summary-from-filter" name="from_date" type="date" value="">
                    </div>
                    <div class="bakeshop-field">
                        <label for="summary-to-filter">To</label>
                        <input id="summary-to-filter" name="to_date" type="date" value="">
                    </div>
                </div>
                <div class="bakeshop-form-actions">
                    <span class="bakeshop-help">Filters you apply here also carry into the usage work area and printable report.</span>
                    <div class="bakeshop-actions">
                        
                        <a class="bakeshop-button print" href="http://cmsnew.testtests/bakeshop_supervisor_settings_panel_test.php/admin/bakeshop/print" target="_blank" rel="noopener">Open Print View</a>
                        <button class="bakeshop-button" type="submit">Apply Filters</button>
                    </div>
                </div>
            </form>

            <div class="bakeshop-summary-meta">
                <div>
                    <strong>Branch</strong>
                    <p>DPE7723E5D - Projection Branch E7723E5D</p>
                </div>
                <div>
                    <strong>From</strong>
                    <p>2026-05-01</p>
                </div>
                <div>
                    <strong>To</strong>
                    <p>2026-05-01</p>
                </div>
            </div>

            <div class="bakeshop-stats">
                <div class="bakeshop-stat">
                    <strong>1</strong>
                    <span>Tracked Ingredients</span>
                </div>
                <div class="bakeshop-stat">
                    <strong>1</strong>
                    <span>Delivery Lines</span>
                </div>
                <div class="bakeshop-stat">
                    <strong>5</strong>
                    <span>Saved Batches</span>
                </div>
                <div class="bakeshop-stat">
                    <strong>75.00 kg</strong>
                    <span>On Hand At Scope End</span>
                </div>
            </div>

            <div class="bakeshop-summary-note">
                Beginning balance reflects stock before the first visible report date. Usage comes from saved ingredient snapshots attached to production runs, and all displayed values follow the configured 2-decimal output setting.
            </div>

            
            <div class="bakeshop-summary-groups">
                
                <section class="bakeshop-summary-group">
                    <div class="bakeshop-summary-group-head">
                        <h4>DPE7723E5D - Projection Branch E7723E5D</h4>
                        <p>Ingredient movement summary for this branch.</p>
                    </div>
                    <div class="bakeshop-table-wrap">
                        <table class="bakeshop-table">
                            <thead>
                                <tr>
                                    <th>Ingredient</th>
                                    <th>Unit</th>
                                    <th>Beginning Balance</th>
                                    <th>Delivery Source</th>
                                    <th>Total Delivery</th>
                                    <th>Usage</th>
                                    <th>Remaining Balance</th>
                                </tr>
                            </thead>
                            <tbody>
                                
                                <tr>
                                    <td class="bakeshop-summary-ingredient">
                                        <strong>Projection Flour E7723E5D</strong>
                                        <span>mass</span>
                                    </td>
                                    <td>kg</td>
                                    <td>0.00</td>
                                    <td>Commissary</td>
                                    <td>75.00</td>
                                    <td>0.00</td>
                                    <td>75.00</td>
                                </tr>
                                
                                <tr>
                                    <td colspan="2"><strong>Branch Totals</strong></td>
                                    <td><strong>0.00</strong></td>
                                    <td><strong>—</strong></td>
                                    <td><strong>75.00</strong></td>
                                    <td><strong>0.00</strong></td>
                                    <td><strong>75.00</strong></td>
                                </tr>
                            </tbody>
                        </table>
                    </div>
                </section>
                
            </div>
            
        </div>
    </section>

    <section class="bakeshop-panel" style="" id="work-areas-panel">
        <div class="bakeshop-panel-head" style="">
            <h3>Work Areas</h3>
            <p>Use one work area at a time so setup, receiving, production, and reporting stay separate instead of competing for attention on one long page.</p>
            
        </div>
        <div class="bakeshop-panel-body bakeshop-setup-shell">
            <div class="bakeshop-tabs" role="tablist" aria-label="Bakeshop setup sections" style="">
                <a class="bakeshop-tab active" href="http://cmsnew.testtests/bakeshop_supervisor_settings_panel_test.php/admin/bakeshop#branches" data-tab="branches" data-workspace-title="Branch Setup" data-workspace-intro="Create and maintain the branch locations that every delivery, production run, and usage report will reference." role="tab" aria-selected="true">Branches</a>
                <a class="bakeshop-tab" href="http://cmsnew.testtests/bakeshop_supervisor_settings_panel_test.php/admin/bakeshop#catalog" data-tab="catalog" data-workspace-title="Products" data-workspace-intro="Define finished goods first, then maintain each product&#039;s recipe lines in the same work area." role="tab" aria-selected="false">Products</a>
                <a class="bakeshop-tab" href="http://cmsnew.testtests/bakeshop_supervisor_settings_panel_test.php/admin/bakeshop#ingredients" data-tab="ingredients" data-workspace-title="Ingredients" data-workspace-intro="Maintain the raw-material catalog separately from products so receiving and recipe setup stay clear." role="tab" aria-selected="false">Ingredients</a>
                <a class="bakeshop-tab" href="http://cmsnew.testtests/bakeshop_supervisor_settings_panel_test.php/admin/bakeshop#deliveries" data-tab="deliveries" data-workspace-title="Ingredient Deliveries" data-workspace-intro="Receive ingredient stock by branch in one place so incoming materials are recorded cleanly before production." role="tab" aria-selected="false">Ingredient Deliveries</a>
                <a class="bakeshop-tab" href="http://cmsnew.testtests/bakeshop_supervisor_settings_panel_test.php/admin/bakeshop#production" data-tab="production" data-workspace-title="Baking Log" data-workspace-intro="Record what was baked, then review saved batches by branch, item, and time." role="tab" aria-selected="false">Baking Log</a>
                <a class="bakeshop-tab" href="http://cmsnew.testtests/bakeshop_supervisor_settings_panel_test.php/admin/bakeshop#usage" data-tab="usage" data-workspace-title="Usage Summary" data-workspace-intro="Review delivered versus consumed ingredients and refresh the usage summary before opening the printable report." role="tab" aria-selected="false">Usage Summary</a>
            </div>

            <section class="bakeshop-tab-panel active" data-tab-panel="branches">
                <div class="bakeshop-panel">
                    <div class="bakeshop-panel-body">
                        <form id="branch-form" class="bakeshop-grid-3" data-manage-required="true">
                            <div class="bakeshop-focus-note" id="branch-focus-note" style="grid-column: 1 / -1;" hidden></div>
                            <input type="hidden" name="id" value="">
                            <input type="hidden" name="is_active" value="1">
                            <div class="bakeshop-field">
                                <label for="branch-code">Code</label>
                                <input id="branch-code" name="code" placeholder="MAIN">
                            </div>
                            <div class="bakeshop-field">
                                <label for="branch-name">Name</label>
                                <input id="branch-name" name="name" placeholder="Main Branch">
                            </div>
                            <div class="bakeshop-field">
                                <label for="branch-address">Address</label>
                                <input id="branch-address" name="address" placeholder="Branch address">
                            </div>
                            <div class="bakeshop-form-actions" style="grid-column: 1 / -1;">
                                <span class="bakeshop-help">Branch IDs are owned by this module. No ecommerce or WMS bridge is wired in v1.</span>
                                <div class="bakeshop-actions">
                                    <button class="bakeshop-button danger" type="button" id="branch-cancel" hidden disabled>Cancel Edit</button>
                                    <button class="bakeshop-button" type="submit" id="branch-submit">Save Branch</button>
                                </div>
                            </div>
                        </form>

                        <div class="bakeshop-field">
                            <label for="branches-filter">Find Branch</label>
                            <input id="branches-filter" type="search" placeholder="Search by branch code, name, or address">
                        </div>

                        <div class="bakeshop-table-wrap">
                            <table class="bakeshop-table" id="branches-table">
                                <thead>
                                    <tr>
                                        <th>Code</th>
                                        <th>Name</th>
                                        <th>Address</th>
                                        <th>Status</th>
                                        <th>Actions</th>
                                    </tr>
                                </thead>
                                <tbody></tbody>
                            </table>
                        </div>
                    </div>
                </div>
            </section>

            <section class="bakeshop-tab-panel" data-tab-panel="catalog">
                <div class="bakeshop-column">
                    <section class="bakeshop-panel" id="product-editor-panel">
                        <div class="bakeshop-panel-head">
                            <p>Define your finished goods. Click a product row to edit it; its recipe lines appear in the sub-section below.</p>
                        </div>
                        <div class="bakeshop-panel-body">
                            <form id="product-form" class="bakeshop-shell" style="gap: 16px;" data-manage-required="true">
                                <div class="bakeshop-focus-note" id="product-focus-note" hidden></div>
                                <input type="hidden" name="id" value="">
                                <input type="hidden" name="is_active" value="1">
                                <div class="bakeshop-grid-3">
                                    <div class="bakeshop-field">
                                        <label for="product-name">Name</label>
                                        <input id="product-name" name="name" placeholder="Pandesal">
                                    </div>
                                    <div class="bakeshop-field">
                                        <label for="product-sku">SKU</label>
                                        <input id="product-sku" name="sku" placeholder="PRD-001">
                                    </div>
                                    <div class="bakeshop-field">
                                        <label for="product-category">Category</label>
                                        <input id="product-category" name="category" placeholder="Bread">
                                    </div>
                                    <div class="bakeshop-field">
                                        <label for="product-yield-qty">Default Yield Qty</label>
                                        <input id="product-yield-qty" name="default_yield_qty" type="number" min="0.01" step="0.01" value="1.00">
                                    </div>
                                    <div class="bakeshop-field" style="grid-column: span 2;">
                                        <label for="product-yield-unit">Default Yield Unit</label>
                                        <select id="product-yield-unit" name="default_yield_unit_id"></select>
                                    </div>
                                </div>
                                <div class="bakeshop-form-actions">
                                    <span class="bakeshop-help">Default yield drives recipe-backed ingredient scaling for saved batch records.</span>
                                    <div class="bakeshop-actions">
                                            <button class="bakeshop-button success" type="button" id="product-add">Add Product</button>
                                        <button class="bakeshop-button danger" type="button" id="product-cancel" hidden disabled>Cancel Edit</button>
                                        <button class="bakeshop-button" type="submit" id="product-submit">Save Product</button>
                                    </div>
                                </div>
                            </form>

                            <div class="bakeshop-grid-2" >
                                <div class="bakeshop-field" style="grid-column: 2 / 3;">
                                    <label for="recipes-filter">Find Recipe Line</label>
                                    <input id="recipes-filter" type="search" placeholder="Search by ingredient, unit, or notes">
                                </div>
                            </div>

                            

                            <section class="bakeshop-panel bakeshop-panel-subdued" id="recipe-panel" >
                                <div class="bakeshop-panel-head">
                                    <h3 id="recipe-panel-title">Recipe</h3>
                                    <p id="recipe-form-description">Edit a product first to view and maintain its recipe lines.</p>
                                </div>
                                <div class="bakeshop-panel-body">
                                    <div id="recipe-panel-empty" class="bakeshop-muted">Select Edit on a product to open that product's recipe.</div>
                                    <div id="recipe-panel-details" hidden>
                                    <form id="recipe-form" class="bakeshop-grid-3" data-manage-required="true">
                                        <div class="bakeshop-focus-note" id="recipe-focus-note" style="grid-column: 1 / -1;" hidden></div>
                                        <input id="recipe-product" name="product_id" type="hidden" value="">
                                        <div class="bakeshop-field">
                                            <label for="recipe-ingredient">Ingredient</label>
                                            <select id="recipe-ingredient" name="ingredient_id"></select>
                                        </div>
                                        <div class="bakeshop-field">
                                            <label for="recipe-unit">Unit</label>
                                            <select id="recipe-unit" name="unit_id"></select>
                                        </div>
                                        <div class="bakeshop-field">
                                            <label for="recipe-qty">Quantity</label>
                                            <input id="recipe-qty" name="qty" type="number" min="0.01" step="0.01" value="1.00">
                                        </div>
                                        <div class="bakeshop-field" style="grid-column: span 2;">
                                            <label for="recipe-notes">Notes</label>
                                            <input id="recipe-notes" name="notes" placeholder="Optional preparation note">
                                        </div>
                                        <div class="bakeshop-form-actions" style="grid-column: 1 / -1;">
                                            <span class="bakeshop-help">Update the ingredient usage for this product.</span>
                                            <div class="bakeshop-actions">
                                                <button class="bakeshop-button danger" type="button" id="recipe-cancel" hidden disabled>Cancel Edit</button>
                                                <button class="bakeshop-button" type="submit" id="recipe-submit">Save Recipe Line</button>
                                            </div>
                                        </div>
                                    </form>

                                    <div class="bakeshop-table-wrap">
                                        <table class="bakeshop-table" id="recipes-table">
                                            <thead>
                                                <tr>
                                                    <th>Ingredient</th>
                                                    <th>Qty</th>
                                                    <th>Unit</th>
                                                    <th>Notes</th>
                                                    <th>Actions</th>
                                                </tr>
                                            </thead>
                                            <tbody></tbody>
                                        </table>
                                    </div>
                                    </div>
                                </div>
                            </section>

                            <div class="bakeshop-form-actions bakeshop-view-tabs">
                                <div class="bakeshop-inline-tabs" role="tablist" aria-label="Product status views">
                                    <button class="bakeshop-inline-tab active" type="button" id="products-view-active" data-product-view="active" aria-selected="true">Active <span class="bakeshop-inline-tab-count" id="products-active-count">0</span></button>
                                    <button class="bakeshop-inline-tab" type="button" id="products-view-archived" data-product-view="archived" aria-selected="false">Archived <span class="bakeshop-inline-tab-count" id="products-archived-count">0</span></button>
                                </div>
                                <span class="bakeshop-help" id="products-view-summary">View active products used for current batch recording.</span>
                            </div>

                            <div class="bakeshop-form-actions bakeshop-bulk-actions">
                                <span class="bakeshop-help" id="products-selection-summary">No products selected.</span>
                                
                                <div class="bakeshop-actions">
                                    <button class="bakeshop-button secondary" type="button" id="products-select-visible">Select Visible</button>
                                    <button class="bakeshop-button secondary" type="button" id="products-clear-selection" hidden>Clear Selection</button>
                                    <button class="bakeshop-button danger" type="button" id="products-delete-selected" hidden>Delete Selected</button>
                                </div>
                                
                            </div>

                            <div class="bakeshop-table-wrap">
                                <table class="bakeshop-table" id="products-table">
                                    <thead>
                                        <tr>
                                            <th class="bakeshop-checkbox-cell"><input class="bakeshop-checkbox" id="products-select-all" type="checkbox" aria-label="Select visible products"></th>
                                            <th>Product</th>
                                            <th>Category</th>
                                            <th>Yield</th>
                                            <th >Recipe Lines</th>
                                            <th>Status</th>
                                            <th>Actions</th>
                                        </tr>
                                    </thead>
                                    <tbody></tbody>
                                </table>
                            </div>
                        </div>
                    </section>

                </div>
            </section>

            <section class="bakeshop-tab-panel" data-tab-panel="ingredients">
                <div class="bakeshop-column">
                    <section class="bakeshop-panel">
                        <div class="bakeshop-panel-head">
                            <p>Maintain the ingredient master list and its base unit before using items in deliveries, usage reporting, and recipe-backed batches.</p>
                        </div>
                        <div class="bakeshop-panel-body">
                            <form id="ingredient-form" class="bakeshop-shell" style="gap: 16px;" data-manage-required="true">
                                <div class="bakeshop-focus-note" id="ingredient-focus-note" hidden></div>
                                <input type="hidden" name="id" value="">
                                <input type="hidden" name="is_active" value="1">
                                <div class="bakeshop-grid-3">
                                    <div class="bakeshop-field">
                                        <label for="ingredient-name">Name</label>
                                        <input id="ingredient-name" name="name" placeholder="Flour">
                                    </div>
                                    <div class="bakeshop-field">
                                        <label for="ingredient-sku">SKU</label>
                                        <input id="ingredient-sku" name="sku" placeholder="ING-001">
                                    </div>
                                    <div class="bakeshop-field">
                                        <label for="ingredient-unit">Default Unit</label>
                                        <select id="ingredient-unit" name="default_unit_id"></select>
                                    </div>
                                </div>
                                <div class="bakeshop-grid-3">
                                    <div class="bakeshop-field">
                                        <label for="ingredient-pack-label">Pack Label</label>
                                        <input id="ingredient-pack-label" name="pack_label" placeholder="Bag">
                                    </div>
                                    <div class="bakeshop-field">
                                        <label for="ingredient-pack-qty">Pack Qty</label>
                                        <input id="ingredient-pack-qty" name="pack_qty" type="number" min="0" step="0.0001" placeholder="25.0000">
                                    </div>
                                    <div class="bakeshop-field">
                                        <label for="ingredient-pack-unit">Pack Unit</label>
                                        <select id="ingredient-pack-unit" name="pack_unit_id"></select>
                                    </div>
                                </div>
                                <div class="bakeshop-form-actions">
                                    <span class="bakeshop-help">Units are seeded globally as `kg`, `g`, `L`, `mL`, `pc`, and `pack`. Pack metadata is optional, but when set it must match the ingredient unit dimension.</span>
                                    <div class="bakeshop-actions">
                                            <button class="bakeshop-button success" type="button" id="ingredient-add">Add Ingredient</button>
                                        <button class="bakeshop-button danger" type="button" id="ingredient-cancel" hidden disabled>Cancel Edit</button>
                                        <button class="bakeshop-button" type="submit" id="ingredient-submit">Save Ingredient</button>
                                    </div>
                                </div>
                            </form>

                            <div class="bakeshop-field">
                                <label for="ingredients-filter">Find Ingredient</label>
                                <input id="ingredients-filter" type="search" placeholder="Search by ingredient, SKU, or unit">
                            </div>

                            <div class="bakeshop-form-actions bakeshop-view-tabs">
                                <div class="bakeshop-inline-tabs" role="tablist" aria-label="Ingredient status views">
                                    <button class="bakeshop-inline-tab active" type="button" id="ingredients-view-active" data-ingredient-view="active" aria-selected="true">Active <span class="bakeshop-inline-tab-count" id="ingredients-active-count">0</span></button>
                                    <button class="bakeshop-inline-tab" type="button" id="ingredients-view-archived" data-ingredient-view="archived" aria-selected="false">Archived <span class="bakeshop-inline-tab-count" id="ingredients-archived-count">0</span></button>
                                </div>
                                <span class="bakeshop-help" id="ingredients-view-summary">View active ingredients used in current operations.</span>
                            </div>

                            <div class="bakeshop-form-actions bakeshop-bulk-actions">
                                <span class="bakeshop-help" id="ingredients-selection-summary">No ingredients selected.</span>
                                
                                <div class="bakeshop-actions">
                                    <button class="bakeshop-button secondary" type="button" id="ingredients-select-visible">Select Visible</button>
                                    <button class="bakeshop-button secondary" type="button" id="ingredients-clear-selection" hidden>Clear Selection</button>
                                    <button class="bakeshop-button danger" type="button" id="ingredients-delete-selected" hidden>Delete Selected</button>
                                </div>
                                
                            </div>

                            <div class="bakeshop-table-wrap">
                                <table class="bakeshop-table" id="ingredients-table">
                                    <thead>
                                        <tr>
                                            <th class="bakeshop-checkbox-cell"><input class="bakeshop-checkbox" id="ingredients-select-all" type="checkbox" aria-label="Select visible ingredients"></th>
                                            <th>Ingredient</th>
                                            <th>SKU</th>
                                            <th>Default Unit</th>
                                            <th>Pack</th>
                                            <th>Status</th>
                                            <th>Actions</th>
                                        </tr>
                                    </thead>
                                    <tbody></tbody>
                                </table>
                            </div>
                        </div>
                    </section>
                </div>
            </section>

            <section class="bakeshop-tab-panel" data-tab-panel="deliveries">
                <section class="bakeshop-panel">
                    <div class="bakeshop-panel-head">
                        <p>Set the day's received quantities for one branch at a time. Every ingredient is listed below so encoding stays predictable.</p>
                    </div>
                    <div class="bakeshop-panel-body">
                        <div class="bakeshop-section-panel active" data-delivery-section-panel="receive">
                        <form id="delivery-form" class="bakeshop-shell" style="gap: 16px;" data-manage-required="true">
                            <div class="bakeshop-grid-2">
                                <div class="bakeshop-field">
                                    <label for="delivery-branch">Branch</label>
                                    <select id="delivery-branch" name="branch_id"></select>
                                </div>
                                <div class="bakeshop-field">
                                    <label for="delivery-at">Delivery Date</label>
                                    <input id="delivery-at" name="delivered_at" type="date">
                                </div>
                                <div class="bakeshop-field">
                                    <label for="delivery-coverage-days">Coverage Days</label>
                                    <input id="delivery-coverage-days" name="coverage_days" type="number" min="1" max="31" step="1" value="3">
                                </div>
                                <div class="bakeshop-field">
                                    <label for="delivery-reference">Reference</label>
                                    <input id="delivery-reference" name="reference" placeholder="DR-2026-001">
                                </div>
                                <div class="bakeshop-field">
                                    <label for="delivery-received-by">Received By</label>
                                    <input id="delivery-received-by" name="received_by" placeholder="Supervisor name">
                                </div>
                            </div>
                            <div class="bakeshop-grid-2">
                                <div class="bakeshop-field">
                                    <label for="delivery-source-type">Delivery Source</label>
                                    <select id="delivery-source-type" name="source_type">
                                        <option value="commissary">Commissary</option>
                                        <option value="other">Other Supplier</option>
                                    </select>
                                </div>
                                <div class="bakeshop-field" id="delivery-source-name-field" hidden>
                                    <label for="delivery-source-name">Other Supplier Name</label>
                                    <input id="delivery-source-name" name="source_name" placeholder="Specify supplier name">
                                </div>
                            </div>
                            <div class="bakeshop-field">
                                <label for="delivery-notes">Notes</label>
                                <textarea id="delivery-notes" name="notes" placeholder="Optional receiving note"></textarea>
                            </div>
                            <div class="bakeshop-grid-2">
                                <div class="bakeshop-field">
                                    <label for="delivery-sheet-filter">Find Ingredient</label>
                                    <input id="delivery-sheet-filter" type="search" placeholder="Search by ingredient or SKU">
                                </div>
                                <div class="bakeshop-field">
                                    <label for="delivery-csv-file">Import CSV</label>
                                    <input id="delivery-csv-file" type="file" accept=".csv,text/csv">
                                </div>
                            </div>
                            <div>
                                <div class="bakeshop-form-actions bakeshop-view-tabs" style="margin-bottom: 10px;">
                                    <div class="bakeshop-section-tabs" role="tablist" aria-label="Delivery sections">
                                        <button class="bakeshop-section-tab active" type="button" data-delivery-section-tab="receive" role="tab" aria-selected="true">Daily Receiving</button>
                                        <button class="bakeshop-section-tab" type="button" data-delivery-section-tab="saved" role="tab" aria-selected="false">Saved Receipts</button>
                                    </div>
                                    <span class="bakeshop-help">Set one branch's received quantities for the day and save a single receipt.</span>
                                </div>
                                <div class="bakeshop-form-actions" style="margin-bottom: 10px;">
                                    <span class="bakeshop-help">Every ingredient is listed below in its default unit. Enter received quantities directly, or import a CSV with `sku` or `ingredient`, `qty`, optional `unit_cost`, and optional `cost_basis` columns.</span>
                                    <div class="bakeshop-actions">
                                        <button class="bakeshop-button secondary" type="button" id="delivery-csv-template">Download CSV Template</button>
                                        <button class="bakeshop-button secondary" type="button" id="delivery-sheet-clear">Clear Quantities</button>
                                    </div>
                                </div>
                                <div class="bakeshop-table-wrap bakeshop-delivery-sheet">
                                    <table class="bakeshop-table">
                                        <thead>
                                            <tr>
                                                <th>Ingredient</th>
                                                <th>SKU</th>
                                                <th>Default Unit</th>
                                                <th>Qty Received</th>
                                                <th>Unit Cost</th>
                                                <th>Cost Basis</th>
                                            </tr>
                                        </thead>
                                        <tbody id="delivery-lines"></tbody>
                                    </table>
                                </div>
                            </div>
                            <div class="bakeshop-form-actions">
                                <span class="bakeshop-help">Saving posts one branch receipt and includes only ingredients with a quantity greater than zero. Coverage days lets one DR represent a multi-day delivery window.</span>
                                <button class="bakeshop-button" type="submit">Save Delivery</button>
                            </div>
                        </form>
                        </div>

                        <div class="bakeshop-section-panel" data-delivery-section-panel="saved">
                        <div class="bakeshop-form-actions bakeshop-view-tabs">
                            <div class="bakeshop-section-tabs" role="tablist" aria-label="Delivery sections">
                                <button class="bakeshop-section-tab" type="button" data-delivery-section-tab="receive" role="tab" aria-selected="false">Daily Receiving</button>
                                <button class="bakeshop-section-tab active" type="button" data-delivery-section-tab="saved" role="tab" aria-selected="true">Saved Receipts</button>
                            </div>
                            <span class="bakeshop-help">Review saved branch receipts by date, source, receiver, and delivery detail.</span>
                        </div>
                        <div class="bakeshop-field">
                            <label for="deliveries-filter">Find Delivery</label>
                            <input id="deliveries-filter" type="search" placeholder="Search by branch, source, reference, receiver, or date">
                        </div>

                        <div class="bakeshop-form-actions bakeshop-bulk-actions">
                            <span class="bakeshop-help" id="deliveries-selection-summary">No deliveries selected.</span>
                            
                            <div class="bakeshop-actions">
                                <button class="bakeshop-button secondary" type="button" id="deliveries-select-visible">Select Visible</button>
                                <button class="bakeshop-button secondary" type="button" id="deliveries-clear-selection" hidden>Clear Selection</button>
                                <button class="bakeshop-button danger" type="button" id="deliveries-delete-selected" hidden>Delete Selected</button>
                            </div>
                            
                        </div>

                        <div class="bakeshop-table-wrap">
                            <table class="bakeshop-table" id="deliveries-table">
                                <thead>
                                    <tr>
                                        <th class="bakeshop-checkbox-cell"><input class="bakeshop-checkbox" id="deliveries-select-all" type="checkbox" aria-label="Select visible deliveries"></th>
                                        <th>Branch</th>
                                        <th>Delivered At</th>
                                        <th>Reference</th>
                                        <th>Delivery Detail</th>
                                        <th>Actions</th>
                                    </tr>
                                </thead>
                                <tbody></tbody>
                            </table>
                        </div>
                        </div>
                    </div>
                </section>
            </section>

            <section class="bakeshop-tab-panel" data-tab-panel="production">
                <section class="bakeshop-panel">
                    <div class="bakeshop-panel-head">
                        <p>Record what was made, keep saved entries easy to review, and preserve the ingredient-use detail that belonged to each finished batch.</p>
                    </div>
                    <div class="bakeshop-panel-body">
                        <section class="bakeshop-panel" style="box-shadow:none; margin-bottom: 16px;">
                            <div class="bakeshop-panel-head">
                                <h3>Branch Product Daily Targets</h3>
                                <p>Store each branch's strict daily output target. Targets must use the same unit dimension as the product's standard yield.</p>
                            </div>
                            <div class="bakeshop-panel-body">
                                <form id="product-target-form" class="bakeshop-shell" style="gap: 16px;" data-manage-required="true">
                                    <div class="bakeshop-focus-note" id="product-target-focus-note" hidden></div>
                                    <input type="hidden" name="id" value="">
                                    <input type="hidden" name="is_active" value="1">
                                    <div class="bakeshop-grid-2">
                                        <div class="bakeshop-field">
                                            <label for="product-target-branch">Branch</label>
                                            <select id="product-target-branch" name="branch_id"></select>
                                        </div>
                                        <div class="bakeshop-field">
                                            <label for="product-target-product">Product</label>
                                            <select id="product-target-product" name="product_id"></select>
                                        </div>
                                        <div class="bakeshop-field">
                                            <label for="product-target-daily-qty">Daily Target Qty</label>
                                            <input id="product-target-daily-qty" name="daily_qty" type="number" min="0.01" step="0.01" placeholder="0.00">
                                        </div>
                                        <div class="bakeshop-field">
                                            <label for="product-target-unit">Target Unit</label>
                                            <select id="product-target-unit" name="unit_id"></select>
                                        </div>
                                    </div>
                                    <div class="bakeshop-form-actions">
                                        <span class="bakeshop-help">Targets drive the DR projection report in the Usage workspace. Missing production days reduce the projected total proportionally.</span>
                                        <div class="bakeshop-actions">
                                            <button class="bakeshop-button success" type="button" id="product-target-add">Add Target</button>
                                            <button class="bakeshop-button danger" type="button" id="product-target-cancel" hidden disabled>Cancel Edit</button>
                                            <button class="bakeshop-button" type="submit" id="product-target-submit">Save Target</button>
                                        </div>
                                    </div>
                                </form>

                                <div class="bakeshop-field">
                                    <label for="product-target-filter">Find Target</label>
                                    <input id="product-target-filter" type="search" placeholder="Search by product, category, or unit">
                                </div>

                                <div class="bakeshop-table-wrap">
                                    <table class="bakeshop-table" id="product-targets-table">
                                        <thead>
                                            <tr>
                                                <th>Product</th>
                                                <th>Category</th>
                                                <th>Daily Target</th>
                                                <th>Unit</th>
                                                <th>Actions</th>
                                            </tr>
                                        </thead>
                                        <tbody></tbody>
                                    </table>
                                </div>
                            </div>
                        </section>

                        <div class="bakeshop-section-panel active" data-production-section-panel="record">
                        <form id="production-form" class="bakeshop-grid-2" data-manage-required="true">
                            <input name="id" type="hidden" value="">
                            <input id="production-product" name="product_id" type="hidden" value="">
                            <input id="production-qty-produced" name="qty_produced" type="hidden" value="">
                            <div class="bakeshop-field">
                                <label for="production-branch">Branch</label>
                                <select id="production-branch" name="branch_id"></select>
                            </div>
                            <div class="bakeshop-field">
                                <label for="production-at">Finished At</label>
                                <input id="production-at" name="produced_at" type="datetime-local">
                            </div>
                            <div class="bakeshop-field">
                                <label for="production-by">Made By</label>
                                <input id="production-by" name="produced_by" placeholder="Baker or supervisor name">
                            </div>
                            <div class="bakeshop-field">
                                <label for="production-notes">Batch Note</label>
                                <input id="production-notes" name="notes" placeholder="Optional note for this saved entry">
                            </div>
                            <div style="grid-column: 1 / -1; display: grid; gap: 10px;">
                                <div class="bakeshop-form-actions bakeshop-view-tabs">
                                    <div class="bakeshop-section-tabs" role="tablist" aria-label="Production sections">
                                        <button class="bakeshop-section-tab active" type="button" data-production-section-tab="record" role="tab" aria-selected="true">Record Batch</button>
                                        <button class="bakeshop-section-tab" type="button" data-production-section-tab="saved" role="tab" aria-selected="false">Saved Entries</button>
                                    </div>
                                    <span class="bakeshop-help">Record batches one item at a time and keep the latest saved entry ready to review.</span>
                                </div>
                                <div class="bakeshop-form-actions">
                                    <span class="bakeshop-help" id="production-focus-note" hidden></span>
                                    <span class="bakeshop-help" id="production-product-note">Choose the branch, finished time, and who made it. Then enter the amount made in the item list below. Leaving a box blank means nothing was made for that item.</span>
                                </div>
                                
                                <div class="bakeshop-form-actions">
                                    <span class="bakeshop-help" id="production-guard-note">Temporary non-production testing override. When enabled, an entry can still be saved even if the item setup is incomplete.</span>
                                    <button class="bakeshop-button secondary" type="button" id="production-guard-toggle">Testing Override: Off</button>
                                </div>
                                
                                <div class="bakeshop-field">
                                    <label for="production-products-filter">Find Item To Record</label>
                                    <input id="production-products-filter" type="search" placeholder="Search by item, SKU, or category">
                                </div>
                                <div class="bakeshop-table-wrap">
                                    <table class="bakeshop-table" id="production-products-table">
                                        <thead>
                                            <tr>
                                                <th>Item</th>
                                                <th>Category</th>
                                                <th>Standard Batch</th>
                                                <th>Amount Made</th>
                                            </tr>
                                        </thead>
                                        <tbody></tbody>
                                    </table>
                                </div>
                            </div>
                            <div class="bakeshop-form-actions" style="grid-column: 1 / -1;">
                                <span class="bakeshop-help">When you review a saved entry later, only the time, person, and note can be updated from this form.</span>
                                <button class="bakeshop-button" type="submit" id="production-submit" hidden>Update Saved Entry</button>
                                <button class="bakeshop-button secondary" type="button" id="production-cancel" hidden disabled>Cancel</button>
                            </div>
                        </form>

                        <div class="bakeshop-review-card" id="production-last-saved" hidden>
                            <div>
                                <strong>Last Saved Entry</strong>
                                <p id="production-last-saved-summary">The next saved batch will appear here so it can be reviewed right away.</p>
                            </div>
                            <div class="bakeshop-actions">
                                <button class="bakeshop-button secondary" type="button" id="production-review-last-saved">Review In Saved Entries</button>
                                <button class="bakeshop-button secondary" type="button" id="production-edit-last-saved">Edit This Entry</button>
                            </div>
                        </div>
                        </div>

                        <div class="bakeshop-section-panel" data-production-section-panel="saved">
                        <div class="bakeshop-form-actions bakeshop-view-tabs">
                            <div class="bakeshop-section-tabs" role="tablist" aria-label="Production sections">
                                <button class="bakeshop-section-tab" type="button" data-production-section-tab="record" role="tab" aria-selected="false">Record Batch</button>
                                <button class="bakeshop-section-tab active" type="button" data-production-section-tab="saved" role="tab" aria-selected="true">Saved Entries</button>
                            </div>
                            <span class="bakeshop-help">Review saved batch entries by branch, item, time, and ingredient-use detail.</span>
                        </div>
                        <div class="bakeshop-stats" id="production-saved-summary">
                            <div class="bakeshop-stat">
                                <strong id="production-saved-count">0</strong>
                                <span>Visible Saved Entries</span>
                            </div>
                            <div class="bakeshop-stat">
                                <strong id="production-saved-latest-item">None yet</strong>
                                <span>Last Saved Item</span>
                            </div>
                            <div class="bakeshop-stat">
                                <strong id="production-saved-latest-branch">No branch yet</strong>
                                <span>Last Saved Branch</span>
                            </div>
                        </div>
                        <div class="bakeshop-field">
                            <label for="production-filter">Find Saved Entry</label>
                            <input id="production-filter" type="search" placeholder="Search by branch, item, finished time, person, or note">
                        </div>

                        <div class="bakeshop-table-wrap">
                            <table class="bakeshop-table" id="production-table">
                                <thead>
                                    <tr>
                                        <th>Branch</th>
                                        <th>Item</th>
                                        <th>Finished At</th>
                                        <th>Amount Made</th>
                                        <th>Ingredients Used</th>
                                        <th>Actions</th>
                                    </tr>
                                </thead>
                                <tbody></tbody>
                            </table>
                        </div>
                        </div>
                    </div>
                </section>
            </section>

            <section class="bakeshop-tab-panel" data-tab-panel="usage">
                <section class="bakeshop-panel">
                    <div class="bakeshop-panel-head">
                        <p>Read the inventory movement view: received deliveries minus recipe-based production consumption, grouped by branch, ingredient, and date.</p>
                    </div>
                    <div class="bakeshop-panel-body">
                        <form id="usage-form" class="bakeshop-grid-3">
                            <div class="bakeshop-field">
                                <label for="usage-branch">Branch</label>
                                <select id="usage-branch" name="branch_id" data-report-scope="branch_id"></select>
                            </div>
                            <div class="bakeshop-field">
                                <label for="usage-from">From Date</label>
                                <input id="usage-from" name="from_date" type="date" value="" data-report-scope="from_date">
                            </div>
                            <div class="bakeshop-field">
                                <label for="usage-to">To Date</label>
                                <input id="usage-to" name="to_date" type="date" value="" data-report-scope="to_date">
                            </div>
                            <div class="bakeshop-field">
                                <label for="usage-horizon-days">Projection Horizon</label>
                                <input id="usage-horizon-days" name="horizon_days" type="number" min="1" max="31" step="1" value="7">
                            </div>
                            <div class="bakeshop-form-actions" style="grid-column: 1 / -1;">
                                <span class="bakeshop-help">These filters mirror any applied dashboard summary filters and drive the printable inventory summary. DR projection uses the same scope plus the projection horizon.</span>
                                <div class="bakeshop-actions">
                                    <a class="bakeshop-button print" id="bakeshop-dr-projection-print-link" href="http://cmsnew.testtests/bakeshop_supervisor_settings_panel_test.php/admin/bakeshop/print/dr-projection" target="_blank" rel="noopener">Open DR Projection Print</a>
                                    <button class="bakeshop-button" type="submit">Refresh Usage</button>
                                </div>
                            </div>
                        </form>

                        <div class="bakeshop-grid-3">
                            <div class="bakeshop-stat">
                                <strong id="usage-total-delivered">0.00</strong>
                                <span>Delivered By Unit</span>
                            </div>
                            <div class="bakeshop-stat">
                                <strong id="usage-total-consumed">0.00</strong>
                                <span>Consumed By Unit</span>
                            </div>
                            <div class="bakeshop-stat">
                                <strong id="usage-total-variance">0.00</strong>
                                <span>Variance By Unit</span>
                            </div>
                        </div>

                        <div class="bakeshop-stats">
                            <div class="bakeshop-stat">
                                <strong id="usage-factual-ingredients">0</strong>
                                <span>Tracked Ingredients</span>
                            </div>
                            <div class="bakeshop-stat">
                                <strong id="usage-factual-deliveries">0</strong>
                                <span>Delivery Lines</span>
                            </div>
                            <div class="bakeshop-stat">
                                <strong id="usage-factual-runs">0</strong>
                                <span>Saved Batches</span>
                            </div>
                        </div>

                        <div class="bakeshop-field">
                            <label for="usage-filter">Find Usage Row</label>
                            <input id="usage-filter" type="search" placeholder="Search by branch, ingredient, date, or unit">
                        </div>

                        <div class="bakeshop-table-wrap">
                            <table class="bakeshop-table" id="usage-table">
                                <thead>
                                    <tr>
                                        <th>Branch</th>
                                        <th>Date</th>
                                        <th>Ingredient</th>
                                        <th>Unit</th>
                                        <th>Delivered</th>
                                        <th>Consumed</th>
                                        <th>Variance</th>
                                    </tr>
                                </thead>
                                <tbody></tbody>
                            </table>
                        </div>

                        <section class="bakeshop-panel" style="box-shadow:none; margin-top: 16px;">
                            <div class="bakeshop-panel-head">
                                <h3>DR Projection</h3>
                                <p>Extend the observed delivery window into a future demand projection: ingredients are dailyized from DR coverage, while products use strict branch daily targets.</p>
                            </div>
                            <div class="bakeshop-panel-body">
                                <div class="bakeshop-form-actions">
                                    <span class="bakeshop-help" id="dr-projection-summary">Choose a branch and a scoped date range, then refresh usage to compute projected ingredient and product requirements.</span>
                                    <div class="bakeshop-actions">
                                        <a class="bakeshop-button print" href="http://cmsnew.testtests/bakeshop_supervisor_settings_panel_test.php/admin/bakeshop/print/dr-projection" id="bakeshop-dr-projection-inline-print-link" target="_blank" rel="noopener">Print This Projection</a>
                                    </div>
                                </div>

                                <div class="bakeshop-grid-2">
                                    <section>
                                        <div class="bakeshop-field">
                                            <label for="dr-projection-ingredients-filter">Find Projected Ingredient</label>
                                            <input id="dr-projection-ingredients-filter" type="search" placeholder="Search by ingredient, unit, or pack">
                                        </div>
                                        <div class="bakeshop-table-wrap">
                                            <table class="bakeshop-table" id="dr-projection-ingredients-table">
                                                <thead>
                                                    <tr>
                                                        <th>Ingredient</th>
                                                        <th>Observed Qty</th>
                                                        <th>Coverage</th>
                                                        <th>Daily Qty</th>
                                                        <th>Projected Qty</th>
                                                        <th>Per Pack</th>
                                                    </tr>
                                                </thead>
                                                <tbody></tbody>
                                            </table>
                                        </div>
                                    </section>

                                    <section>
                                        <div class="bakeshop-field">
                                            <label for="dr-projection-products-filter">Find Projected Product</label>
                                            <input id="dr-projection-products-filter" type="search" placeholder="Search by product, category, or unit">
                                        </div>
                                        <div class="bakeshop-table-wrap">
                                            <table class="bakeshop-table" id="dr-projection-products-table">
                                                <thead>
                                                    <tr>
                                                        <th>Product</th>
                                                        <th>Daily Target</th>
                                                        <th>Days Produced</th>
                                                        <th>Missing Days</th>
                                                        <th>Projected Qty</th>
                                                    </tr>
                                                </thead>
                                                <tbody></tbody>
                                            </table>
                                        </div>
                                    </section>
                                </div>
                            </div>
                        </section>

                        <section class="bakeshop-panel" style="box-shadow:none;">
                            <div class="bakeshop-panel-head">
                                <h3>Ingredient Inventory As Of Scope End</h3>
                                <p>Shows net stock up to the selected end date. The branch filter always applies, and if only a from date is set it is used as the as-of date.</p>
                            </div>
                            <div class="bakeshop-panel-body">
                                <div class="bakeshop-grid-2">
                                    <div class="bakeshop-stat">
                                        <strong id="inventory-total-on-hand">0.00</strong>
                                        <span>On-Hand By Unit At Scope End</span>
                                    </div>
                                    <div class="bakeshop-stat">
                                        <strong id="inventory-total-lines">0</strong>
                                        <span>Tracked Ingredient Lines</span>
                                    </div>
                                </div>

                                <div class="bakeshop-field">
                                    <label for="inventory-filter">Find Inventory Row</label>
                                    <input id="inventory-filter" type="search" placeholder="Search by branch, ingredient, or unit">
                                </div>

                                <div class="bakeshop-table-wrap">
                                    <table class="bakeshop-table" id="inventory-table">
                                        <thead>
                                            <tr>
                                                <th>Branch</th>
                                                <th>Ingredient</th>
                                                <th>Unit</th>
                                                <th>Received To Date</th>
                                                <th>Consumed To Date</th>
                                                <th>On Hand</th>
                                            </tr>
                                        </thead>
                                        <tbody></tbody>
                                    </table>
                                </div>
                            </div>
                        </section>
                    </div>
                </section>
            </section>
        </div>
    </section>

</div>

<script>
document.addEventListener('DOMContentLoaded', () => {
    const csrfToken = '7de2463e22f2cc74fd547e2d1a0160e3e8769de21ab0ab258c06b084db96271b';
    const baseUrl = 'http://cmsnew.testtests/bakeshop_supervisor_settings_panel_test.php';

    function normalizePathPrefix(value) {
        if (!value) {
            return '';
        }

        let pathname = String(value || '').trim();
        if (pathname === '') {
            return '';
        }

        try {
            pathname = new URL(pathname, window.location.origin).pathname || '';
        } catch (error) {
            pathname = String(value || '').trim();
        }

        pathname = pathname.replace(/\/+$/, '');
        if (pathname === '/' || pathname === '.') {
            return '';
        }

        return pathname;
    }

    function bakeshopAppBasePath() {
        const candidates = [window.location.pathname, baseUrl];
        for (const candidate of candidates) {
            const normalized = normalizePathPrefix(candidate);
            if (normalized === '') {
                continue;
            }

            const match = normalized.match(/^(.*?)(\/admin\/bakeshop(?:\/.*)?|\/bakeshop(?:\/.*)?)$/);
            if (match) {
                return match[1] || '';
            }

            if (!normalized.startsWith('/api/')) {
                return normalized;
            }
        }

        return '';
    }

    function bakeshopApiPath(path) {
        return bakeshopAppBasePath() + String(path || '');
    }

    function normalizedRowId(kind, row) {
        if (!row || typeof row !== 'object') {
            return 0;
        }

        const candidates = [row.id];
        if (kind === 'product') {
            candidates.push(row.product_id);
        } else if (kind === 'ingredient') {
            candidates.push(row.ingredient_id);
        } else if (kind === 'branch') {
            candidates.push(row.branch_id);
        }

        for (const candidate of candidates) {
            const numericId = Number(candidate);
            if (Number.isFinite(numericId) && numericId > 0) {
                return numericId;
            }
        }

        return 0;
    }

    function normalizeMaintenanceRows(kind, rows) {
        if (!Array.isArray(rows)) {
            return [];
        }

        return rows.map((row) => {
            if (!row || typeof row !== 'object') {
                return row;
            }

            const resolvedId = normalizedRowId(kind, row);
            return {
                ...row,
                id: resolvedId > 0 ? resolvedId : row.id
            };
        });
    }

    const api = {
        branches: bakeshopApiPath('/api/v1/bakeshop/branches'),
        units: bakeshopApiPath('/api/v1/bakeshop/units'),
        products: bakeshopApiPath('/api/v1/bakeshop/products'),
        productStatus: bakeshopApiPath('/api/v1/bakeshop/products/[id]/status'),
        productsBatchDelete: bakeshopApiPath('/api/v1/bakeshop/products/batch-delete'),
        productsDelete: bakeshopApiPath('/api/v1/bakeshop/products/delete'),
        ingredients: bakeshopApiPath('/api/v1/bakeshop/ingredients'),
        ingredientStatus: bakeshopApiPath('/api/v1/bakeshop/ingredients/[id]/status'),
        ingredientsBatchDelete: bakeshopApiPath('/api/v1/bakeshop/ingredients/batch-delete'),
        ingredientsDelete: bakeshopApiPath('/api/v1/bakeshop/ingredients/delete'),
        recipes: bakeshopApiPath('/api/v1/bakeshop/recipes'),
        recipesDelete: bakeshopApiPath('/api/v1/bakeshop/recipes/delete'),
        deliveries: bakeshopApiPath('/api/v1/bakeshop/deliveries'),
        deliveriesBatchDelete: bakeshopApiPath('/api/v1/bakeshop/deliveries/batch-delete'),
        deliveriesDelete: bakeshopApiPath('/api/v1/bakeshop/deliveries/delete'),
        productTargets: bakeshopApiPath('/api/v1/bakeshop/product-targets'),
        productTargetsDelete: bakeshopApiPath('/api/v1/bakeshop/product-targets/delete'),
        production: bakeshopApiPath('/api/v1/bakeshop/production'),
        productionVoid: bakeshopApiPath('/api/v1/bakeshop/production/void'),
        permissionsSettings: bakeshopApiPath('/api/v1/bakeshop/settings/permissions'),
        usage: bakeshopApiPath('/api/v1/bakeshop/usage'),
        drProjection: bakeshopApiPath('/api/v1/bakeshop/reports/dr-projection')
    };

    api.branchStatus = bakeshopApiPath('/api/v1/bakeshop/branches/[id]/status');

    const canManageSettings = true;
    const canManageWorkspace = true;
    const allowProductionGuardOverride = true;
    const defaultUsageDecimalPlaces = Number('2');
    const defaultDrCoverageDays = Number('3');
    const productRecipesEnabled = true;
    const productionRequiresRecipe = false;
    const searchParams = new URLSearchParams(window.location.search);
    const focusState = {
        kind: searchParams.get('focus_kind') || '',
        id: Number(searchParams.get('focus_id') || '0'),
        applied: false
    };

    const state = {
        branches: [],
        units: [],
        products: [],
        productListView: 'active',
        selectedProductIds: new Set(),
        productionDraftQuantities: {},
        productionDraftSaveState: {},
        productionGuardOverride: false,
        deliverySectionTab: 'receive',
        productionSectionTab: 'record',
        lastSavedProductionId: 0,
        lastSavedProductionSummary: null,
        ingredients: [],
        ingredientListView: 'active',
        selectedIngredientIds: new Set(),
        recipes: [],
        activeProductId: 0,
        deliveries: [],
        expandedDeliveryId: 0,
        selectedDeliveryIds: new Set(),
        productTargets: [],
        productTargetBranchId: 0,
        production: [],
        usage: [],
        drProjection: {
            filters: null,
            branch: null,
            window_days: 0,
            ingredients: [],
            products: [],
            error: ''
        },
        drProjectionScopeKey: '',
        inventorySnapshot: [],
        usageDecimalPlaces: Number.isFinite(defaultUsageDecimalPlaces) ? defaultUsageDecimalPlaces : 2,
        usageTotals: {
            delivered_qty_base: '0.00',
            consumed_qty_base: '0.00',
            variance_qty_base: '0.00',
            delivered_display: '0.00',
            consumed_display: '0.00',
            variance_display: '0.00'
        },
        factualSummary: {
            ingredient_count: 0,
            delivery_item_count: 0,
            production_run_count: 0,
            inventory_on_hand_qty_base: '0.00',
            inventory_on_hand_display: '0.00'
        },
        inventoryTotals: {
            on_hand_qty_base: '0.00',
            on_hand_display: '0.00',
            item_count: 0
        },
        loaded: {
            branches: false,
            units: false,
            products: false,
            ingredients: false,
            recipes: false,
            deliveries: false,
            'product-targets': false,
            production: false,
            'dr-projection': false
        }
    };

    const $ = (selector) => document.querySelector(selector);
    const banner = $('#bakeshop-banner');
    const deleteConfirm = $('#bakeshop-delete-confirm');
    const deleteConfirmTitle = $('#bakeshop-delete-confirm-title');
    const deleteConfirmMessage = $('#bakeshop-delete-confirm-message');
    const deleteConfirmImpact = $('#bakeshop-delete-confirm-impact');
    const deleteConfirmList = $('#bakeshop-delete-confirm-list');
    const deleteConfirmOverflow = $('#bakeshop-delete-confirm-overflow');
    const deleteConfirmCancel = $('#bakeshop-delete-confirm-cancel');
    const deleteConfirmSubmit = $('#bakeshop-delete-confirm-submit');
    const printLink = $('#bakeshop-print-link');
    const drProjectionPrintLink = $('#bakeshop-dr-projection-print-link');
    const drProjectionInlinePrintLink = $('#bakeshop-dr-projection-inline-print-link');
    const productionGuardToggle = $('#production-guard-toggle');
    const productionGuardNote = $('#production-guard-note');
    const productionLastSaved = $('#production-last-saved');
    const productionLastSavedSummary = $('#production-last-saved-summary');
    const productionReviewLastSaved = $('#production-review-last-saved');
    const productionEditLastSaved = $('#production-edit-last-saved');
    const deliverySectionTabs = document.querySelectorAll('[data-delivery-section-tab]');
    const deliverySectionPanels = document.querySelectorAll('[data-delivery-section-panel]');
    const productionSectionTabs = document.querySelectorAll('[data-production-section-tab]');
    const productionSectionPanels = document.querySelectorAll('[data-production-section-panel]');
    const deliveryLines = $('#delivery-lines');
    const deliveryCsvFile = $('#delivery-csv-file');
    const permissionsForm = $('#permissions-form');
    const branchForm = $('#branch-form');
    const productForm = $('#product-form');
    const ingredientForm = $('#ingredient-form');
    const recipeForm = $('#recipe-form');
    const productTargetForm = $('#product-target-form');
    const productionForm = $('#production-form');
    const manageRequiredForms = document.querySelectorAll('[data-manage-required="true"]');
    const setupTabs = document.querySelectorAll('[data-tab]');
    const setupPanels = document.querySelectorAll('[data-tab-panel]');
    const focusedWorkspaceMode = false;
    const pageTitle = document.getElementById('bakeshop-page-title');
    const pageIntro = document.getElementById('bakeshop-page-intro');
    const defaultWorkspaceTitle = pageTitle ? pageTitle.textContent : '';
    const defaultWorkspaceIntro = pageIntro ? pageIntro.textContent : '';
    const defaultTab = 'branches';
    const isDashboardPage = 'dashboard' === 'dashboard';
    let pendingDeleteConfirmResolve = null;

    function resolveTabName(candidate) {
        if (!candidate) {
            return defaultTab;
        }

        return Array.from(setupTabs).some((button) => button.getAttribute('data-tab') === candidate)
            ? candidate
            : defaultTab;
    }

    function currentTabName() {
        const activeButton = Array.from(setupTabs).find((button) => button.classList.contains('active'));
        return resolveTabName(activeButton ? activeButton.getAttribute('data-tab') : window.location.hash.slice(1));
    }

    function tabRequirementsFor(tabName) {
        const tabRequirements = {
            branches: ['branches'],
            catalog: ['units', 'products', 'ingredients', 'recipes'],
            ingredients: ['units', 'ingredients'],
            deliveries: ['branches', 'ingredients', 'deliveries'],
            production: ['branches', 'units', 'products', 'product-targets', 'production'],
            usage: ['branches', 'usage', 'dr-projection']
        };

        return tabRequirements[resolveTabName(tabName)] || [];
    }

    function datasetLoaders() {
        return {
            branches: loadBranches,
            units: loadUnits,
            products: loadProducts,
            ingredients: loadIngredients,
            recipes: loadRecipes,
            deliveries: loadDeliveries,
            'product-targets': loadProductTargets,
            production: loadProduction,
            usage: loadUsage,
            'dr-projection': loadDrProjection
        };
    }

    function normalizeCacheInvalidations(values) {
        if (!Array.isArray(values)) {
            return [];
        }

        return Array.from(new Set(values
            .map((value) => String(value || '').trim().toLowerCase())
            .filter(Boolean)));
    }

    function invalidateCachedDatasets(values) {
        normalizeCacheInvalidations(values).forEach((dataset) => {
            if (Object.prototype.hasOwnProperty.call(state.loaded, dataset)) {
                state.loaded[dataset] = false;
            }
        });
    }

    async function applyCacheInvalidations(values, options = {}) {
        const invalidations = normalizeCacheInvalidations(values);
        if (!invalidations.length) {
            return;
        }

        invalidateCachedDatasets(invalidations);

        if (options.refreshCurrentTab === false) {
            return;
        }

        const currentTab = currentTabName();
        const requirements = tabRequirementsFor(currentTab);
        const refreshCurrentTab = invalidations.some((dataset) => dataset === 'usage'
            ? currentTab === 'usage'
            : requirements.includes(dataset));

        if (refreshCurrentTab) {
            await ensureTabData(currentTab, { force: true });
        }
    }

    function syncFocusedWorkspaceHeader(tabName) {
        if (!focusedWorkspaceMode || !pageTitle || !pageIntro) {
            return;
        }

        const activeButton = Array.from(setupTabs).find((button) => button.getAttribute('data-tab') === tabName);
        if (!activeButton) {
            pageTitle.textContent = defaultWorkspaceTitle;
            pageIntro.textContent = defaultWorkspaceIntro;
            return;
        }

        pageTitle.textContent = activeButton.getAttribute('data-workspace-title') || defaultWorkspaceTitle;
        pageIntro.textContent = activeButton.getAttribute('data-workspace-intro') || defaultWorkspaceIntro;
    }

    async function activateTab(tabName, options = {}) {
        const updateHash = options.updateHash !== false;
        const resolvedTab = resolveTabName(tabName);
        setupTabs.forEach((button) => {
            const isActive = button.getAttribute('data-tab') === resolvedTab;
            button.classList.toggle('active', isActive);
            button.setAttribute('aria-selected', isActive ? 'true' : 'false');
        });
        setupPanels.forEach((panel) => {
            panel.classList.toggle('active', panel.getAttribute('data-tab-panel') === resolvedTab);
        });
        syncFocusedWorkspaceHeader(resolvedTab);

        if (updateHash && window.location.hash.slice(1) !== resolvedTab) {
            history.replaceState(null, '', '#' + resolvedTab);
        }

        await ensureTabData(resolvedTab, { force: options.force === true });
    }

    setupTabs.forEach((button) => {
        button.addEventListener('click', async (event) => {
            const tabName = button.getAttribute('data-tab');
            let targetUrl = null;
            try {
                targetUrl = new URL(button.getAttribute('href') || '', window.location.origin);
            } catch (error) {
                targetUrl = null;
            }

            if (targetUrl && targetUrl.pathname === window.location.pathname && targetUrl.search === window.location.search) {
                event.preventDefault();
                try {
                    await activateTab(tabName);
                } catch (error) {
                    showBanner(error.message || 'Unable to open this work area.', false);
                }
            }
        });
    });

    window.addEventListener('hashchange', () => {
        activateTab(window.location.hash.slice(1), { updateHash: false }).catch((error) => {
            showBanner(error.message || 'Unable to open this work area.', false);
        });
    });

    if (window.location.hash) {
        activateTab(window.location.hash.slice(1)).catch((error) => {
            showBanner(error.message || 'Unable to open this work area.', false);
        });
    } else {
        activateTab(defaultTab, { updateHash: true }).catch((error) => {
            showBanner(error.message || 'Unable to open this work area.', false);
        });
    }

    function rowStatusChip(isActive) {
        return '<span class="bakeshop-chip ' + (Number(isActive) === 0 ? 'inactive' : 'active') + '">' + (Number(isActive) === 0 ? 'Archived' : 'Active') + '</span>';
    }

    function rowActionButtons(kind, row) {
        const rowId = normalizedRowId(kind, row);
        const actionId = rowId > 0 ? String(rowId) : '';
        if (!canManageWorkspace) {
            return '<span class="bakeshop-inline-note">View only</span>';
        }

        let deleteAction = '';
        if (kind === 'product') {
            deleteAction = Number(row.can_delete) === 1
                ? '<button type="button" class="bakeshop-link-button warn" data-kind="' + escapeHtml(kind) + '" data-action="delete" data-id="' + escapeHtml(actionId) + '">Delete</button>'
                : '<span class="bakeshop-inline-note">In use, archive instead</span>';
        }
        if (kind === 'ingredient') {
            deleteAction = Number(row.can_delete) === 1
                ? '<button type="button" class="bakeshop-link-button warn" data-kind="' + escapeHtml(kind) + '" data-action="delete" data-id="' + escapeHtml(actionId) + '">Delete</button>'
                : '<span class="bakeshop-inline-note">In use, archive instead</span>';
        }

        return '<div class="bakeshop-row-actions">'
            + '<button type="button" class="bakeshop-link-button" data-kind="' + escapeHtml(kind) + '" data-action="edit" data-id="' + escapeHtml(actionId) + '">Edit</button>'
            + deleteAction
            + '<button type="button" class="bakeshop-link-button ' + (Number(row.is_active) === 0 ? '' : 'warn') + '" data-kind="' + escapeHtml(kind) + '" data-action="toggle-active" data-id="' + escapeHtml(actionId) + '"' + (rowId > 0 ? '' : ' disabled') + '>' + (Number(row.is_active) === 0 ? 'Restore' : 'Archive') + '</button>'
            + '</div>';
    }

    function findUnitById(unitId) {
        return state.units.find((row) => Number(row.id) === Number(unitId)) || null;
    }

    function unitOptionLabel(row) {
        return [row.code, row.name].filter(Boolean).join(' — ');
    }

    function formatIngredientPack(row) {
        const packLabel = String(row.pack_label || '').trim();
        const packQty = row.pack_qty !== null && row.pack_qty !== undefined && String(row.pack_qty).trim() !== ''
            ? String(row.pack_qty)
            : '';
        const packUnitCode = String(row.pack_unit_code || '').trim();

        if (packLabel === '' || packQty === '' || packUnitCode === '') {
            return '—';
        }

        return packLabel + ' · ' + packQty + ' ' + packUnitCode;
    }

    function activeBranchRows() {
        return state.branches.filter((row) => Number(row.is_active) !== 0);
    }

    function activeProductRows() {
        return state.products.filter((row) => Number(row.is_active) !== 0);
    }

    function currentProductTargetBranchId() {
        const branchSelect = $('#product-target-branch');
        const selectedBranchId = Number(branchSelect ? branchSelect.value : state.productTargetBranchId || 0);
        if (selectedBranchId > 0) {
            return selectedBranchId;
        }

        const firstBranch = activeBranchRows()[0] || null;
        return Number(firstBranch ? firstBranch.id : 0);
    }

    function currentDrProjectionScope() {
        return {
            ...currentReportScope(),
            horizon_days: $('#usage-horizon-days') ? $('#usage-horizon-days').value : '7'
        };
    }

    function drProjectionScopeKey(scope) {
        return [scope.branch_id || '', scope.from_date || '', scope.to_date || '', scope.horizon_days || ''].join('|');
    }

    function canLoadDrProjection(scope) {
        return String(scope.branch_id || '').trim() !== ''
            && String(scope.from_date || '').trim() !== ''
            && String(scope.to_date || '').trim() !== '';
    }

    function activeProductRecord() {
        return state.products.find((row) => Number(row.id) === Number(state.activeProductId)) || null;
    }

    function selectedProductionProductRecord() {
        if (!productionForm) {
            return null;
        }

        const productId = Number(productionForm.elements.namedItem('product_id').value || '0');
        if (productId <= 0) {
            return null;
        }

        return state.products.find((row) => Number(row.id) === productId) || null;
    }

    function productionDraftEntries() {
        return Object.entries(state.productionDraftQuantities || {})
            .map(([productId, qty]) => {
                const numericProductId = Number(productId);
                const normalizedQty = String(qty || '').trim();
                const numericQty = Number.parseFloat(normalizedQty);
                return {
                    productId: numericProductId,
                    qty: normalizedQty,
                    numericQty,
                    product: state.products.find((row) => Number(row.id) === numericProductId) || null
                };
            })
            .filter((entry) => Number.isFinite(entry.productId) && entry.productId > 0 && Number.isFinite(entry.numericQty) && entry.numericQty > 0);
    }

    function normalizeOptionalTwoDecimalQuantity(value) {
        const normalized = String(value ?? '').trim();
        if (normalized === '') {
            return '';
        }

        const numeric = Number.parseFloat(normalized);
        if (!Number.isFinite(numeric) || numeric <= 0) {
            return '';
        }

        return numeric.toFixed(2);
    }

    function productionRowBlockedReason(row) {
        if (!row) {
            return 'Product not found.';
        }

        if (!Number.isFinite(Number(row.default_yield_qty)) || Number(row.default_yield_qty) <= 0) {
            return 'Set the standard batch size first.';
        }

        if (productionRequiresRecipe && Number(row.recipe_item_count || 0) <= 0) {
            return 'Add ingredients for this item first.';
        }

        return '';
    }

    function productionGuardOverrideActive() {
        return allowProductionGuardOverride && state.productionGuardOverride === true;
    }

    function activateDeliverySectionTab(tabName, options = {}) {
        const resolvedTab = tabName === 'saved' ? 'saved' : 'receive';
        state.deliverySectionTab = resolvedTab;

        deliverySectionTabs.forEach((button) => {
            const isActive = button.getAttribute('data-delivery-section-tab') === resolvedTab;
            button.classList.toggle('active', isActive);
            button.setAttribute('aria-selected', isActive ? 'true' : 'false');
        });
        deliverySectionPanels.forEach((panel) => {
            panel.classList.toggle('active', panel.getAttribute('data-delivery-section-panel') === resolvedTab);
        });

        if (resolvedTab === 'saved' && options.scrollToFocused === true) {
            const focusedRow = document.querySelector('#deliveries-table tbody tr.bakeshop-row-focus');
            if (focusedRow) {
                focusedRow.scrollIntoView({ behavior: 'smooth', block: 'nearest' });
            }
        }
    }

    function activateProductionSectionTab(tabName, options = {}) {
        const resolvedTab = tabName === 'saved' ? 'saved' : 'record';
        state.productionSectionTab = resolvedTab;

        productionSectionTabs.forEach((button) => {
            const isActive = button.getAttribute('data-production-section-tab') === resolvedTab;
            button.classList.toggle('active', isActive);
            button.setAttribute('aria-selected', isActive ? 'true' : 'false');
        });
        productionSectionPanels.forEach((panel) => {
            panel.classList.toggle('active', panel.getAttribute('data-production-section-panel') === resolvedTab);
        });

        if (resolvedTab === 'saved' && options.scrollToRecent === true) {
            const recentRow = document.querySelector('#production-table tbody tr.bakeshop-row-recent');
            if (recentRow) {
                recentRow.scrollIntoView({ behavior: 'smooth', block: 'nearest' });
            }
        }
    }

    function formatProductionLastSavedSummary(summary) {
        if (!summary) {
            return '';
        }

        const parts = [];
        if (summary.product_name) {
            parts.push(summary.product_name + ' · ' + displayTwoDecimalQuantity(summary.qty_produced) + ' ' + (summary.default_yield_unit_code || '').trim());
        }
        if (summary.branch_name) {
            parts.push('Branch: ' + summary.branch_name);
        }
        if (summary.produced_at) {
            parts.push('Finished: ' + summary.produced_at);
        }
        if (summary.produced_by) {
            parts.push('Made by: ' + summary.produced_by);
        }
        if (summary.notes) {
            parts.push('Note: ' + summary.notes);
        }

        return parts.join(' | ');
    }

    function syncProductionLastSavedCard() {
        if (!productionLastSaved || !productionLastSavedSummary) {
            return;
        }

        const summary = state.lastSavedProductionSummary;
        if (!summary || Number(state.lastSavedProductionId || 0) <= 0) {
            productionLastSaved.hidden = true;
            productionLastSavedSummary.textContent = 'The next saved batch will appear here so it can be reviewed right away.';
            return;
        }

        productionLastSaved.hidden = false;
        productionLastSavedSummary.textContent = formatProductionLastSavedSummary(summary);
    }

    function rememberLastSavedProduction(row) {
        const rowId = Number(row && row.id ? row.id : 0);
        if (rowId <= 0) {
            return;
        }

        state.lastSavedProductionId = rowId;
        state.lastSavedProductionSummary = {
            id: rowId,
            branch_name: row.branch_name || '',
            product_name: row.product_name || row.name || '',
            produced_at: row.produced_at || '',
            qty_produced: row.qty_produced || '0',
            default_yield_unit_code: row.default_yield_unit_code || '',
            produced_by: row.produced_by || '',
            notes: row.notes || ''
        };
        syncProductionLastSavedCard();
    }

    function syncProductionGuardOverrideControls() {
        if (!productionGuardToggle) {
            return;
        }

        const active = productionGuardOverrideActive();
        productionGuardToggle.textContent = active ? 'Testing Override: On' : 'Testing Override: Off';
        productionGuardToggle.classList.toggle('warn', active);

        if (productionGuardNote) {
            if (!productionRequiresRecipe) {
                productionGuardNote.textContent = active
                    ? 'Recipe mode is optional. Testing override remains on for incomplete setup cases such as missing standard batch size.'
                    : 'Recipe mode is optional. Testing override is only needed for incomplete setup cases such as missing standard batch size.';
            } else {
                productionGuardNote.textContent = active
                    ? 'Temporary non-production testing override is on. Saved entries will still be recorded even if the item setup is incomplete.'
                    : 'Temporary non-production testing override. When enabled, an entry can still be saved even if the item setup is incomplete.';
            }
        }
    }

    function setProductionDraftSaveState(productId, kind, message = '') {
        state.productionDraftSaveState[String(productId)] = {
            kind,
            message
        };
    }

    function productionDraftSaveStateFor(productId) {
        return state.productionDraftSaveState[String(productId)] || null;
    }

    function productionMetadataEditActive() {
        if (!productionForm) {
            return false;
        }

        return Number(productionForm.elements.namedItem('id').value || '0') > 0;
    }

    function productionDateTimeInputValue(value) {
        const normalized = String(value || '').trim();
        if (normalized === '') {
            return nowLocalDateTime();
        }

        return normalized.replace(' ', 'T').slice(0, 16);
    }

    function syncProductionProductSelection() {
        if (!productionForm) {
            return;
        }

        const note = $('#production-product-note');
        const productField = productionForm.elements.namedItem('product_id');
        const qtyField = productionForm.elements.namedItem('qty_produced');
        const draftEntries = productionDraftEntries();
        const selected = productionMetadataEditActive()
            ? selectedProductionProductRecord()
            : (draftEntries.length === 1 ? draftEntries[0].product : null);
        const draftProductIds = new Set(draftEntries.map((entry) => Number(entry.productId)));

        if (!note || !productField || !qtyField) {
            return;
        }

        if (!productionMetadataEditActive()) {
            productField.value = '';
            qtyField.value = '';
        }

        if (productionMetadataEditActive() && selected) {
            note.textContent = 'Reviewing the saved entry for ' + (selected.name || 'item') + '. Branch, item, amount made, and ingredients used stay locked here.';
        } else if (draftEntries.length === 0) {
            note.textContent = productionRequiresRecipe
                ? 'Choose the branch, finished time, and who made it. Then enter the amount made in the item list below. Leave a box blank if nothing was made for that item.'
                : 'Choose the branch, finished time, and who made it. Then enter the amount made in the item list below. Leave a box blank if nothing was made for that item. Products without recipes can still save as output-only entries.';
        } else if (draftEntries.length === 1 && selected) {
            note.textContent = 'Ready to save ' + (selected.name || 'item') + ' · Standard batch ' + displayTwoDecimalQuantity(selected.default_yield_qty) + ' ' + (selected.default_yield_unit_code || 'unit') + ' · Amount made ' + draftEntries[0].qty + '.';
        } else {
            note.textContent = 'Amounts will save as you leave each box.';
        }

        if (productionGuardOverrideActive()) {
            note.textContent += ' Testing override is on.';
        }

        document.querySelectorAll('#production-products-table tbody tr[data-row-kind="production-product"]').forEach((rowElement) => {
            const rowId = Number(rowElement.getAttribute('data-row-id') || '0');
            const isSelected = productionMetadataEditActive()
                ? Boolean(selected && rowId === Number(selected.id || 0))
                : draftProductIds.has(rowId);
            rowElement.classList.toggle('bakeshop-row-editing', isSelected);
            rowElement.classList.toggle('bakeshop-row-selectable', canManageWorkspace && !productionMetadataEditActive());
        });
    }

    async function autosaveProductionDraft(productId, qtyValue, qtyInput) {
        if (!productionForm || productionMetadataEditActive()) {
            return;
        }

        const normalizedQty = normalizeOptionalTwoDecimalQuantity(qtyValue);
        if (normalizedQty === '') {
            delete state.productionDraftQuantities[String(productId)];
            delete state.productionDraftSaveState[String(productId)];
            syncProductionProductSelection();
            if (qtyInput instanceof HTMLInputElement) {
                qtyInput.value = '';
            }
            renderCatalogTables();
            return;
        }

        const row = state.products.find((item) => Number(item.id) === Number(productId) && Number(item.is_active) !== 0);
        if (!row) {
            setProductionDraftSaveState(productId, 'error', 'This item could not be found.');
            renderCatalogTables();
            showBanner('That item could not be found.', false);
            return;
        }

        const blockedReason = productionRowBlockedReason(row);
        if (blockedReason !== '' && !productionGuardOverrideActive()) {
            setProductionDraftSaveState(productId, 'error', blockedReason);
            renderCatalogTables();
            showBanner(blockedReason, false);
            return;
        }

        if (!productionForm.elements.namedItem('branch_id').value) {
            setProductionDraftSaveState(productId, 'error', 'Choose a branch first.');
            renderCatalogTables();
            showBanner('Choose a branch before entering the amount made.', false);
            return;
        }
        if (!productionForm.elements.namedItem('produced_at').value) {
            setProductionDraftSaveState(productId, 'error', 'Set the finished time first.');
            renderCatalogTables();
            showBanner('Set the finished time before entering the amount made.', false);
            return;
        }

        state.productionDraftQuantities[String(productId)] = normalizedQty;
        setProductionDraftSaveState(productId, 'saving', 'Saving entry...');
        syncProductionProductSelection();
        renderCatalogTables();

        if (qtyInput instanceof HTMLInputElement) {
            qtyInput.value = normalizedQty;
            qtyInput.disabled = true;
        }

        const result = await submitJson(api.production, {
            branch_id: productionForm.elements.namedItem('branch_id').value,
            product_id: String(productId),
            produced_at: productionForm.elements.namedItem('produced_at').value,
            qty_produced: normalizedQty,
            produced_by: productionForm.elements.namedItem('produced_by').value,
            notes: productionForm.elements.namedItem('notes').value,
            relax_guards: productionGuardOverrideActive() ? '1' : '0'
        }, (row.name || 'Item') + ' was saved.', async (data) => {
            delete state.productionDraftQuantities[String(productId)];
            await loadProduction(true);
            const savedRow = state.production.find((item) => Number(item.id) === Number((data && data.item && data.item.id) || 0)) || (data ? data.item : null);
            if (savedRow) {
                rememberLastSavedProduction(savedRow);
            }
            setProductionDraftSaveState(productId, 'saved', productionGuardOverrideActive() && blockedReason !== '' ? 'Saved for testing review.' : 'Saved and ready to review.');
            renderCatalogTables();
            await loadUsage();
        });

        if (!result) {
            setProductionDraftSaveState(productId, 'error', 'Could not save. Try again.');
            renderCatalogTables();
            if (qtyInput instanceof HTMLInputElement) {
                qtyInput.disabled = false;
                qtyInput.value = normalizedQty;
            }
            return;
        }

        if (qtyInput instanceof HTMLInputElement && qtyInput.isConnected) {
            qtyInput.disabled = false;
            qtyInput.value = '';
        }
    }

    function focusProductionDraftInput(row) {
        if (!productionForm) {
            return;
        }

        if (!canManageWorkspace) {
            showBanner('Production entry is read only for your role.', false);
            return;
        }

        if (productionMetadataEditActive()) {
            showBanner('You are reviewing a saved entry. Cancel review mode to record a new batch.', false);
            return;
        }

        const qtyField = document.querySelector('[data-production-qty-input="' + String(row.id || '') + '"]');
        if (!(qtyField instanceof HTMLInputElement)) {
            return;
        }

        qtyField.focus();
        qtyField.select();
    }

    function syncIngredientPackUnitOptions(preferredValue = '') {
        const defaultUnitId = Number(ingredientForm?.elements.namedItem('default_unit_id')?.value || '0');
        const defaultUnit = findUnitById(defaultUnitId);
        const allowedUnits = defaultUnit && defaultUnit.dimension
            ? state.units.filter((row) => String(row.dimension || '') === String(defaultUnit.dimension || ''))
            : state.units;

        populateSelect('#ingredient-pack-unit', allowedUnits, (row) => ({ value: row.id, label: unitOptionLabel(row) }), 'No pack unit');

        const select = $('#ingredient-pack-unit');
        if (!select) {
            return;
        }

        const nextValue = String(preferredValue || select.value || '');
        if (nextValue && Array.from(select.options).some((option) => option.value === nextValue)) {
            select.value = nextValue;
        } else if (defaultUnitId > 0 && Array.from(select.options).some((option) => option.value === String(defaultUnitId))) {
            select.value = String(defaultUnitId);
        }
    }

    function syncProductTargetUnitOptions(preferredValue = '') {
        const productId = Number(productTargetForm?.elements.namedItem('product_id')?.value || '0');
        const product = state.products.find((row) => Number(row.id) === productId) || null;
        const defaultUnitId = Number(product ? product.default_yield_unit_id : 0);
        const defaultUnit = findUnitById(defaultUnitId);
        const allowedUnits = defaultUnit && defaultUnit.dimension
            ? state.units.filter((row) => String(row.dimension || '') === String(defaultUnit.dimension || ''))
            : state.units;

        populateSelect('#product-target-unit', allowedUnits, (row) => ({ value: row.id, label: unitOptionLabel(row) }), 'Select target unit');

        const select = $('#product-target-unit');
        if (!select) {
            return;
        }

        const nextValue = String(preferredValue || select.value || '');
        if (nextValue && Array.from(select.options).some((option) => option.value === nextValue)) {
            select.value = nextValue;
        } else if (defaultUnitId > 0 && Array.from(select.options).some((option) => option.value === String(defaultUnitId))) {
            select.value = String(defaultUnitId);
        }
    }

    function filteredProductTargetRows() {
        const branchId = currentProductTargetBranchId();
        const query = tableSearchQuery('#product-target-filter');

        return state.productTargets.filter((row) => Number(row.branch_id) === branchId)
            .filter((row) => rowMatchesSearch(query, [row.product_name, row.product_sku, row.product_category, row.unit_code, row.daily_qty]));
    }

    function renderProductTargetsTable() {
        const branchId = currentProductTargetBranchId();
        const branchSelect = $('#product-target-branch');
        if (branchSelect && branchId > 0 && String(branchSelect.value || '') !== String(branchId)) {
            branchSelect.value = String(branchId);
        }

        const rows = branchId > 0 ? filteredProductTargetRows() : [];
        renderTable('#product-targets-table', rows, [
            (row) => '<strong>' + escapeHtml(row.product_name || 'Product') + '</strong><div class="bakeshop-inline-note">' + escapeHtml(row.product_sku || 'No SKU') + '</div>',
            (row) => escapeHtml(row.product_category || '—'),
            (row) => '<strong>' + displayTwoDecimalQuantity(row.daily_qty) + '</strong>',
            (row) => escapeHtml(unitOptionLabel({ code: row.unit_code, name: row.unit_name }) || '—'),
            (row) => canManageWorkspace
                ? '<div class="bakeshop-row-actions"><button type="button" class="bakeshop-link-button" data-action="edit-product-target" data-id="' + escapeHtml(row.id) + '">Edit</button><button type="button" class="bakeshop-link-button warn" data-action="delete-product-target" data-id="' + escapeHtml(row.id) + '">Delete</button></div>'
                : '<span class="bakeshop-inline-note">View only</span>'
        ], branchId > 0 ? 'No branch targets saved for this branch yet.' : 'Select a branch to view product targets.');
    }

    function renderDrProjectionTables() {
        const summary = $('#dr-projection-summary');
        const report = state.drProjection || {};

        if (report.error) {
            if (summary) {
                summary.textContent = report.error;
            }
            renderTable('#dr-projection-ingredients-table', [], [() => '', () => '', () => '', () => '', () => '', () => ''], report.error);
            renderTable('#dr-projection-products-table', [], [() => '', () => '', () => '', () => '', () => ''], report.error);
            return;
        }

        if (!report.filters) {
            if (summary) {
                summary.textContent = 'Choose a branch and a scoped date range, then refresh usage to compute projected ingredient and product requirements.';
            }
            renderTable('#dr-projection-ingredients-table', [], [() => '', () => '', () => '', () => '', () => '', () => ''], 'No DR projection computed yet.');
            renderTable('#dr-projection-products-table', [], [() => '', () => '', () => '', () => '', () => ''], 'No DR projection computed yet.');
            return;
        }

        if (summary) {
            const branchName = report.branch && report.branch.name ? report.branch.name : 'Selected branch';
            summary.textContent = branchName + ' · Observed ' + String(report.filters.from_date || '') + ' to ' + String(report.filters.to_date || '') + ' · Projection horizon ' + String(report.filters.horizon_days || '') + ' day(s).';
        }

        const ingredientQuery = tableSearchQuery('#dr-projection-ingredients-filter');
        const ingredientRows = (report.ingredients || []).filter((row) => rowMatchesSearch(ingredientQuery, [row.ingredient_name, row.default_unit_code, row.pack_label, row.per_pack_display, row.projected_qty_display]));
        renderTable('#dr-projection-ingredients-table', ingredientRows, [
            (row) => '<strong>' + escapeHtml(row.ingredient_name || 'Ingredient') + '</strong><div class="bakeshop-inline-note">' + escapeHtml(row.default_unit_code || 'unit') + '</div>',
            (row) => escapeHtml(displayUsageQuantity((Number(row.default_unit_factor_to_base || 0) > 0 ? (Number(row.delivered_qty_base || 0) / Number(row.default_unit_factor_to_base || 1)) : Number(row.delivered_qty_base || 0))) + ' ' + String(row.default_unit_code || '')),
            (row) => escapeHtml(String(row.observed_coverage_days || 0) + ' day(s)'),
            (row) => escapeHtml(displayUsageQuantity((Number(row.default_unit_factor_to_base || 0) > 0 ? (Number(row.daily_qty_base || 0) / Number(row.default_unit_factor_to_base || 1)) : Number(row.daily_qty_base || 0))) + ' ' + String(row.default_unit_code || '')),
            (row) => '<strong>' + escapeHtml(String(row.projected_qty_display || displayUsageQuantity(row.projected_qty))) + ' ' + escapeHtml(row.default_unit_code || '') + '</strong>',
            (row) => escapeHtml(row.per_pack_display || '—')
        ], 'No projected ingredients matched the current scope.');

        const productQuery = tableSearchQuery('#dr-projection-products-filter');
        const productRows = (report.products || []).filter((row) => rowMatchesSearch(productQuery, [row.product_name, row.product_category, row.unit_code, row.projected_qty_display]));
        renderTable('#dr-projection-products-table', productRows, [
            (row) => '<strong>' + escapeHtml(row.product_name || 'Product') + '</strong><div class="bakeshop-inline-note">' + escapeHtml(row.product_category || '—') + '</div>',
            (row) => escapeHtml(displayTwoDecimalQuantity(row.daily_qty) + ' ' + String(row.unit_code || '')),
            (row) => escapeHtml(String(row.days_produced || 0) + ' / ' + String(row.window_days || 0)),
            (row) => Number(row.has_missing_days) === 1 || Number(row.missing_days || 0) > 0
                ? '<span class="bakeshop-inline-note error">' + escapeHtml(String(row.missing_days || 0) + ' day(s)') + '</span>'
                : '<span class="bakeshop-inline-note ok">None</span>',
            (row) => '<strong>' + escapeHtml(String(row.projected_qty_display || displayTwoDecimalQuantity(row.projected_qty))) + ' ' + escapeHtml(row.unit_code || '') + '</strong>'
        ], 'No projected products matched the current scope.');
    }

    function renderProductionProductsTable(rows) {
        const tbody = document.querySelector('#production-products-table tbody');
        if (!tbody) {
            return;
        }

        if (!rows.length) {
            tbody.innerHTML = '<tr><td colspan="4" class="bakeshop-muted">No active products available for production.</td></tr>';
            syncProductionProductSelection();
            return;
        }

        tbody.innerHTML = rows.map((row) => {
            const rowId = normalizedRowId('production-product', row);
            const draftQty = String((state.productionDraftQuantities && state.productionDraftQuantities[String(rowId)]) || '');
            const blockedReason = productionRowBlockedReason(row);
            const outputOnlyAllowed = !productionRequiresRecipe && Number(row.recipe_item_count || 0) <= 0;
            const inputDisabled = !canManageWorkspace || productionMetadataEditActive();
            const saveState = productionDraftSaveStateFor(rowId);
            const saveStateClass = blockedReason !== '' && !productionGuardOverrideActive()
                ? ' error'
                : (saveState && saveState.kind === 'saved'
                ? ' ok'
                : (saveState && saveState.kind === 'error' ? ' error' : ''));
            const saveStateMessage = blockedReason !== ''
                ? (productionGuardOverrideActive()
                    ? 'Testing override active. This will save without ingredient-use detail.'
                    : blockedReason)
                : (outputOnlyAllowed
                    ? 'Recipe optional. This saves as an output-only entry.'
                : (saveState && saveState.message
                    ? saveState.message
                    : 'Blank = no production'));
            return '<tr data-row-kind="production-product" data-row-id="' + escapeHtml(rowId) + '">'
                + '<td><strong>' + escapeHtml(row.name) + '</strong><div class="bakeshop-inline-note">' + escapeHtml(row.sku || 'No SKU') + '</div></td>'
                + '<td>' + escapeHtml(row.category || '—') + '</td>'
                + '<td>' + displayTwoDecimalQuantity(row.default_yield_qty) + ' ' + escapeHtml(row.default_yield_unit_code || '') + '</td>'
                + '<td><input class="bakeshop-table-input" type="number" min="0.01" step="0.01" placeholder="0.00" data-production-qty-input="' + escapeHtml(rowId) + '" value="' + escapeHtml(draftQty) + '"' + (inputDisabled ? ' disabled' : '') + '><div class="bakeshop-inline-note' + saveStateClass + '">' + escapeHtml(saveStateMessage) + '</div></td>'
                + '</tr>';
        }).join('');

        syncProductionProductSelection();
    }

    function currentReportScope() {
        const fromSummary = {
            branch_id: $('#summary-branch-filter') ? $('#summary-branch-filter').value : '',
            from_date: $('#summary-from-filter') ? $('#summary-from-filter').value : '',
            to_date: $('#summary-to-filter') ? $('#summary-to-filter').value : ''
        };
        const fromUsage = {
            branch_id: $('#usage-branch') ? $('#usage-branch').value : '',
            from_date: $('#usage-from') ? $('#usage-from').value : '',
            to_date: $('#usage-to') ? $('#usage-to').value : ''
        };

        return {
            branch_id: fromUsage.branch_id || fromSummary.branch_id,
            from_date: fromUsage.from_date || fromSummary.from_date,
            to_date: fromUsage.to_date || fromSummary.to_date
        };
    }

    function syncReportScopeInputs(sourcePrefix) {
        const source = {
            branch_id: $('#' + sourcePrefix + '-branch-filter') || $('#' + sourcePrefix + '-branch'),
            from_date: $('#' + sourcePrefix + '-from-filter') || $('#' + sourcePrefix + '-from'),
            to_date: $('#' + sourcePrefix + '-to-filter') || $('#' + sourcePrefix + '-to')
        };
        const usageTargets = {
            branch_id: $('#usage-branch'),
            from_date: $('#usage-from'),
            to_date: $('#usage-to')
        };

        Object.keys(usageTargets).forEach((key) => {
            if (source[key] && usageTargets[key]) {
                usageTargets[key].value = source[key].value || '';
            }
        });
    }

    function syncRecipePanel() {
        const empty = $('#recipe-panel-empty');
        const details = $('#recipe-panel-details');
        const title = $('#recipe-panel-title');
        const description = $('#recipe-form-description');
        const productEditorPanel = $('#product-editor-panel');
        const recipePanel = $('#recipe-panel');
        const product = activeProductRecord();

        if (!empty || !details || !title || !description || !productEditorPanel || !recipePanel) {
            return;
        }

        if (!productRecipesEnabled) {
            productEditorPanel.classList.remove('is-editing');
            recipePanel.classList.remove('is-editing');
            return;
        }

        if (!product) {
            empty.hidden = false;
            details.hidden = true;
            title.textContent = 'Recipe';
            description.textContent = 'Edit a product first to view and maintain its recipe lines.';
            productEditorPanel.classList.remove('is-editing');
            recipePanel.classList.remove('is-editing');
            return;
        }

        empty.hidden = true;
        details.hidden = false;
        title.textContent = 'Recipe for ' + (product.name || 'Product');
        description.textContent = 'Add or edit ingredient usage here.';
        recipeForm.elements.namedItem('product_id').value = String(product.id || '');
        productEditorPanel.classList.add('is-editing');
        recipePanel.classList.add('is-editing');
    }

    function showBanner(message, ok = true) {
        banner.textContent = message;
        banner.className = 'bakeshop-banner show ' + (ok ? 'ok' : 'error');
    }

    function clearBanner() {
        banner.className = 'bakeshop-banner';
        banner.textContent = '';
    }

    function filteredProductRows() {
        const showArchived = state.productListView === 'archived';
        return state.products.filter((row) => {
            const isArchived = Number(row.is_active) === 0;
            return showArchived === isArchived;
        });
    }

    function filteredDeliveryRows() {
        return state.deliveries.filter((row) => rowMatchesSearch(tableSearchQuery('#deliveries-filter'), [row.branch_name, row.delivered_at, row.reference, row.received_by, row.source_label, row.cost_basis_summary, row.item_count, row.total_quantity, row.total_amount]));
    }

    function pruneProductSelection() {
        const validIds = new Set(state.products
            .filter((row) => Number(row.can_delete) === 1)
            .map((row) => Number(row.id))
            .filter((id) => Number.isFinite(id) && id > 0));
        Array.from(state.selectedProductIds).forEach((id) => {
            if (!validIds.has(id)) {
                state.selectedProductIds.delete(id);
            }
        });
    }

    function escapeHtml(value) {
        return String(value ?? '')
            .replace(/&/g, '&amp;')
            .replace(/</g, '&lt;')
            .replace(/>/g, '&gt;')
            .replace(/"/g, '&quot;')
            .replace(/'/g, '&#039;');
    }

    function productDeletePreviewLabel(row, id) {
        const name = row && row.name ? row.name : ('Product #' + String(id));
        return row && row.sku ? (name + ' (' + row.sku + ')') : name;
    }

    function ingredientDeletePreviewLabel(row, id) {
        const name = row && row.name ? row.name : ('Ingredient #' + String(id));
        return row && row.sku ? (name + ' (' + row.sku + ')') : name;
    }

    function deliveryDeletePreviewLabel(row, id) {
        const reference = row && row.reference ? row.reference : ('Delivery #' + String(id));
        const branch = row && row.branch_name ? row.branch_name : '';
        const deliveredAt = row && row.delivered_at ? row.delivered_at : '';
        return [reference, branch, deliveredAt].filter(Boolean).join(' - ');
    }

    function pruneDeliverySelection() {
        const validIds = new Set(state.deliveries.map((row) => Number(row.id)).filter((id) => Number.isFinite(id) && id > 0));
        Array.from(state.selectedDeliveryIds).forEach((id) => {
            if (!validIds.has(id)) {
                state.selectedDeliveryIds.delete(id);
            }
        });
    }

    function syncSelectionControls(options) {
        const rows = options.rows || [];
        const selectedIds = options.selectedIds;
        const prefix = options.prefix;
        const noun = options.noun;
        const singular = options.singular || noun.replace(/s$/, '');
        const selectAll = $('#' + prefix + '-select-all');
        const summary = $('#' + prefix + '-selection-summary');
        const clearButton = $('#' + prefix + '-clear-selection');
        const deleteButton = $('#' + prefix + '-delete-selected');
        const selectVisibleButton = $('#' + prefix + '-select-visible');
        const visibleIds = rows.map((row) => Number(row.id)).filter((id) => Number.isFinite(id) && id > 0);
        const selectedCount = selectedIds.size;
        const visibleSelectedCount = visibleIds.filter((id) => selectedIds.has(id)).length;

        if (summary) {
            if (selectedCount === 0) {
                summary.textContent = 'No ' + noun + ' selected.';
            } else if (selectedCount === 1) {
                summary.textContent = '1 ' + singular + ' selected.';
            } else {
                summary.textContent = String(selectedCount) + ' ' + noun + ' selected.';
            }
        }

        if (selectAll) {
            selectAll.checked = visibleIds.length > 0 && visibleSelectedCount === visibleIds.length;
            selectAll.indeterminate = visibleSelectedCount > 0 && visibleSelectedCount < visibleIds.length;
            selectAll.disabled = !canManageWorkspace || visibleIds.length === 0;
        }
        if (selectVisibleButton) {
            selectVisibleButton.disabled = !canManageWorkspace || visibleIds.length === 0;
        }
        if (clearButton) {
            clearButton.hidden = selectedCount === 0;
            clearButton.disabled = !canManageWorkspace || selectedCount === 0;
        }
        if (deleteButton) {
            deleteButton.hidden = selectedCount === 0;
            deleteButton.disabled = !canManageWorkspace || selectedCount === 0;
            deleteButton.textContent = selectedCount > 1 ? 'Delete Selected (' + String(selectedCount) + ')' : 'Delete Selected';
        }
    }

    function productDeleteEligibleRows(rows = filteredProductRows()) {
        return rows.filter((row) => Number(row.can_delete) === 1);
    }

    function syncProductViewControls() {
        const activeButton = $('#products-view-active');
        const archivedButton = $('#products-view-archived');
        const summary = $('#products-view-summary');
        const activeCount = state.products.filter((row) => Number(row.is_active) !== 0).length;
        const archivedCount = state.products.filter((row) => Number(row.is_active) === 0).length;

        $('#products-active-count').textContent = String(activeCount);
        $('#products-archived-count').textContent = String(archivedCount);

        if (activeButton) {
            const isActiveView = state.productListView === 'active';
            activeButton.classList.toggle('active', isActiveView);
            activeButton.setAttribute('aria-selected', isActiveView ? 'true' : 'false');
        }
        if (archivedButton) {
            const isArchivedView = state.productListView === 'archived';
            archivedButton.classList.toggle('active', isArchivedView);
            archivedButton.setAttribute('aria-selected', isArchivedView ? 'true' : 'false');
        }
        if (summary) {
            summary.textContent = state.productListView === 'archived'
                ? 'Archived products stay out of batch recording until they are restored.'
                : 'View active products used for current batch recording.';
        }
    }

    function syncProductSelectionControls(rows = filteredProductRows()) {
        const selectAll = $('#products-select-all');
        const summary = $('#products-selection-summary');
        const clearButton = $('#products-clear-selection');
        const deleteButton = $('#products-delete-selected');
        const selectVisibleButton = $('#products-select-visible');
        const deletableRows = productDeleteEligibleRows(rows);
        const visibleIds = deletableRows.map((row) => Number(row.id)).filter((id) => Number.isFinite(id) && id > 0);
        const selectedCount = state.selectedProductIds.size;
        const visibleSelectedCount = visibleIds.filter((id) => state.selectedProductIds.has(id)).length;

        if (summary) {
            if (selectedCount === 0) {
                summary.textContent = rows.length > 0 && visibleIds.length === 0 ? 'Products already used in saved batches can be archived but not deleted.' : 'No products selected.';
            } else if (selectedCount === 1) {
                summary.textContent = '1 product selected.';
            } else {
                summary.textContent = String(selectedCount) + ' products selected.';
            }
        }

        if (selectAll) {
            selectAll.checked = visibleIds.length > 0 && visibleSelectedCount === visibleIds.length;
            selectAll.indeterminate = visibleSelectedCount > 0 && visibleSelectedCount < visibleIds.length;
            selectAll.disabled = !canManageWorkspace || visibleIds.length === 0;
        }

        if (selectVisibleButton) {
            selectVisibleButton.disabled = !canManageWorkspace || visibleIds.length === 0;
        }
        if (clearButton) {
            clearButton.hidden = selectedCount === 0;
            clearButton.disabled = !canManageWorkspace || selectedCount === 0;
        }
        if (deleteButton) {
            deleteButton.hidden = selectedCount === 0;
            deleteButton.disabled = !canManageWorkspace || selectedCount === 0;
            deleteButton.textContent = selectedCount > 1 ? 'Delete Selected (' + String(selectedCount) + ')' : 'Delete Selected';
        }
    }

    function syncDeliverySelectionControls(rows = filteredDeliveryRows()) {
        syncSelectionControls({ rows, selectedIds: state.selectedDeliveryIds, prefix: 'deliveries', noun: 'deliveries', singular: 'delivery' });
    }

    function normalizeTwoDecimalQuantity(value, fallback = '1.00') {
        const numeric = Number.parseFloat(String(value ?? '').trim());
        if (!Number.isFinite(numeric) || numeric <= 0) {
            return fallback;
        }
        return numeric.toFixed(2);
    }

    function displayTwoDecimalQuantity(value, fallback = '0.00') {
        const numeric = Number.parseFloat(String(value ?? '').trim());
        if (!Number.isFinite(numeric)) {
            return fallback;
        }
        return numeric.toFixed(2);
    }

    function displayUsageQuantity(value, fallback = null) {
        const numeric = Number.parseFloat(String(value ?? '').trim());
        if (!Number.isFinite(numeric)) {
            return fallback === null ? (0).toFixed(state.usageDecimalPlaces) : fallback;
        }

        return numeric.toFixed(state.usageDecimalPlaces);
    }

    function formatCurrencyDisplay(value, fallback = 'PHP 0.00') {
        const numeric = Number.parseFloat(String(value ?? '').trim());
        if (!Number.isFinite(numeric)) {
            return fallback;
        }
        return 'PHP ' + numeric.toFixed(2);
    }

    function renderProductsTable(rows) {
        const tbody = document.querySelector('#products-table tbody');
        if (!tbody) {
            return;
        }

        const totalColumns = productRecipesEnabled ? 7 : 6;
        const recipeCellStyle = productRecipesEnabled ? '' : ' style="display:none;"';

        if (!rows.length) {
            tbody.innerHTML = '<tr><td colspan="' + String(totalColumns) + '" class="bakeshop-muted">' + escapeHtml(state.productListView === 'archived' ? 'No archived products yet.' : 'No active products yet.') + '</td></tr>';
            syncProductViewControls();
            syncProductSelectionControls(rows);
            return;
        }

        tbody.innerHTML = rows.map((row) => {
            const resolvedRowId = normalizedRowId('product', row);
            const selected = resolvedRowId > 0 && state.selectedProductIds.has(resolvedRowId);
            const selectionCell = canManageWorkspace && resolvedRowId > 0 && Number(row.can_delete) === 1
                ? '<td class="bakeshop-checkbox-cell"><input class="bakeshop-checkbox" type="checkbox" data-product-select="' + escapeHtml(resolvedRowId) + '" aria-label="Select product ' + escapeHtml(row.name || String(resolvedRowId)) + '"' + (selected ? ' checked' : '') + '></td>'
                : '<td class="bakeshop-checkbox-cell"></td>';

            const dependencyNote = Number(row.production_reference_count) > 0
                ? '<div class="bakeshop-inline-note">Used by ' + escapeHtml(String(row.production_reference_count)) + ' saved batch' + (Number(row.production_reference_count) === 1 ? '' : 'es') + '.</div>'
                : '';

            return '<tr data-row-kind="product" data-row-id="' + escapeHtml(resolvedRowId) + '">'
                + selectionCell
                + '<td><strong>' + escapeHtml(row.name) + '</strong><div class="bakeshop-inline-note">' + escapeHtml(row.sku || 'No SKU') + '</div>' + dependencyNote + '</td>'
                + '<td>' + escapeHtml(row.category || '—') + '</td>'
                + '<td>' + displayTwoDecimalQuantity(row.default_yield_qty) + ' ' + escapeHtml(row.default_yield_unit_code || '') + '</td>'
                + '<td' + recipeCellStyle + '>' + escapeHtml(row.recipe_item_count) + '</td>'
                + '<td>' + rowStatusChip(row.is_active) + '</td>'
                + '<td>' + rowActionButtons('product', row) + '</td>'
                + '</tr>';
        }).join('');

        syncProductViewControls();
        syncProductSelectionControls(rows);
    }

    function renderDeliveryDetail(row) {
        const items = Array.isArray(row.items) ? row.items : [];
        return '<div class="bakeshop-detail-stack">'
            + '<strong>' + escapeHtml(row.source_label || 'Commissary') + '</strong>'
            + '<span class="bakeshop-inline-note">' + escapeHtml(row.received_by || 'Receiver not recorded') + (row.cost_basis_summary ? ' · ' + escapeHtml(row.cost_basis_summary) : '') + '</span>'
            + '<span class="bakeshop-inline-note">Coverage: ' + escapeHtml(String(row.coverage_days || 1)) + ' day(s)</span>'
            + '<span class="bakeshop-inline-note">' + escapeHtml(String(row.item_count || items.length || 0)) + ' lines · ' + escapeHtml(String(row.total_quantity || '0')) + ' total qty · ' + formatCurrencyDisplay(row.total_amount) + ' total amount</span>'
            + renderDetailList(items, (item) => escapeHtml(item.ingredient_name || 'Ingredient') + ': ' + escapeHtml(String(item.qty || '0')) + ' ' + escapeHtml(item.unit_code || '') + ((item.unit_cost !== null && item.unit_cost !== undefined && item.unit_cost !== '') ? (' @ ' + formatCurrencyDisplay(item.unit_cost)) : '') + ' · ' + escapeHtml(item.cost_basis_label || 'Delivery Source'), 'No delivery line detail loaded.')
            + '</div>';
    }

    function renderProductionSnapshotDetail(row) {
        const items = Array.isArray(row.items) ? row.items : [];
        return '<div class="bakeshop-detail-stack">'
            + '<strong>' + escapeHtml(String(row.consumed_item_count || items.length || 0)) + ' ingredient line(s)</strong>'
            + '<span class="bakeshop-inline-note">' + escapeHtml(String(row.total_consumed_qty || '0')) + ' total ingredient quantity</span>'
            + renderDetailList(items, (item) => escapeHtml(item.ingredient_name || 'Ingredient') + ': ' + escapeHtml(String(item.qty_used || '0')) + ' ' + escapeHtml(item.unit_code || ''), 'No ingredient-use detail was saved for this entry.')
            + '</div>';
    }

    function nowLocalDateTime() {
        const date = new Date();
        const pad = (value) => String(value).padStart(2, '0');
        return [date.getFullYear(), pad(date.getMonth() + 1), pad(date.getDate())].join('-') + 'T' + [pad(date.getHours()), pad(date.getMinutes())].join(':');
    }

    function nowLocalDate() {
        return nowLocalDateTime().slice(0, 10);
    }

    function syncDeliverySourceField() {
        const sourceType = $('#delivery-source-type');
        const sourceNameField = $('#delivery-source-name-field');
        const sourceNameInput = $('#delivery-source-name');
        if (!sourceType || !sourceNameField || !sourceNameInput) {
            return;
        }

        const isOther = sourceType.value === 'other';
        sourceNameField.hidden = !isOther;
        sourceNameInput.disabled = !isOther;
        if (!isOther) {
            sourceNameInput.value = '';
        }
    }

    function apiUrl(base, params = {}) {
        const url = new URL(base, window.location.origin);
        Object.entries(params).forEach(([key, value]) => {
            if (value !== null && value !== undefined && value !== '') {
                url.searchParams.set(key, value);
            }
        });
        return url.toString();
    }

    async function request(url, options = {}) {
        const requestUrl = new URL(String(url || ''), window.location.origin).toString();
        const response = await fetch(requestUrl, {
            headers: {
                'Accept': 'application/json',
                ...(options.body ? { 'Content-Type': 'application/json' } : {}),
                ...((options.method || 'GET').toUpperCase() !== 'GET' ? { 'X-CSRF-Token': csrfToken } : {}),
                ...(options.headers || {})
            },
            credentials: 'same-origin',
            ...options
        });

        const payload = await response.json().catch(() => ({ ok: false, error: 'Invalid server response' }));
        if (!response.ok || payload.ok === false) {
            throw new Error(payload.error || 'Request failed');
        }

        return payload.data || {};
    }

    function populateSelect(selector, items, mapFn, includeBlankLabel = '') {
        const select = $(selector);
        if (!select) {
            return;
        }

        const currentValue = select.value;
        const options = [];
        if (includeBlankLabel !== null) {
            options.push('<option value="">' + escapeHtml(includeBlankLabel) + '</option>');
        }
        items.forEach((item) => {
            const mapped = mapFn(item);
            options.push('<option value="' + escapeHtml(mapped.value) + '">' + escapeHtml(mapped.label) + '</option>');
        });
        select.innerHTML = options.join('');

        if (currentValue && Array.from(select.options).some((option) => option.value === currentValue)) {
            select.value = currentValue;
        }
    }

    function applyWorkspaceAccessMode() {
        if (canManageWorkspace) {
            return;
        }

        manageRequiredForms.forEach((form) => {
            form.querySelectorAll('input, select, textarea, button').forEach((field) => {
                if (field instanceof HTMLElement && field.getAttribute('type') === 'hidden') {
                    return;
                }
                field.disabled = true;
            });
        });
    }

    function tableSearchQuery(selector) {
        const input = $(selector);
        return input ? String(input.value || '').trim().toLowerCase() : '';
    }

    function rowMatchesSearch(query, values) {
        if (query === '') {
            return true;
        }

        return values
            .map((value) => String(value || '').toLowerCase())
            .join(' ')
            .includes(query);
    }

    function renderDetailList(items, renderItem, emptyMessage = 'No detail loaded.') {
        const listItems = Array.isArray(items) ? items : [];
        if (!listItems.length) {
            return '<div class="bakeshop-detail-list"><span>' + escapeHtml(emptyMessage) + '</span></div>';
        }

        return '<div class="bakeshop-detail-list">'
            + listItems.map((item) => '<span>' + renderItem(item) + '</span>').join('')
            + '</div>';
    }

    function renderTable(selector, rows, columns, emptyMessage = 'No rows yet.', rowKind = '') {
        const tbody = document.querySelector(selector + ' tbody');
        if (!tbody) {
            return;
        }

        if (!rows.length) {
            tbody.innerHTML = '<tr><td colspan="' + columns.length + '" class="bakeshop-muted">' + escapeHtml(emptyMessage) + '</td></tr>';
            return;
        }

        tbody.innerHTML = rows.map((row) => {
            const cells = columns.map((column) => '<td>' + column(row) + '</td>').join('');
            const resolvedRowId = rowKind ? normalizedRowId(rowKind, row) : Number(row && row.id ? row.id : 0);
            const rowAttrs = rowKind && resolvedRowId > 0
                ? ' data-row-kind="' + escapeHtml(rowKind) + '" data-row-id="' + escapeHtml(resolvedRowId) + '"'
                : '';
            return '<tr' + rowAttrs + '>' + cells + '</tr>';
        }).join('');
    }

    function clearFocusSearch() {
        const url = new URL(window.location.href);
        url.searchParams.delete('focus_kind');
        url.searchParams.delete('focus_id');
        const next = url.pathname + (url.search ? url.search : '') + (url.hash ? url.hash : '');
        history.replaceState(null, '', next);
    }

    function setFocusNote(selector, message) {
        const element = $(selector);
        if (!element) {
            return;
        }

        element.hidden = !message;
        element.textContent = message || '';
    }

    function openFocusedEditor(kind, row) {
        if (kind === 'branch') {
            editBranch(row, 'history');
            return true;
        }
        if (kind === 'product') {
            editProduct(row, 'history');
            return true;
        }
        if (kind === 'ingredient') {
            editIngredient(row, 'history');
            return true;
        }
        if (kind === 'delivery') {
            state.expandedDeliveryId = Number(row.id || 0);
            renderOperationalTables();
            return false;
        }
        if (kind === 'recipe') {
            editRecipe(row, 'history');
            return true;
        }
        if (kind === 'production') {
            editProduction(row, 'history');
            return true;
        }
        return false;
    }

    function applyFocusedRow(selector, kind, rows, label) {
        if (focusState.applied || focusState.kind !== kind || !Number.isFinite(focusState.id) || focusState.id <= 0) {
            return;
        }

        const match = rows.find((row) => Number(row.id) === focusState.id);
        if (!match) {
            return;
        }

        const tableRow = document.querySelector(selector + ' tbody tr[data-row-kind="' + kind + '"][data-row-id="' + focusState.id + '"]');
        if (!tableRow) {
            return;
        }

        tableRow.classList.add('bakeshop-row-focus');
        if (openFocusedEditor(kind, match)) {
            showBanner(label + ' record opened from activity history for review.', true);
        } else {
            tableRow.scrollIntoView({ behavior: 'smooth', block: 'center' });
            showBanner(label + ' record opened from activity history.', true);
        }
        focusState.applied = true;
        clearFocusSearch();
    }

    function updateStats() {
        $('#stat-branches').textContent = String(state.branches.length);
        $('#stat-products').textContent = String(state.products.length);
        $('#stat-ingredients').textContent = String(state.ingredients.length);
        const recipeStat = $('#stat-recipes');
        if (recipeStat) {
            recipeStat.textContent = String(state.recipes.length);
        }
    }

    function filteredIngredientRows() {
        const ingredientQuery = tableSearchQuery('#ingredients-filter');
        const showArchived = state.ingredientListView === 'archived';
        return state.ingredients.filter((row) => {
            const isArchived = Number(row.is_active) === 0;
            if (showArchived !== isArchived) {
                return false;
            }

            return rowMatchesSearch(ingredientQuery, [row.name, row.sku, row.default_unit_code, row.default_unit_name]);
        });
    }

    function syncIngredientViewControls() {
        const activeButton = $('#ingredients-view-active');
        const archivedButton = $('#ingredients-view-archived');
        const summary = $('#ingredients-view-summary');
        const activeCount = state.ingredients.filter((row) => Number(row.is_active) !== 0).length;
        const archivedCount = state.ingredients.filter((row) => Number(row.is_active) === 0).length;

        $('#ingredients-active-count').textContent = String(activeCount);
        $('#ingredients-archived-count').textContent = String(archivedCount);

        if (activeButton) {
            const isActiveView = state.ingredientListView === 'active';
            activeButton.classList.toggle('active', isActiveView);
            activeButton.setAttribute('aria-selected', isActiveView ? 'true' : 'false');
        }
        if (archivedButton) {
            const isArchivedView = state.ingredientListView === 'archived';
            archivedButton.classList.toggle('active', isArchivedView);
            archivedButton.setAttribute('aria-selected', isArchivedView ? 'true' : 'false');
        }
        if (summary) {
            summary.textContent = state.ingredientListView === 'archived'
                ? 'Archived ingredients stay out of delivery and recipe pickers until they are restored.'
                : 'View active ingredients used in current operations.';
        }
    }

    function ingredientDeleteEligibleRows(rows = filteredIngredientRows()) {
        return rows.filter((row) => Number(row.can_delete) === 1);
    }

    function pruneIngredientSelection() {
        const validIds = new Set(state.ingredients
            .filter((row) => Number(row.can_delete) === 1)
            .map((row) => Number(row.id))
            .filter((id) => Number.isFinite(id) && id > 0));
        Array.from(state.selectedIngredientIds).forEach((id) => {
            if (!validIds.has(id)) {
                state.selectedIngredientIds.delete(id);
            }
        });
    }

    function syncIngredientSelectionControls(rows = filteredIngredientRows()) {
        const selectAll = $('#ingredients-select-all');
        const summary = $('#ingredients-selection-summary');
        const clearButton = $('#ingredients-clear-selection');
        const deleteButton = $('#ingredients-delete-selected');
        const selectVisibleButton = $('#ingredients-select-visible');
        const deletableRows = ingredientDeleteEligibleRows(rows);
        const visibleIds = deletableRows.map((row) => Number(row.id)).filter((id) => Number.isFinite(id) && id > 0);
        const selectedCount = state.selectedIngredientIds.size;
        const visibleSelectedCount = visibleIds.filter((id) => state.selectedIngredientIds.has(id)).length;

        if (summary) {
            if (selectedCount === 0) {
                summary.textContent = rows.length > 0 && visibleIds.length === 0 ? 'Ingredients already in use can be archived but not deleted.' : 'No ingredients selected.';
            } else if (selectedCount === 1) {
                summary.textContent = '1 ingredient selected.';
            } else {
                summary.textContent = String(selectedCount) + ' ingredients selected.';
            }
        }

        if (selectAll) {
            selectAll.checked = visibleIds.length > 0 && visibleSelectedCount === visibleIds.length;
            selectAll.indeterminate = visibleSelectedCount > 0 && visibleSelectedCount < visibleIds.length;
            selectAll.disabled = !canManageWorkspace || visibleIds.length === 0;
        }

        if (selectVisibleButton) {
            selectVisibleButton.disabled = !canManageWorkspace || visibleIds.length === 0;
        }
        if (clearButton) {
            clearButton.hidden = selectedCount === 0;
            clearButton.disabled = !canManageWorkspace || selectedCount === 0;
        }
        if (deleteButton) {
            deleteButton.hidden = selectedCount === 0;
            deleteButton.disabled = !canManageWorkspace || selectedCount === 0;
            deleteButton.textContent = selectedCount > 1 ? 'Delete Selected (' + String(selectedCount) + ')' : 'Delete Selected';
        }
    }

    function renderIngredientsTable(rows) {
        const tbody = document.querySelector('#ingredients-table tbody');
        if (!tbody) {
            return;
        }

        if (!rows.length) {
            tbody.innerHTML = '<tr><td colspan="7" class="bakeshop-muted">' + escapeHtml(state.ingredientListView === 'archived' ? 'No archived ingredients yet.' : 'No active ingredients yet.') + '</td></tr>';
            syncIngredientViewControls();
            syncIngredientSelectionControls(rows);
            return;
        }

        tbody.innerHTML = rows.map((row) => {
            const resolvedRowId = normalizedRowId('ingredient', row);
            const selected = resolvedRowId > 0 && state.selectedIngredientIds.has(resolvedRowId);
            const selectionCell = canManageWorkspace && resolvedRowId > 0 && Number(row.can_delete) === 1
                ? '<td class="bakeshop-checkbox-cell"><input class="bakeshop-checkbox" type="checkbox" data-ingredient-select="' + escapeHtml(resolvedRowId) + '" aria-label="Select ingredient ' + escapeHtml(row.name || String(resolvedRowId)) + '"' + (selected ? ' checked' : '') + '></td>'
                : '<td class="bakeshop-checkbox-cell"></td>';

            const dependencyNotes = [];
            if (Number(row.recipe_reference_count) > 0) {
                dependencyNotes.push(String(row.recipe_reference_count) + ' recipe line(s)');
            }
            if (Number(row.delivery_reference_count) > 0) {
                dependencyNotes.push(String(row.delivery_reference_count) + ' delivery line(s)');
            }
            if (Number(row.production_reference_count) > 0) {
                dependencyNotes.push(String(row.production_reference_count) + ' production snapshot line(s)');
            }
            if (Number(row.usage_reference_count) > 0) {
                dependencyNotes.push(String(row.usage_reference_count) + ' usage record(s)');
            }
            const dependencyNote = dependencyNotes.length > 0
                ? '<div class="bakeshop-inline-note">In use by ' + escapeHtml(dependencyNotes.join(' · ')) + '.</div>'
                : '';

            return '<tr data-row-kind="ingredient" data-row-id="' + escapeHtml(resolvedRowId) + '">'
                + selectionCell
                + '<td><strong>' + escapeHtml(row.name) + '</strong>' + dependencyNote + '</td>'
                + '<td>' + escapeHtml(row.sku || '—') + '</td>'
                + '<td>' + escapeHtml([row.default_unit_code, row.default_unit_name].filter(Boolean).join(' — ') || '—') + '</td>'
                + '<td>' + escapeHtml(formatIngredientPack(row)) + '</td>'
                + '<td>' + rowStatusChip(row.is_active) + '</td>'
                + '<td>' + rowActionButtons('ingredient', row) + '</td>'
                + '</tr>';
        }).join('');

        syncIngredientViewControls();
        syncIngredientSelectionControls(rows);
    }

    function renderDeliveriesTable(rows) {
        const tbody = document.querySelector('#deliveries-table tbody');
        if (!tbody) {
            return;
        }

        if (!rows.length) {
            tbody.innerHTML = '<tr><td colspan="6" class="bakeshop-muted">No deliveries yet.</td></tr>';
            syncDeliverySelectionControls(rows);
            return;
        }

        tbody.innerHTML = rows.map((row) => {
            const resolvedRowId = normalizedRowId('delivery', row);
            const selected = resolvedRowId > 0 && state.selectedDeliveryIds.has(resolvedRowId);
            const expanded = resolvedRowId > 0 && Number(state.expandedDeliveryId || 0) === resolvedRowId;
            const selectionCell = canManageWorkspace && resolvedRowId > 0
                ? '<td class="bakeshop-checkbox-cell"><input class="bakeshop-checkbox" type="checkbox" data-delivery-select="' + escapeHtml(resolvedRowId) + '" aria-label="Select delivery ' + escapeHtml(row.reference || String(resolvedRowId)) + '"' + (selected ? ' checked' : '') + '></td>'
                : '<td class="bakeshop-checkbox-cell"></td>';
            const actionButtons = [
                '<button type="button" class="bakeshop-link-button" data-action="toggle-delivery-detail" data-id="' + escapeHtml(row.id) + '">' + (expanded ? 'Hide Details' : 'View Details') + '</button>'
            ];
            if (canManageWorkspace) {
                actionButtons.push('<button type="button" class="bakeshop-link-button warn" data-action="delete-delivery" data-id="' + escapeHtml(row.id) + '">Delete</button>');
            }

            return '<tr data-row-kind="delivery" data-row-id="' + escapeHtml(resolvedRowId) + '">'
                + selectionCell
                + '<td><strong>' + escapeHtml(row.branch_name || '—') + '</strong><div class="bakeshop-inline-note">' + escapeHtml(row.source_label || 'Delivery source not set') + '</div></td>'
                + '<td>' + escapeHtml(row.delivered_at || '—') + '</td>'
                + '<td>' + escapeHtml(row.reference || '—') + '<div class="bakeshop-inline-note">' + escapeHtml(row.received_by || 'Receiver not set') + '</div></td>'
                + '<td><div class="bakeshop-detail-stack"><span>' + escapeHtml(row.item_count || 0) + ' item(s)</span><span>' + escapeHtml(row.total_quantity || '0') + ' total qty</span><span>' + escapeHtml(String(row.coverage_days || 1)) + ' day coverage</span><span>' + escapeHtml(row.cost_basis_summary || 'Cost basis pending') + '</span></div></td>'
                + '<td><div class="bakeshop-row-actions">' + actionButtons.join('') + '</div></td>'
                + '</tr>'
                + (expanded
                    ? '<tr class="bakeshop-row-focus"><td colspan="6">' + renderDeliveryDetail(row) + '</td></tr>'
                    : '');
        }).join('');

        syncDeliverySelectionControls(rows);
    }

    function renderBranchTables() {
        const filteredBranches = state.branches.filter((row) => rowMatchesSearch(tableSearchQuery('#branches-filter'), [row.code, row.name, row.address]));

        renderTable('#branches-table', filteredBranches, [
            (row) => escapeHtml(row.code),
            (row) => escapeHtml(row.name),
            (row) => escapeHtml(row.address || '—'),
            (row) => rowStatusChip(row.is_active),
            (row) => rowActionButtons('branch', row)
        ], 'No branches yet.', 'branch');
        applyFocusedRow('#branches-table', 'branch', filteredBranches, 'Branch');

        const activeBranches = activeBranchRows();
        populateSelect('#delivery-branch', activeBranches, (row) => ({ value: row.id, label: row.code + ' — ' + row.name }), 'Select branch');
        populateSelect('#production-branch', activeBranches, (row) => ({ value: row.id, label: row.code + ' — ' + row.name }), 'Select branch');
        populateSelect('#product-target-branch', activeBranches, (row) => ({ value: row.id, label: row.code + ' — ' + row.name }), 'Select branch');
        populateSelect('#usage-branch', state.branches, (row) => ({ value: row.id, label: row.code + ' — ' + row.name }), 'All branches');

        if (state.productTargetBranchId <= 0 && activeBranches[0]) {
            state.productTargetBranchId = Number(activeBranches[0].id || 0);
        }

        renderProductTargetsTable();
    }

    function renderCatalogTables() {
        const activeProductId = Number(state.activeProductId || 0);
        const recipeQuery = tableSearchQuery('#recipes-filter');
        if (focusState.kind === 'product' && !focusState.applied) {
            const focusedProduct = state.products.find((row) => Number(row.id) === focusState.id);
            if (focusedProduct) {
                state.productListView = Number(focusedProduct.is_active) === 0 ? 'archived' : 'active';
            }
        }
        if (focusState.kind === 'ingredient' && !focusState.applied) {
            const focusedIngredient = state.ingredients.find((row) => Number(row.id) === focusState.id);
            if (focusedIngredient) {
                state.ingredientListView = Number(focusedIngredient.is_active) === 0 ? 'archived' : 'active';
            }
        }
        const filteredProducts = filteredProductRows();
        const filteredIngredients = filteredIngredientRows();
        const filteredRecipes = activeProductId > 0
            ? state.recipes.filter((row) => Number(row.product_id) === activeProductId && rowMatchesSearch(recipeQuery, [row.ingredient_name, row.unit_code, row.notes]))
            : [];

        renderProductsTable(filteredProducts);

        renderIngredientsTable(filteredIngredients);

        renderTable('#recipes-table', filteredRecipes, [
            (row) => escapeHtml(row.ingredient_name),
            (row) => displayTwoDecimalQuantity(row.qty),
            (row) => escapeHtml(row.unit_code),
            (row) => escapeHtml(row.notes || '—'),
            (row) => canManageWorkspace
                ? '<div class="bakeshop-row-actions"><button type="button" class="bakeshop-link-button" data-action="edit-recipe" data-id="' + escapeHtml(row.id) + '">Edit</button><button type="button" class="bakeshop-link-button warn" data-action="delete-recipe" data-id="' + escapeHtml(row.id) + '">Delete</button></div>'
                : '<span class="bakeshop-inline-note">View only</span>'
        ], activeProductId > 0 ? 'No recipe lines yet for this product.' : 'Edit a product to view its recipe lines.', 'recipe');
        applyFocusedRow('#products-table', 'product', filteredProducts, 'Product');
        applyFocusedRow('#ingredients-table', 'ingredient', filteredIngredients, 'Ingredient');
        applyFocusedRow('#recipes-table', 'recipe', filteredRecipes, 'Recipe line');

        if (activeProductId > 0) {
            const activeProductRow = document.querySelector('#products-table tbody tr[data-row-kind="product"][data-row-id="' + activeProductId + '"]');
            if (activeProductRow) {
                activeProductRow.classList.add('bakeshop-row-editing');
            }
        }

        populateSelect('#product-yield-unit', state.units, (row) => ({ value: row.id, label: row.code + ' — ' + row.name }), 'Select yield unit');
        populateSelect('#ingredient-unit', state.units, (row) => ({ value: row.id, label: row.code + ' — ' + row.name }), 'Select default unit');
        populateSelect('#recipe-unit', state.units, (row) => ({ value: row.id, label: row.code + ' — ' + row.name }), 'Select unit');
        const activeProducts = state.products.filter((row) => Number(row.is_active) !== 0);
        const activeIngredients = state.ingredients.filter((row) => Number(row.is_active) !== 0);
        populateSelect('#product-target-product', activeProducts, (row) => ({ value: row.id, label: row.name + (row.default_yield_unit_code ? (' — ' + row.default_yield_unit_code) : '') }), 'Select product');
        syncIngredientPackUnitOptions(ingredientForm?.elements.namedItem('pack_unit_id')?.value || '');
        syncProductTargetUnitOptions(productTargetForm?.elements.namedItem('unit_id')?.value || '');
        const filteredProductionProducts = activeProducts.filter((row) => rowMatchesSearch(tableSearchQuery('#production-products-filter'), [row.name, row.sku, row.category, row.default_yield_unit_code]));
        renderProductionProductsTable(filteredProductionProducts);
        renderProductTargetsTable();
        populateSelect('#recipe-ingredient', activeIngredients, (row) => ({ value: row.id, label: row.name }), 'Select ingredient');
        syncRecipePanel();
    }

    function renderOperationalTables() {
        const filteredDeliveries = filteredDeliveryRows();
        const filteredProduction = state.production.filter((row) => rowMatchesSearch(tableSearchQuery('#production-filter'), [row.branch_name, row.product_name, row.produced_at, row.produced_by, row.notes, row.qty_produced, row.default_yield_unit_code, row.consumed_item_count, row.total_consumed_qty]));

        if (focusState.kind === 'delivery' && !focusState.applied) {
            activateDeliverySectionTab('saved');
        }

        renderDeliveriesTable(filteredDeliveries);

        renderTable('#production-table', filteredProduction, [
            (row) => escapeHtml(row.branch_name),
            (row) => escapeHtml(row.product_name) + (Number(row.id || 0) === Number(state.lastSavedProductionId || 0) ? ' <span class="bakeshop-chip recent">Recent</span>' : ''),
            (row) => escapeHtml(row.produced_at),
            (row) => escapeHtml(row.qty_produced) + ' ' + escapeHtml(row.default_yield_unit_code || ''),
            (row) => renderProductionSnapshotDetail(row),
            (row) => canManageWorkspace
                ? '<div class="bakeshop-row-actions"><button type="button" class="bakeshop-link-button" data-action="edit-production" data-id="' + escapeHtml(row.id) + '">Edit Details</button><button type="button" class="bakeshop-link-button warn" data-action="void-production" data-id="' + escapeHtml(row.id) + '">Void Entry</button></div>'
                : '<span class="bakeshop-inline-note">View only</span>'
        ], 'No saved entries yet.', 'production');
        document.querySelectorAll('#production-table tbody tr[data-row-kind="production"]').forEach((rowElement) => {
            const rowId = Number(rowElement.getAttribute('data-row-id') || '0');
            rowElement.classList.toggle('bakeshop-row-recent', rowId > 0 && rowId === Number(state.lastSavedProductionId || 0));
        });
        const productionSavedCount = $('#production-saved-count');
        const productionSavedLatestItem = $('#production-saved-latest-item');
        const productionSavedLatestBranch = $('#production-saved-latest-branch');
        if (productionSavedCount) {
            productionSavedCount.textContent = String(filteredProduction.length || 0);
        }
        if (productionSavedLatestItem) {
            productionSavedLatestItem.textContent = state.lastSavedProductionSummary && state.lastSavedProductionSummary.product_name
                ? state.lastSavedProductionSummary.product_name
                : 'None yet';
        }
        if (productionSavedLatestBranch) {
            productionSavedLatestBranch.textContent = state.lastSavedProductionSummary && state.lastSavedProductionSummary.branch_name
                ? state.lastSavedProductionSummary.branch_name
                : 'No branch yet';
        }
        applyFocusedRow('#deliveries-table', 'delivery', filteredDeliveries, 'Delivery');
        applyFocusedRow('#production-table', 'production', filteredProduction, 'Saved entry');
    }

    function renderUsage() {
        const filteredUsage = state.usage.filter((row) => rowMatchesSearch(tableSearchQuery('#usage-filter'), [row.branch_name, row.period_date, row.ingredient_name, row.unit_code || row.dimension, row.delivered_qty_base, row.consumed_qty_base, row.variance_qty_base]));
        const filteredInventory = state.inventorySnapshot.filter((row) => rowMatchesSearch(tableSearchQuery('#inventory-filter'), [row.branch_name, row.ingredient_name, row.unit_code || row.dimension, row.delivered_qty_base, row.consumed_qty_base, row.on_hand_qty_base]));

        renderTable('#usage-table', filteredUsage, [
            (row) => escapeHtml(row.branch_name),
            (row) => escapeHtml(row.period_date),
            (row) => escapeHtml(row.ingredient_name),
            (row) => escapeHtml(row.unit_code || row.dimension || 'unit'),
            (row) => escapeHtml(row.delivered_qty_base),
            (row) => escapeHtml(row.consumed_qty_base),
            (row) => escapeHtml(row.variance_qty_base)
        ], 'No usage rows matched the selected filters.');

        const usageZeroValue = (0).toFixed(state.usageDecimalPlaces);
        $('#usage-total-delivered').textContent = state.usageTotals.delivered_display || state.usageTotals.delivered_qty_base || usageZeroValue;
        $('#usage-total-consumed').textContent = state.usageTotals.consumed_display || state.usageTotals.consumed_qty_base || usageZeroValue;
        $('#usage-total-variance').textContent = state.usageTotals.variance_display || state.usageTotals.variance_qty_base || usageZeroValue;
        $('#usage-factual-ingredients').textContent = String(state.factualSummary.ingredient_count || 0);
        $('#usage-factual-deliveries').textContent = String(state.factualSummary.delivery_item_count || 0);
        $('#usage-factual-runs').textContent = String(state.factualSummary.production_run_count || 0);

        renderTable('#inventory-table', filteredInventory, [
            (row) => escapeHtml(row.branch_name),
            (row) => escapeHtml(row.ingredient_name),
            (row) => escapeHtml(row.unit_code || row.dimension || 'unit'),
            (row) => escapeHtml(row.delivered_qty_base),
            (row) => escapeHtml(row.consumed_qty_base),
            (row) => '<strong>' + escapeHtml(row.on_hand_qty_base) + '</strong>'
        ], 'No inventory snapshot rows are available for the selected branch yet.');
        $('#inventory-total-on-hand').textContent = state.inventoryTotals.on_hand_display || state.inventoryTotals.on_hand_qty_base || usageZeroValue;
        $('#inventory-total-lines').textContent = String(state.inventoryTotals.item_count || state.inventorySnapshot.length || 0);
        renderDrProjectionTables();
    }

    function syncPrintLink() {
        const scope = currentReportScope();
        const drScope = currentDrProjectionScope();

        if (printLink) {
            printLink.href = apiUrl('/admin/bakeshop/print', scope);
        }

        [drProjectionPrintLink, drProjectionInlinePrintLink].forEach((link) => {
            if (!link) {
                return;
            }

            link.href = apiUrl('/admin/bakeshop/print/dr-projection', drScope);
            link.setAttribute('aria-disabled', canLoadDrProjection(drScope) ? 'false' : 'true');
        });
    }

    function collectDeliveryItems() {
        return Array.from(deliveryLines.querySelectorAll('tr[data-ingredient-id]')).map((row) => ({
            ingredient_id: row.getAttribute('data-ingredient-id') || '',
            unit_id: row.getAttribute('data-unit-id') || '',
            qty: row.querySelector('[data-field="qty"]').value,
            unit_cost: row.querySelector('[data-field="unit_cost"]').value,
            cost_basis: row.querySelector('[data-field="cost_basis"]').value
        })).filter((item) => {
            const parsedQty = Number(item.qty);
            return Number.isFinite(parsedQty) && parsedQty > 0;
        });
    }

    function clearDeliverySheetValues() {
        deliveryLines.querySelectorAll('[data-field="qty"], [data-field="unit_cost"]').forEach((input) => {
            input.value = '';
        });
        deliveryLines.querySelectorAll('[data-field="cost_basis"]').forEach((input) => {
            input.value = '';
        });
        deliveryLines.querySelectorAll('tr').forEach((row) => row.classList.remove('is-imported'));
        if (deliveryCsvFile) {
            deliveryCsvFile.value = '';
        }
    }

    function renderDeliverySheet() {
        const activeIngredients = state.ingredients.filter((row) => Number(row.is_active) !== 0);
        if (!deliveryLines) {
            return;
        }

        if (!activeIngredients.length) {
            deliveryLines.innerHTML = '<tr><td colspan="6" class="bakeshop-muted">Add active ingredients in Products + Recipes before recording daily deliveries.</td></tr>';
            return;
        }

        deliveryLines.innerHTML = activeIngredients.map((row) => {
            const unitLabel = [row.default_unit_code, row.default_unit_name].filter(Boolean).join(' — ');
            const searchText = [row.name, row.sku || '', row.default_unit_code || ''].join(' ').toLowerCase();
            const disabledAttr = canManageWorkspace ? '' : ' disabled';
            return '<tr data-ingredient-id="' + escapeHtml(row.id) + '" data-unit-id="' + escapeHtml(row.default_unit_id) + '" data-search="' + escapeHtml(searchText) + '">'
                + '<td><strong>' + escapeHtml(row.name) + '</strong></td>'
                + '<td>' + escapeHtml(row.sku || '—') + '</td>'
                + '<td>' + escapeHtml(unitLabel || '—') + '</td>'
                + '<td><input data-field="qty" type="number" min="0" step="0.0001" placeholder="0.0000"' + disabledAttr + '></td>'
                + '<td><input data-field="unit_cost" type="number" min="0" step="0.0001" placeholder="Optional"' + disabledAttr + '></td>'
                + '<td><select data-field="cost_basis" class="bakeshop-table-input"' + disabledAttr + '><option value="">Delivery Source</option><option value="receipt">Receipt</option><option value="price_list">Price List</option><option value="manual">Manual</option></select></td>'
                + '</tr>';
        }).join('');
    }

    function filterDeliverySheet() {
        const query = ($('#delivery-sheet-filter').value || '').trim().toLowerCase();
        deliveryLines.querySelectorAll('tr[data-ingredient-id]').forEach((row) => {
            const haystack = row.getAttribute('data-search') || '';
            row.hidden = query !== '' && !haystack.includes(query);
        });
    }

    function parseCsvRows(text) {
        const rows = [];
        let current = '';
        let row = [];
        let inQuotes = false;

        for (let index = 0; index < text.length; index += 1) {
            const char = text[index];
            const next = text[index + 1] || '';

            if (char === '"') {
                if (inQuotes && next === '"') {
                    current += '"';
                    index += 1;
                } else {
                    inQuotes = !inQuotes;
                }
                continue;
            }

            if (char === ',' && !inQuotes) {
                row.push(current);
                current = '';
                continue;
            }

            if ((char === '\n' || char === '\r') && !inQuotes) {
                if (char === '\r' && next === '\n') {
                    index += 1;
                }
                row.push(current);
                if (row.some((cell) => cell.trim() !== '')) {
                    rows.push(row);
                }
                row = [];
                current = '';
                continue;
            }

            current += char;
        }

        row.push(current);
        if (row.some((cell) => cell.trim() !== '')) {
            rows.push(row);
        }

        return rows;
    }

    function importDeliveryCsv(text) {
        const rows = parseCsvRows(text);
        if (rows.length < 2) {
            throw new Error('CSV import needs a header row and at least one data row.');
        }

        const normalizeHeader = (value) => value.trim().toLowerCase().replace(/[^a-z0-9]+/g, '_');
        const headers = rows[0].map(normalizeHeader);
        const skuIndex = headers.findIndex((header) => ['sku', 'ingredient_sku'].includes(header));
        const ingredientIndex = headers.findIndex((header) => ['ingredient', 'ingredient_name', 'name'].includes(header));
        const qtyIndex = headers.findIndex((header) => ['qty', 'quantity', 'delivered_qty'].includes(header));
        const unitCostIndex = headers.findIndex((header) => ['unit_cost', 'cost', 'unit_price'].includes(header));
        const costBasisIndex = headers.findIndex((header) => ['cost_basis', 'basis', 'cost_source'].includes(header));

        if (qtyIndex === -1 || (skuIndex === -1 && ingredientIndex === -1)) {
            throw new Error('CSV import needs `sku` or `ingredient`, plus `qty` headers.');
        }

        const rowByLookup = new Map();
        deliveryLines.querySelectorAll('tr[data-ingredient-id]').forEach((row) => {
            const cells = row.querySelectorAll('td');
            const ingredientName = (cells[0]?.textContent || '').trim().toLowerCase();
            const sku = (cells[1]?.textContent || '').trim().toLowerCase();
            if (ingredientName !== '') {
                rowByLookup.set(ingredientName, row);
            }
            if (sku !== '' && sku !== '—') {
                rowByLookup.set(sku, row);
            }
            row.classList.remove('is-imported');
        });

        let matched = 0;
        const unmatched = [];
        rows.slice(1).forEach((row) => {
            const lookupValue = String((skuIndex !== -1 ? row[skuIndex] : row[ingredientIndex]) || '').trim().toLowerCase();
            const qtyValue = String(row[qtyIndex] || '').trim();
            const unitCostValue = unitCostIndex !== -1 ? String(row[unitCostIndex] || '').trim() : '';
            const costBasisValue = costBasisIndex !== -1
                ? String(row[costBasisIndex] || '').trim().toLowerCase().replace(/[^a-z]+/g, '_')
                : '';

            if (lookupValue === '' || qtyValue === '') {
                return;
            }

            const targetRow = rowByLookup.get(lookupValue);
            if (!targetRow) {
                unmatched.push(lookupValue);
                return;
            }

            targetRow.querySelector('[data-field="qty"]').value = qtyValue;
            targetRow.querySelector('[data-field="unit_cost"]').value = unitCostValue;
            targetRow.querySelector('[data-field="cost_basis"]').value = ['receipt', 'price_list', 'manual'].includes(costBasisValue) ? costBasisValue : '';
            targetRow.classList.add('is-imported');
            matched += 1;
        });

        filterDeliverySheet();

        if (!matched) {
            throw new Error('No CSV rows matched the listed ingredients. Use SKU or exact ingredient names.');
        }

        if (unmatched.length) {
            showBanner('Imported ' + matched + ' ingredient rows. Unmatched rows: ' + unmatched.slice(0, 5).join(', ') + (unmatched.length > 5 ? '…' : '') + '.', true);
            return;
        }

        showBanner('Imported ' + matched + ' ingredient rows from CSV.', true);
    }

    function downloadDeliveryCsvTemplate() {
        const activeIngredients = state.ingredients.filter((row) => Number(row.is_active) !== 0);
        const lines = ['sku,ingredient,qty,unit_cost,cost_basis'];
        activeIngredients.forEach((row) => {
            lines.push([
                '"' + String(row.sku || '').replace(/"/g, '""') + '"',
                '"' + String(row.name || '').replace(/"/g, '""') + '"',
                '',
                '',
                ''
            ].join(','));
        });

        const blob = new Blob([lines.join('\n')], { type: 'text/csv;charset=utf-8' });
        const link = document.createElement('a');
        const objectUrl = URL.createObjectURL(blob);
        link.href = objectUrl;
        link.download = 'bakeshop-daily-deliveries-template.csv';
        document.body.appendChild(link);
        link.click();
        document.body.removeChild(link);
        URL.revokeObjectURL(objectUrl);
    }

    async function loadBranches(force = false) {
        if (!force && state.loaded.branches) {
            renderBranchTables();
            return;
        }
        const data = await request(api.branches);
        state.branches = normalizeMaintenanceRows('branch', data.items || []);
        state.loaded.branches = true;
        renderBranchTables();
    }

    async function loadUnits(force = false) {
        if (!force && state.loaded.units) {
            renderCatalogTables();
            return;
        }
        const data = await request(api.units);
        state.units = data.items || [];
        state.loaded.units = true;
        renderCatalogTables();
    }

    async function loadProducts(force = false) {
        if (!force && state.loaded.products) {
            renderCatalogTables();
            updateStats();
            return;
        }
        const data = await request(api.products);
        state.products = normalizeMaintenanceRows('product', data.items || []);
        state.loaded.products = true;
        pruneProductSelection();
        renderCatalogTables();
        updateStats();
    }

    async function loadIngredients(force = false) {
        if (!force && state.loaded.ingredients) {
            renderCatalogTables();
            renderDeliverySheet();
            filterDeliverySheet();
            updateStats();
            return;
        }
        const data = await request(api.ingredients);
        state.ingredients = normalizeMaintenanceRows('ingredient', data.items || []);
        state.loaded.ingredients = true;
        pruneIngredientSelection();
        renderCatalogTables();
        renderDeliverySheet();
        filterDeliverySheet();
        updateStats();
    }

    async function loadRecipes(force = false) {
        if (!productRecipesEnabled) {
            state.recipes = [];
            state.loaded.recipes = true;
            renderCatalogTables();
            updateStats();
            return;
        }

        if (!force && state.loaded.recipes) {
            renderCatalogTables();
            updateStats();
            return;
        }
        const data = await request(api.recipes);
        state.recipes = data.items || [];
        state.loaded.recipes = true;
        renderCatalogTables();
        updateStats();
    }

    async function loadDeliveries(force = false) {
        if (!force && state.loaded.deliveries) {
            renderOperationalTables();
            return;
        }
        const data = await request(api.deliveries);
        state.deliveries = data.items || [];
        state.loaded.deliveries = true;
        pruneDeliverySelection();
        renderOperationalTables();
    }

    async function loadProductTargets(force = false) {
        if (!force && state.loaded['product-targets']) {
            renderProductTargetsTable();
            return;
        }

        const data = await request(api.productTargets);
        state.productTargets = data.items || [];
        state.loaded['product-targets'] = true;
        renderProductTargetsTable();
    }

    async function loadProduction(force = false) {
        if (!force && state.loaded.production) {
            renderOperationalTables();
            return;
        }
        const data = await request(api.production);
        state.production = data.items || [];
        state.loaded.production = true;
        renderOperationalTables();
    }

    async function loadUsage() {
        syncPrintLink();
        const scope = currentReportScope();
        const usageBranch = $('#usage-branch');
        const usageFrom = $('#usage-from');
        const usageTo = $('#usage-to');
        if (usageBranch) {
            usageBranch.value = scope.branch_id || '';
        }
        if (usageFrom) {
            usageFrom.value = scope.from_date || '';
        }
        if (usageTo) {
            usageTo.value = scope.to_date || '';
        }
        const data = await request(apiUrl(api.usage, scope));
        if (data.settings && Number.isFinite(Number(data.settings.usage_decimal_places))) {
            state.usageDecimalPlaces = Number(data.settings.usage_decimal_places);
        }
        state.usage = data.items || [];
        state.usageTotals = data.totals || state.usageTotals;
        state.factualSummary = data.factual_summary || state.factualSummary;
        state.inventorySnapshot = (data.inventory && data.inventory.items) || [];
        state.inventoryTotals = (data.inventory && data.inventory.totals) || state.inventoryTotals;
        renderUsage();
    }

    async function loadDrProjection(force = false) {
        const scope = currentDrProjectionScope();
        const scopeKey = drProjectionScopeKey(scope);

        if (!canLoadDrProjection(scope)) {
            state.drProjection = {
                filters: null,
                branch: null,
                window_days: 0,
                ingredients: [],
                products: [],
                error: ''
            };
            state.drProjectionScopeKey = '';
            state.loaded['dr-projection'] = false;
            renderDrProjectionTables();
            return;
        }

        if (!force && state.loaded['dr-projection'] && state.drProjectionScopeKey === scopeKey) {
            renderDrProjectionTables();
            return;
        }

        const data = await request(apiUrl(api.drProjection, scope));
        const report = data.report || {};
        if (report.settings && Number.isFinite(Number(report.settings.usage_decimal_places))) {
            state.usageDecimalPlaces = Number(report.settings.usage_decimal_places);
        }
        state.drProjection = {
            filters: report.filters || null,
            branch: report.branch || null,
            window_days: Number(report.window_days || 0),
            ingredients: report.ingredients || [],
            products: report.products || [],
            error: ''
        };
        state.drProjectionScopeKey = scopeKey;
        state.loaded['dr-projection'] = true;
        renderDrProjectionTables();
    }

    async function ensureTabData(tabName, options = {}) {
        const force = options.force === true;
        const resolvedTab = resolveTabName(tabName);
        const loaders = datasetLoaders();

        for (const requirement of tabRequirementsFor(resolvedTab)) {
            await loaders[requirement](force);
        }
    }

    async function submitJson(url, payload, successMessage, after) {
        try {
            const data = await request(url, {
                method: 'POST',
                body: JSON.stringify({ _token: csrfToken, ...payload })
            });
            showBanner(successMessage, true);
            if (typeof after === 'function') {
                await after(data);
            }
            await applyCacheInvalidations(data.cache_invalidate || [], {
                refreshCurrentTab: typeof after !== 'function'
            });
            return data;
        } catch (error) {
            showBanner(error.message || 'Request failed.', false);
            return null;
        }
    }

    function confirmDelete(message) {
        return window.confirm(message);
    }

    function closeDeleteConfirm(confirmed) {
        if (deleteConfirm) {
            deleteConfirm.hidden = true;
        }
        document.body.classList.remove('bakeshop-confirm-open');

        if (typeof pendingDeleteConfirmResolve === 'function') {
            const resolve = pendingDeleteConfirmResolve;
            pendingDeleteConfirmResolve = null;
            resolve(confirmed === true);
        }
    }

    function confirmBulkDelete(options = {}) {
        const previewItems = Array.from(new Set((options.items || []).map((item) => String(item || '').trim()).filter(Boolean)));
        const previewLimit = 5;

        if (!deleteConfirm || !deleteConfirmTitle || !deleteConfirmMessage || !deleteConfirmImpact || !deleteConfirmList || !deleteConfirmOverflow || !deleteConfirmSubmit) {
            const fallbackMessage = [
                options.message || 'Delete the selected records?',
                previewItems.length ? previewItems.slice(0, previewLimit).map((item) => '- ' + item).join('\n') : '',
                previewItems.length > previewLimit ? ('+' + String(previewItems.length - previewLimit) + ' more') : ''
            ].filter(Boolean).join('\n\n');
            return Promise.resolve(window.confirm(fallbackMessage));
        }

        if (typeof pendingDeleteConfirmResolve === 'function') {
            closeDeleteConfirm(false);
        }

        deleteConfirmTitle.textContent = options.title || 'Delete selected records?';
        deleteConfirmMessage.textContent = options.message || 'Review the selected items before confirming this delete.';

        const impactMessage = String(options.impact || '').trim();
        deleteConfirmImpact.textContent = impactMessage;
        deleteConfirmImpact.hidden = impactMessage === '';

        deleteConfirmList.innerHTML = previewItems.slice(0, previewLimit)
            .map((item) => '<li>' + escapeHtml(item) + '</li>')
            .join('');
        deleteConfirmList.hidden = previewItems.length === 0;

        if (previewItems.length > previewLimit) {
            deleteConfirmOverflow.textContent = '+' + String(previewItems.length - previewLimit) + ' more selected item(s)';
            deleteConfirmOverflow.hidden = false;
        } else {
            deleteConfirmOverflow.textContent = '';
            deleteConfirmOverflow.hidden = true;
        }

        deleteConfirmSubmit.textContent = options.confirmLabel || 'Delete Selected';
        deleteConfirm.hidden = false;
        document.body.classList.add('bakeshop-confirm-open');

        return new Promise((resolve) => {
            pendingDeleteConfirmResolve = resolve;
            deleteConfirmCancel?.focus();
        });
    }

    function promptRequiredValue(message, defaultValue = '') {
        const value = window.prompt(message, defaultValue);
        if (value === null) {
            return null;
        }

        const normalized = String(value).trim();
        if (normalized === '') {
            showBanner('A reason is required to void a saved entry.', false);
            return null;
        }

        return normalized;
    }

    function syncEditorActionButtons(options) {
        const addButton = options.addSelector ? $(options.addSelector) : null;
        const cancelButton = options.cancelSelector ? $(options.cancelSelector) : null;
        const editing = options.editing === true;

        if (addButton) {
            addButton.disabled = !canManageWorkspace || editing;
        }

        if (cancelButton) {
            cancelButton.hidden = !editing;
            cancelButton.disabled = !canManageWorkspace || !editing;
        }
    }

    function resetBranchForm() {
        branchForm.reset();
        branchForm.elements.namedItem('id').value = '';
        branchForm.elements.namedItem('is_active').value = '1';
        setFocusNote('#branch-focus-note', '');
        $('#branch-submit').textContent = 'Save Branch';
        syncEditorActionButtons({ cancelSelector: '#branch-cancel', editing: false });
    }

    function editBranch(row, source = 'table') {
        branchForm.elements.namedItem('id').value = String(row.id || '');
        branchForm.elements.namedItem('is_active').value = String(Number(row.is_active) === 0 ? 0 : 1);
        branchForm.elements.namedItem('code').value = row.code || '';
        branchForm.elements.namedItem('name').value = row.name || '';
        branchForm.elements.namedItem('address').value = row.address || '';
        setFocusNote('#branch-focus-note', source === 'history' ? 'Reviewing this branch from activity history. Confirm the details below before saving changes.' : '');
        $('#branch-submit').textContent = 'Update Branch';
        syncEditorActionButtons({ cancelSelector: '#branch-cancel', editing: true });
        branchForm.scrollIntoView({ behavior: 'smooth', block: 'nearest' });
    }

    function resetProductionForm() {
        productionForm.reset();
        state.productionDraftQuantities = {};
        state.productionDraftSaveState = {};
        state.productionGuardOverride = false;
        productionForm.elements.namedItem('id').value = '';
        productionForm.elements.namedItem('product_id').value = '';
        productionForm.elements.namedItem('qty_produced').value = '';
        productionForm.elements.namedItem('branch_id').disabled = false;
        $('#production-products-filter').disabled = false;
        setFocusNote('#production-focus-note', '');
        $('#production-submit').textContent = 'Update Saved Entry';
        $('#production-submit').hidden = true;
        syncEditorActionButtons({ cancelSelector: '#production-cancel', editing: false });
        productionForm.elements.namedItem('produced_at').value = nowLocalDateTime();
        syncProductionGuardOverrideControls();
        activateProductionSectionTab('record');
        syncProductionLastSavedCard();
        syncProductionProductSelection();
        renderCatalogTables();
    }

    function editProduction(row, source = 'table') {
        state.productionDraftQuantities = {
            [String(row.product_id || '')]: String(row.qty_produced || '')
        };
        state.productionDraftSaveState = {
            [String(row.product_id || '')]: {
                kind: 'saved',
                message: 'Saved entry selected for review.'
            }
        };
        productionForm.elements.namedItem('id').value = String(row.id || '');
        productionForm.elements.namedItem('branch_id').value = String(row.branch_id || '');
        productionForm.elements.namedItem('branch_id').disabled = true;
        productionForm.elements.namedItem('product_id').value = String(row.product_id || '');
        productionForm.elements.namedItem('qty_produced').value = String(row.qty_produced || '');
        productionForm.elements.namedItem('produced_at').value = productionDateTimeInputValue(row.produced_at || '');
        productionForm.elements.namedItem('produced_by').value = row.produced_by || '';
        productionForm.elements.namedItem('notes').value = row.notes || '';
        $('#production-products-filter').disabled = true;
        setFocusNote('#production-focus-note', source === 'history'
            ? 'Reviewing this saved entry from activity history. Only the finished time, staff name, and note can be updated here.'
            : 'Reviewing a saved entry. Branch, item, amount made, and ingredients used stay unchanged.');
        $('#production-submit').textContent = 'Update Saved Entry';
        $('#production-submit').hidden = false;
        syncEditorActionButtons({ cancelSelector: '#production-cancel', editing: true });
        syncProductionGuardOverrideControls();
        rememberLastSavedProduction(row);
        activateProductionSectionTab('record');
        renderCatalogTables();
        syncProductionProductSelection();
        productionForm.scrollIntoView({ behavior: 'smooth', block: 'nearest' });
    }

    function resetProductForm() {
        productForm.reset();
        state.activeProductId = 0;
        productForm.elements.namedItem('id').value = '';
        productForm.elements.namedItem('is_active').value = '1';
        productForm.elements.namedItem('default_yield_qty').value = '1.00';
        const _pft = $('#product-form-title'); if (_pft) _pft.textContent = 'New Product';
        const _pfd = $('#product-form-description'); if (_pfd) _pfd.textContent = 'Finished goods for production.';
        setFocusNote('#product-focus-note', '');
        $('#product-submit').textContent = 'Save Product';
        syncEditorActionButtons({ addSelector: '#product-add', cancelSelector: '#product-cancel', editing: false });
        resetRecipeForm();
        renderCatalogTables();
    }

    function editProduct(row, source = 'table') {
        state.activeProductId = Number(row.id || 0);
        state.productListView = Number(row.is_active) === 0 ? 'archived' : 'active';
        productForm.elements.namedItem('id').value = String(row.id || '');
        productForm.elements.namedItem('is_active').value = String(Number(row.is_active) === 0 ? 0 : 1);
        productForm.elements.namedItem('name').value = row.name || '';
        productForm.elements.namedItem('sku').value = row.sku || '';
        productForm.elements.namedItem('category').value = row.category || '';
        productForm.elements.namedItem('default_yield_qty').value = normalizeTwoDecimalQuantity(row.default_yield_qty, '1.00');
        productForm.elements.namedItem('default_yield_unit_id').value = row.default_yield_unit_id || '';
        const _pft2 = $('#product-form-title'); if (_pft2) _pft2.textContent = 'Edit Product';
        const _pfd2 = $('#product-form-description'); if (_pfd2) _pfd2.textContent = 'Update this finished good without leaving the catalog workspace.';
        setFocusNote('#product-focus-note', source === 'history' ? 'Reviewing this product from activity history. Confirm the product details and yield before saving.' : '');
        $('#product-submit').textContent = 'Update Product';
        syncEditorActionButtons({ addSelector: '#product-add', cancelSelector: '#product-cancel', editing: true });
        resetRecipeForm();
        renderCatalogTables();
        productForm.scrollIntoView({ behavior: 'smooth', block: 'nearest' });
    }

    function resetIngredientForm() {
        ingredientForm.reset();
        ingredientForm.elements.namedItem('id').value = '';
        ingredientForm.elements.namedItem('is_active').value = '1';
        ingredientForm.elements.namedItem('pack_label').value = '';
        ingredientForm.elements.namedItem('pack_qty').value = '';
        const _ift = $('#ingredient-form-title'); if (_ift) _ift.textContent = 'New Ingredient';
        const _ifd = $('#ingredient-form-description'); if (_ifd) _ifd.textContent = 'Raw materials received into branch inventory through deliveries.';
        setFocusNote('#ingredient-focus-note', '');
        $('#ingredient-submit').textContent = 'Save Ingredient';
        syncEditorActionButtons({ addSelector: '#ingredient-add', cancelSelector: '#ingredient-cancel', editing: false });
        syncIngredientPackUnitOptions('');
    }

    function editIngredient(row, source = 'table') {
        ingredientForm.elements.namedItem('id').value = String(row.id || '');
        ingredientForm.elements.namedItem('is_active').value = String(Number(row.is_active) === 0 ? 0 : 1);
        ingredientForm.elements.namedItem('name').value = row.name || '';
        ingredientForm.elements.namedItem('sku').value = row.sku || '';
        ingredientForm.elements.namedItem('default_unit_id').value = row.default_unit_id || '';
        ingredientForm.elements.namedItem('pack_label').value = row.pack_label || '';
        ingredientForm.elements.namedItem('pack_qty').value = row.pack_qty || '';
        const _ift2 = $('#ingredient-form-title'); if (_ift2) _ift2.textContent = 'Edit Ingredient';
        const _ifd2 = $('#ingredient-form-description'); if (_ifd2) _ifd2.textContent = 'Update this raw material without leaving the catalog workspace.';
        setFocusNote('#ingredient-focus-note', source === 'history' ? 'Reviewing this ingredient from activity history. Confirm the stock unit and identity details before saving.' : '');
        $('#ingredient-submit').textContent = 'Update Ingredient';
        syncEditorActionButtons({ addSelector: '#ingredient-add', cancelSelector: '#ingredient-cancel', editing: true });
        syncIngredientPackUnitOptions(row.pack_unit_id || '');
        ingredientForm.scrollIntoView({ behavior: 'smooth', block: 'nearest' });
    }

    function resetProductTargetForm() {
        if (!productTargetForm) {
            return;
        }

        const branchId = currentProductTargetBranchId();
        productTargetForm.reset();
        productTargetForm.elements.namedItem('id').value = '';
        productTargetForm.elements.namedItem('is_active').value = '1';
        if (branchId > 0) {
            productTargetForm.elements.namedItem('branch_id').value = String(branchId);
        }
        productTargetForm.elements.namedItem('daily_qty').value = '1.00';
        setFocusNote('#product-target-focus-note', '');
        $('#product-target-submit').textContent = 'Save Target';
        syncEditorActionButtons({ addSelector: '#product-target-add', cancelSelector: '#product-target-cancel', editing: false });
        syncProductTargetUnitOptions('');
    }

    function editProductTarget(row) {
        if (!productTargetForm) {
            return;
        }

        state.productTargetBranchId = Number(row.branch_id || 0);
        productTargetForm.elements.namedItem('id').value = String(row.id || '');
        productTargetForm.elements.namedItem('is_active').value = String(Number(row.is_active) === 0 ? 0 : 1);
        productTargetForm.elements.namedItem('branch_id').value = String(row.branch_id || '');
        productTargetForm.elements.namedItem('product_id').value = String(row.product_id || '');
        productTargetForm.elements.namedItem('daily_qty').value = normalizeTwoDecimalQuantity(row.daily_qty, '1.00');
        setFocusNote('#product-target-focus-note', 'Reviewing this branch target. Confirm the branch, product, target quantity, and unit before saving.');
        $('#product-target-submit').textContent = 'Update Target';
        syncEditorActionButtons({ addSelector: '#product-target-add', cancelSelector: '#product-target-cancel', editing: true });
        syncProductTargetUnitOptions(row.unit_id || '');
        productTargetForm.scrollIntoView({ behavior: 'smooth', block: 'nearest' });
    }

    async function deleteProductTarget(row) {
        if (!confirmDelete('Delete this branch target? This cannot be undone.')) {
            return;
        }

        await submitJson(api.productTargetsDelete, {
            id: row.id
        }, 'Branch target deleted.', async () => {
            if (productTargetForm && productTargetForm.elements.namedItem('id').value === String(row.id)) {
                resetProductTargetForm();
            }
            await loadProductTargets(true);
        });
    }

    function resetRecipeForm() {
        recipeForm.reset();
        recipeForm.dataset.recipeId = '';
        recipeForm.elements.namedItem('qty').value = '1.00';
        if (state.activeProductId > 0) {
            recipeForm.elements.namedItem('product_id').value = String(state.activeProductId);
        }
        setFocusNote('#recipe-focus-note', '');
        $('#recipe-submit').textContent = 'Save Recipe Line';
        syncEditorActionButtons({ cancelSelector: '#recipe-cancel', editing: false });
        syncRecipePanel();
    }

    function editRecipe(row, source = 'table') {
        if (Number(row.product_id) > 0 && Number(state.activeProductId) !== Number(row.product_id)) {
            state.activeProductId = Number(row.product_id);
            renderCatalogTables();
        }
        recipeForm.dataset.recipeId = String(row.id || '');
        recipeForm.elements.namedItem('product_id').value = row.product_id || '';
        recipeForm.elements.namedItem('ingredient_id').value = row.ingredient_id || '';
        recipeForm.elements.namedItem('unit_id').value = row.unit_id || '';
        recipeForm.elements.namedItem('qty').value = normalizeTwoDecimalQuantity(row.qty, '1.00');
        recipeForm.elements.namedItem('notes').value = row.notes || '';
        setFocusNote('#recipe-focus-note', source === 'history' ? 'Reviewing this recipe line from activity history. Confirm the product, ingredient, and quantity before saving.' : '');
        $('#recipe-submit').textContent = 'Update Recipe Line';
        syncEditorActionButtons({ cancelSelector: '#recipe-cancel', editing: true });
        syncRecipePanel();
        recipeForm.scrollIntoView({ behavior: 'smooth', block: 'nearest' });
    }

    async function deleteRecipe(row) {
        if (!confirmDelete('Delete this recipe line? This cannot be undone.')) {
            return;
        }

        await submitJson(api.recipesDelete, {
            id: row.id
        }, 'Recipe line deleted.', async () => {
            if (recipeForm.dataset.recipeId === String(row.id)) {
                resetRecipeForm();
            }
            await loadRecipes(true);
            await loadProducts(true);
        });
    }

    async function deleteProductsByIds(ids) {
        const normalizedIds = Array.from(new Set((ids || []).map((id) => Number(id)).filter((id) => Number.isFinite(id) && id > 0)));
        if (!normalizedIds.length) {
            return;
        }

        const message = normalizedIds.length === 1
            ? (productRecipesEnabled
                ? 'Delete this product? Its recipe lines will also be deleted. This cannot be undone.'
                : 'Delete this product? This cannot be undone.')
            : (productRecipesEnabled
                ? 'Delete ' + String(normalizedIds.length) + ' selected products? Their recipe lines will also be deleted. This cannot be undone.'
                : 'Delete ' + String(normalizedIds.length) + ' selected products? This cannot be undone.');
        const shouldDelete = normalizedIds.length === 1
            ? confirmDelete(message)
            : await confirmBulkDelete({
                title: 'Delete selected products?',
                message,
                impact: productRecipesEnabled ? 'Each selected product also removes its recipe lines.' : 'Selected products are removed permanently.',
                items: normalizedIds.map((id) => productDeletePreviewLabel(findStateRow('product', id), id)),
                confirmLabel: 'Delete Products'
            });
        if (!shouldDelete) {
            return;
        }

        const data = await submitJson(api.productsBatchDelete, {
            ids: normalizedIds
        }, normalizedIds.length === 1 ? 'Product deleted.' : ('Deleted ' + String(normalizedIds.length) + ' products.'));
        if (!data) {
            return;
        }

        normalizedIds.forEach((id) => {
            state.selectedProductIds.delete(id);
            if (productForm.elements.namedItem('id').value === String(id) || Number(state.activeProductId) === id) {
                resetProductForm();
            }
        });

        await loadProducts(true);
        await loadRecipes(true);
    }

    async function deleteProduct(row) {
        await deleteProductsByIds([row.id]);
    }

    async function deleteIngredientsByIds(ids) {
        const normalizedIds = Array.from(new Set((ids || []).map((id) => Number(id)).filter((id) => Number.isFinite(id) && id > 0)));
        if (!normalizedIds.length) {
            return;
        }

        const message = normalizedIds.length === 1
            ? 'Delete this ingredient? This cannot be undone.'
            : 'Delete ' + String(normalizedIds.length) + ' selected ingredients? This cannot be undone.';
        const shouldDelete = normalizedIds.length === 1
            ? confirmDelete(message)
            : await confirmBulkDelete({
                title: 'Delete selected ingredients?',
                message,
                impact: 'Deleting ingredients removes them from the active master list immediately.',
                items: normalizedIds.map((id) => ingredientDeletePreviewLabel(findStateRow('ingredient', id), id)),
                confirmLabel: 'Delete Ingredients'
            });
        if (!shouldDelete) {
            return;
        }

        const data = await submitJson(api.ingredientsBatchDelete, {
            ids: normalizedIds
        }, normalizedIds.length === 1 ? 'Ingredient deleted.' : ('Deleted ' + String(normalizedIds.length) + ' ingredients.'));
        if (!data) {
            return;
        }

        normalizedIds.forEach((id) => {
            state.selectedIngredientIds.delete(id);
            if (ingredientForm.elements.namedItem('id').value === String(id)) {
                resetIngredientForm();
            }
        });

        await loadIngredients(true);
        await loadRecipes(true);
    }

    async function deleteIngredient(row) {
        await deleteIngredientsByIds([row.id]);
    }

    async function deleteDeliveriesByIds(ids) {
        const normalizedIds = Array.from(new Set((ids || []).map((id) => Number(id)).filter((id) => Number.isFinite(id) && id > 0)));
        if (!normalizedIds.length) {
            return;
        }

        const message = normalizedIds.length === 1
            ? 'Delete this delivery and its item lines? This cannot be undone.'
            : 'Delete ' + String(normalizedIds.length) + ' selected deliveries and their item lines? This cannot be undone.';
        const shouldDelete = normalizedIds.length === 1
            ? confirmDelete(message)
            : await confirmBulkDelete({
                title: 'Delete selected deliveries?',
                message,
                impact: 'Each selected delivery also removes its received ingredient lines from daily receiving history.',
                items: normalizedIds.map((id) => deliveryDeletePreviewLabel(findStateRow('delivery', id), id)),
                confirmLabel: 'Delete Deliveries'
            });
        if (!shouldDelete) {
            return;
        }

        const data = await submitJson(api.deliveriesBatchDelete, {
            ids: normalizedIds
        }, normalizedIds.length === 1 ? 'Delivery deleted.' : ('Deleted ' + String(normalizedIds.length) + ' deliveries.'));
        if (!data) {
            return;
        }

        normalizedIds.forEach((id) => {
            state.selectedDeliveryIds.delete(id);
            if (Number(state.expandedDeliveryId || 0) === id) {
                state.expandedDeliveryId = 0;
            }
        });

        await loadDeliveries(true);
        await loadUsage();
    }

    async function deleteDelivery(row) {
        await deleteDeliveriesByIds([row.id]);
    }

    async function voidProductionRun(row) {
        if (!confirmDelete('Void this saved entry and remove its ingredient use from usage and inventory?')) {
            return;
        }

        const voidReason = promptRequiredValue('Why is this saved entry being voided?', 'Duplicate or incorrect entry');
        if (voidReason === null) {
            return;
        }

        await submitJson(api.productionVoid, {
            id: row.id,
            void_reason: voidReason
        }, 'Saved entry voided.', async () => {
            await loadProduction(true);
            await loadUsage();
        });
    }

    async function toggleActive(kind, row) {
        const rowId = normalizedRowId(kind, row);
        if (!Number.isFinite(rowId) || rowId <= 0) {
            showBanner('Selected ' + String(kind || 'record') + ' could not be resolved.', false);
            return;
        }

        const nextActive = Number(row.is_active) === 0 ? 1 : 0;
        if (kind === 'branch') {
            await submitJson(api.branchStatus.replace('[id]', encodeURIComponent(String(rowId))), {
                is_active: nextActive
            }, nextActive === 1 ? 'Branch restored.' : 'Branch archived.', async () => {
                if (branchForm.elements.namedItem('id').value === String(row.id)) {
                    resetBranchForm();
                }
                await loadBranches(true);
            });
            return;
        }

        if (kind === 'product') {
            await submitJson(api.productStatus.replace('[id]', encodeURIComponent(String(rowId))), {
                is_active: nextActive
            }, nextActive === 1 ? 'Product restored.' : 'Product archived.', async () => {
                if (productForm.elements.namedItem('id').value === String(row.id)) {
                    resetProductForm();
                }
                await loadProducts(true);
                await loadRecipes(true);
            });
            return;
        }

        if (kind === 'ingredient') {
            await submitJson(api.ingredientStatus.replace('[id]', encodeURIComponent(String(rowId))), {
                is_active: nextActive
            }, nextActive === 1 ? 'Ingredient restored.' : 'Ingredient archived.', async () => {
                if (ingredientForm.elements.namedItem('id').value === String(row.id)) {
                    resetIngredientForm();
                }
                await loadIngredients(true);
                await loadRecipes(true);
            });
        }
    }

    function findStateRow(kind, id) {
        const numericId = Number(id);
        if (kind === 'branch') {
            return state.branches.find((row) => Number(row.id) === numericId) || null;
        }
        if (kind === 'product') {
            return state.products.find((row) => Number(row.id) === numericId) || null;
        }
        if (kind === 'ingredient') {
            return state.ingredients.find((row) => Number(row.id) === numericId) || null;
        }
        if (kind === 'recipe') {
            return state.recipes.find((row) => Number(row.id) === numericId) || null;
        }
        if (kind === 'delivery') {
            return state.deliveries.find((row) => Number(row.id) === numericId) || null;
        }
        if (kind === 'production') {
            return state.production.find((row) => Number(row.id) === numericId) || null;
        }
        if (kind === 'product-target') {
            return state.productTargets.find((row) => Number(row.id) === numericId) || null;
        }
        return null;
    }

    function bindMaintenanceActions(selector) {
        $(selector).addEventListener('click', async (event) => {
            const button = event.target.closest('[data-action]');
            if (!button) {
                return;
            }

            if (!canManageWorkspace) {
                showBanner('This work area is read only for your role.', false);
                return;
            }

            const kind = button.getAttribute('data-kind');
            const buttonRowId = Number(button.getAttribute('data-id') || '0');
            if (!Number.isFinite(buttonRowId) || buttonRowId <= 0) {
                showBanner('Selected record could not be resolved.', false);
                return;
            }

            const row = findStateRow(kind, buttonRowId);
            if (!row) {
                showBanner('Selected record could not be found.', false);
                return;
            }

            if (button.getAttribute('data-action') === 'edit') {
                if (kind === 'branch') {
                    editBranch(row);
                } else if (kind === 'product') {
                    editProduct(row);
                } else if (kind === 'ingredient') {
                    editIngredient(row);
                }
                clearBanner();
                return;
            }

            if (button.getAttribute('data-action') === 'delete') {
                if (kind === 'product') {
                    await deleteProduct(row);
                    return;
                }
                if (kind === 'ingredient') {
                    await deleteIngredient(row);
                    return;
                }
            }

            await toggleActive(kind, row);
        });
    }

    $('#branch-form').addEventListener('submit', async (event) => {
        event.preventDefault();
        const form = event.currentTarget;
        await submitJson(api.branches, {
            id: form.elements.namedItem('id').value,
            is_active: form.elements.namedItem('is_active').value,
            code: form.elements.namedItem('code').value,
            name: form.elements.namedItem('name').value,
            address: form.elements.namedItem('address').value
        }, form.elements.namedItem('id').value ? 'Branch updated.' : 'Branch saved.', async () => {
            resetBranchForm();
            await loadBranches();
        });
    });

    $('#product-form').addEventListener('submit', async (event) => {
        event.preventDefault();
        const form = event.currentTarget;
        await submitJson(api.products, {
            id: form.elements.namedItem('id').value,
            is_active: form.elements.namedItem('is_active').value,
            name: form.elements.namedItem('name').value,
            sku: form.elements.namedItem('sku').value,
            category: form.elements.namedItem('category').value,
            default_yield_qty: normalizeTwoDecimalQuantity(form.elements.namedItem('default_yield_qty').value, '1.00'),
            default_yield_unit_id: form.elements.namedItem('default_yield_unit_id').value
        }, form.elements.namedItem('id').value ? 'Product updated.' : 'Product saved.', async () => {
            const savedProductId = Number(form.elements.namedItem('id').value || 0);
            await loadProducts(true);
            await loadRecipes(true);
            if (savedProductId > 0) {
                const savedRow = state.products.find((row) => Number(row.id) === savedProductId);
                if (savedRow) {
                    editProduct(savedRow);
                    return;
                }
            }
            resetProductForm();
        });
    });

    $('#ingredient-form').addEventListener('submit', async (event) => {
        event.preventDefault();
        const form = event.currentTarget;
        await submitJson(api.ingredients, {
            id: form.elements.namedItem('id').value,
            is_active: form.elements.namedItem('is_active').value,
            name: form.elements.namedItem('name').value,
            sku: form.elements.namedItem('sku').value,
            default_unit_id: form.elements.namedItem('default_unit_id').value,
            pack_label: form.elements.namedItem('pack_label').value,
            pack_qty: form.elements.namedItem('pack_qty').value,
            pack_unit_id: form.elements.namedItem('pack_unit_id').value
        }, form.elements.namedItem('id').value ? 'Ingredient updated.' : 'Ingredient saved.', async () => {
            resetIngredientForm();
            await loadIngredients(true);
            await loadRecipes(true);
        });
    });

    $('#product-target-form')?.addEventListener('submit', async (event) => {
        event.preventDefault();
        const form = event.currentTarget;
        await submitJson(api.productTargets, {
            id: form.elements.namedItem('id').value,
            is_active: form.elements.namedItem('is_active').value,
            branch_id: form.elements.namedItem('branch_id').value,
            product_id: form.elements.namedItem('product_id').value,
            daily_qty: normalizeTwoDecimalQuantity(form.elements.namedItem('daily_qty').value, '1.00'),
            unit_id: form.elements.namedItem('unit_id').value
        }, form.elements.namedItem('id').value ? 'Branch target updated.' : 'Branch target saved.', async () => {
            state.productTargetBranchId = Number(form.elements.namedItem('branch_id').value || 0);
            resetProductTargetForm();
            await loadProductTargets(true);
            await loadDrProjection(true);
        });
    });

    $('#branch-cancel').addEventListener('click', resetBranchForm);
    $('#product-add').addEventListener('click', () => {
        resetProductForm();
        productForm.elements.namedItem('name').focus();
    });
    $('#product-cancel').addEventListener('click', resetProductForm);
    deleteConfirmCancel?.addEventListener('click', () => {
        closeDeleteConfirm(false);
    });
    deleteConfirmSubmit?.addEventListener('click', () => {
        closeDeleteConfirm(true);
    });
    deleteConfirm?.addEventListener('click', (event) => {
        if (event.target === deleteConfirm) {
            closeDeleteConfirm(false);
        }
    });
    document.addEventListener('keydown', (event) => {
        if (event.key === 'Escape' && deleteConfirm && !deleteConfirm.hidden) {
            event.preventDefault();
            closeDeleteConfirm(false);
        }
    });
    $('#products-select-visible')?.addEventListener('click', () => {
        productDeleteEligibleRows().forEach((row) => {
            const rowId = Number(row.id);
            if (Number.isFinite(rowId) && rowId > 0) {
                state.selectedProductIds.add(rowId);
            }
        });
        renderCatalogTables();
    });
    $('#products-clear-selection')?.addEventListener('click', () => {
        state.selectedProductIds.clear();
        renderCatalogTables();
    });
    $('#products-delete-selected')?.addEventListener('click', async () => {
        await deleteProductsByIds(Array.from(state.selectedProductIds));
    });
    $('#products-select-all')?.addEventListener('change', (event) => {
        const checked = event.currentTarget.checked;
        productDeleteEligibleRows().forEach((row) => {
            const rowId = Number(row.id);
            if (!Number.isFinite(rowId) || rowId <= 0) {
                return;
            }
            if (checked) {
                state.selectedProductIds.add(rowId);
            } else {
                state.selectedProductIds.delete(rowId);
            }
        });
        renderCatalogTables();
    });
    $('#products-table')?.addEventListener('change', (event) => {
        const checkbox = event.target.closest('[data-product-select]');
        if (!checkbox) {
            return;
        }

        const rowId = Number(checkbox.getAttribute('data-product-select') || '0');
        if (!Number.isFinite(rowId) || rowId <= 0) {
            return;
        }

        if (checkbox.checked) {
            state.selectedProductIds.add(rowId);
        } else {
            state.selectedProductIds.delete(rowId);
        }
        syncProductSelectionControls(filteredProductRows());
    });
    document.querySelectorAll('[data-product-view]').forEach((button) => {
        button.addEventListener('click', () => {
            const nextView = button.getAttribute('data-product-view') === 'archived' ? 'archived' : 'active';
            if (state.productListView === nextView) {
                return;
            }

            state.productListView = nextView;
            state.selectedProductIds.clear();
            if (state.activeProductId > 0) {
                const activeProduct = state.products.find((row) => Number(row.id) === Number(state.activeProductId));
                if (activeProduct && ((nextView === 'archived') !== (Number(activeProduct.is_active) === 0))) {
                    resetProductForm();
                    return;
                }
            }
            renderCatalogTables();
        });
    });
    $('#ingredient-add').addEventListener('click', () => {
        resetIngredientForm();
        ingredientForm.elements.namedItem('name').focus();
    });
    $('#ingredient-cancel').addEventListener('click', resetIngredientForm);
    $('#product-target-add')?.addEventListener('click', () => {
        resetProductTargetForm();
        productTargetForm?.elements.namedItem('product_id')?.focus();
    });
    $('#product-target-cancel')?.addEventListener('click', resetProductTargetForm);
    document.querySelectorAll('[data-ingredient-view]').forEach((button) => {
        button.addEventListener('click', () => {
            const nextView = button.getAttribute('data-ingredient-view') === 'archived' ? 'archived' : 'active';
            if (state.ingredientListView === nextView) {
                return;
            }

            state.ingredientListView = nextView;
            state.selectedIngredientIds.clear();
            renderCatalogTables();
        });
    });
    $('#ingredients-select-visible')?.addEventListener('click', () => {
        ingredientDeleteEligibleRows().forEach((row) => {
            const rowId = Number(row.id);
            if (Number.isFinite(rowId) && rowId > 0) {
                state.selectedIngredientIds.add(rowId);
            }
        });
        renderCatalogTables();
    });
    $('#ingredients-clear-selection')?.addEventListener('click', () => {
        state.selectedIngredientIds.clear();
        renderCatalogTables();
    });
    $('#ingredients-delete-selected')?.addEventListener('click', async () => {
        await deleteIngredientsByIds(Array.from(state.selectedIngredientIds));
    });
    $('#ingredients-select-all')?.addEventListener('change', (event) => {
        const checked = event.currentTarget.checked;
        ingredientDeleteEligibleRows().forEach((row) => {
            const rowId = Number(row.id);
            if (!Number.isFinite(rowId) || rowId <= 0) {
                return;
            }
            if (checked) {
                state.selectedIngredientIds.add(rowId);
            } else {
                state.selectedIngredientIds.delete(rowId);
            }
        });
        renderCatalogTables();
    });
    $('#ingredients-table')?.addEventListener('change', (event) => {
        const checkbox = event.target.closest('[data-ingredient-select]');
        if (!checkbox) {
            return;
        }

        const rowId = Number(checkbox.getAttribute('data-ingredient-select') || '0');
        if (!Number.isFinite(rowId) || rowId <= 0) {
            return;
        }

        if (checkbox.checked) {
            state.selectedIngredientIds.add(rowId);
        } else {
            state.selectedIngredientIds.delete(rowId);
        }
        syncIngredientSelectionControls(filteredIngredientRows());
    });
    $('#product-target-branch')?.addEventListener('change', (event) => {
        state.productTargetBranchId = Number(event.currentTarget.value || '0');
        renderProductTargetsTable();
    });
    $('#product-target-product')?.addEventListener('change', () => {
        syncProductTargetUnitOptions('');
    });
    $('#ingredient-unit')?.addEventListener('change', () => {
        syncIngredientPackUnitOptions('');
    });
    $('#recipe-cancel').addEventListener('click', resetRecipeForm);

    $('#recipe-form').addEventListener('submit', async (event) => {
        event.preventDefault();
        const form = event.currentTarget;
        await submitJson(api.recipes, {
            product_id: form.product_id.value,
            ingredient_id: form.ingredient_id.value,
            unit_id: form.unit_id.value,
            qty: normalizeTwoDecimalQuantity(form.qty.value, '1.00'),
            notes: form.notes.value
        }, form.dataset.recipeId ? 'Recipe line updated.' : 'Recipe line saved.', async () => {
            resetRecipeForm();
            await loadRecipes(true);
            await loadProducts(true);
        });
    });

    $('#delivery-sheet-filter').addEventListener('input', filterDeliverySheet);
    ['#branches-filter'].forEach((selector) => {
        const input = $(selector);
        if (input) {
            input.addEventListener('input', renderBranchTables);
        }
    });
    ['#recipes-filter', '#ingredients-filter', '#production-products-filter'].forEach((selector) => {
        const input = $(selector);
        if (input) {
            input.addEventListener('input', renderCatalogTables);
        }
    });
    ['#product-target-filter'].forEach((selector) => {
        const input = $(selector);
        if (input) {
            input.addEventListener('input', renderProductTargetsTable);
        }
    });
    ['#deliveries-filter', '#production-filter'].forEach((selector) => {
        const input = $(selector);
        if (input) {
            input.addEventListener('input', renderOperationalTables);
        }
    });
    ['#usage-filter', '#inventory-filter'].forEach((selector) => {
        const input = $(selector);
        if (input) {
            input.addEventListener('input', renderUsage);
        }
    });
    ['#dr-projection-ingredients-filter', '#dr-projection-products-filter'].forEach((selector) => {
        const input = $(selector);
        if (input) {
            input.addEventListener('input', renderDrProjectionTables);
        }
    });
    $('#delivery-sheet-clear').addEventListener('click', () => {
        clearDeliverySheetValues();
        showBanner('Daily delivery sheet cleared.', true);
    });
    $('#delivery-csv-template').addEventListener('click', downloadDeliveryCsvTemplate);
    deliveryCsvFile.addEventListener('change', async (event) => {
        const file = event.currentTarget.files && event.currentTarget.files[0];
        if (!file) {
            return;
        }

        try {
            const text = await file.text();
            importDeliveryCsv(text);
        } catch (error) {
            showBanner(error.message || 'Unable to import CSV.', false);
        }
    });

    $('#delivery-form').addEventListener('submit', async (event) => {
        event.preventDefault();
        const form = event.currentTarget;
        const items = collectDeliveryItems();
        if (!items.length) {
            showBanner('Enter at least one received quantity or import a CSV before saving.', false);
            return;
        }

        const preservedBranch = form.branch_id.value;
        const preservedDeliveredAt = form.delivered_at.value;
        const preservedCoverageDays = form.coverage_days.value;
        const preservedReceivedBy = form.received_by.value;
        const preservedSourceType = form.source_type.value;
        const preservedSourceName = form.source_name.value;
        await submitJson(api.deliveries, {
            branch_id: form.branch_id.value,
            delivered_at: form.delivered_at.value,
            coverage_days: form.coverage_days.value,
            reference: form.reference.value,
            source_type: form.source_type.value,
            source_name: form.source_name.value,
            received_by: form.received_by.value,
            notes: form.notes.value,
            items: items
        }, 'Delivery saved.', async () => {
            form.reference.value = '';
            form.notes.value = '';
            form.branch_id.value = preservedBranch;
            form.delivered_at.value = preservedDeliveredAt || nowLocalDate();
            form.coverage_days.value = preservedCoverageDays || String(defaultDrCoverageDays || 1);
            form.received_by.value = preservedReceivedBy;
            form.source_type.value = preservedSourceType || 'commissary';
            form.source_name.value = preservedSourceName;
            syncDeliverySourceField();
            clearDeliverySheetValues();
            await loadDeliveries(true);
            await loadUsage();
            await loadDrProjection(true);
        });
    });
    $('#deliveries-select-visible')?.addEventListener('click', () => {
        filteredDeliveryRows().forEach((row) => {
            const rowId = Number(row.id);
            if (Number.isFinite(rowId) && rowId > 0) {
                state.selectedDeliveryIds.add(rowId);
            }
        });
        renderOperationalTables();
    });
    $('#deliveries-clear-selection')?.addEventListener('click', () => {
        state.selectedDeliveryIds.clear();
        renderOperationalTables();
    });
    $('#deliveries-delete-selected')?.addEventListener('click', async () => {
        await deleteDeliveriesByIds(Array.from(state.selectedDeliveryIds));
    });
    $('#deliveries-select-all')?.addEventListener('change', (event) => {
        const checked = event.currentTarget.checked;
        filteredDeliveryRows().forEach((row) => {
            const rowId = Number(row.id);
            if (!Number.isFinite(rowId) || rowId <= 0) {
                return;
            }
            if (checked) {
                state.selectedDeliveryIds.add(rowId);
            } else {
                state.selectedDeliveryIds.delete(rowId);
            }
        });
        renderOperationalTables();
    });
    $('#deliveries-table')?.addEventListener('change', (event) => {
        const checkbox = event.target.closest('[data-delivery-select]');
        if (!checkbox) {
            return;
        }

        const rowId = Number(checkbox.getAttribute('data-delivery-select') || '0');
        if (!Number.isFinite(rowId) || rowId <= 0) {
            return;
        }

        if (checkbox.checked) {
            state.selectedDeliveryIds.add(rowId);
        } else {
            state.selectedDeliveryIds.delete(rowId);
        }
        syncDeliverySelectionControls(filteredDeliveryRows());
    });

    $('#production-products-table').addEventListener('click', (event) => {
        const qtyInput = event.target.closest('[data-production-qty-input]');
        if (qtyInput) {
            return;
        }

        const rowElement = event.target.closest('tr[data-row-kind="production-product"]');
        if (!rowElement) {
            return;
        }

        const row = state.products.find((item) => Number(item.id) === Number(rowElement.getAttribute('data-row-id') || '0') && Number(item.is_active) !== 0);
        if (!row) {
            showBanner('Selected product could not be found.', false);
            return;
        }

        focusProductionDraftInput(row);
    });

    $('#production-products-table').addEventListener('input', (event) => {
        const qtyInput = event.target.closest('[data-production-qty-input]');
        if (!(qtyInput instanceof HTMLInputElement)) {
            return;
        }

        const productId = Number(qtyInput.getAttribute('data-production-qty-input') || '0');
        if (!Number.isFinite(productId) || productId <= 0) {
            return;
        }

        const rawValue = String(qtyInput.value || '').trim();
        const numericValue = Number.parseFloat(rawValue);
        if (rawValue === '' || !Number.isFinite(numericValue) || numericValue <= 0) {
            delete state.productionDraftQuantities[String(productId)];
        } else {
            state.productionDraftQuantities[String(productId)] = rawValue;
        }

        syncProductionProductSelection();
    });

    $('#production-products-table').addEventListener('change', async (event) => {
        const qtyInput = event.target.closest('[data-production-qty-input]');
        if (!(qtyInput instanceof HTMLInputElement)) {
            return;
        }

        const productId = Number(qtyInput.getAttribute('data-production-qty-input') || '0');
        if (!Number.isFinite(productId) || productId <= 0) {
            return;
        }

        await autosaveProductionDraft(productId, qtyInput.value, qtyInput);
    });

    $('#production-products-table').addEventListener('keydown', (event) => {
        const qtyInput = event.target.closest('[data-production-qty-input]');
        if (!(qtyInput instanceof HTMLInputElement)) {
            return;
        }

        if (event.key === 'Enter') {
            event.preventDefault();
            qtyInput.blur();
        }
    });

    $('#production-form').addEventListener('submit', async (event) => {
        event.preventDefault();
        const form = event.currentTarget;
        const productionRunId = Number(form.elements.namedItem('id').value || '0');
        if (productionRunId > 0) {
            await submitJson(api.production, {
                id: productionRunId,
                produced_at: form.produced_at.value,
                produced_by: form.produced_by.value,
                notes: form.notes.value
            }, 'Saved entry updated.', async (data) => {
                await loadProduction(true);
                const updatedId = Number((data && data.item && data.item.id) || productionRunId || 0);
                const updatedSavedRow = state.production.find((row) => Number(row.id) === updatedId);
                if (updatedSavedRow) {
                    rememberLastSavedProduction(updatedSavedRow);
                }
                await loadUsage();
                const updatedRow = state.production.find((row) => Number(row.id) === productionRunId);
                if (updatedRow) {
                    editProduction(updatedRow);
                    return;
                }
                resetProductionForm();
            });
            return;
        }

        showBanner('Enter the amount made in the item list. Each row saves when you leave the box.', false);
    });

    if (permissionsForm && canManageSettings) {
        permissionsForm.addEventListener('submit', async (event) => {
            event.preventDefault();
            await submitJson(api.permissionsSettings, {
                role_permissions: {
                    supervisor: [
                        permissionsForm.elements.namedItem('supervisor_read').checked ? 'bakeshop.read' : '',
                        permissionsForm.elements.namedItem('supervisor_manage').checked ? 'bakeshop.manage' : ''
                    ].filter(Boolean)
                }
            }, 'Access settings updated.');
        });
    }

    $('#usage-form').addEventListener('submit', async (event) => {
        event.preventDefault();
        try {
            await ensureTabData('usage', { force: true });
            showBanner('Usage summary refreshed.', true);
        } catch (error) {
            showBanner(error.message || 'Unable to load usage summary.', false);
        }
    });

    $('#bakeshop-refresh').addEventListener('click', async () => {
        try {
            await ensureTabData(window.location.hash.slice(1) || defaultTab, { force: true });
            showBanner('The current work area has been refreshed.', true);
        } catch (error) {
            showBanner(error.message || 'Unable to refresh data.', false);
        }
    });

    ['#usage-branch', '#usage-from', '#usage-to', '#usage-horizon-days', '#summary-branch-filter', '#summary-from-filter', '#summary-to-filter'].forEach((selector) => {
        $(selector).addEventListener('change', () => {
            if (selector.startsWith('#summary-')) {
                syncReportScopeInputs('summary');
            }
            syncPrintLink();
        });
    });

    bindMaintenanceActions('#branches-table');
    bindMaintenanceActions('#products-table');
    bindMaintenanceActions('#ingredients-table');
    $('#product-targets-table')?.addEventListener('click', async (event) => {
        const button = event.target.closest('[data-action]');
        if (!button) {
            return;
        }

        const row = findStateRow('product-target', button.getAttribute('data-id') || '0');
        if (!row) {
            showBanner('Selected branch target could not be found.', false);
            return;
        }

        if (button.getAttribute('data-action') === 'edit-product-target') {
            if (!canManageWorkspace) {
                showBanner('This work area is read only for your role.', false);
                return;
            }

            editProductTarget(row);
            clearBanner();
            return;
        }

        if (button.getAttribute('data-action') === 'delete-product-target') {
            if (!canManageWorkspace) {
                showBanner('This work area is read only for your role.', false);
                return;
            }

            await deleteProductTarget(row);
        }
    });
    $('#recipes-table').addEventListener('click', async (event) => {
        const button = event.target.closest('[data-action]');
        if (!button) {
            return;
        }

        if (!canManageWorkspace) {
            showBanner('This work area is read only for your role.', false);
            return;
        }

        const row = findStateRow('recipe', button.getAttribute('data-id'));
        if (!row) {
            showBanner('Selected recipe line could not be found.', false);
            return;
        }

        if (button.getAttribute('data-action') === 'edit-recipe') {
            editRecipe(row);
            clearBanner();
            return;
        }

        await deleteRecipe(row);
    });

    $('#deliveries-table').addEventListener('click', async (event) => {
        const detailButton = event.target.closest('[data-action="toggle-delivery-detail"]');
        if (detailButton) {
            const row = findStateRow('delivery', detailButton.getAttribute('data-id'));
            if (!row) {
                showBanner('Selected delivery could not be found.', false);
                return;
            }

            const rowId = Number(row.id || 0);
            state.expandedDeliveryId = Number(state.expandedDeliveryId || 0) === rowId ? 0 : rowId;
            renderOperationalTables();
            return;
        }

        const button = event.target.closest('[data-action="delete-delivery"]');
        if (!button) {
            return;
        }

        if (!canManageWorkspace) {
            showBanner('This work area is read only for your role.', false);
            return;
        }

        const row = findStateRow('delivery', button.getAttribute('data-id'));
        if (!row) {
            showBanner('Selected delivery could not be found.', false);
            return;
        }

        await deleteDelivery(row);
    });

    $('#production-table').addEventListener('click', async (event) => {
        if (!canManageWorkspace) {
            const readonlyButton = event.target.closest('[data-action="edit-production"], [data-action="void-production"]');
            if (readonlyButton) {
                showBanner('This work area is read only for your role.', false);
            }
            return;
        }

        const editButton = event.target.closest('[data-action="edit-production"]');
        if (editButton) {
            const editRow = findStateRow('production', editButton.getAttribute('data-id'));
            if (!editRow) {
                showBanner('That saved entry could not be found.', false);
                return;
            }

            activateProductionSectionTab('record');
            editProduction(editRow);
            return;
        }

        const button = event.target.closest('[data-action="void-production"]');
        if (!button) {
            return;
        }

        const row = findStateRow('production', button.getAttribute('data-id'));
        if (!row) {
            showBanner('That saved entry could not be found.', false);
            return;
        }

        await voidProductionRun(row);
    });

    $('#delivery-at').value = nowLocalDate();
    $('#delivery-coverage-days').value = String(defaultDrCoverageDays || 1);
    $('#delivery-source-type').value = 'commissary';
    syncDeliverySourceField();
    applyWorkspaceAccessMode();
    syncEditorActionButtons({ cancelSelector: '#branch-cancel', editing: false });
    syncEditorActionButtons({ addSelector: '#product-add', cancelSelector: '#product-cancel', editing: false });
    syncEditorActionButtons({ addSelector: '#ingredient-add', cancelSelector: '#ingredient-cancel', editing: false });
    syncEditorActionButtons({ addSelector: '#product-target-add', cancelSelector: '#product-target-cancel', editing: false });
    syncEditorActionButtons({ cancelSelector: '#recipe-cancel', editing: false });
    syncEditorActionButtons({ cancelSelector: '#production-cancel', editing: false });
    resetProductTargetForm();
    $('#delivery-source-type').addEventListener('change', syncDeliverySourceField);
    deliverySectionTabs.forEach((button) => {
        button.addEventListener('click', () => {
            activateDeliverySectionTab(button.getAttribute('data-delivery-section-tab') || 'receive');
        });
    });
    $('#production-cancel').addEventListener('click', resetProductionForm);
    productionSectionTabs.forEach((button) => {
        button.addEventListener('click', () => {
            activateProductionSectionTab(button.getAttribute('data-production-section-tab') || 'record');
        });
    });
    productionGuardToggle?.addEventListener('click', () => {
        if (productionMetadataEditActive()) {
            showBanner('Testing override is only available while recording a new batch.', false);
            return;
        }

        state.productionGuardOverride = !state.productionGuardOverride;
        syncProductionGuardOverrideControls();
        syncProductionProductSelection();
        renderCatalogTables();
    });
    productionReviewLastSaved?.addEventListener('click', () => {
        activateProductionSectionTab('saved', { scrollToRecent: true });
    });
    productionEditLastSaved?.addEventListener('click', () => {
        const row = state.production.find((item) => Number(item.id) === Number(state.lastSavedProductionId || 0));
        if (!row) {
            showBanner('The last saved entry could not be found. Refresh the list and try again.', false);
            return;
        }

        editProduction(row);
    });
    resetProductionForm();
    resetBranchForm();
    resetProductForm();
    resetIngredientForm();
    resetRecipeForm();
    syncReportScopeInputs('summary');
    syncPrintLink();

    if (searchParams.get('onboarding') === 'bootstrap') {
        showBanner('Bootstrap onboarding is still active. You can review live workspace data here while finishing the staff handoff.', true);
    }

    ensureTabData(window.location.hash.slice(1) || defaultTab).catch((error) => {
        showBanner(error.message || 'Unable to load initial bakeshop data.', false);
    });
});
</script>

                </div>
            </main>
        </div>
    </div>
    
    <script>
    (() => {
        const submenuLinks = Array.from(document.querySelectorAll('[data-workspace-submenu="true"]'));
        if (!submenuLinks.length) {
            return;
        }

        function syncWorkspaceSubmenu() {
            const hash = window.location.hash.replace(/^#/, '');
            submenuLinks.forEach((link) => {
                const serverActive = link.getAttribute('data-server-active') === 'true';
                const shouldBeActive = hash !== ''
                    ? link.getAttribute('data-tab-target') === hash
                    : serverActive;
                link.classList.toggle('active', shouldBeActive);
                if (shouldBeActive) {
                    link.setAttribute('aria-current', 'page');
                } else {
                    link.removeAttribute('aria-current');
                }
            });
        }

        syncWorkspaceSubmenu();
        window.addEventListener('hashchange', syncWorkspaceSubmenu);
    })();
    </script>
    
    
</body>
</html>
  ✗ shell sidebar renders configured logo — <!DOCTYPE html>
<html lang="en">
<head>
    <meta charset="UTF-8">
    <meta name="viewport" content="width=device-width, initial-scale=1.0">
    <title>Bakeshop Operations</title>
    <link rel="icon" href="/uploads/bakeshop/north-oven.png">
    <link rel="preconnect" href="https://fonts.googleapis.com">
    <link rel="preconnect" href="https://fonts.gstatic.com" crossorigin>
    <link href="https://fonts.googleapis.com/css2?family=Inter:wght@400;500;600;700;800&display=swap" rel="stylesheet">
    <style>
        :root {
            --page-bg: linear-gradient(180deg, #eef5ff 0%, #e0ecff 48%, #d6e6ff 100%);
            --surface-color: rgba(248, 251, 255, 0.98);
            --surface-strong: #ffffff;
            --surface-soft: #edf4ff;
            --border-color: #c8d7f2;
            --sidebar-bg: linear-gradient(180deg, #153b7a 0%, #0f2851 100%);
            --sidebar-border: rgba(255, 255, 255, 0.08);
            --sidebar-text: rgba(239, 246, 255, 0.84);
            --sidebar-text-strong: #f8fbff;
            --accent: #2563eb;
            --accent-strong: #1d4ed8;
            --accent-soft: rgba(37, 99, 235, 0.14);
            --text-color: #111827;
            --text-muted: #374151;
            --shadow-lg: 0 24px 60px rgba(30, 64, 175, 0.12);
            --shadow-sm: 0 12px 26px rgba(30, 64, 175, 0.08);
            --font-body: 'Inter', system-ui, -apple-system, BlinkMacSystemFont, 'Segoe UI', sans-serif;
            --font-size-h2: clamp(1.6rem, 2vw, 2rem);
            --radius-card: 14px;
            --radius-control: 10px;
        }

        * { box-sizing: border-box; }
        html, body { margin: 0; min-height: 100%; }
        body {
            font-family: var(--font-body);
            color: var(--text-color);
            background: var(--page-bg);
        }

        a { color: inherit; }
        button, input, select, textarea { font: inherit; }

        .bakeshop-sidebar-toggle {
            position: absolute;
            opacity: 0;
            pointer-events: none;
        }

        .bakeshop-mobile-overlay,
        .bakeshop-mobile-nav-button,
        .bakeshop-sidebar-close {
            display: none;
        }

        .bakeshop-admin-shell {
            min-height: 100vh;
            display: grid;
            grid-template-columns: minmax(238px, 272px) minmax(0, 1fr);
        }

        .sidebar {
            background: var(--sidebar-bg);
            color: var(--sidebar-text);
            padding: 24px 18px 20px;
            display: grid;
            gap: 22px;
            align-content: start;
            border-right: 1px solid var(--sidebar-border);
            position: sticky;
            top: 0;
            min-height: 100vh;
            overflow-y: auto;
        }

        .bakeshop-sidebar-close {
            align-items: center;
            justify-content: center;
            align-self: flex-end;
            border-radius: 999px;
            border: 1px solid rgba(255, 255, 255, 0.16);
            padding: 8px 12px;
            font-size: 0.8rem;
            font-weight: 700;
            letter-spacing: 0.04em;
            text-transform: uppercase;
            color: var(--sidebar-text-strong);
            background: rgba(255, 255, 255, 0.08);
            cursor: pointer;
        }

        .bakeshop-brand {
            display: grid;
            grid-template-columns: auto minmax(0, 1fr);
            align-items: start;
            gap: 10px;
            padding: 6px 10px 0;
        }

        .bakeshop-brand-mark {
            width: 52px;
            height: 52px;
            border-radius: var(--radius-card);
            background: linear-gradient(145deg, rgba(96, 165, 250, 0.24), rgba(37, 99, 235, 0.38));
            display: inline-flex;
            align-items: center;
            justify-content: center;
            font-family: var(--font-body);
            font-weight: 800;
            font-size: 1.45rem;
            color: var(--sidebar-text-strong);
            border: 1px solid rgba(255, 255, 255, 0.08);
            box-shadow: inset 0 1px 0 rgba(255, 255, 255, 0.08);
            overflow: hidden;
        }

        .bakeshop-brand-mark img {
            width: 100%;
            height: 100%;
            object-fit: contain;
            display: block;
            padding: 5px;
            background: #ffffff;
        }

        .bakeshop-brand h1 {
            margin: 0;
            font-size: 1.45rem;
            font-weight: 800;
            line-height: 1.05;
            color: var(--sidebar-text-strong);
        }

        .bakeshop-brand p {
            margin: 0;
            font-size: 0.92rem;
            line-height: 1.55;
        }

        .bakeshop-nav {
            display: grid;
            gap: 14px;
        }

        .bakeshop-nav-group {
            display: grid;
            gap: 8px;
        }

        .bakeshop-nav-label {
            padding: 0 10px;
            font-size: 0.72rem;
            font-weight: 700;
            letter-spacing: 0.12em;
            text-transform: uppercase;
            color: rgba(255, 247, 237, 0.5);
        }

        .bakeshop-nav a {
            display: flex;
            align-items: center;
            gap: 12px;
            border-radius: var(--radius-control);
            padding: 13px 14px;
            text-decoration: none;
            color: var(--sidebar-text);
            border: 1px solid transparent;
            background: transparent;
            transition: background-color 0.16s ease, border-color 0.16s ease, transform 0.16s ease;
        }

        .bakeshop-nav a:hover {
            background: rgba(255, 255, 255, 0.06);
            border-color: rgba(255, 255, 255, 0.07);
            transform: translateX(1px);
        }

        .bakeshop-nav a.active {
            background: linear-gradient(145deg, rgba(96, 165, 250, 0.2), rgba(37, 99, 235, 0.22));
            border-color: rgba(147, 197, 253, 0.24);
            color: var(--sidebar-text-strong);
            box-shadow: inset 0 1px 0 rgba(255, 255, 255, 0.05);
        }

        .bakeshop-nav-title {
            display: grid;
            gap: 2px;
        }

        .bakeshop-nav-title strong {
            font-size: 0.93rem;
            font-weight: 600;
            color: inherit;
        }

        .bakeshop-nav-title span {
            font-size: 0.79rem;
            color: inherit;
            opacity: 0.82;
        }

        .bakeshop-nav-submenu {
            display: grid;
            gap: 4px;
            padding-left: 12px;
        }

        .bakeshop-nav-submenu a {
            padding: 9px 12px;
            border-radius: 12px;
            font-size: 0.84rem;
            color: rgba(255, 247, 237, 0.82);
            border-color: transparent;
        }

        .bakeshop-nav-submenu a:hover {
            transform: none;
            background: rgba(255, 255, 255, 0.05);
        }

        .bakeshop-nav-submenu a.active {
            background: rgba(255, 255, 255, 0.12);
            border-color: rgba(147, 197, 253, 0.18);
            color: var(--sidebar-text-strong);
            box-shadow: none;
        }

        .bakeshop-sidebar-card {
            margin-top: auto;
            border-radius: var(--radius-card);
            border: 1px solid rgba(255, 255, 255, 0.08);
            background: rgba(255, 255, 255, 0.05);
            padding: 16px;
            display: grid;
            gap: 10px;
        }

        .bakeshop-sidebar-card h2 {
            margin: 0;
            font-size: 0.98rem;
            color: var(--sidebar-text-strong);
        }

        .bakeshop-sidebar-card p {
            margin: 0;
            font-size: 0.84rem;
            line-height: 1.55;
        }

        .bakeshop-main {
            min-width: 0;
            display: flex;
            flex-direction: column;
        }

        .topbar {
            display: grid;
            grid-template-columns: auto minmax(0, 1fr) auto;
            align-items: start;
            gap: 18px;
            padding: 22px 28px 16px;
        }

        .bakeshop-topbar-actions {
            display: flex;
            align-items: center;
            justify-content: flex-start;
            width: fit-content;
        }

        .bakeshop-topbar-user-tools {
            display: flex;
            align-items: center;
            justify-content: flex-end;
            flex-wrap: wrap;
            gap: 12px;
            min-width: 0;
        }

        .bakeshop-topbar-signout {
            margin: 0;
        }

        .bakeshop-title-stack {
            display: grid;
            gap: 6px;
            min-width: 0;
        }

        .bakeshop-kicker {
            font-size: 0.75rem;
            font-weight: 700;
            letter-spacing: 0.14em;
            text-transform: uppercase;
            color: var(--accent-strong);
        }

        .bakeshop-title-stack h2 {
            margin: 0;
            font-size: clamp(1.5rem, 2.2vw, 2.2rem);
            font-weight: 800;
            line-height: 1.05;
        }

        .bakeshop-title-stack p {
            margin: 0;
            color: var(--text-muted);
            font-size: 0.92rem;
        }

        .bakeshop-user-card {
            border-radius: var(--radius-card);
            padding: 14px 16px;
            background: rgba(255, 252, 247, 0.82);
            border: 1px solid var(--border-color);
            box-shadow: var(--shadow-sm);
            display: grid;
            gap: 4px;
            width: fit-content;
            max-width: min(100%, 32rem);
            min-width: min(220px, 100%);
            justify-self: end;
        }

        .bakeshop-user-card strong { font-size: 0.96rem; }
        .bakeshop-user-card span,
        .bakeshop-user-card small { color: var(--text-muted); }
        .bakeshop-user-card strong,
        .bakeshop-user-card span,
        .bakeshop-user-card small {
            overflow-wrap: anywhere;
        }
        .bakeshop-user-role {
            display: inline-flex;
            align-items: center;
            width: fit-content;
            padding: 4px 9px;
            border-radius: 999px;
            background: var(--accent-soft);
            color: var(--accent-strong);
            font-size: 0.72rem;
            font-weight: 700;
            letter-spacing: 0.05em;
            text-transform: uppercase;
        }

        .bakeshop-mobile-nav-button {
            align-items: center;
            justify-content: center;
            gap: 8px;
            width: fit-content;
            min-height: 44px;
            border-radius: 999px;
            padding: 0 16px;
            border: 1px solid rgba(37, 99, 235, 0.18);
            background: rgba(255, 255, 255, 0.92);
            box-shadow: var(--shadow-sm);
            color: var(--accent-strong);
            font-size: 0.9rem;
            font-weight: 700;
            letter-spacing: 0.03em;
            cursor: pointer;
        }

        .bakeshop-content {
            padding: 0 28px 28px;
        }

        .bakeshop-content-inner {
            background: rgba(255, 255, 255, 0.9);
            border: 1px solid rgba(200, 215, 242, 0.85);
            border-radius: 20px;
            padding: 22px;
            box-shadow: var(--shadow-lg);
        }

        .bakeshop-shell-note {
            margin-top: 14px;
            display: inline-flex;
            align-items: center;
            gap: 8px;
            border-radius: 999px;
            padding: 8px 12px;
            background: rgba(219, 234, 254, 0.12);
            border: 1px solid rgba(219, 234, 254, 0.16);
            color: var(--sidebar-text-strong);
            font-size: 0.8rem;
        }

        .bakeshop-onboarding-checklist {
            display: grid;
            gap: 12px;
        }

        .bakeshop-onboarding-step {
            display: grid;
            gap: 10px;
            padding: 14px 16px;
            border-radius: 14px;
            border: 1px solid rgba(180, 83, 9, 0.16);
            background: rgba(255, 255, 255, 0.82);
        }

        .bakeshop-onboarding-step.current {
            border-color: rgba(217, 119, 6, 0.42);
            box-shadow: 0 0 0 2px rgba(245, 158, 11, 0.1);
        }

        .bakeshop-onboarding-step.done {
            border-color: rgba(22, 101, 52, 0.18);
            background: rgba(240, 253, 244, 0.82);
        }

        .bakeshop-onboarding-step-head {
            display: flex;
            align-items: center;
            justify-content: space-between;
            gap: 10px;
            flex-wrap: wrap;
        }

        .bakeshop-onboarding-step h4 {
            margin: 0;
            font-size: 0.95rem;
        }

        .bakeshop-onboarding-step p {
            margin: 0;
            line-height: 1.6;
        }

        .bakeshop-step-status {
            display: inline-flex;
            align-items: center;
            width: fit-content;
            border-radius: 999px;
            padding: 4px 10px;
            font-size: 0.72rem;
            font-weight: 700;
            letter-spacing: 0.05em;
            text-transform: uppercase;
        }

        .bakeshop-step-status.done {
            background: rgba(22, 101, 52, 0.12);
            color: #166534;
        }

        .bakeshop-step-status.current {
            background: rgba(217, 119, 6, 0.12);
            color: #b45309;
        }

        .bakeshop-step-status.pending {
            background: rgba(71, 85, 105, 0.12);
            color: #475569;
        }

        .bakeshop-step-action {
            display: inline-flex;
            align-items: center;
            justify-content: center;
            width: fit-content;
            gap: 8px;
            padding: 9px 14px;
            border-radius: 10px;
            border: 1px solid rgba(180, 83, 9, 0.2);
            background: #ffffff;
            color: #92400e;
            font-weight: 700;
            text-decoration: none;
        }

        .bakeshop-step-action:hover {
            background: #fff7ed;
        }

        .bakeshop-sidebar-link {
            display: inline-flex;
            align-items: center;
            justify-content: center;
            gap: 8px;
            padding: 10px 14px;
            border-radius: 2px;
            border: 1px solid #d1d5db;
            background: #ffffff;
            color: #111827;
            text-decoration: none;
            font-weight: 600;
            cursor: pointer;
            transition: background-color 0.16s ease, border-color 0.16s ease, box-shadow 0.16s ease, transform 0.16s ease;
        }

        .bakeshop-sidebar-inline-form {
            margin: 0;
        }

        .bakeshop-sidebar-link:hover {
            background: #eff6ff;
            border-color: #93c5fd;
            box-shadow: 0 10px 22px rgba(37, 99, 235, 0.12);
            transform: translateY(-1px);
        }

        @media (max-width: 980px) {
            .bakeshop-admin-shell {
                grid-template-columns: 1fr;
            }

            .bakeshop-mobile-overlay {
                display: block;
                position: fixed;
                inset: 0;
                background: rgba(15, 23, 42, 0.52);
                opacity: 0;
                pointer-events: none;
                transition: opacity 0.18s ease;
                z-index: 39;
            }

            .sidebar {
                position: fixed;
                top: 0;
                left: 0;
                bottom: 0;
                width: min(86vw, 320px);
                min-height: 100vh;
                z-index: 40;
                box-shadow: 0 28px 64px rgba(15, 23, 42, 0.3);
                transform: translateX(calc(-100% - 18px));
                transition: transform 0.22s ease;
            }

            .bakeshop-sidebar-close,
            .bakeshop-mobile-nav-button {
                display: inline-flex;
            }

            .bakeshop-sidebar-toggle:checked ~ .bakeshop-mobile-overlay {
                opacity: 1;
                pointer-events: auto;
            }

            .bakeshop-sidebar-toggle:checked ~ .bakeshop-admin-shell .sidebar {
                transform: translateX(0);
            }

            .topbar {
                padding-top: 18px;
                flex-direction: column;
                align-items: flex-start;
                grid-template-columns: 1fr;
            }

            .bakeshop-topbar-actions {
                position: sticky;
                top: 0;
                z-index: 30;
                justify-content: flex-start;
                width: 100%;
                padding: 10px 0 6px;
                background: linear-gradient(180deg, rgba(238, 245, 255, 0.98) 0%, rgba(238, 245, 255, 0.92) 78%, rgba(238, 245, 255, 0) 100%);
            }

            .bakeshop-topbar-user-tools {
                width: 100%;
                justify-content: space-between;
            }

            .bakeshop-user-card {
                width: 100%;
                min-width: 0;
            }
        }

        @media (max-width: 640px) {
            .topbar,
            .bakeshop-content {
                padding-left: 16px;
                padding-right: 16px;
            }

            .bakeshop-content-inner {
                padding: 16px;
                border-radius: 16px;
            }
        }
    </style>
    
<style>
    .bakeshop-shell { display: grid; gap: 24px; }
    .bakeshop-header { display: flex; flex-wrap: wrap; align-items: end; justify-content: space-between; gap: 16px; }
    .bakeshop-header h2 { font-size: var(--font-size-h2); font-weight: 700; margin-bottom: 6px; }
    .bakeshop-header p { color: var(--text-muted); margin: 0; max-width: 56rem; }
    .bakeshop-actions { display: flex; gap: 10px; flex-wrap: wrap; }
    .bakeshop-shell,
    .bakeshop-shell * {
        color: var(--text-color);
    }
    .bakeshop-flow {
        display: grid;
        gap: 14px;
        grid-template-columns: repeat(auto-fit, minmax(180px, 1fr));
    }
    .bakeshop-flow-step {
        border: 1px solid var(--border-color);
        border-radius: 14px;
        background: linear-gradient(180deg, #f7faff 0%, #ffffff 100%);
        padding: 18px;
        box-shadow: 0 10px 24px rgba(37, 99, 235, 0.05);
    }
    .bakeshop-flow-step strong {
        display: inline-flex;
        align-items: center;
        justify-content: center;
        width: 32px;
        height: 32px;
        border-radius: 999px;
        background: var(--accent);
        color: #fff;
        font-size: 0.86rem;
        margin-bottom: 10px;
    }
    .bakeshop-flow-step h3 {
        margin: 0 0 8px;
        font-size: 0.98rem;
    }
    .bakeshop-flow-step p {
        margin: 0;
        color: var(--text-muted);
        font-size: 0.9rem;
        line-height: 1.5;
    }
    .bakeshop-button,
    .bakeshop-shell button,
    .bakeshop-shell input,
    .bakeshop-shell select,
    .bakeshop-shell textarea { font: inherit; }
    .bakeshop-button {
        display: inline-flex;
        align-items: center;
        justify-content: center;
        gap: 8px;
        border-radius: 2px;
        border: 1px solid #1d4ed8;
        background: #2563eb;
        color: #ffffff;
        padding: 10px 16px;
        text-decoration: none;
        font-size: 0.92rem;
        cursor: pointer;
    }
    .bakeshop-button:hover {
        background: #1d4ed8;
    }
    .bakeshop-button.secondary {
        background: #2563eb;
        color: #ffffff;
        border-color: #1d4ed8;
    }
    .bakeshop-button.secondary:hover {
        background: #1d4ed8;
    }
    .bakeshop-button.print {
        background: #6b7280;
        border-color: #6b7280;
        color: #ffffff;
    }
    .bakeshop-button.print:hover {
        background: #4b5563;
    }
    .bakeshop-button.staff {
        background: #eab308;
        border-color: #ca8a04;
        color: #111827;
    }
    .bakeshop-button.staff:hover {
        background: #ca8a04;
        color: #111827;
    }
    .bakeshop-button.refresh {
        background: #f97316;
        border-color: #ea580c;
        color: #ffffff;
    }
    .bakeshop-button.refresh:hover {
        background: #ea580c;
    }
    .bakeshop-button.success {
        background: #16a34a;
        border-color: #15803d;
        color: #ffffff;
    }
    .bakeshop-button.success:hover {
        background: #15803d;
    }
    .bakeshop-button.danger {
        background: #dc2626;
        border-color: #b91c1c;
        color: #ffffff;
    }
    .bakeshop-button.danger:hover {
        background: #b91c1c;
    }
    .bakeshop-button:disabled,
    .bakeshop-button.secondary:disabled,
    .bakeshop-button.print:disabled,
    .bakeshop-button.staff:disabled,
    .bakeshop-button.refresh:disabled,
    .bakeshop-button.success:disabled,
    .bakeshop-button.danger:disabled {
        background: #d1d5db;
        border-color: #cbd5e1;
        color: #6b7280;
        cursor: not-allowed;
        box-shadow: none;
        opacity: 0.72;
        pointer-events: none;
    }
    .bakeshop-button:disabled:hover,
    .bakeshop-button.secondary:disabled:hover,
    .bakeshop-button.print:disabled:hover,
    .bakeshop-button.staff:disabled:hover,
    .bakeshop-button.refresh:disabled:hover,
    .bakeshop-button.success:disabled:hover,
    .bakeshop-button.danger:disabled:hover {
        background: #d1d5db;
        border-color: #cbd5e1;
        color: #6b7280;
    }
    .bakeshop-banner {
        display: none;
        padding: 14px 16px;
        border-radius: 14px;
        border: 1px solid transparent;
        font-size: 0.92rem;
    }
    .bakeshop-banner.show { display: block; }
    .bakeshop-banner.ok { background: #eff6ff; border-color: #bfdbfe; color: #1d4ed8; }
    .bakeshop-banner.error { background: #fff3f2; border-color: #fecaca; color: #991b1b; }
    .bakeshop-readonly-note {
        padding: 14px 16px;
        border-radius: 14px;
        border: 1px solid #fde68a;
        background: #fffbeb;
        color: #92400e;
        line-height: 1.55;
    }
    .bakeshop-onboarding {
        display: grid;
        gap: 10px;
        padding: 16px 18px;
        border-radius: 14px;
        border: 1px solid #f3d7a5;
        background: linear-gradient(135deg, #fff7ed, #fffbeb);
        box-shadow: 0 14px 30px rgba(180, 83, 9, 0.08);
    }
    .bakeshop-onboarding h3 { margin: 0; }
    .bakeshop-onboarding p { margin: 0; color: #7c5a32; line-height: 1.6; }
    .bakeshop-onboarding strong { color: #92400e; }
    .bakeshop-stats { display: grid; gap: 14px; grid-template-columns: repeat(auto-fit, minmax(150px, 1fr)); }
    .bakeshop-stat {
        border: 1px solid var(--border-color);
        border-radius: 14px;
        padding: 18px;
        background: linear-gradient(180deg, #ffffff 0%, #f3f8ff 100%);
    }
    .bakeshop-stat strong { display: block; font-size: 1.7rem; line-height: 1; }
    .bakeshop-stat span { display: block; margin-top: 8px; color: var(--text-muted); font-size: 0.8rem; text-transform: uppercase; letter-spacing: 0.06em; }
    .bakeshop-layout { display: grid; gap: 20px; grid-template-columns: minmax(0, 1fr); }
    .bakeshop-column { display: grid; gap: 20px; align-content: start; }
    .bakeshop-panel {
        border: 1px solid var(--border-color);
        border-radius: 14px;
        background: var(--surface-color, #fff);
        overflow: hidden;
        box-shadow: 0 14px 32px rgba(37, 99, 235, 0.05);
        transition: background 160ms ease, border-color 160ms ease, box-shadow 160ms ease;
    }
    .bakeshop-panel-subdued {
        box-shadow: none;
        border: 1px dashed var(--border-color);
        margin-top: 8px;
    }
    .bakeshop-panel.is-editing {
        border-color: #93c5fd;
        background: linear-gradient(180deg, #f7fbff 0%, #eef6ff 100%);
        box-shadow: 0 18px 40px rgba(37, 99, 235, 0.12);
    }
    .bakeshop-panel.is-editing .bakeshop-panel-head {
        background: linear-gradient(180deg, rgba(219, 234, 254, 0.7) 0%, rgba(239, 246, 255, 0.25) 100%);
    }
    .bakeshop-panel.is-editing .bakeshop-panel-body {
        background: linear-gradient(180deg, rgba(255, 255, 255, 0.55) 0%, rgba(239, 246, 255, 0.85) 100%);
    }
    .bakeshop-panel-head {
        padding: 18px 20px 12px;
        border-bottom: 1px solid color-mix(in srgb, var(--border-color) 85%, transparent);
    }
    .bakeshop-panel-head h3 { margin: 0 0 6px; font-size: 1rem; }
    .bakeshop-panel-head p { margin: 0; color: var(--text-muted); font-size: 0.9rem; }
    .bakeshop-panel-body { padding: 18px 20px 20px; display: grid; gap: 16px; }
    .bakeshop-grid-2 { display: grid; gap: 12px; grid-template-columns: repeat(2, minmax(0, 1fr)); }
    .bakeshop-grid-3 { display: grid; gap: 12px; grid-template-columns: repeat(3, minmax(0, 1fr)); }
    .bakeshop-field { display: grid; gap: 6px; }
    .bakeshop-field label { font-size: 0.78rem; font-weight: 600; text-transform: uppercase; letter-spacing: 0.05em; color: var(--text-muted); }
    .bakeshop-field input,
    .bakeshop-field select,
    .bakeshop-field textarea {
        width: 100%;
        border-radius: 2px;
        border: 1px solid #d1d5db;
        background: #fff;
        color: #111827;
        padding: 11px 12px;
    }
    .bakeshop-field textarea { min-height: 92px; resize: vertical; }
    .bakeshop-form-actions { display: flex; justify-content: space-between; align-items: center; gap: 12px; flex-wrap: wrap; }
    .bakeshop-form-actions.bakeshop-view-tabs { justify-content: flex-start; align-items: center; gap: 14px; }
    .bakeshop-view-tabs .bakeshop-help { margin: 0; }
    .bakeshop-help { font-size: 0.82rem; color: var(--text-muted); }
    .bakeshop-setup-shell { display: grid; gap: 18px; }
    .bakeshop-tabs {
        display: flex;
        gap: 10px;
        flex-wrap: wrap;
        padding: 8px;
        border-radius: 14px;
        background: #eef4ff;
        border: 1px solid #d6e4ff;
    }
    .bakeshop-tab {
        border: 1px solid transparent;
        background: transparent;
        color: #35517a;
        border-radius: 10px;
        padding: 10px 14px;
        font-weight: 600;
        cursor: pointer;
    }
    .bakeshop-tab.active {
        background: #ffffff;
        border-color: #bfd5ff;
        color: var(--accent-strong);
        box-shadow: 0 8px 20px rgba(37, 99, 235, 0.08);
    }
    .bakeshop-tab-panel { display: none; }
    .bakeshop-tab-panel.active { display: block; }
    .bakeshop-section-tabs {
        display: flex;
        gap: 10px;
        flex-wrap: wrap;
        padding: 8px;
        border-radius: 14px;
        background: linear-gradient(180deg, #ecfdf3 0%, #f8fffb 100%);
        border: 1px solid #b7e4c7;
        box-shadow: inset 0 1px 0 rgba(255, 255, 255, 0.8);
    }
    .bakeshop-section-tab {
        border: 1px solid #a7d7b5;
        background: linear-gradient(180deg, #f4fff7 0%, #e8f8ee 100%);
        color: #21543a;
        border-radius: 10px;
        padding: 10px 16px;
        font-weight: 700;
        box-shadow: 0 4px 12px rgba(22, 101, 52, 0.08);
        cursor: pointer;
        transition: transform 120ms ease, box-shadow 120ms ease, background 120ms ease, border-color 120ms ease, color 120ms ease;
    }
    .bakeshop-section-tab:hover,
    .bakeshop-section-tab:focus-visible {
        border-color: #63b37d;
        box-shadow: 0 10px 22px rgba(22, 101, 52, 0.14);
        transform: translateY(-1px);
        outline: none;
    }
    .bakeshop-section-tab.active {
        background: linear-gradient(180deg, #2563eb 0%, #1d4ed8 100%);
        border-color: #1d4ed8;
        color: #ffffff;
        box-shadow: 0 12px 26px rgba(37, 99, 235, 0.24);
    }
    .bakeshop-section-panel { display: none; }
    .bakeshop-section-panel.active { display: grid; gap: 16px; }
    .bakeshop-tab-summary {
        display: grid;
        gap: 6px;
        padding: 0 2px;
    }
    .bakeshop-tab-summary h3 {
        margin: 0;
        font-size: 1.02rem;
    }
    .bakeshop-tab-summary p {
        margin: 0;
        color: var(--text-muted);
        max-width: 58rem;
    }
    .bakeshop-table-wrap { overflow: auto; }
    .bakeshop-table { width: 100%; border-collapse: collapse; font-size: 0.92rem; }
    .bakeshop-table th,
    .bakeshop-table td { padding: 10px 12px; border-bottom: 1px solid var(--border-color); text-align: left; vertical-align: top; }
    .bakeshop-table th { font-size: 0.78rem; text-transform: uppercase; letter-spacing: 0.05em; color: var(--text-muted); }
    .bakeshop-table th.bakeshop-checkbox-cell,
    .bakeshop-table td.bakeshop-checkbox-cell { width: 44px; padding-right: 8px; padding-left: 12px; text-align: center; }
    .bakeshop-table tr:last-child td { border-bottom: none; }
    .bakeshop-table tr.bakeshop-row-selectable { cursor: pointer; }
    .bakeshop-table tr.bakeshop-row-selectable:hover td {
        background: #f8fbff;
    }
    .bakeshop-table-input {
        width: 100%;
        min-width: 110px;
        border-radius: 2px;
        border: 1px solid #d1d5db;
        background: #fff;
        color: #111827;
        padding: 8px 10px;
        font: inherit;
    }
    .bakeshop-table tr.bakeshop-row-focus td {
        background: #fff8db;
        box-shadow: inset 0 0 0 1px rgba(234, 179, 8, 0.22);
    }
    .bakeshop-table tr.bakeshop-row-editing td {
        background: #eef6ff;
        box-shadow: inset 0 0 0 1px rgba(37, 99, 235, 0.18);
    }
    .bakeshop-table tr.bakeshop-row-recent td {
        background: linear-gradient(180deg, rgba(220, 252, 231, 0.95) 0%, rgba(240, 253, 244, 0.75) 100%);
    }
    .bakeshop-muted { color: var(--text-muted); }
    .bakeshop-delivery-sheet input[type="number"] { min-width: 110px; }
    .bakeshop-delivery-sheet tr.is-imported td { background: #effaf4; }
    .bakeshop-inline-note { font-size: 0.82rem; color: var(--text-muted); }
    .bakeshop-inline-note.ok { color: #15803d; }
    .bakeshop-inline-note.error { color: #b91c1c; }
    .bakeshop-review-card {
        display: grid;
        gap: 10px;
        padding: 16px 18px;
        border-radius: 14px;
        border: 1px solid #bbf7d0;
        background: linear-gradient(180deg, #f0fdf4 0%, #ffffff 100%);
    }
    .bakeshop-review-card strong {
        display: block;
        margin-bottom: 4px;
    }
    .bakeshop-review-card p {
        margin: 0;
        color: var(--text-muted);
        line-height: 1.5;
    }
    .bakeshop-detail-stack { display: grid; gap: 6px; }
    .bakeshop-detail-list { display: grid; gap: 4px; margin-top: 2px; }
    .bakeshop-detail-list span { display: block; color: var(--text-muted); font-size: 0.82rem; }
    .bakeshop-row-actions { display: flex; gap: 8px; flex-wrap: wrap; }
    .bakeshop-checkbox {
        width: 16px;
        height: 16px;
        cursor: pointer;
        accent-color: #2563eb;
    }
    .bakeshop-bulk-actions {
        display: flex;
        align-items: center;
        justify-content: space-between;
        gap: 12px;
        flex-wrap: wrap;
    }
    .bakeshop-bulk-actions .bakeshop-help { margin: 0; }
    .bakeshop-inline-tabs {
        display: inline-flex;
        flex-wrap: wrap;
        gap: 8px;
        padding: 8px;
        border-radius: 14px;
        background: linear-gradient(180deg, #ecfdf3 0%, #f8fffb 100%);
        border: 1px solid #b7e4c7;
        box-shadow: inset 0 1px 0 rgba(255, 255, 255, 0.8);
    }
    .bakeshop-inline-tab {
        border: 1px solid #a7d7b5;
        background: linear-gradient(180deg, #f4fff7 0%, #e8f8ee 100%);
        color: #21543a;
        border-radius: 10px;
        padding: 9px 14px;
        font-weight: 700;
        box-shadow: 0 4px 12px rgba(22, 101, 52, 0.08);
        cursor: pointer;
        transition: transform 120ms ease, box-shadow 120ms ease, background 120ms ease, border-color 120ms ease, color 120ms ease;
    }
    .bakeshop-inline-tab:hover,
    .bakeshop-inline-tab:focus-visible {
        border-color: #63b37d;
        box-shadow: 0 10px 22px rgba(22, 101, 52, 0.14);
        transform: translateY(-1px);
        outline: none;
    }
    .bakeshop-inline-tab.active {
        background: linear-gradient(180deg, #2563eb 0%, #1d4ed8 100%);
        border-color: #1d4ed8;
        color: #ffffff;
        box-shadow: 0 12px 26px rgba(37, 99, 235, 0.24);
    }
    .bakeshop-inline-tab-count {
        color: var(--text-muted);
        font-weight: 500;
        margin-left: 6px;
    }
    .bakeshop-inline-tab.active .bakeshop-inline-tab-count {
        color: rgba(255, 255, 255, 0.88);
    }
    body.bakeshop-confirm-open { overflow: hidden; }
    .bakeshop-confirm-backdrop {
        position: fixed;
        inset: 0;
        z-index: 80;
        display: grid;
        place-items: center;
        padding: 24px;
        background: rgba(15, 23, 42, 0.46);
    }
    .bakeshop-confirm-backdrop[hidden] {
        display: none;
    }
    .bakeshop-confirm-panel {
        width: min(100%, 560px);
        display: grid;
        gap: 16px;
        border-radius: 16px;
        border: 1px solid rgba(248, 113, 113, 0.35);
        background: #ffffff;
        box-shadow: 0 28px 70px rgba(15, 23, 42, 0.28);
        padding: 22px;
    }
    .bakeshop-confirm-panel h3 {
        margin: 0;
        font-size: 1.08rem;
    }
    .bakeshop-confirm-panel p {
        margin: 0;
        color: var(--text-muted);
        line-height: 1.55;
    }
    .bakeshop-confirm-impact {
        padding: 10px 12px;
        border-radius: 12px;
        background: #fff7ed;
        border: 1px solid #fed7aa;
        color: #9a3412;
        font-size: 0.86rem;
    }
    .bakeshop-confirm-list {
        margin: 0;
        padding: 0;
        list-style: none;
        display: grid;
        gap: 8px;
    }
    .bakeshop-confirm-list li {
        padding: 10px 12px;
        border-radius: 12px;
        border: 1px solid var(--border-color);
        background: #f8fafc;
        color: #0f172a;
        font-size: 0.9rem;
    }
    .bakeshop-confirm-overflow {
        font-size: 0.84rem;
        color: var(--text-muted);
    }
    .bakeshop-link-button {
        border: none;
        background: transparent;
        color: var(--accent-strong);
        cursor: pointer;
        padding: 0;
        font: inherit;
    }
    .bakeshop-link-button.warn { color: #b91c1c; }
    .bakeshop-chip {
        display: inline-flex;
        align-items: center;
        padding: 4px 9px;
        border-radius: 999px;
        font-size: 0.74rem;
        font-weight: 600;
        letter-spacing: 0.04em;
        text-transform: uppercase;
    }
    .bakeshop-chip.active { background: #eff6ff; color: #1d4ed8; }
    .bakeshop-chip.inactive { background: #eef2f7; color: #51627b; }
    .bakeshop-chip.recent { background: #dcfce7; color: #166534; }
    .bakeshop-focus-note {
        padding: 10px 12px;
        border-radius: 12px;
        background: #fff8db;
        color: #854d0e;
        font-size: 0.85rem;
    }
    .bakeshop-summary-meta { display: grid; gap: 12px; grid-template-columns: repeat(auto-fit, minmax(160px, 1fr)); }
    .bakeshop-summary-meta div { border: 1px solid var(--border-color); border-radius: 12px; padding: 12px; background: #fff; }
    .bakeshop-summary-note {
        padding: 12px 14px;
        border: 1px solid var(--border-color);
        border-radius: 12px;
        background: #fff;
        color: var(--text-muted);
        line-height: 1.55;
    }
    .bakeshop-summary-groups { display: grid; gap: 16px; }
    .bakeshop-summary-group {
        border: 1px solid var(--border-color);
        border-radius: 12px;
        background: #fff;
        overflow: hidden;
    }
    .bakeshop-summary-group-head {
        padding: 14px 16px 10px;
        border-bottom: 1px solid var(--border-color);
        display: grid;
        gap: 4px;
    }
    .bakeshop-summary-group-head h4 {
        margin: 0;
        font-size: 1rem;
    }
    .bakeshop-summary-group-head p {
        margin: 0;
        color: var(--text-muted);
        font-size: 0.88rem;
    }
    .bakeshop-summary-ingredient strong {
        display: block;
    }
    .bakeshop-summary-ingredient span {
        color: var(--text-muted);
        font-size: 0.84rem;
    }
    .bakeshop-summary-meta p { margin: 6px 0 0; color: var(--text-muted); }
    .bakeshop-empty {
        padding: 18px;
        border: 1px dashed var(--border-color);
        border-radius: 12px;
        color: var(--text-muted);
        background: #fff;
    }
    @media (max-width: 1100px) {
        .bakeshop-layout { grid-template-columns: 1fr; }
    }
    @media (max-width: 760px) {
        .bakeshop-tabs { display: grid; grid-template-columns: 1fr; }
        .bakeshop-grid-2,
        .bakeshop-grid-3,
        .bakeshop-delivery-line { grid-template-columns: 1fr; }
    }
</style>

</head>
<body>
    <input class="bakeshop-sidebar-toggle" type="checkbox" id="bakeshop-sidebar-toggle" aria-hidden="true">
    <label class="bakeshop-mobile-overlay" for="bakeshop-sidebar-toggle" aria-hidden="true"></label>
    <div class="bakeshop-admin-shell">
        <aside class="sidebar">
            <label class="bakeshop-sidebar-close" for="bakeshop-sidebar-toggle">Close</label>
            <div class="bakeshop-brand">
                <div class="bakeshop-brand-mark"><img src="/uploads/bakeshop/north-oven.png" alt="North Oven Bakery logo"></div>
                <div>
                    <h1>North Oven Bakery</h1>
                    <p>Projection printouts for branch planning.</p>
                </div>
            </div>

            <nav class="bakeshop-nav">
                <div class="bakeshop-nav-group">
                    <div class="bakeshop-nav-label">Daily Work</div>
                    <a href="http://cmsnew.testtests/bakeshop_supervisor_settings_panel_test.php/admin/bakeshop" class="active">
                        <span class="bakeshop-nav-title">
                            <strong>Operations Workspace</strong>
                            <span>Overview plus focused views for branches, products, ingredients, deliveries, production, and usage</span>
                        </span>
                    </a>
                    
                    <div class="bakeshop-nav-submenu" aria-label="Focused work areas">
                        <a href="http://cmsnew.testtests/bakeshop_supervisor_settings_panel_test.php/admin/bakeshop?view=workspace#branches" class="" data-workspace-submenu="true" data-tab-target="branches" data-server-active="false">Branches</a>
                        <a href="http://cmsnew.testtests/bakeshop_supervisor_settings_panel_test.php/admin/bakeshop?view=workspace#catalog" class="" data-workspace-submenu="true" data-tab-target="catalog" data-server-active="false">Products</a>
                        <a href="http://cmsnew.testtests/bakeshop_supervisor_settings_panel_test.php/admin/bakeshop?view=workspace#ingredients" class="" data-workspace-submenu="true" data-tab-target="ingredients" data-server-active="false">Ingredients</a>
                        <a href="http://cmsnew.testtests/bakeshop_supervisor_settings_panel_test.php/admin/bakeshop?view=workspace#deliveries" class="" data-workspace-submenu="true" data-tab-target="deliveries" data-server-active="false">Ingredient Deliveries</a>
                        <a href="http://cmsnew.testtests/bakeshop_supervisor_settings_panel_test.php/admin/bakeshop?view=workspace#production" class="" data-workspace-submenu="true" data-tab-target="production" data-server-active="false">Production Runs</a>
                        <a href="http://cmsnew.testtests/bakeshop_supervisor_settings_panel_test.php/admin/bakeshop?view=workspace#usage" class="" data-workspace-submenu="true" data-tab-target="usage" data-server-active="false">Usage Summary</a>
                    </div>
                    
                </div>

                <div class="bakeshop-nav-group">
                    <div class="bakeshop-nav-label">Reports</div>
                    <a href="http://cmsnew.testtests/bakeshop_supervisor_settings_panel_test.php/admin/bakeshop/print" target="_blank" rel="noopener">
                        <span class="bakeshop-nav-title">
                            <strong>Print Summary</strong>
                            <span>Open the clean branch usage report</span>
                        </span>
                    </a>
                </div>

                <div class="bakeshop-nav-group">
                    <div class="bakeshop-nav-label">Administration</div>
                    
                    <a href="http://cmsnew.testtests/bakeshop_supervisor_settings_panel_test.php/admin/bakeshop/history" class="">
                        <span class="bakeshop-nav-title">
                            <strong>Activity History</strong>
                            <span>Changes to staff, settings, and operations</span>
                        </span>
                    </a>
                    
                    
                    <a href="http://cmsnew.testtests/bakeshop_supervisor_settings_panel_test.php/admin/bakeshop/users" class="">
                        <span class="bakeshop-nav-title">
                            <strong>Staff</strong>
                            <span>Admins, supervisors, onboarding</span>
                        </span>
                    </a>
                    
                    
                    <a href="http://cmsnew.testtests/bakeshop_supervisor_settings_panel_test.php/admin/bakeshop/settings" class="">
                        <span class="bakeshop-nav-title">
                            <strong>Settings</strong>
                            <span>Access rules and module defaults</span>
                        </span>
                    </a>
                    
                </div>

                <div class="bakeshop-nav-group">
                    <div class="bakeshop-nav-label">Account</div>
                    <a href="http://cmsnew.testtests/bakeshop_supervisor_settings_panel_test.php/admin/bakeshop/account" class="">
                        <span class="bakeshop-nav-title">
                            <strong>My Account</strong>
                            <span>Password and account details</span>
                        </span>
                    </a>
                </div>
            </nav>

            <div class="bakeshop-sidebar-card">
                <h2>Recommended Order</h2>
                <p>Open the operations workspace once, then move across the tabs in order: branches, ingredients, products, deliveries, production, and usage review.</p>
                
            </div>
        </aside>

        <div class="bakeshop-main">
            <header class="topbar">
                <div class="bakeshop-topbar-actions">
                    <label class="bakeshop-mobile-nav-button" for="bakeshop-sidebar-toggle">Menu</label>
                </div>
                <div class="bakeshop-title-stack">
                    <span class="bakeshop-kicker">Bakeshop Module</span>
                    <h2 id="bakeshop-page-title">Bakeshop Operations</h2>
                    <p id="bakeshop-page-intro">One operations workspace for branch setup, ingredients, products, deliveries, production, and usage. The sections below are grouped so non-technical staff can work in the order they actually do the day.</p>
                </div>

                <div class="bakeshop-topbar-user-tools">
                    <div class="bakeshop-user-card">
                        <strong>Administrator</strong>
                        <span>test-debug@example.com</span>
                        <span class="bakeshop-user-role">admin</span>
                    </div>
                    <form class="bakeshop-topbar-signout" method="post" action="http://cmsnew.testtests/bakeshop_supervisor_settings_panel_test.php/bakeshop/logout">
                        <input type="hidden" name="_token" value="7de2463e22f2cc74fd547e2d1a0160e3e8769de21ab0ab258c06b084db96271b">
                        <button class="bakeshop-sidebar-link" type="submit">Sign Out</button>
                    </form>
                </div>
            </header>

            <main class="bakeshop-content">
                <div class="bakeshop-content-inner">
                    
<div class="bakeshop-shell">
    <div class="bakeshop-header" style="justify-content:flex-end;">
        <div class="bakeshop-actions">
            
            <a class="bakeshop-button staff" href="http://cmsnew.testtests/bakeshop_supervisor_settings_panel_test.php/admin/bakeshop/users">Manage Staff</a>
            
            <a class="bakeshop-button print" id="bakeshop-print-link" href="http://cmsnew.testtests/bakeshop_supervisor_settings_panel_test.php/admin/bakeshop/print" target="_blank" rel="noopener">Open Print Summary</a>
            <button class="bakeshop-button refresh" type="button" id="bakeshop-refresh">Refresh Data</button>
        </div>
    </div>

    <div class="bakeshop-banner" id="bakeshop-banner"></div>

    <div class="bakeshop-confirm-backdrop" id="bakeshop-delete-confirm" hidden>
        <div class="bakeshop-confirm-panel" role="dialog" aria-modal="true" aria-labelledby="bakeshop-delete-confirm-title" aria-describedby="bakeshop-delete-confirm-message">
            <div class="bakeshop-shell" style="gap: 12px;">
                <h3 id="bakeshop-delete-confirm-title">Delete selected records?</h3>
                <p id="bakeshop-delete-confirm-message">Review the selected items before confirming this delete.</p>
                <div class="bakeshop-confirm-impact" id="bakeshop-delete-confirm-impact" hidden></div>
                <ul class="bakeshop-confirm-list" id="bakeshop-delete-confirm-list" hidden></ul>
                <p class="bakeshop-confirm-overflow" id="bakeshop-delete-confirm-overflow" hidden></p>
            </div>
            <div class="bakeshop-actions" style="justify-content: flex-end;">
                <button class="bakeshop-button secondary" type="button" id="bakeshop-delete-confirm-cancel">Cancel</button>
                <button class="bakeshop-button danger" type="button" id="bakeshop-delete-confirm-submit">Delete Selected</button>
            </div>
        </div>
    </div>

    

    

    <div class="bakeshop-stats" style="">
        <div class="bakeshop-stat">
            <strong id="stat-branches">1</strong>
            <span>Active Branches</span>
        </div>
        <div class="bakeshop-stat">
            <strong id="stat-products">1</strong>
            <span>Products</span>
        </div>
        <div class="bakeshop-stat">
            <strong id="stat-ingredients">3</strong>
            <span>Ingredients</span>
        </div>
        <div class="bakeshop-stat" >
            <strong id="stat-recipes">0</strong>
            <span>Recipe Lines</span>
        </div>
    </div>

    <section class="bakeshop-panel" style="">
        <div class="bakeshop-panel-head">
            <h3>Start Here</h3>
            <p>Follow this order so first-time setup stays predictable and the daily routine is easy to repeat.</p>
        </div>
        <div class="bakeshop-panel-body">
            <div class="bakeshop-flow">
                <article class="bakeshop-flow-step">
                    <strong>1</strong>
                    <h3>Set up branches</h3>
                    <p>Create the store locations you report against. Everything else connects back to these branches.</p>
                </article>
                <article class="bakeshop-flow-step">
                    <strong>2</strong>
                    <h3>Define products and recipes</h3>
                    <p>Add your finished goods and ingredient recipe lines before you record actual stock movement.</p>
                </article>
                <article class="bakeshop-flow-step">
                    <strong>3</strong>
                    <h3>Receive inventory and record production</h3>
                    <p>Use the same workspace for incoming ingredient inventory and production output so stock-in and stock-out stay connected.</p>
                </article>
                <article class="bakeshop-flow-step">
                    <strong>4</strong>
                    <h3>Review usage and print</h3>
                    <p>Check the branch usage summary, then open the printable report when you need a clean handoff.</p>
                </article>
            </div>
        </div>
    </section>

    <section class="bakeshop-panel" style="">
        <div class="bakeshop-panel-head">
            <h3>Summary Report</h3>
            <p>Branch ingredient balance summary for handoff: beginning stock, delivery source, total delivery, production usage, and remaining balance.</p>
        </div>
        <div class="bakeshop-panel-body bakeshop-setup-shell">
            <form class="bakeshop-shell" method="get" action="http://cmsnew.testtests/bakeshop_supervisor_settings_panel_test.php/admin/bakeshop" style="gap: 12px;">
                <div class="bakeshop-grid-3">
                    <div class="bakeshop-field">
                        <label for="summary-branch-filter">Branch</label>
                        <select id="summary-branch-filter" name="branch_id">
                            <option value="">All branches</option>
                            
                            <option value="398">DPE7723E5D - Projection Branch E7723E5D</option>
                            
                        </select>
                    </div>
                    <div class="bakeshop-field">
                        <label for="summary-from-filter">From</label>
                        <input id="summary-from-filter" name="from_date" type="date" value="">
                    </div>
                    <div class="bakeshop-field">
                        <label for="summary-to-filter">To</label>
                        <input id="summary-to-filter" name="to_date" type="date" value="">
                    </div>
                </div>
                <div class="bakeshop-form-actions">
                    <span class="bakeshop-help">Filters you apply here also carry into the usage work area and printable report.</span>
                    <div class="bakeshop-actions">
                        
                        <a class="bakeshop-button print" href="http://cmsnew.testtests/bakeshop_supervisor_settings_panel_test.php/admin/bakeshop/print" target="_blank" rel="noopener">Open Print View</a>
                        <button class="bakeshop-button" type="submit">Apply Filters</button>
                    </div>
                </div>
            </form>

            <div class="bakeshop-summary-meta">
                <div>
                    <strong>Branch</strong>
                    <p>DPE7723E5D - Projection Branch E7723E5D</p>
                </div>
                <div>
                    <strong>From</strong>
                    <p>2026-05-01</p>
                </div>
                <div>
                    <strong>To</strong>
                    <p>2026-05-01</p>
                </div>
            </div>

            <div class="bakeshop-stats">
                <div class="bakeshop-stat">
                    <strong>1</strong>
                    <span>Tracked Ingredients</span>
                </div>
                <div class="bakeshop-stat">
                    <strong>1</strong>
                    <span>Delivery Lines</span>
                </div>
                <div class="bakeshop-stat">
                    <strong>5</strong>
                    <span>Saved Batches</span>
                </div>
                <div class="bakeshop-stat">
                    <strong>75.00 kg</strong>
                    <span>On Hand At Scope End</span>
                </div>
            </div>

            <div class="bakeshop-summary-note">
                Beginning balance reflects stock before the first visible report date. Usage comes from saved ingredient snapshots attached to production runs, and all displayed values follow the configured 2-decimal output setting.
            </div>

            
            <div class="bakeshop-summary-groups">
                
                <section class="bakeshop-summary-group">
                    <div class="bakeshop-summary-group-head">
                        <h4>DPE7723E5D - Projection Branch E7723E5D</h4>
                        <p>Ingredient movement summary for this branch.</p>
                    </div>
                    <div class="bakeshop-table-wrap">
                        <table class="bakeshop-table">
                            <thead>
                                <tr>
                                    <th>Ingredient</th>
                                    <th>Unit</th>
                                    <th>Beginning Balance</th>
                                    <th>Delivery Source</th>
                                    <th>Total Delivery</th>
                                    <th>Usage</th>
                                    <th>Remaining Balance</th>
                                </tr>
                            </thead>
                            <tbody>
                                
                                <tr>
                                    <td class="bakeshop-summary-ingredient">
                                        <strong>Projection Flour E7723E5D</strong>
                                        <span>mass</span>
                                    </td>
                                    <td>kg</td>
                                    <td>0.00</td>
                                    <td>Commissary</td>
                                    <td>75.00</td>
                                    <td>0.00</td>
                                    <td>75.00</td>
                                </tr>
                                
                                <tr>
                                    <td colspan="2"><strong>Branch Totals</strong></td>
                                    <td><strong>0.00</strong></td>
                                    <td><strong>—</strong></td>
                                    <td><strong>75.00</strong></td>
                                    <td><strong>0.00</strong></td>
                                    <td><strong>75.00</strong></td>
                                </tr>
                            </tbody>
                        </table>
                    </div>
                </section>
                
            </div>
            
        </div>
    </section>

    <section class="bakeshop-panel" style="" id="work-areas-panel">
        <div class="bakeshop-panel-head" style="">
            <h3>Work Areas</h3>
            <p>Use one work area at a time so setup, receiving, production, and reporting stay separate instead of competing for attention on one long page.</p>
            
        </div>
        <div class="bakeshop-panel-body bakeshop-setup-shell">
            <div class="bakeshop-tabs" role="tablist" aria-label="Bakeshop setup sections" style="">
                <a class="bakeshop-tab active" href="http://cmsnew.testtests/bakeshop_supervisor_settings_panel_test.php/admin/bakeshop#branches" data-tab="branches" data-workspace-title="Branch Setup" data-workspace-intro="Create and maintain the branch locations that every delivery, production run, and usage report will reference." role="tab" aria-selected="true">Branches</a>
                <a class="bakeshop-tab" href="http://cmsnew.testtests/bakeshop_supervisor_settings_panel_test.php/admin/bakeshop#catalog" data-tab="catalog" data-workspace-title="Products" data-workspace-intro="Define finished goods first, then maintain each product&#039;s recipe lines in the same work area." role="tab" aria-selected="false">Products</a>
                <a class="bakeshop-tab" href="http://cmsnew.testtests/bakeshop_supervisor_settings_panel_test.php/admin/bakeshop#ingredients" data-tab="ingredients" data-workspace-title="Ingredients" data-workspace-intro="Maintain the raw-material catalog separately from products so receiving and recipe setup stay clear." role="tab" aria-selected="false">Ingredients</a>
                <a class="bakeshop-tab" href="http://cmsnew.testtests/bakeshop_supervisor_settings_panel_test.php/admin/bakeshop#deliveries" data-tab="deliveries" data-workspace-title="Ingredient Deliveries" data-workspace-intro="Receive ingredient stock by branch in one place so incoming materials are recorded cleanly before production." role="tab" aria-selected="false">Ingredient Deliveries</a>
                <a class="bakeshop-tab" href="http://cmsnew.testtests/bakeshop_supervisor_settings_panel_test.php/admin/bakeshop#production" data-tab="production" data-workspace-title="Baking Log" data-workspace-intro="Record what was baked, then review saved batches by branch, item, and time." role="tab" aria-selected="false">Baking Log</a>
                <a class="bakeshop-tab" href="http://cmsnew.testtests/bakeshop_supervisor_settings_panel_test.php/admin/bakeshop#usage" data-tab="usage" data-workspace-title="Usage Summary" data-workspace-intro="Review delivered versus consumed ingredients and refresh the usage summary before opening the printable report." role="tab" aria-selected="false">Usage Summary</a>
            </div>

            <section class="bakeshop-tab-panel active" data-tab-panel="branches">
                <div class="bakeshop-panel">
                    <div class="bakeshop-panel-body">
                        <form id="branch-form" class="bakeshop-grid-3" data-manage-required="true">
                            <div class="bakeshop-focus-note" id="branch-focus-note" style="grid-column: 1 / -1;" hidden></div>
                            <input type="hidden" name="id" value="">
                            <input type="hidden" name="is_active" value="1">
                            <div class="bakeshop-field">
                                <label for="branch-code">Code</label>
                                <input id="branch-code" name="code" placeholder="MAIN">
                            </div>
                            <div class="bakeshop-field">
                                <label for="branch-name">Name</label>
                                <input id="branch-name" name="name" placeholder="Main Branch">
                            </div>
                            <div class="bakeshop-field">
                                <label for="branch-address">Address</label>
                                <input id="branch-address" name="address" placeholder="Branch address">
                            </div>
                            <div class="bakeshop-form-actions" style="grid-column: 1 / -1;">
                                <span class="bakeshop-help">Branch IDs are owned by this module. No ecommerce or WMS bridge is wired in v1.</span>
                                <div class="bakeshop-actions">
                                    <button class="bakeshop-button danger" type="button" id="branch-cancel" hidden disabled>Cancel Edit</button>
                                    <button class="bakeshop-button" type="submit" id="branch-submit">Save Branch</button>
                                </div>
                            </div>
                        </form>

                        <div class="bakeshop-field">
                            <label for="branches-filter">Find Branch</label>
                            <input id="branches-filter" type="search" placeholder="Search by branch code, name, or address">
                        </div>

                        <div class="bakeshop-table-wrap">
                            <table class="bakeshop-table" id="branches-table">
                                <thead>
                                    <tr>
                                        <th>Code</th>
                                        <th>Name</th>
                                        <th>Address</th>
                                        <th>Status</th>
                                        <th>Actions</th>
                                    </tr>
                                </thead>
                                <tbody></tbody>
                            </table>
                        </div>
                    </div>
                </div>
            </section>

            <section class="bakeshop-tab-panel" data-tab-panel="catalog">
                <div class="bakeshop-column">
                    <section class="bakeshop-panel" id="product-editor-panel">
                        <div class="bakeshop-panel-head">
                            <p>Define your finished goods. Click a product row to edit it; its recipe lines appear in the sub-section below.</p>
                        </div>
                        <div class="bakeshop-panel-body">
                            <form id="product-form" class="bakeshop-shell" style="gap: 16px;" data-manage-required="true">
                                <div class="bakeshop-focus-note" id="product-focus-note" hidden></div>
                                <input type="hidden" name="id" value="">
                                <input type="hidden" name="is_active" value="1">
                                <div class="bakeshop-grid-3">
                                    <div class="bakeshop-field">
                                        <label for="product-name">Name</label>
                                        <input id="product-name" name="name" placeholder="Pandesal">
                                    </div>
                                    <div class="bakeshop-field">
                                        <label for="product-sku">SKU</label>
                                        <input id="product-sku" name="sku" placeholder="PRD-001">
                                    </div>
                                    <div class="bakeshop-field">
                                        <label for="product-category">Category</label>
                                        <input id="product-category" name="category" placeholder="Bread">
                                    </div>
                                    <div class="bakeshop-field">
                                        <label for="product-yield-qty">Default Yield Qty</label>
                                        <input id="product-yield-qty" name="default_yield_qty" type="number" min="0.01" step="0.01" value="1.00">
                                    </div>
                                    <div class="bakeshop-field" style="grid-column: span 2;">
                                        <label for="product-yield-unit">Default Yield Unit</label>
                                        <select id="product-yield-unit" name="default_yield_unit_id"></select>
                                    </div>
                                </div>
                                <div class="bakeshop-form-actions">
                                    <span class="bakeshop-help">Default yield drives recipe-backed ingredient scaling for saved batch records.</span>
                                    <div class="bakeshop-actions">
                                            <button class="bakeshop-button success" type="button" id="product-add">Add Product</button>
                                        <button class="bakeshop-button danger" type="button" id="product-cancel" hidden disabled>Cancel Edit</button>
                                        <button class="bakeshop-button" type="submit" id="product-submit">Save Product</button>
                                    </div>
                                </div>
                            </form>

                            <div class="bakeshop-grid-2" >
                                <div class="bakeshop-field" style="grid-column: 2 / 3;">
                                    <label for="recipes-filter">Find Recipe Line</label>
                                    <input id="recipes-filter" type="search" placeholder="Search by ingredient, unit, or notes">
                                </div>
                            </div>

                            

                            <section class="bakeshop-panel bakeshop-panel-subdued" id="recipe-panel" >
                                <div class="bakeshop-panel-head">
                                    <h3 id="recipe-panel-title">Recipe</h3>
                                    <p id="recipe-form-description">Edit a product first to view and maintain its recipe lines.</p>
                                </div>
                                <div class="bakeshop-panel-body">
                                    <div id="recipe-panel-empty" class="bakeshop-muted">Select Edit on a product to open that product's recipe.</div>
                                    <div id="recipe-panel-details" hidden>
                                    <form id="recipe-form" class="bakeshop-grid-3" data-manage-required="true">
                                        <div class="bakeshop-focus-note" id="recipe-focus-note" style="grid-column: 1 / -1;" hidden></div>
                                        <input id="recipe-product" name="product_id" type="hidden" value="">
                                        <div class="bakeshop-field">
                                            <label for="recipe-ingredient">Ingredient</label>
                                            <select id="recipe-ingredient" name="ingredient_id"></select>
                                        </div>
                                        <div class="bakeshop-field">
                                            <label for="recipe-unit">Unit</label>
                                            <select id="recipe-unit" name="unit_id"></select>
                                        </div>
                                        <div class="bakeshop-field">
                                            <label for="recipe-qty">Quantity</label>
                                            <input id="recipe-qty" name="qty" type="number" min="0.01" step="0.01" value="1.00">
                                        </div>
                                        <div class="bakeshop-field" style="grid-column: span 2;">
                                            <label for="recipe-notes">Notes</label>
                                            <input id="recipe-notes" name="notes" placeholder="Optional preparation note">
                                        </div>
                                        <div class="bakeshop-form-actions" style="grid-column: 1 / -1;">
                                            <span class="bakeshop-help">Update the ingredient usage for this product.</span>
                                            <div class="bakeshop-actions">
                                                <button class="bakeshop-button danger" type="button" id="recipe-cancel" hidden disabled>Cancel Edit</button>
                                                <button class="bakeshop-button" type="submit" id="recipe-submit">Save Recipe Line</button>
                                            </div>
                                        </div>
                                    </form>

                                    <div class="bakeshop-table-wrap">
                                        <table class="bakeshop-table" id="recipes-table">
                                            <thead>
                                                <tr>
                                                    <th>Ingredient</th>
                                                    <th>Qty</th>
                                                    <th>Unit</th>
                                                    <th>Notes</th>
                                                    <th>Actions</th>
                                                </tr>
                                            </thead>
                                            <tbody></tbody>
                                        </table>
                                    </div>
                                    </div>
                                </div>
                            </section>

                            <div class="bakeshop-form-actions bakeshop-view-tabs">
                                <div class="bakeshop-inline-tabs" role="tablist" aria-label="Product status views">
                                    <button class="bakeshop-inline-tab active" type="button" id="products-view-active" data-product-view="active" aria-selected="true">Active <span class="bakeshop-inline-tab-count" id="products-active-count">0</span></button>
                                    <button class="bakeshop-inline-tab" type="button" id="products-view-archived" data-product-view="archived" aria-selected="false">Archived <span class="bakeshop-inline-tab-count" id="products-archived-count">0</span></button>
                                </div>
                                <span class="bakeshop-help" id="products-view-summary">View active products used for current batch recording.</span>
                            </div>

                            <div class="bakeshop-form-actions bakeshop-bulk-actions">
                                <span class="bakeshop-help" id="products-selection-summary">No products selected.</span>
                                
                                <div class="bakeshop-actions">
                                    <button class="bakeshop-button secondary" type="button" id="products-select-visible">Select Visible</button>
                                    <button class="bakeshop-button secondary" type="button" id="products-clear-selection" hidden>Clear Selection</button>
                                    <button class="bakeshop-button danger" type="button" id="products-delete-selected" hidden>Delete Selected</button>
                                </div>
                                
                            </div>

                            <div class="bakeshop-table-wrap">
                                <table class="bakeshop-table" id="products-table">
                                    <thead>
                                        <tr>
                                            <th class="bakeshop-checkbox-cell"><input class="bakeshop-checkbox" id="products-select-all" type="checkbox" aria-label="Select visible products"></th>
                                            <th>Product</th>
                                            <th>Category</th>
                                            <th>Yield</th>
                                            <th >Recipe Lines</th>
                                            <th>Status</th>
                                            <th>Actions</th>
                                        </tr>
                                    </thead>
                                    <tbody></tbody>
                                </table>
                            </div>
                        </div>
                    </section>

                </div>
            </section>

            <section class="bakeshop-tab-panel" data-tab-panel="ingredients">
                <div class="bakeshop-column">
                    <section class="bakeshop-panel">
                        <div class="bakeshop-panel-head">
                            <p>Maintain the ingredient master list and its base unit before using items in deliveries, usage reporting, and recipe-backed batches.</p>
                        </div>
                        <div class="bakeshop-panel-body">
                            <form id="ingredient-form" class="bakeshop-shell" style="gap: 16px;" data-manage-required="true">
                                <div class="bakeshop-focus-note" id="ingredient-focus-note" hidden></div>
                                <input type="hidden" name="id" value="">
                                <input type="hidden" name="is_active" value="1">
                                <div class="bakeshop-grid-3">
                                    <div class="bakeshop-field">
                                        <label for="ingredient-name">Name</label>
                                        <input id="ingredient-name" name="name" placeholder="Flour">
                                    </div>
                                    <div class="bakeshop-field">
                                        <label for="ingredient-sku">SKU</label>
                                        <input id="ingredient-sku" name="sku" placeholder="ING-001">
                                    </div>
                                    <div class="bakeshop-field">
                                        <label for="ingredient-unit">Default Unit</label>
                                        <select id="ingredient-unit" name="default_unit_id"></select>
                                    </div>
                                </div>
                                <div class="bakeshop-grid-3">
                                    <div class="bakeshop-field">
                                        <label for="ingredient-pack-label">Pack Label</label>
                                        <input id="ingredient-pack-label" name="pack_label" placeholder="Bag">
                                    </div>
                                    <div class="bakeshop-field">
                                        <label for="ingredient-pack-qty">Pack Qty</label>
                                        <input id="ingredient-pack-qty" name="pack_qty" type="number" min="0" step="0.0001" placeholder="25.0000">
                                    </div>
                                    <div class="bakeshop-field">
                                        <label for="ingredient-pack-unit">Pack Unit</label>
                                        <select id="ingredient-pack-unit" name="pack_unit_id"></select>
                                    </div>
                                </div>
                                <div class="bakeshop-form-actions">
                                    <span class="bakeshop-help">Units are seeded globally as `kg`, `g`, `L`, `mL`, `pc`, and `pack`. Pack metadata is optional, but when set it must match the ingredient unit dimension.</span>
                                    <div class="bakeshop-actions">
                                            <button class="bakeshop-button success" type="button" id="ingredient-add">Add Ingredient</button>
                                        <button class="bakeshop-button danger" type="button" id="ingredient-cancel" hidden disabled>Cancel Edit</button>
                                        <button class="bakeshop-button" type="submit" id="ingredient-submit">Save Ingredient</button>
                                    </div>
                                </div>
                            </form>

                            <div class="bakeshop-field">
                                <label for="ingredients-filter">Find Ingredient</label>
                                <input id="ingredients-filter" type="search" placeholder="Search by ingredient, SKU, or unit">
                            </div>

                            <div class="bakeshop-form-actions bakeshop-view-tabs">
                                <div class="bakeshop-inline-tabs" role="tablist" aria-label="Ingredient status views">
                                    <button class="bakeshop-inline-tab active" type="button" id="ingredients-view-active" data-ingredient-view="active" aria-selected="true">Active <span class="bakeshop-inline-tab-count" id="ingredients-active-count">0</span></button>
                                    <button class="bakeshop-inline-tab" type="button" id="ingredients-view-archived" data-ingredient-view="archived" aria-selected="false">Archived <span class="bakeshop-inline-tab-count" id="ingredients-archived-count">0</span></button>
                                </div>
                                <span class="bakeshop-help" id="ingredients-view-summary">View active ingredients used in current operations.</span>
                            </div>

                            <div class="bakeshop-form-actions bakeshop-bulk-actions">
                                <span class="bakeshop-help" id="ingredients-selection-summary">No ingredients selected.</span>
                                
                                <div class="bakeshop-actions">
                                    <button class="bakeshop-button secondary" type="button" id="ingredients-select-visible">Select Visible</button>
                                    <button class="bakeshop-button secondary" type="button" id="ingredients-clear-selection" hidden>Clear Selection</button>
                                    <button class="bakeshop-button danger" type="button" id="ingredients-delete-selected" hidden>Delete Selected</button>
                                </div>
                                
                            </div>

                            <div class="bakeshop-table-wrap">
                                <table class="bakeshop-table" id="ingredients-table">
                                    <thead>
                                        <tr>
                                            <th class="bakeshop-checkbox-cell"><input class="bakeshop-checkbox" id="ingredients-select-all" type="checkbox" aria-label="Select visible ingredients"></th>
                                            <th>Ingredient</th>
                                            <th>SKU</th>
                                            <th>Default Unit</th>
                                            <th>Pack</th>
                                            <th>Status</th>
                                            <th>Actions</th>
                                        </tr>
                                    </thead>
                                    <tbody></tbody>
                                </table>
                            </div>
                        </div>
                    </section>
                </div>
            </section>

            <section class="bakeshop-tab-panel" data-tab-panel="deliveries">
                <section class="bakeshop-panel">
                    <div class="bakeshop-panel-head">
                        <p>Set the day's received quantities for one branch at a time. Every ingredient is listed below so encoding stays predictable.</p>
                    </div>
                    <div class="bakeshop-panel-body">
                        <div class="bakeshop-section-panel active" data-delivery-section-panel="receive">
                        <form id="delivery-form" class="bakeshop-shell" style="gap: 16px;" data-manage-required="true">
                            <div class="bakeshop-grid-2">
                                <div class="bakeshop-field">
                                    <label for="delivery-branch">Branch</label>
                                    <select id="delivery-branch" name="branch_id"></select>
                                </div>
                                <div class="bakeshop-field">
                                    <label for="delivery-at">Delivery Date</label>
                                    <input id="delivery-at" name="delivered_at" type="date">
                                </div>
                                <div class="bakeshop-field">
                                    <label for="delivery-coverage-days">Coverage Days</label>
                                    <input id="delivery-coverage-days" name="coverage_days" type="number" min="1" max="31" step="1" value="3">
                                </div>
                                <div class="bakeshop-field">
                                    <label for="delivery-reference">Reference</label>
                                    <input id="delivery-reference" name="reference" placeholder="DR-2026-001">
                                </div>
                                <div class="bakeshop-field">
                                    <label for="delivery-received-by">Received By</label>
                                    <input id="delivery-received-by" name="received_by" placeholder="Supervisor name">
                                </div>
                            </div>
                            <div class="bakeshop-grid-2">
                                <div class="bakeshop-field">
                                    <label for="delivery-source-type">Delivery Source</label>
                                    <select id="delivery-source-type" name="source_type">
                                        <option value="commissary">Commissary</option>
                                        <option value="other">Other Supplier</option>
                                    </select>
                                </div>
                                <div class="bakeshop-field" id="delivery-source-name-field" hidden>
                                    <label for="delivery-source-name">Other Supplier Name</label>
                                    <input id="delivery-source-name" name="source_name" placeholder="Specify supplier name">
                                </div>
                            </div>
                            <div class="bakeshop-field">
                                <label for="delivery-notes">Notes</label>
                                <textarea id="delivery-notes" name="notes" placeholder="Optional receiving note"></textarea>
                            </div>
                            <div class="bakeshop-grid-2">
                                <div class="bakeshop-field">
                                    <label for="delivery-sheet-filter">Find Ingredient</label>
                                    <input id="delivery-sheet-filter" type="search" placeholder="Search by ingredient or SKU">
                                </div>
                                <div class="bakeshop-field">
                                    <label for="delivery-csv-file">Import CSV</label>
                                    <input id="delivery-csv-file" type="file" accept=".csv,text/csv">
                                </div>
                            </div>
                            <div>
                                <div class="bakeshop-form-actions bakeshop-view-tabs" style="margin-bottom: 10px;">
                                    <div class="bakeshop-section-tabs" role="tablist" aria-label="Delivery sections">
                                        <button class="bakeshop-section-tab active" type="button" data-delivery-section-tab="receive" role="tab" aria-selected="true">Daily Receiving</button>
                                        <button class="bakeshop-section-tab" type="button" data-delivery-section-tab="saved" role="tab" aria-selected="false">Saved Receipts</button>
                                    </div>
                                    <span class="bakeshop-help">Set one branch's received quantities for the day and save a single receipt.</span>
                                </div>
                                <div class="bakeshop-form-actions" style="margin-bottom: 10px;">
                                    <span class="bakeshop-help">Every ingredient is listed below in its default unit. Enter received quantities directly, or import a CSV with `sku` or `ingredient`, `qty`, optional `unit_cost`, and optional `cost_basis` columns.</span>
                                    <div class="bakeshop-actions">
                                        <button class="bakeshop-button secondary" type="button" id="delivery-csv-template">Download CSV Template</button>
                                        <button class="bakeshop-button secondary" type="button" id="delivery-sheet-clear">Clear Quantities</button>
                                    </div>
                                </div>
                                <div class="bakeshop-table-wrap bakeshop-delivery-sheet">
                                    <table class="bakeshop-table">
                                        <thead>
                                            <tr>
                                                <th>Ingredient</th>
                                                <th>SKU</th>
                                                <th>Default Unit</th>
                                                <th>Qty Received</th>
                                                <th>Unit Cost</th>
                                                <th>Cost Basis</th>
                                            </tr>
                                        </thead>
                                        <tbody id="delivery-lines"></tbody>
                                    </table>
                                </div>
                            </div>
                            <div class="bakeshop-form-actions">
                                <span class="bakeshop-help">Saving posts one branch receipt and includes only ingredients with a quantity greater than zero. Coverage days lets one DR represent a multi-day delivery window.</span>
                                <button class="bakeshop-button" type="submit">Save Delivery</button>
                            </div>
                        </form>
                        </div>

                        <div class="bakeshop-section-panel" data-delivery-section-panel="saved">
                        <div class="bakeshop-form-actions bakeshop-view-tabs">
                            <div class="bakeshop-section-tabs" role="tablist" aria-label="Delivery sections">
                                <button class="bakeshop-section-tab" type="button" data-delivery-section-tab="receive" role="tab" aria-selected="false">Daily Receiving</button>
                                <button class="bakeshop-section-tab active" type="button" data-delivery-section-tab="saved" role="tab" aria-selected="true">Saved Receipts</button>
                            </div>
                            <span class="bakeshop-help">Review saved branch receipts by date, source, receiver, and delivery detail.</span>
                        </div>
                        <div class="bakeshop-field">
                            <label for="deliveries-filter">Find Delivery</label>
                            <input id="deliveries-filter" type="search" placeholder="Search by branch, source, reference, receiver, or date">
                        </div>

                        <div class="bakeshop-form-actions bakeshop-bulk-actions">
                            <span class="bakeshop-help" id="deliveries-selection-summary">No deliveries selected.</span>
                            
                            <div class="bakeshop-actions">
                                <button class="bakeshop-button secondary" type="button" id="deliveries-select-visible">Select Visible</button>
                                <button class="bakeshop-button secondary" type="button" id="deliveries-clear-selection" hidden>Clear Selection</button>
                                <button class="bakeshop-button danger" type="button" id="deliveries-delete-selected" hidden>Delete Selected</button>
                            </div>
                            
                        </div>

                        <div class="bakeshop-table-wrap">
                            <table class="bakeshop-table" id="deliveries-table">
                                <thead>
                                    <tr>
                                        <th class="bakeshop-checkbox-cell"><input class="bakeshop-checkbox" id="deliveries-select-all" type="checkbox" aria-label="Select visible deliveries"></th>
                                        <th>Branch</th>
                                        <th>Delivered At</th>
                                        <th>Reference</th>
                                        <th>Delivery Detail</th>
                                        <th>Actions</th>
                                    </tr>
                                </thead>
                                <tbody></tbody>
                            </table>
                        </div>
                        </div>
                    </div>
                </section>
            </section>

            <section class="bakeshop-tab-panel" data-tab-panel="production">
                <section class="bakeshop-panel">
                    <div class="bakeshop-panel-head">
                        <p>Record what was made, keep saved entries easy to review, and preserve the ingredient-use detail that belonged to each finished batch.</p>
                    </div>
                    <div class="bakeshop-panel-body">
                        <section class="bakeshop-panel" style="box-shadow:none; margin-bottom: 16px;">
                            <div class="bakeshop-panel-head">
                                <h3>Branch Product Daily Targets</h3>
                                <p>Store each branch's strict daily output target. Targets must use the same unit dimension as the product's standard yield.</p>
                            </div>
                            <div class="bakeshop-panel-body">
                                <form id="product-target-form" class="bakeshop-shell" style="gap: 16px;" data-manage-required="true">
                                    <div class="bakeshop-focus-note" id="product-target-focus-note" hidden></div>
                                    <input type="hidden" name="id" value="">
                                    <input type="hidden" name="is_active" value="1">
                                    <div class="bakeshop-grid-2">
                                        <div class="bakeshop-field">
                                            <label for="product-target-branch">Branch</label>
                                            <select id="product-target-branch" name="branch_id"></select>
                                        </div>
                                        <div class="bakeshop-field">
                                            <label for="product-target-product">Product</label>
                                            <select id="product-target-product" name="product_id"></select>
                                        </div>
                                        <div class="bakeshop-field">
                                            <label for="product-target-daily-qty">Daily Target Qty</label>
                                            <input id="product-target-daily-qty" name="daily_qty" type="number" min="0.01" step="0.01" placeholder="0.00">
                                        </div>
                                        <div class="bakeshop-field">
                                            <label for="product-target-unit">Target Unit</label>
                                            <select id="product-target-unit" name="unit_id"></select>
                                        </div>
                                    </div>
                                    <div class="bakeshop-form-actions">
                                        <span class="bakeshop-help">Targets drive the DR projection report in the Usage workspace. Missing production days reduce the projected total proportionally.</span>
                                        <div class="bakeshop-actions">
                                            <button class="bakeshop-button success" type="button" id="product-target-add">Add Target</button>
                                            <button class="bakeshop-button danger" type="button" id="product-target-cancel" hidden disabled>Cancel Edit</button>
                                            <button class="bakeshop-button" type="submit" id="product-target-submit">Save Target</button>
                                        </div>
                                    </div>
                                </form>

                                <div class="bakeshop-field">
                                    <label for="product-target-filter">Find Target</label>
                                    <input id="product-target-filter" type="search" placeholder="Search by product, category, or unit">
                                </div>

                                <div class="bakeshop-table-wrap">
                                    <table class="bakeshop-table" id="product-targets-table">
                                        <thead>
                                            <tr>
                                                <th>Product</th>
                                                <th>Category</th>
                                                <th>Daily Target</th>
                                                <th>Unit</th>
                                                <th>Actions</th>
                                            </tr>
                                        </thead>
                                        <tbody></tbody>
                                    </table>
                                </div>
                            </div>
                        </section>

                        <div class="bakeshop-section-panel active" data-production-section-panel="record">
                        <form id="production-form" class="bakeshop-grid-2" data-manage-required="true">
                            <input name="id" type="hidden" value="">
                            <input id="production-product" name="product_id" type="hidden" value="">
                            <input id="production-qty-produced" name="qty_produced" type="hidden" value="">
                            <div class="bakeshop-field">
                                <label for="production-branch">Branch</label>
                                <select id="production-branch" name="branch_id"></select>
                            </div>
                            <div class="bakeshop-field">
                                <label for="production-at">Finished At</label>
                                <input id="production-at" name="produced_at" type="datetime-local">
                            </div>
                            <div class="bakeshop-field">
                                <label for="production-by">Made By</label>
                                <input id="production-by" name="produced_by" placeholder="Baker or supervisor name">
                            </div>
                            <div class="bakeshop-field">
                                <label for="production-notes">Batch Note</label>
                                <input id="production-notes" name="notes" placeholder="Optional note for this saved entry">
                            </div>
                            <div style="grid-column: 1 / -1; display: grid; gap: 10px;">
                                <div class="bakeshop-form-actions bakeshop-view-tabs">
                                    <div class="bakeshop-section-tabs" role="tablist" aria-label="Production sections">
                                        <button class="bakeshop-section-tab active" type="button" data-production-section-tab="record" role="tab" aria-selected="true">Record Batch</button>
                                        <button class="bakeshop-section-tab" type="button" data-production-section-tab="saved" role="tab" aria-selected="false">Saved Entries</button>
                                    </div>
                                    <span class="bakeshop-help">Record batches one item at a time and keep the latest saved entry ready to review.</span>
                                </div>
                                <div class="bakeshop-form-actions">
                                    <span class="bakeshop-help" id="production-focus-note" hidden></span>
                                    <span class="bakeshop-help" id="production-product-note">Choose the branch, finished time, and who made it. Then enter the amount made in the item list below. Leaving a box blank means nothing was made for that item.</span>
                                </div>
                                
                                <div class="bakeshop-form-actions">
                                    <span class="bakeshop-help" id="production-guard-note">Temporary non-production testing override. When enabled, an entry can still be saved even if the item setup is incomplete.</span>
                                    <button class="bakeshop-button secondary" type="button" id="production-guard-toggle">Testing Override: Off</button>
                                </div>
                                
                                <div class="bakeshop-field">
                                    <label for="production-products-filter">Find Item To Record</label>
                                    <input id="production-products-filter" type="search" placeholder="Search by item, SKU, or category">
                                </div>
                                <div class="bakeshop-table-wrap">
                                    <table class="bakeshop-table" id="production-products-table">
                                        <thead>
                                            <tr>
                                                <th>Item</th>
                                                <th>Category</th>
                                                <th>Standard Batch</th>
                                                <th>Amount Made</th>
                                            </tr>
                                        </thead>
                                        <tbody></tbody>
                                    </table>
                                </div>
                            </div>
                            <div class="bakeshop-form-actions" style="grid-column: 1 / -1;">
                                <span class="bakeshop-help">When you review a saved entry later, only the time, person, and note can be updated from this form.</span>
                                <button class="bakeshop-button" type="submit" id="production-submit" hidden>Update Saved Entry</button>
                                <button class="bakeshop-button secondary" type="button" id="production-cancel" hidden disabled>Cancel</button>
                            </div>
                        </form>

                        <div class="bakeshop-review-card" id="production-last-saved" hidden>
                            <div>
                                <strong>Last Saved Entry</strong>
                                <p id="production-last-saved-summary">The next saved batch will appear here so it can be reviewed right away.</p>
                            </div>
                            <div class="bakeshop-actions">
                                <button class="bakeshop-button secondary" type="button" id="production-review-last-saved">Review In Saved Entries</button>
                                <button class="bakeshop-button secondary" type="button" id="production-edit-last-saved">Edit This Entry</button>
                            </div>
                        </div>
                        </div>

                        <div class="bakeshop-section-panel" data-production-section-panel="saved">
                        <div class="bakeshop-form-actions bakeshop-view-tabs">
                            <div class="bakeshop-section-tabs" role="tablist" aria-label="Production sections">
                                <button class="bakeshop-section-tab" type="button" data-production-section-tab="record" role="tab" aria-selected="false">Record Batch</button>
                                <button class="bakeshop-section-tab active" type="button" data-production-section-tab="saved" role="tab" aria-selected="true">Saved Entries</button>
                            </div>
                            <span class="bakeshop-help">Review saved batch entries by branch, item, time, and ingredient-use detail.</span>
                        </div>
                        <div class="bakeshop-stats" id="production-saved-summary">
                            <div class="bakeshop-stat">
                                <strong id="production-saved-count">0</strong>
                                <span>Visible Saved Entries</span>
                            </div>
                            <div class="bakeshop-stat">
                                <strong id="production-saved-latest-item">None yet</strong>
                                <span>Last Saved Item</span>
                            </div>
                            <div class="bakeshop-stat">
                                <strong id="production-saved-latest-branch">No branch yet</strong>
                                <span>Last Saved Branch</span>
                            </div>
                        </div>
                        <div class="bakeshop-field">
                            <label for="production-filter">Find Saved Entry</label>
                            <input id="production-filter" type="search" placeholder="Search by branch, item, finished time, person, or note">
                        </div>

                        <div class="bakeshop-table-wrap">
                            <table class="bakeshop-table" id="production-table">
                                <thead>
                                    <tr>
                                        <th>Branch</th>
                                        <th>Item</th>
                                        <th>Finished At</th>
                                        <th>Amount Made</th>
                                        <th>Ingredients Used</th>
                                        <th>Actions</th>
                                    </tr>
                                </thead>
                                <tbody></tbody>
                            </table>
                        </div>
                        </div>
                    </div>
                </section>
            </section>

            <section class="bakeshop-tab-panel" data-tab-panel="usage">
                <section class="bakeshop-panel">
                    <div class="bakeshop-panel-head">
                        <p>Read the inventory movement view: received deliveries minus recipe-based production consumption, grouped by branch, ingredient, and date.</p>
                    </div>
                    <div class="bakeshop-panel-body">
                        <form id="usage-form" class="bakeshop-grid-3">
                            <div class="bakeshop-field">
                                <label for="usage-branch">Branch</label>
                                <select id="usage-branch" name="branch_id" data-report-scope="branch_id"></select>
                            </div>
                            <div class="bakeshop-field">
                                <label for="usage-from">From Date</label>
                                <input id="usage-from" name="from_date" type="date" value="" data-report-scope="from_date">
                            </div>
                            <div class="bakeshop-field">
                                <label for="usage-to">To Date</label>
                                <input id="usage-to" name="to_date" type="date" value="" data-report-scope="to_date">
                            </div>
                            <div class="bakeshop-field">
                                <label for="usage-horizon-days">Projection Horizon</label>
                                <input id="usage-horizon-days" name="horizon_days" type="number" min="1" max="31" step="1" value="7">
                            </div>
                            <div class="bakeshop-form-actions" style="grid-column: 1 / -1;">
                                <span class="bakeshop-help">These filters mirror any applied dashboard summary filters and drive the printable inventory summary. DR projection uses the same scope plus the projection horizon.</span>
                                <div class="bakeshop-actions">
                                    <a class="bakeshop-button print" id="bakeshop-dr-projection-print-link" href="http://cmsnew.testtests/bakeshop_supervisor_settings_panel_test.php/admin/bakeshop/print/dr-projection" target="_blank" rel="noopener">Open DR Projection Print</a>
                                    <button class="bakeshop-button" type="submit">Refresh Usage</button>
                                </div>
                            </div>
                        </form>

                        <div class="bakeshop-grid-3">
                            <div class="bakeshop-stat">
                                <strong id="usage-total-delivered">0.00</strong>
                                <span>Delivered By Unit</span>
                            </div>
                            <div class="bakeshop-stat">
                                <strong id="usage-total-consumed">0.00</strong>
                                <span>Consumed By Unit</span>
                            </div>
                            <div class="bakeshop-stat">
                                <strong id="usage-total-variance">0.00</strong>
                                <span>Variance By Unit</span>
                            </div>
                        </div>

                        <div class="bakeshop-stats">
                            <div class="bakeshop-stat">
                                <strong id="usage-factual-ingredients">0</strong>
                                <span>Tracked Ingredients</span>
                            </div>
                            <div class="bakeshop-stat">
                                <strong id="usage-factual-deliveries">0</strong>
                                <span>Delivery Lines</span>
                            </div>
                            <div class="bakeshop-stat">
                                <strong id="usage-factual-runs">0</strong>
                                <span>Saved Batches</span>
                            </div>
                        </div>

                        <div class="bakeshop-field">
                            <label for="usage-filter">Find Usage Row</label>
                            <input id="usage-filter" type="search" placeholder="Search by branch, ingredient, date, or unit">
                        </div>

                        <div class="bakeshop-table-wrap">
                            <table class="bakeshop-table" id="usage-table">
                                <thead>
                                    <tr>
                                        <th>Branch</th>
                                        <th>Date</th>
                                        <th>Ingredient</th>
                                        <th>Unit</th>
                                        <th>Delivered</th>
                                        <th>Consumed</th>
                                        <th>Variance</th>
                                    </tr>
                                </thead>
                                <tbody></tbody>
                            </table>
                        </div>

                        <section class="bakeshop-panel" style="box-shadow:none; margin-top: 16px;">
                            <div class="bakeshop-panel-head">
                                <h3>DR Projection</h3>
                                <p>Extend the observed delivery window into a future demand projection: ingredients are dailyized from DR coverage, while products use strict branch daily targets.</p>
                            </div>
                            <div class="bakeshop-panel-body">
                                <div class="bakeshop-form-actions">
                                    <span class="bakeshop-help" id="dr-projection-summary">Choose a branch and a scoped date range, then refresh usage to compute projected ingredient and product requirements.</span>
                                    <div class="bakeshop-actions">
                                        <a class="bakeshop-button print" href="http://cmsnew.testtests/bakeshop_supervisor_settings_panel_test.php/admin/bakeshop/print/dr-projection" id="bakeshop-dr-projection-inline-print-link" target="_blank" rel="noopener">Print This Projection</a>
                                    </div>
                                </div>

                                <div class="bakeshop-grid-2">
                                    <section>
                                        <div class="bakeshop-field">
                                            <label for="dr-projection-ingredients-filter">Find Projected Ingredient</label>
                                            <input id="dr-projection-ingredients-filter" type="search" placeholder="Search by ingredient, unit, or pack">
                                        </div>
                                        <div class="bakeshop-table-wrap">
                                            <table class="bakeshop-table" id="dr-projection-ingredients-table">
                                                <thead>
                                                    <tr>
                                                        <th>Ingredient</th>
                                                        <th>Observed Qty</th>
                                                        <th>Coverage</th>
                                                        <th>Daily Qty</th>
                                                        <th>Projected Qty</th>
                                                        <th>Per Pack</th>
                                                    </tr>
                                                </thead>
                                                <tbody></tbody>
                                            </table>
                                        </div>
                                    </section>

                                    <section>
                                        <div class="bakeshop-field">
                                            <label for="dr-projection-products-filter">Find Projected Product</label>
                                            <input id="dr-projection-products-filter" type="search" placeholder="Search by product, category, or unit">
                                        </div>
                                        <div class="bakeshop-table-wrap">
                                            <table class="bakeshop-table" id="dr-projection-products-table">
                                                <thead>
                                                    <tr>
                                                        <th>Product</th>
                                                        <th>Daily Target</th>
                                                        <th>Days Produced</th>
                                                        <th>Missing Days</th>
                                                        <th>Projected Qty</th>
                                                    </tr>
                                                </thead>
                                                <tbody></tbody>
                                            </table>
                                        </div>
                                    </section>
                                </div>
                            </div>
                        </section>

                        <section class="bakeshop-panel" style="box-shadow:none;">
                            <div class="bakeshop-panel-head">
                                <h3>Ingredient Inventory As Of Scope End</h3>
                                <p>Shows net stock up to the selected end date. The branch filter always applies, and if only a from date is set it is used as the as-of date.</p>
                            </div>
                            <div class="bakeshop-panel-body">
                                <div class="bakeshop-grid-2">
                                    <div class="bakeshop-stat">
                                        <strong id="inventory-total-on-hand">0.00</strong>
                                        <span>On-Hand By Unit At Scope End</span>
                                    </div>
                                    <div class="bakeshop-stat">
                                        <strong id="inventory-total-lines">0</strong>
                                        <span>Tracked Ingredient Lines</span>
                                    </div>
                                </div>

                                <div class="bakeshop-field">
                                    <label for="inventory-filter">Find Inventory Row</label>
                                    <input id="inventory-filter" type="search" placeholder="Search by branch, ingredient, or unit">
                                </div>

                                <div class="bakeshop-table-wrap">
                                    <table class="bakeshop-table" id="inventory-table">
                                        <thead>
                                            <tr>
                                                <th>Branch</th>
                                                <th>Ingredient</th>
                                                <th>Unit</th>
                                                <th>Received To Date</th>
                                                <th>Consumed To Date</th>
                                                <th>On Hand</th>
                                            </tr>
                                        </thead>
                                        <tbody></tbody>
                                    </table>
                                </div>
                            </div>
                        </section>
                    </div>
                </section>
            </section>
        </div>
    </section>

</div>

<script>
document.addEventListener('DOMContentLoaded', () => {
    const csrfToken = '7de2463e22f2cc74fd547e2d1a0160e3e8769de21ab0ab258c06b084db96271b';
    const baseUrl = 'http://cmsnew.testtests/bakeshop_supervisor_settings_panel_test.php';

    function normalizePathPrefix(value) {
        if (!value) {
            return '';
        }

        let pathname = String(value || '').trim();
        if (pathname === '') {
            return '';
        }

        try {
            pathname = new URL(pathname, window.location.origin).pathname || '';
        } catch (error) {
            pathname = String(value || '').trim();
        }

        pathname = pathname.replace(/\/+$/, '');
        if (pathname === '/' || pathname === '.') {
            return '';
        }

        return pathname;
    }

    function bakeshopAppBasePath() {
        const candidates = [window.location.pathname, baseUrl];
        for (const candidate of candidates) {
            const normalized = normalizePathPrefix(candidate);
            if (normalized === '') {
                continue;
            }

            const match = normalized.match(/^(.*?)(\/admin\/bakeshop(?:\/.*)?|\/bakeshop(?:\/.*)?)$/);
            if (match) {
                return match[1] || '';
            }

            if (!normalized.startsWith('/api/')) {
                return normalized;
            }
        }

        return '';
    }

    function bakeshopApiPath(path) {
        return bakeshopAppBasePath() + String(path || '');
    }

    function normalizedRowId(kind, row) {
        if (!row || typeof row !== 'object') {
            return 0;
        }

        const candidates = [row.id];
        if (kind === 'product') {
            candidates.push(row.product_id);
        } else if (kind === 'ingredient') {
            candidates.push(row.ingredient_id);
        } else if (kind === 'branch') {
            candidates.push(row.branch_id);
        }

        for (const candidate of candidates) {
            const numericId = Number(candidate);
            if (Number.isFinite(numericId) && numericId > 0) {
                return numericId;
            }
        }

        return 0;
    }

    function normalizeMaintenanceRows(kind, rows) {
        if (!Array.isArray(rows)) {
            return [];
        }

        return rows.map((row) => {
            if (!row || typeof row !== 'object') {
                return row;
            }

            const resolvedId = normalizedRowId(kind, row);
            return {
                ...row,
                id: resolvedId > 0 ? resolvedId : row.id
            };
        });
    }

    const api = {
        branches: bakeshopApiPath('/api/v1/bakeshop/branches'),
        units: bakeshopApiPath('/api/v1/bakeshop/units'),
        products: bakeshopApiPath('/api/v1/bakeshop/products'),
        productStatus: bakeshopApiPath('/api/v1/bakeshop/products/[id]/status'),
        productsBatchDelete: bakeshopApiPath('/api/v1/bakeshop/products/batch-delete'),
        productsDelete: bakeshopApiPath('/api/v1/bakeshop/products/delete'),
        ingredients: bakeshopApiPath('/api/v1/bakeshop/ingredients'),
        ingredientStatus: bakeshopApiPath('/api/v1/bakeshop/ingredients/[id]/status'),
        ingredientsBatchDelete: bakeshopApiPath('/api/v1/bakeshop/ingredients/batch-delete'),
        ingredientsDelete: bakeshopApiPath('/api/v1/bakeshop/ingredients/delete'),
        recipes: bakeshopApiPath('/api/v1/bakeshop/recipes'),
        recipesDelete: bakeshopApiPath('/api/v1/bakeshop/recipes/delete'),
        deliveries: bakeshopApiPath('/api/v1/bakeshop/deliveries'),
        deliveriesBatchDelete: bakeshopApiPath('/api/v1/bakeshop/deliveries/batch-delete'),
        deliveriesDelete: bakeshopApiPath('/api/v1/bakeshop/deliveries/delete'),
        productTargets: bakeshopApiPath('/api/v1/bakeshop/product-targets'),
        productTargetsDelete: bakeshopApiPath('/api/v1/bakeshop/product-targets/delete'),
        production: bakeshopApiPath('/api/v1/bakeshop/production'),
        productionVoid: bakeshopApiPath('/api/v1/bakeshop/production/void'),
        permissionsSettings: bakeshopApiPath('/api/v1/bakeshop/settings/permissions'),
        usage: bakeshopApiPath('/api/v1/bakeshop/usage'),
        drProjection: bakeshopApiPath('/api/v1/bakeshop/reports/dr-projection')
    };

    api.branchStatus = bakeshopApiPath('/api/v1/bakeshop/branches/[id]/status');

    const canManageSettings = true;
    const canManageWorkspace = true;
    const allowProductionGuardOverride = true;
    const defaultUsageDecimalPlaces = Number('2');
    const defaultDrCoverageDays = Number('3');
    const productRecipesEnabled = true;
    const productionRequiresRecipe = false;
    const searchParams = new URLSearchParams(window.location.search);
    const focusState = {
        kind: searchParams.get('focus_kind') || '',
        id: Number(searchParams.get('focus_id') || '0'),
        applied: false
    };

    const state = {
        branches: [],
        units: [],
        products: [],
        productListView: 'active',
        selectedProductIds: new Set(),
        productionDraftQuantities: {},
        productionDraftSaveState: {},
        productionGuardOverride: false,
        deliverySectionTab: 'receive',
        productionSectionTab: 'record',
        lastSavedProductionId: 0,
        lastSavedProductionSummary: null,
        ingredients: [],
        ingredientListView: 'active',
        selectedIngredientIds: new Set(),
        recipes: [],
        activeProductId: 0,
        deliveries: [],
        expandedDeliveryId: 0,
        selectedDeliveryIds: new Set(),
        productTargets: [],
        productTargetBranchId: 0,
        production: [],
        usage: [],
        drProjection: {
            filters: null,
            branch: null,
            window_days: 0,
            ingredients: [],
            products: [],
            error: ''
        },
        drProjectionScopeKey: '',
        inventorySnapshot: [],
        usageDecimalPlaces: Number.isFinite(defaultUsageDecimalPlaces) ? defaultUsageDecimalPlaces : 2,
        usageTotals: {
            delivered_qty_base: '0.00',
            consumed_qty_base: '0.00',
            variance_qty_base: '0.00',
            delivered_display: '0.00',
            consumed_display: '0.00',
            variance_display: '0.00'
        },
        factualSummary: {
            ingredient_count: 0,
            delivery_item_count: 0,
            production_run_count: 0,
            inventory_on_hand_qty_base: '0.00',
            inventory_on_hand_display: '0.00'
        },
        inventoryTotals: {
            on_hand_qty_base: '0.00',
            on_hand_display: '0.00',
            item_count: 0
        },
        loaded: {
            branches: false,
            units: false,
            products: false,
            ingredients: false,
            recipes: false,
            deliveries: false,
            'product-targets': false,
            production: false,
            'dr-projection': false
        }
    };

    const $ = (selector) => document.querySelector(selector);
    const banner = $('#bakeshop-banner');
    const deleteConfirm = $('#bakeshop-delete-confirm');
    const deleteConfirmTitle = $('#bakeshop-delete-confirm-title');
    const deleteConfirmMessage = $('#bakeshop-delete-confirm-message');
    const deleteConfirmImpact = $('#bakeshop-delete-confirm-impact');
    const deleteConfirmList = $('#bakeshop-delete-confirm-list');
    const deleteConfirmOverflow = $('#bakeshop-delete-confirm-overflow');
    const deleteConfirmCancel = $('#bakeshop-delete-confirm-cancel');
    const deleteConfirmSubmit = $('#bakeshop-delete-confirm-submit');
    const printLink = $('#bakeshop-print-link');
    const drProjectionPrintLink = $('#bakeshop-dr-projection-print-link');
    const drProjectionInlinePrintLink = $('#bakeshop-dr-projection-inline-print-link');
    const productionGuardToggle = $('#production-guard-toggle');
    const productionGuardNote = $('#production-guard-note');
    const productionLastSaved = $('#production-last-saved');
    const productionLastSavedSummary = $('#production-last-saved-summary');
    const productionReviewLastSaved = $('#production-review-last-saved');
    const productionEditLastSaved = $('#production-edit-last-saved');
    const deliverySectionTabs = document.querySelectorAll('[data-delivery-section-tab]');
    const deliverySectionPanels = document.querySelectorAll('[data-delivery-section-panel]');
    const productionSectionTabs = document.querySelectorAll('[data-production-section-tab]');
    const productionSectionPanels = document.querySelectorAll('[data-production-section-panel]');
    const deliveryLines = $('#delivery-lines');
    const deliveryCsvFile = $('#delivery-csv-file');
    const permissionsForm = $('#permissions-form');
    const branchForm = $('#branch-form');
    const productForm = $('#product-form');
    const ingredientForm = $('#ingredient-form');
    const recipeForm = $('#recipe-form');
    const productTargetForm = $('#product-target-form');
    const productionForm = $('#production-form');
    const manageRequiredForms = document.querySelectorAll('[data-manage-required="true"]');
    const setupTabs = document.querySelectorAll('[data-tab]');
    const setupPanels = document.querySelectorAll('[data-tab-panel]');
    const focusedWorkspaceMode = false;
    const pageTitle = document.getElementById('bakeshop-page-title');
    const pageIntro = document.getElementById('bakeshop-page-intro');
    const defaultWorkspaceTitle = pageTitle ? pageTitle.textContent : '';
    const defaultWorkspaceIntro = pageIntro ? pageIntro.textContent : '';
    const defaultTab = 'branches';
    const isDashboardPage = 'dashboard' === 'dashboard';
    let pendingDeleteConfirmResolve = null;

    function resolveTabName(candidate) {
        if (!candidate) {
            return defaultTab;
        }

        return Array.from(setupTabs).some((button) => button.getAttribute('data-tab') === candidate)
            ? candidate
            : defaultTab;
    }

    function currentTabName() {
        const activeButton = Array.from(setupTabs).find((button) => button.classList.contains('active'));
        return resolveTabName(activeButton ? activeButton.getAttribute('data-tab') : window.location.hash.slice(1));
    }

    function tabRequirementsFor(tabName) {
        const tabRequirements = {
            branches: ['branches'],
            catalog: ['units', 'products', 'ingredients', 'recipes'],
            ingredients: ['units', 'ingredients'],
            deliveries: ['branches', 'ingredients', 'deliveries'],
            production: ['branches', 'units', 'products', 'product-targets', 'production'],
            usage: ['branches', 'usage', 'dr-projection']
        };

        return tabRequirements[resolveTabName(tabName)] || [];
    }

    function datasetLoaders() {
        return {
            branches: loadBranches,
            units: loadUnits,
            products: loadProducts,
            ingredients: loadIngredients,
            recipes: loadRecipes,
            deliveries: loadDeliveries,
            'product-targets': loadProductTargets,
            production: loadProduction,
            usage: loadUsage,
            'dr-projection': loadDrProjection
        };
    }

    function normalizeCacheInvalidations(values) {
        if (!Array.isArray(values)) {
            return [];
        }

        return Array.from(new Set(values
            .map((value) => String(value || '').trim().toLowerCase())
            .filter(Boolean)));
    }

    function invalidateCachedDatasets(values) {
        normalizeCacheInvalidations(values).forEach((dataset) => {
            if (Object.prototype.hasOwnProperty.call(state.loaded, dataset)) {
                state.loaded[dataset] = false;
            }
        });
    }

    async function applyCacheInvalidations(values, options = {}) {
        const invalidations = normalizeCacheInvalidations(values);
        if (!invalidations.length) {
            return;
        }

        invalidateCachedDatasets(invalidations);

        if (options.refreshCurrentTab === false) {
            return;
        }

        const currentTab = currentTabName();
        const requirements = tabRequirementsFor(currentTab);
        const refreshCurrentTab = invalidations.some((dataset) => dataset === 'usage'
            ? currentTab === 'usage'
            : requirements.includes(dataset));

        if (refreshCurrentTab) {
            await ensureTabData(currentTab, { force: true });
        }
    }

    function syncFocusedWorkspaceHeader(tabName) {
        if (!focusedWorkspaceMode || !pageTitle || !pageIntro) {
            return;
        }

        const activeButton = Array.from(setupTabs).find((button) => button.getAttribute('data-tab') === tabName);
        if (!activeButton) {
            pageTitle.textContent = defaultWorkspaceTitle;
            pageIntro.textContent = defaultWorkspaceIntro;
            return;
        }

        pageTitle.textContent = activeButton.getAttribute('data-workspace-title') || defaultWorkspaceTitle;
        pageIntro.textContent = activeButton.getAttribute('data-workspace-intro') || defaultWorkspaceIntro;
    }

    async function activateTab(tabName, options = {}) {
        const updateHash = options.updateHash !== false;
        const resolvedTab = resolveTabName(tabName);
        setupTabs.forEach((button) => {
            const isActive = button.getAttribute('data-tab') === resolvedTab;
            button.classList.toggle('active', isActive);
            button.setAttribute('aria-selected', isActive ? 'true' : 'false');
        });
        setupPanels.forEach((panel) => {
            panel.classList.toggle('active', panel.getAttribute('data-tab-panel') === resolvedTab);
        });
        syncFocusedWorkspaceHeader(resolvedTab);

        if (updateHash && window.location.hash.slice(1) !== resolvedTab) {
            history.replaceState(null, '', '#' + resolvedTab);
        }

        await ensureTabData(resolvedTab, { force: options.force === true });
    }

    setupTabs.forEach((button) => {
        button.addEventListener('click', async (event) => {
            const tabName = button.getAttribute('data-tab');
            let targetUrl = null;
            try {
                targetUrl = new URL(button.getAttribute('href') || '', window.location.origin);
            } catch (error) {
                targetUrl = null;
            }

            if (targetUrl && targetUrl.pathname === window.location.pathname && targetUrl.search === window.location.search) {
                event.preventDefault();
                try {
                    await activateTab(tabName);
                } catch (error) {
                    showBanner(error.message || 'Unable to open this work area.', false);
                }
            }
        });
    });

    window.addEventListener('hashchange', () => {
        activateTab(window.location.hash.slice(1), { updateHash: false }).catch((error) => {
            showBanner(error.message || 'Unable to open this work area.', false);
        });
    });

    if (window.location.hash) {
        activateTab(window.location.hash.slice(1)).catch((error) => {
            showBanner(error.message || 'Unable to open this work area.', false);
        });
    } else {
        activateTab(defaultTab, { updateHash: true }).catch((error) => {
            showBanner(error.message || 'Unable to open this work area.', false);
        });
    }

    function rowStatusChip(isActive) {
        return '<span class="bakeshop-chip ' + (Number(isActive) === 0 ? 'inactive' : 'active') + '">' + (Number(isActive) === 0 ? 'Archived' : 'Active') + '</span>';
    }

    function rowActionButtons(kind, row) {
        const rowId = normalizedRowId(kind, row);
        const actionId = rowId > 0 ? String(rowId) : '';
        if (!canManageWorkspace) {
            return '<span class="bakeshop-inline-note">View only</span>';
        }

        let deleteAction = '';
        if (kind === 'product') {
            deleteAction = Number(row.can_delete) === 1
                ? '<button type="button" class="bakeshop-link-button warn" data-kind="' + escapeHtml(kind) + '" data-action="delete" data-id="' + escapeHtml(actionId) + '">Delete</button>'
                : '<span class="bakeshop-inline-note">In use, archive instead</span>';
        }
        if (kind === 'ingredient') {
            deleteAction = Number(row.can_delete) === 1
                ? '<button type="button" class="bakeshop-link-button warn" data-kind="' + escapeHtml(kind) + '" data-action="delete" data-id="' + escapeHtml(actionId) + '">Delete</button>'
                : '<span class="bakeshop-inline-note">In use, archive instead</span>';
        }

        return '<div class="bakeshop-row-actions">'
            + '<button type="button" class="bakeshop-link-button" data-kind="' + escapeHtml(kind) + '" data-action="edit" data-id="' + escapeHtml(actionId) + '">Edit</button>'
            + deleteAction
            + '<button type="button" class="bakeshop-link-button ' + (Number(row.is_active) === 0 ? '' : 'warn') + '" data-kind="' + escapeHtml(kind) + '" data-action="toggle-active" data-id="' + escapeHtml(actionId) + '"' + (rowId > 0 ? '' : ' disabled') + '>' + (Number(row.is_active) === 0 ? 'Restore' : 'Archive') + '</button>'
            + '</div>';
    }

    function findUnitById(unitId) {
        return state.units.find((row) => Number(row.id) === Number(unitId)) || null;
    }

    function unitOptionLabel(row) {
        return [row.code, row.name].filter(Boolean).join(' — ');
    }

    function formatIngredientPack(row) {
        const packLabel = String(row.pack_label || '').trim();
        const packQty = row.pack_qty !== null && row.pack_qty !== undefined && String(row.pack_qty).trim() !== ''
            ? String(row.pack_qty)
            : '';
        const packUnitCode = String(row.pack_unit_code || '').trim();

        if (packLabel === '' || packQty === '' || packUnitCode === '') {
            return '—';
        }

        return packLabel + ' · ' + packQty + ' ' + packUnitCode;
    }

    function activeBranchRows() {
        return state.branches.filter((row) => Number(row.is_active) !== 0);
    }

    function activeProductRows() {
        return state.products.filter((row) => Number(row.is_active) !== 0);
    }

    function currentProductTargetBranchId() {
        const branchSelect = $('#product-target-branch');
        const selectedBranchId = Number(branchSelect ? branchSelect.value : state.productTargetBranchId || 0);
        if (selectedBranchId > 0) {
            return selectedBranchId;
        }

        const firstBranch = activeBranchRows()[0] || null;
        return Number(firstBranch ? firstBranch.id : 0);
    }

    function currentDrProjectionScope() {
        return {
            ...currentReportScope(),
            horizon_days: $('#usage-horizon-days') ? $('#usage-horizon-days').value : '7'
        };
    }

    function drProjectionScopeKey(scope) {
        return [scope.branch_id || '', scope.from_date || '', scope.to_date || '', scope.horizon_days || ''].join('|');
    }

    function canLoadDrProjection(scope) {
        return String(scope.branch_id || '').trim() !== ''
            && String(scope.from_date || '').trim() !== ''
            && String(scope.to_date || '').trim() !== '';
    }

    function activeProductRecord() {
        return state.products.find((row) => Number(row.id) === Number(state.activeProductId)) || null;
    }

    function selectedProductionProductRecord() {
        if (!productionForm) {
            return null;
        }

        const productId = Number(productionForm.elements.namedItem('product_id').value || '0');
        if (productId <= 0) {
            return null;
        }

        return state.products.find((row) => Number(row.id) === productId) || null;
    }

    function productionDraftEntries() {
        return Object.entries(state.productionDraftQuantities || {})
            .map(([productId, qty]) => {
                const numericProductId = Number(productId);
                const normalizedQty = String(qty || '').trim();
                const numericQty = Number.parseFloat(normalizedQty);
                return {
                    productId: numericProductId,
                    qty: normalizedQty,
                    numericQty,
                    product: state.products.find((row) => Number(row.id) === numericProductId) || null
                };
            })
            .filter((entry) => Number.isFinite(entry.productId) && entry.productId > 0 && Number.isFinite(entry.numericQty) && entry.numericQty > 0);
    }

    function normalizeOptionalTwoDecimalQuantity(value) {
        const normalized = String(value ?? '').trim();
        if (normalized === '') {
            return '';
        }

        const numeric = Number.parseFloat(normalized);
        if (!Number.isFinite(numeric) || numeric <= 0) {
            return '';
        }

        return numeric.toFixed(2);
    }

    function productionRowBlockedReason(row) {
        if (!row) {
            return 'Product not found.';
        }

        if (!Number.isFinite(Number(row.default_yield_qty)) || Number(row.default_yield_qty) <= 0) {
            return 'Set the standard batch size first.';
        }

        if (productionRequiresRecipe && Number(row.recipe_item_count || 0) <= 0) {
            return 'Add ingredients for this item first.';
        }

        return '';
    }

    function productionGuardOverrideActive() {
        return allowProductionGuardOverride && state.productionGuardOverride === true;
    }

    function activateDeliverySectionTab(tabName, options = {}) {
        const resolvedTab = tabName === 'saved' ? 'saved' : 'receive';
        state.deliverySectionTab = resolvedTab;

        deliverySectionTabs.forEach((button) => {
            const isActive = button.getAttribute('data-delivery-section-tab') === resolvedTab;
            button.classList.toggle('active', isActive);
            button.setAttribute('aria-selected', isActive ? 'true' : 'false');
        });
        deliverySectionPanels.forEach((panel) => {
            panel.classList.toggle('active', panel.getAttribute('data-delivery-section-panel') === resolvedTab);
        });

        if (resolvedTab === 'saved' && options.scrollToFocused === true) {
            const focusedRow = document.querySelector('#deliveries-table tbody tr.bakeshop-row-focus');
            if (focusedRow) {
                focusedRow.scrollIntoView({ behavior: 'smooth', block: 'nearest' });
            }
        }
    }

    function activateProductionSectionTab(tabName, options = {}) {
        const resolvedTab = tabName === 'saved' ? 'saved' : 'record';
        state.productionSectionTab = resolvedTab;

        productionSectionTabs.forEach((button) => {
            const isActive = button.getAttribute('data-production-section-tab') === resolvedTab;
            button.classList.toggle('active', isActive);
            button.setAttribute('aria-selected', isActive ? 'true' : 'false');
        });
        productionSectionPanels.forEach((panel) => {
            panel.classList.toggle('active', panel.getAttribute('data-production-section-panel') === resolvedTab);
        });

        if (resolvedTab === 'saved' && options.scrollToRecent === true) {
            const recentRow = document.querySelector('#production-table tbody tr.bakeshop-row-recent');
            if (recentRow) {
                recentRow.scrollIntoView({ behavior: 'smooth', block: 'nearest' });
            }
        }
    }

    function formatProductionLastSavedSummary(summary) {
        if (!summary) {
            return '';
        }

        const parts = [];
        if (summary.product_name) {
            parts.push(summary.product_name + ' · ' + displayTwoDecimalQuantity(summary.qty_produced) + ' ' + (summary.default_yield_unit_code || '').trim());
        }
        if (summary.branch_name) {
            parts.push('Branch: ' + summary.branch_name);
        }
        if (summary.produced_at) {
            parts.push('Finished: ' + summary.produced_at);
        }
        if (summary.produced_by) {
            parts.push('Made by: ' + summary.produced_by);
        }
        if (summary.notes) {
            parts.push('Note: ' + summary.notes);
        }

        return parts.join(' | ');
    }

    function syncProductionLastSavedCard() {
        if (!productionLastSaved || !productionLastSavedSummary) {
            return;
        }

        const summary = state.lastSavedProductionSummary;
        if (!summary || Number(state.lastSavedProductionId || 0) <= 0) {
            productionLastSaved.hidden = true;
            productionLastSavedSummary.textContent = 'The next saved batch will appear here so it can be reviewed right away.';
            return;
        }

        productionLastSaved.hidden = false;
        productionLastSavedSummary.textContent = formatProductionLastSavedSummary(summary);
    }

    function rememberLastSavedProduction(row) {
        const rowId = Number(row && row.id ? row.id : 0);
        if (rowId <= 0) {
            return;
        }

        state.lastSavedProductionId = rowId;
        state.lastSavedProductionSummary = {
            id: rowId,
            branch_name: row.branch_name || '',
            product_name: row.product_name || row.name || '',
            produced_at: row.produced_at || '',
            qty_produced: row.qty_produced || '0',
            default_yield_unit_code: row.default_yield_unit_code || '',
            produced_by: row.produced_by || '',
            notes: row.notes || ''
        };
        syncProductionLastSavedCard();
    }

    function syncProductionGuardOverrideControls() {
        if (!productionGuardToggle) {
            return;
        }

        const active = productionGuardOverrideActive();
        productionGuardToggle.textContent = active ? 'Testing Override: On' : 'Testing Override: Off';
        productionGuardToggle.classList.toggle('warn', active);

        if (productionGuardNote) {
            if (!productionRequiresRecipe) {
                productionGuardNote.textContent = active
                    ? 'Recipe mode is optional. Testing override remains on for incomplete setup cases such as missing standard batch size.'
                    : 'Recipe mode is optional. Testing override is only needed for incomplete setup cases such as missing standard batch size.';
            } else {
                productionGuardNote.textContent = active
                    ? 'Temporary non-production testing override is on. Saved entries will still be recorded even if the item setup is incomplete.'
                    : 'Temporary non-production testing override. When enabled, an entry can still be saved even if the item setup is incomplete.';
            }
        }
    }

    function setProductionDraftSaveState(productId, kind, message = '') {
        state.productionDraftSaveState[String(productId)] = {
            kind,
            message
        };
    }

    function productionDraftSaveStateFor(productId) {
        return state.productionDraftSaveState[String(productId)] || null;
    }

    function productionMetadataEditActive() {
        if (!productionForm) {
            return false;
        }

        return Number(productionForm.elements.namedItem('id').value || '0') > 0;
    }

    function productionDateTimeInputValue(value) {
        const normalized = String(value || '').trim();
        if (normalized === '') {
            return nowLocalDateTime();
        }

        return normalized.replace(' ', 'T').slice(0, 16);
    }

    function syncProductionProductSelection() {
        if (!productionForm) {
            return;
        }

        const note = $('#production-product-note');
        const productField = productionForm.elements.namedItem('product_id');
        const qtyField = productionForm.elements.namedItem('qty_produced');
        const draftEntries = productionDraftEntries();
        const selected = productionMetadataEditActive()
            ? selectedProductionProductRecord()
            : (draftEntries.length === 1 ? draftEntries[0].product : null);
        const draftProductIds = new Set(draftEntries.map((entry) => Number(entry.productId)));

        if (!note || !productField || !qtyField) {
            return;
        }

        if (!productionMetadataEditActive()) {
            productField.value = '';
            qtyField.value = '';
        }

        if (productionMetadataEditActive() && selected) {
            note.textContent = 'Reviewing the saved entry for ' + (selected.name || 'item') + '. Branch, item, amount made, and ingredients used stay locked here.';
        } else if (draftEntries.length === 0) {
            note.textContent = productionRequiresRecipe
                ? 'Choose the branch, finished time, and who made it. Then enter the amount made in the item list below. Leave a box blank if nothing was made for that item.'
                : 'Choose the branch, finished time, and who made it. Then enter the amount made in the item list below. Leave a box blank if nothing was made for that item. Products without recipes can still save as output-only entries.';
        } else if (draftEntries.length === 1 && selected) {
            note.textContent = 'Ready to save ' + (selected.name || 'item') + ' · Standard batch ' + displayTwoDecimalQuantity(selected.default_yield_qty) + ' ' + (selected.default_yield_unit_code || 'unit') + ' · Amount made ' + draftEntries[0].qty + '.';
        } else {
            note.textContent = 'Amounts will save as you leave each box.';
        }

        if (productionGuardOverrideActive()) {
            note.textContent += ' Testing override is on.';
        }

        document.querySelectorAll('#production-products-table tbody tr[data-row-kind="production-product"]').forEach((rowElement) => {
            const rowId = Number(rowElement.getAttribute('data-row-id') || '0');
            const isSelected = productionMetadataEditActive()
                ? Boolean(selected && rowId === Number(selected.id || 0))
                : draftProductIds.has(rowId);
            rowElement.classList.toggle('bakeshop-row-editing', isSelected);
            rowElement.classList.toggle('bakeshop-row-selectable', canManageWorkspace && !productionMetadataEditActive());
        });
    }

    async function autosaveProductionDraft(productId, qtyValue, qtyInput) {
        if (!productionForm || productionMetadataEditActive()) {
            return;
        }

        const normalizedQty = normalizeOptionalTwoDecimalQuantity(qtyValue);
        if (normalizedQty === '') {
            delete state.productionDraftQuantities[String(productId)];
            delete state.productionDraftSaveState[String(productId)];
            syncProductionProductSelection();
            if (qtyInput instanceof HTMLInputElement) {
                qtyInput.value = '';
            }
            renderCatalogTables();
            return;
        }

        const row = state.products.find((item) => Number(item.id) === Number(productId) && Number(item.is_active) !== 0);
        if (!row) {
            setProductionDraftSaveState(productId, 'error', 'This item could not be found.');
            renderCatalogTables();
            showBanner('That item could not be found.', false);
            return;
        }

        const blockedReason = productionRowBlockedReason(row);
        if (blockedReason !== '' && !productionGuardOverrideActive()) {
            setProductionDraftSaveState(productId, 'error', blockedReason);
            renderCatalogTables();
            showBanner(blockedReason, false);
            return;
        }

        if (!productionForm.elements.namedItem('branch_id').value) {
            setProductionDraftSaveState(productId, 'error', 'Choose a branch first.');
            renderCatalogTables();
            showBanner('Choose a branch before entering the amount made.', false);
            return;
        }
        if (!productionForm.elements.namedItem('produced_at').value) {
            setProductionDraftSaveState(productId, 'error', 'Set the finished time first.');
            renderCatalogTables();
            showBanner('Set the finished time before entering the amount made.', false);
            return;
        }

        state.productionDraftQuantities[String(productId)] = normalizedQty;
        setProductionDraftSaveState(productId, 'saving', 'Saving entry...');
        syncProductionProductSelection();
        renderCatalogTables();

        if (qtyInput instanceof HTMLInputElement) {
            qtyInput.value = normalizedQty;
            qtyInput.disabled = true;
        }

        const result = await submitJson(api.production, {
            branch_id: productionForm.elements.namedItem('branch_id').value,
            product_id: String(productId),
            produced_at: productionForm.elements.namedItem('produced_at').value,
            qty_produced: normalizedQty,
            produced_by: productionForm.elements.namedItem('produced_by').value,
            notes: productionForm.elements.namedItem('notes').value,
            relax_guards: productionGuardOverrideActive() ? '1' : '0'
        }, (row.name || 'Item') + ' was saved.', async (data) => {
            delete state.productionDraftQuantities[String(productId)];
            await loadProduction(true);
            const savedRow = state.production.find((item) => Number(item.id) === Number((data && data.item && data.item.id) || 0)) || (data ? data.item : null);
            if (savedRow) {
                rememberLastSavedProduction(savedRow);
            }
            setProductionDraftSaveState(productId, 'saved', productionGuardOverrideActive() && blockedReason !== '' ? 'Saved for testing review.' : 'Saved and ready to review.');
            renderCatalogTables();
            await loadUsage();
        });

        if (!result) {
            setProductionDraftSaveState(productId, 'error', 'Could not save. Try again.');
            renderCatalogTables();
            if (qtyInput instanceof HTMLInputElement) {
                qtyInput.disabled = false;
                qtyInput.value = normalizedQty;
            }
            return;
        }

        if (qtyInput instanceof HTMLInputElement && qtyInput.isConnected) {
            qtyInput.disabled = false;
            qtyInput.value = '';
        }
    }

    function focusProductionDraftInput(row) {
        if (!productionForm) {
            return;
        }

        if (!canManageWorkspace) {
            showBanner('Production entry is read only for your role.', false);
            return;
        }

        if (productionMetadataEditActive()) {
            showBanner('You are reviewing a saved entry. Cancel review mode to record a new batch.', false);
            return;
        }

        const qtyField = document.querySelector('[data-production-qty-input="' + String(row.id || '') + '"]');
        if (!(qtyField instanceof HTMLInputElement)) {
            return;
        }

        qtyField.focus();
        qtyField.select();
    }

    function syncIngredientPackUnitOptions(preferredValue = '') {
        const defaultUnitId = Number(ingredientForm?.elements.namedItem('default_unit_id')?.value || '0');
        const defaultUnit = findUnitById(defaultUnitId);
        const allowedUnits = defaultUnit && defaultUnit.dimension
            ? state.units.filter((row) => String(row.dimension || '') === String(defaultUnit.dimension || ''))
            : state.units;

        populateSelect('#ingredient-pack-unit', allowedUnits, (row) => ({ value: row.id, label: unitOptionLabel(row) }), 'No pack unit');

        const select = $('#ingredient-pack-unit');
        if (!select) {
            return;
        }

        const nextValue = String(preferredValue || select.value || '');
        if (nextValue && Array.from(select.options).some((option) => option.value === nextValue)) {
            select.value = nextValue;
        } else if (defaultUnitId > 0 && Array.from(select.options).some((option) => option.value === String(defaultUnitId))) {
            select.value = String(defaultUnitId);
        }
    }

    function syncProductTargetUnitOptions(preferredValue = '') {
        const productId = Number(productTargetForm?.elements.namedItem('product_id')?.value || '0');
        const product = state.products.find((row) => Number(row.id) === productId) || null;
        const defaultUnitId = Number(product ? product.default_yield_unit_id : 0);
        const defaultUnit = findUnitById(defaultUnitId);
        const allowedUnits = defaultUnit && defaultUnit.dimension
            ? state.units.filter((row) => String(row.dimension || '') === String(defaultUnit.dimension || ''))
            : state.units;

        populateSelect('#product-target-unit', allowedUnits, (row) => ({ value: row.id, label: unitOptionLabel(row) }), 'Select target unit');

        const select = $('#product-target-unit');
        if (!select) {
            return;
        }

        const nextValue = String(preferredValue || select.value || '');
        if (nextValue && Array.from(select.options).some((option) => option.value === nextValue)) {
            select.value = nextValue;
        } else if (defaultUnitId > 0 && Array.from(select.options).some((option) => option.value === String(defaultUnitId))) {
            select.value = String(defaultUnitId);
        }
    }

    function filteredProductTargetRows() {
        const branchId = currentProductTargetBranchId();
        const query = tableSearchQuery('#product-target-filter');

        return state.productTargets.filter((row) => Number(row.branch_id) === branchId)
            .filter((row) => rowMatchesSearch(query, [row.product_name, row.product_sku, row.product_category, row.unit_code, row.daily_qty]));
    }

    function renderProductTargetsTable() {
        const branchId = currentProductTargetBranchId();
        const branchSelect = $('#product-target-branch');
        if (branchSelect && branchId > 0 && String(branchSelect.value || '') !== String(branchId)) {
            branchSelect.value = String(branchId);
        }

        const rows = branchId > 0 ? filteredProductTargetRows() : [];
        renderTable('#product-targets-table', rows, [
            (row) => '<strong>' + escapeHtml(row.product_name || 'Product') + '</strong><div class="bakeshop-inline-note">' + escapeHtml(row.product_sku || 'No SKU') + '</div>',
            (row) => escapeHtml(row.product_category || '—'),
            (row) => '<strong>' + displayTwoDecimalQuantity(row.daily_qty) + '</strong>',
            (row) => escapeHtml(unitOptionLabel({ code: row.unit_code, name: row.unit_name }) || '—'),
            (row) => canManageWorkspace
                ? '<div class="bakeshop-row-actions"><button type="button" class="bakeshop-link-button" data-action="edit-product-target" data-id="' + escapeHtml(row.id) + '">Edit</button><button type="button" class="bakeshop-link-button warn" data-action="delete-product-target" data-id="' + escapeHtml(row.id) + '">Delete</button></div>'
                : '<span class="bakeshop-inline-note">View only</span>'
        ], branchId > 0 ? 'No branch targets saved for this branch yet.' : 'Select a branch to view product targets.');
    }

    function renderDrProjectionTables() {
        const summary = $('#dr-projection-summary');
        const report = state.drProjection || {};

        if (report.error) {
            if (summary) {
                summary.textContent = report.error;
            }
            renderTable('#dr-projection-ingredients-table', [], [() => '', () => '', () => '', () => '', () => '', () => ''], report.error);
            renderTable('#dr-projection-products-table', [], [() => '', () => '', () => '', () => '', () => ''], report.error);
            return;
        }

        if (!report.filters) {
            if (summary) {
                summary.textContent = 'Choose a branch and a scoped date range, then refresh usage to compute projected ingredient and product requirements.';
            }
            renderTable('#dr-projection-ingredients-table', [], [() => '', () => '', () => '', () => '', () => '', () => ''], 'No DR projection computed yet.');
            renderTable('#dr-projection-products-table', [], [() => '', () => '', () => '', () => '', () => ''], 'No DR projection computed yet.');
            return;
        }

        if (summary) {
            const branchName = report.branch && report.branch.name ? report.branch.name : 'Selected branch';
            summary.textContent = branchName + ' · Observed ' + String(report.filters.from_date || '') + ' to ' + String(report.filters.to_date || '') + ' · Projection horizon ' + String(report.filters.horizon_days || '') + ' day(s).';
        }

        const ingredientQuery = tableSearchQuery('#dr-projection-ingredients-filter');
        const ingredientRows = (report.ingredients || []).filter((row) => rowMatchesSearch(ingredientQuery, [row.ingredient_name, row.default_unit_code, row.pack_label, row.per_pack_display, row.projected_qty_display]));
        renderTable('#dr-projection-ingredients-table', ingredientRows, [
            (row) => '<strong>' + escapeHtml(row.ingredient_name || 'Ingredient') + '</strong><div class="bakeshop-inline-note">' + escapeHtml(row.default_unit_code || 'unit') + '</div>',
            (row) => escapeHtml(displayUsageQuantity((Number(row.default_unit_factor_to_base || 0) > 0 ? (Number(row.delivered_qty_base || 0) / Number(row.default_unit_factor_to_base || 1)) : Number(row.delivered_qty_base || 0))) + ' ' + String(row.default_unit_code || '')),
            (row) => escapeHtml(String(row.observed_coverage_days || 0) + ' day(s)'),
            (row) => escapeHtml(displayUsageQuantity((Number(row.default_unit_factor_to_base || 0) > 0 ? (Number(row.daily_qty_base || 0) / Number(row.default_unit_factor_to_base || 1)) : Number(row.daily_qty_base || 0))) + ' ' + String(row.default_unit_code || '')),
            (row) => '<strong>' + escapeHtml(String(row.projected_qty_display || displayUsageQuantity(row.projected_qty))) + ' ' + escapeHtml(row.default_unit_code || '') + '</strong>',
            (row) => escapeHtml(row.per_pack_display || '—')
        ], 'No projected ingredients matched the current scope.');

        const productQuery = tableSearchQuery('#dr-projection-products-filter');
        const productRows = (report.products || []).filter((row) => rowMatchesSearch(productQuery, [row.product_name, row.product_category, row.unit_code, row.projected_qty_display]));
        renderTable('#dr-projection-products-table', productRows, [
            (row) => '<strong>' + escapeHtml(row.product_name || 'Product') + '</strong><div class="bakeshop-inline-note">' + escapeHtml(row.product_category || '—') + '</div>',
            (row) => escapeHtml(displayTwoDecimalQuantity(row.daily_qty) + ' ' + String(row.unit_code || '')),
            (row) => escapeHtml(String(row.days_produced || 0) + ' / ' + String(row.window_days || 0)),
            (row) => Number(row.has_missing_days) === 1 || Number(row.missing_days || 0) > 0
                ? '<span class="bakeshop-inline-note error">' + escapeHtml(String(row.missing_days || 0) + ' day(s)') + '</span>'
                : '<span class="bakeshop-inline-note ok">None</span>',
            (row) => '<strong>' + escapeHtml(String(row.projected_qty_display || displayTwoDecimalQuantity(row.projected_qty))) + ' ' + escapeHtml(row.unit_code || '') + '</strong>'
        ], 'No projected products matched the current scope.');
    }

    function renderProductionProductsTable(rows) {
        const tbody = document.querySelector('#production-products-table tbody');
        if (!tbody) {
            return;
        }

        if (!rows.length) {
            tbody.innerHTML = '<tr><td colspan="4" class="bakeshop-muted">No active products available for production.</td></tr>';
            syncProductionProductSelection();
            return;
        }

        tbody.innerHTML = rows.map((row) => {
            const rowId = normalizedRowId('production-product', row);
            const draftQty = String((state.productionDraftQuantities && state.productionDraftQuantities[String(rowId)]) || '');
            const blockedReason = productionRowBlockedReason(row);
            const outputOnlyAllowed = !productionRequiresRecipe && Number(row.recipe_item_count || 0) <= 0;
            const inputDisabled = !canManageWorkspace || productionMetadataEditActive();
            const saveState = productionDraftSaveStateFor(rowId);
            const saveStateClass = blockedReason !== '' && !productionGuardOverrideActive()
                ? ' error'
                : (saveState && saveState.kind === 'saved'
                ? ' ok'
                : (saveState && saveState.kind === 'error' ? ' error' : ''));
            const saveStateMessage = blockedReason !== ''
                ? (productionGuardOverrideActive()
                    ? 'Testing override active. This will save without ingredient-use detail.'
                    : blockedReason)
                : (outputOnlyAllowed
                    ? 'Recipe optional. This saves as an output-only entry.'
                : (saveState && saveState.message
                    ? saveState.message
                    : 'Blank = no production'));
            return '<tr data-row-kind="production-product" data-row-id="' + escapeHtml(rowId) + '">'
                + '<td><strong>' + escapeHtml(row.name) + '</strong><div class="bakeshop-inline-note">' + escapeHtml(row.sku || 'No SKU') + '</div></td>'
                + '<td>' + escapeHtml(row.category || '—') + '</td>'
                + '<td>' + displayTwoDecimalQuantity(row.default_yield_qty) + ' ' + escapeHtml(row.default_yield_unit_code || '') + '</td>'
                + '<td><input class="bakeshop-table-input" type="number" min="0.01" step="0.01" placeholder="0.00" data-production-qty-input="' + escapeHtml(rowId) + '" value="' + escapeHtml(draftQty) + '"' + (inputDisabled ? ' disabled' : '') + '><div class="bakeshop-inline-note' + saveStateClass + '">' + escapeHtml(saveStateMessage) + '</div></td>'
                + '</tr>';
        }).join('');

        syncProductionProductSelection();
    }

    function currentReportScope() {
        const fromSummary = {
            branch_id: $('#summary-branch-filter') ? $('#summary-branch-filter').value : '',
            from_date: $('#summary-from-filter') ? $('#summary-from-filter').value : '',
            to_date: $('#summary-to-filter') ? $('#summary-to-filter').value : ''
        };
        const fromUsage = {
            branch_id: $('#usage-branch') ? $('#usage-branch').value : '',
            from_date: $('#usage-from') ? $('#usage-from').value : '',
            to_date: $('#usage-to') ? $('#usage-to').value : ''
        };

        return {
            branch_id: fromUsage.branch_id || fromSummary.branch_id,
            from_date: fromUsage.from_date || fromSummary.from_date,
            to_date: fromUsage.to_date || fromSummary.to_date
        };
    }

    function syncReportScopeInputs(sourcePrefix) {
        const source = {
            branch_id: $('#' + sourcePrefix + '-branch-filter') || $('#' + sourcePrefix + '-branch'),
            from_date: $('#' + sourcePrefix + '-from-filter') || $('#' + sourcePrefix + '-from'),
            to_date: $('#' + sourcePrefix + '-to-filter') || $('#' + sourcePrefix + '-to')
        };
        const usageTargets = {
            branch_id: $('#usage-branch'),
            from_date: $('#usage-from'),
            to_date: $('#usage-to')
        };

        Object.keys(usageTargets).forEach((key) => {
            if (source[key] && usageTargets[key]) {
                usageTargets[key].value = source[key].value || '';
            }
        });
    }

    function syncRecipePanel() {
        const empty = $('#recipe-panel-empty');
        const details = $('#recipe-panel-details');
        const title = $('#recipe-panel-title');
        const description = $('#recipe-form-description');
        const productEditorPanel = $('#product-editor-panel');
        const recipePanel = $('#recipe-panel');
        const product = activeProductRecord();

        if (!empty || !details || !title || !description || !productEditorPanel || !recipePanel) {
            return;
        }

        if (!productRecipesEnabled) {
            productEditorPanel.classList.remove('is-editing');
            recipePanel.classList.remove('is-editing');
            return;
        }

        if (!product) {
            empty.hidden = false;
            details.hidden = true;
            title.textContent = 'Recipe';
            description.textContent = 'Edit a product first to view and maintain its recipe lines.';
            productEditorPanel.classList.remove('is-editing');
            recipePanel.classList.remove('is-editing');
            return;
        }

        empty.hidden = true;
        details.hidden = false;
        title.textContent = 'Recipe for ' + (product.name || 'Product');
        description.textContent = 'Add or edit ingredient usage here.';
        recipeForm.elements.namedItem('product_id').value = String(product.id || '');
        productEditorPanel.classList.add('is-editing');
        recipePanel.classList.add('is-editing');
    }

    function showBanner(message, ok = true) {
        banner.textContent = message;
        banner.className = 'bakeshop-banner show ' + (ok ? 'ok' : 'error');
    }

    function clearBanner() {
        banner.className = 'bakeshop-banner';
        banner.textContent = '';
    }

    function filteredProductRows() {
        const showArchived = state.productListView === 'archived';
        return state.products.filter((row) => {
            const isArchived = Number(row.is_active) === 0;
            return showArchived === isArchived;
        });
    }

    function filteredDeliveryRows() {
        return state.deliveries.filter((row) => rowMatchesSearch(tableSearchQuery('#deliveries-filter'), [row.branch_name, row.delivered_at, row.reference, row.received_by, row.source_label, row.cost_basis_summary, row.item_count, row.total_quantity, row.total_amount]));
    }

    function pruneProductSelection() {
        const validIds = new Set(state.products
            .filter((row) => Number(row.can_delete) === 1)
            .map((row) => Number(row.id))
            .filter((id) => Number.isFinite(id) && id > 0));
        Array.from(state.selectedProductIds).forEach((id) => {
            if (!validIds.has(id)) {
                state.selectedProductIds.delete(id);
            }
        });
    }

    function escapeHtml(value) {
        return String(value ?? '')
            .replace(/&/g, '&amp;')
            .replace(/</g, '&lt;')
            .replace(/>/g, '&gt;')
            .replace(/"/g, '&quot;')
            .replace(/'/g, '&#039;');
    }

    function productDeletePreviewLabel(row, id) {
        const name = row && row.name ? row.name : ('Product #' + String(id));
        return row && row.sku ? (name + ' (' + row.sku + ')') : name;
    }

    function ingredientDeletePreviewLabel(row, id) {
        const name = row && row.name ? row.name : ('Ingredient #' + String(id));
        return row && row.sku ? (name + ' (' + row.sku + ')') : name;
    }

    function deliveryDeletePreviewLabel(row, id) {
        const reference = row && row.reference ? row.reference : ('Delivery #' + String(id));
        const branch = row && row.branch_name ? row.branch_name : '';
        const deliveredAt = row && row.delivered_at ? row.delivered_at : '';
        return [reference, branch, deliveredAt].filter(Boolean).join(' - ');
    }

    function pruneDeliverySelection() {
        const validIds = new Set(state.deliveries.map((row) => Number(row.id)).filter((id) => Number.isFinite(id) && id > 0));
        Array.from(state.selectedDeliveryIds).forEach((id) => {
            if (!validIds.has(id)) {
                state.selectedDeliveryIds.delete(id);
            }
        });
    }

    function syncSelectionControls(options) {
        const rows = options.rows || [];
        const selectedIds = options.selectedIds;
        const prefix = options.prefix;
        const noun = options.noun;
        const singular = options.singular || noun.replace(/s$/, '');
        const selectAll = $('#' + prefix + '-select-all');
        const summary = $('#' + prefix + '-selection-summary');
        const clearButton = $('#' + prefix + '-clear-selection');
        const deleteButton = $('#' + prefix + '-delete-selected');
        const selectVisibleButton = $('#' + prefix + '-select-visible');
        const visibleIds = rows.map((row) => Number(row.id)).filter((id) => Number.isFinite(id) && id > 0);
        const selectedCount = selectedIds.size;
        const visibleSelectedCount = visibleIds.filter((id) => selectedIds.has(id)).length;

        if (summary) {
            if (selectedCount === 0) {
                summary.textContent = 'No ' + noun + ' selected.';
            } else if (selectedCount === 1) {
                summary.textContent = '1 ' + singular + ' selected.';
            } else {
                summary.textContent = String(selectedCount) + ' ' + noun + ' selected.';
            }
        }

        if (selectAll) {
            selectAll.checked = visibleIds.length > 0 && visibleSelectedCount === visibleIds.length;
            selectAll.indeterminate = visibleSelectedCount > 0 && visibleSelectedCount < visibleIds.length;
            selectAll.disabled = !canManageWorkspace || visibleIds.length === 0;
        }
        if (selectVisibleButton) {
            selectVisibleButton.disabled = !canManageWorkspace || visibleIds.length === 0;
        }
        if (clearButton) {
            clearButton.hidden = selectedCount === 0;
            clearButton.disabled = !canManageWorkspace || selectedCount === 0;
        }
        if (deleteButton) {
            deleteButton.hidden = selectedCount === 0;
            deleteButton.disabled = !canManageWorkspace || selectedCount === 0;
            deleteButton.textContent = selectedCount > 1 ? 'Delete Selected (' + String(selectedCount) + ')' : 'Delete Selected';
        }
    }

    function productDeleteEligibleRows(rows = filteredProductRows()) {
        return rows.filter((row) => Number(row.can_delete) === 1);
    }

    function syncProductViewControls() {
        const activeButton = $('#products-view-active');
        const archivedButton = $('#products-view-archived');
        const summary = $('#products-view-summary');
        const activeCount = state.products.filter((row) => Number(row.is_active) !== 0).length;
        const archivedCount = state.products.filter((row) => Number(row.is_active) === 0).length;

        $('#products-active-count').textContent = String(activeCount);
        $('#products-archived-count').textContent = String(archivedCount);

        if (activeButton) {
            const isActiveView = state.productListView === 'active';
            activeButton.classList.toggle('active', isActiveView);
            activeButton.setAttribute('aria-selected', isActiveView ? 'true' : 'false');
        }
        if (archivedButton) {
            const isArchivedView = state.productListView === 'archived';
            archivedButton.classList.toggle('active', isArchivedView);
            archivedButton.setAttribute('aria-selected', isArchivedView ? 'true' : 'false');
        }
        if (summary) {
            summary.textContent = state.productListView === 'archived'
                ? 'Archived products stay out of batch recording until they are restored.'
                : 'View active products used for current batch recording.';
        }
    }

    function syncProductSelectionControls(rows = filteredProductRows()) {
        const selectAll = $('#products-select-all');
        const summary = $('#products-selection-summary');
        const clearButton = $('#products-clear-selection');
        const deleteButton = $('#products-delete-selected');
        const selectVisibleButton = $('#products-select-visible');
        const deletableRows = productDeleteEligibleRows(rows);
        const visibleIds = deletableRows.map((row) => Number(row.id)).filter((id) => Number.isFinite(id) && id > 0);
        const selectedCount = state.selectedProductIds.size;
        const visibleSelectedCount = visibleIds.filter((id) => state.selectedProductIds.has(id)).length;

        if (summary) {
            if (selectedCount === 0) {
                summary.textContent = rows.length > 0 && visibleIds.length === 0 ? 'Products already used in saved batches can be archived but not deleted.' : 'No products selected.';
            } else if (selectedCount === 1) {
                summary.textContent = '1 product selected.';
            } else {
                summary.textContent = String(selectedCount) + ' products selected.';
            }
        }

        if (selectAll) {
            selectAll.checked = visibleIds.length > 0 && visibleSelectedCount === visibleIds.length;
            selectAll.indeterminate = visibleSelectedCount > 0 && visibleSelectedCount < visibleIds.length;
            selectAll.disabled = !canManageWorkspace || visibleIds.length === 0;
        }

        if (selectVisibleButton) {
            selectVisibleButton.disabled = !canManageWorkspace || visibleIds.length === 0;
        }
        if (clearButton) {
            clearButton.hidden = selectedCount === 0;
            clearButton.disabled = !canManageWorkspace || selectedCount === 0;
        }
        if (deleteButton) {
            deleteButton.hidden = selectedCount === 0;
            deleteButton.disabled = !canManageWorkspace || selectedCount === 0;
            deleteButton.textContent = selectedCount > 1 ? 'Delete Selected (' + String(selectedCount) + ')' : 'Delete Selected';
        }
    }

    function syncDeliverySelectionControls(rows = filteredDeliveryRows()) {
        syncSelectionControls({ rows, selectedIds: state.selectedDeliveryIds, prefix: 'deliveries', noun: 'deliveries', singular: 'delivery' });
    }

    function normalizeTwoDecimalQuantity(value, fallback = '1.00') {
        const numeric = Number.parseFloat(String(value ?? '').trim());
        if (!Number.isFinite(numeric) || numeric <= 0) {
            return fallback;
        }
        return numeric.toFixed(2);
    }

    function displayTwoDecimalQuantity(value, fallback = '0.00') {
        const numeric = Number.parseFloat(String(value ?? '').trim());
        if (!Number.isFinite(numeric)) {
            return fallback;
        }
        return numeric.toFixed(2);
    }

    function displayUsageQuantity(value, fallback = null) {
        const numeric = Number.parseFloat(String(value ?? '').trim());
        if (!Number.isFinite(numeric)) {
            return fallback === null ? (0).toFixed(state.usageDecimalPlaces) : fallback;
        }

        return numeric.toFixed(state.usageDecimalPlaces);
    }

    function formatCurrencyDisplay(value, fallback = 'PHP 0.00') {
        const numeric = Number.parseFloat(String(value ?? '').trim());
        if (!Number.isFinite(numeric)) {
            return fallback;
        }
        return 'PHP ' + numeric.toFixed(2);
    }

    function renderProductsTable(rows) {
        const tbody = document.querySelector('#products-table tbody');
        if (!tbody) {
            return;
        }

        const totalColumns = productRecipesEnabled ? 7 : 6;
        const recipeCellStyle = productRecipesEnabled ? '' : ' style="display:none;"';

        if (!rows.length) {
            tbody.innerHTML = '<tr><td colspan="' + String(totalColumns) + '" class="bakeshop-muted">' + escapeHtml(state.productListView === 'archived' ? 'No archived products yet.' : 'No active products yet.') + '</td></tr>';
            syncProductViewControls();
            syncProductSelectionControls(rows);
            return;
        }

        tbody.innerHTML = rows.map((row) => {
            const resolvedRowId = normalizedRowId('product', row);
            const selected = resolvedRowId > 0 && state.selectedProductIds.has(resolvedRowId);
            const selectionCell = canManageWorkspace && resolvedRowId > 0 && Number(row.can_delete) === 1
                ? '<td class="bakeshop-checkbox-cell"><input class="bakeshop-checkbox" type="checkbox" data-product-select="' + escapeHtml(resolvedRowId) + '" aria-label="Select product ' + escapeHtml(row.name || String(resolvedRowId)) + '"' + (selected ? ' checked' : '') + '></td>'
                : '<td class="bakeshop-checkbox-cell"></td>';

            const dependencyNote = Number(row.production_reference_count) > 0
                ? '<div class="bakeshop-inline-note">Used by ' + escapeHtml(String(row.production_reference_count)) + ' saved batch' + (Number(row.production_reference_count) === 1 ? '' : 'es') + '.</div>'
                : '';

            return '<tr data-row-kind="product" data-row-id="' + escapeHtml(resolvedRowId) + '">'
                + selectionCell
                + '<td><strong>' + escapeHtml(row.name) + '</strong><div class="bakeshop-inline-note">' + escapeHtml(row.sku || 'No SKU') + '</div>' + dependencyNote + '</td>'
                + '<td>' + escapeHtml(row.category || '—') + '</td>'
                + '<td>' + displayTwoDecimalQuantity(row.default_yield_qty) + ' ' + escapeHtml(row.default_yield_unit_code || '') + '</td>'
                + '<td' + recipeCellStyle + '>' + escapeHtml(row.recipe_item_count) + '</td>'
                + '<td>' + rowStatusChip(row.is_active) + '</td>'
                + '<td>' + rowActionButtons('product', row) + '</td>'
                + '</tr>';
        }).join('');

        syncProductViewControls();
        syncProductSelectionControls(rows);
    }

    function renderDeliveryDetail(row) {
        const items = Array.isArray(row.items) ? row.items : [];
        return '<div class="bakeshop-detail-stack">'
            + '<strong>' + escapeHtml(row.source_label || 'Commissary') + '</strong>'
            + '<span class="bakeshop-inline-note">' + escapeHtml(row.received_by || 'Receiver not recorded') + (row.cost_basis_summary ? ' · ' + escapeHtml(row.cost_basis_summary) : '') + '</span>'
            + '<span class="bakeshop-inline-note">Coverage: ' + escapeHtml(String(row.coverage_days || 1)) + ' day(s)</span>'
            + '<span class="bakeshop-inline-note">' + escapeHtml(String(row.item_count || items.length || 0)) + ' lines · ' + escapeHtml(String(row.total_quantity || '0')) + ' total qty · ' + formatCurrencyDisplay(row.total_amount) + ' total amount</span>'
            + renderDetailList(items, (item) => escapeHtml(item.ingredient_name || 'Ingredient') + ': ' + escapeHtml(String(item.qty || '0')) + ' ' + escapeHtml(item.unit_code || '') + ((item.unit_cost !== null && item.unit_cost !== undefined && item.unit_cost !== '') ? (' @ ' + formatCurrencyDisplay(item.unit_cost)) : '') + ' · ' + escapeHtml(item.cost_basis_label || 'Delivery Source'), 'No delivery line detail loaded.')
            + '</div>';
    }

    function renderProductionSnapshotDetail(row) {
        const items = Array.isArray(row.items) ? row.items : [];
        return '<div class="bakeshop-detail-stack">'
            + '<strong>' + escapeHtml(String(row.consumed_item_count || items.length || 0)) + ' ingredient line(s)</strong>'
            + '<span class="bakeshop-inline-note">' + escapeHtml(String(row.total_consumed_qty || '0')) + ' total ingredient quantity</span>'
            + renderDetailList(items, (item) => escapeHtml(item.ingredient_name || 'Ingredient') + ': ' + escapeHtml(String(item.qty_used || '0')) + ' ' + escapeHtml(item.unit_code || ''), 'No ingredient-use detail was saved for this entry.')
            + '</div>';
    }

    function nowLocalDateTime() {
        const date = new Date();
        const pad = (value) => String(value).padStart(2, '0');
        return [date.getFullYear(), pad(date.getMonth() + 1), pad(date.getDate())].join('-') + 'T' + [pad(date.getHours()), pad(date.getMinutes())].join(':');
    }

    function nowLocalDate() {
        return nowLocalDateTime().slice(0, 10);
    }

    function syncDeliverySourceField() {
        const sourceType = $('#delivery-source-type');
        const sourceNameField = $('#delivery-source-name-field');
        const sourceNameInput = $('#delivery-source-name');
        if (!sourceType || !sourceNameField || !sourceNameInput) {
            return;
        }

        const isOther = sourceType.value === 'other';
        sourceNameField.hidden = !isOther;
        sourceNameInput.disabled = !isOther;
        if (!isOther) {
            sourceNameInput.value = '';
        }
    }

    function apiUrl(base, params = {}) {
        const url = new URL(base, window.location.origin);
        Object.entries(params).forEach(([key, value]) => {
            if (value !== null && value !== undefined && value !== '') {
                url.searchParams.set(key, value);
            }
        });
        return url.toString();
    }

    async function request(url, options = {}) {
        const requestUrl = new URL(String(url || ''), window.location.origin).toString();
        const response = await fetch(requestUrl, {
            headers: {
                'Accept': 'application/json',
                ...(options.body ? { 'Content-Type': 'application/json' } : {}),
                ...((options.method || 'GET').toUpperCase() !== 'GET' ? { 'X-CSRF-Token': csrfToken } : {}),
                ...(options.headers || {})
            },
            credentials: 'same-origin',
            ...options
        });

        const payload = await response.json().catch(() => ({ ok: false, error: 'Invalid server response' }));
        if (!response.ok || payload.ok === false) {
            throw new Error(payload.error || 'Request failed');
        }

        return payload.data || {};
    }

    function populateSelect(selector, items, mapFn, includeBlankLabel = '') {
        const select = $(selector);
        if (!select) {
            return;
        }

        const currentValue = select.value;
        const options = [];
        if (includeBlankLabel !== null) {
            options.push('<option value="">' + escapeHtml(includeBlankLabel) + '</option>');
        }
        items.forEach((item) => {
            const mapped = mapFn(item);
            options.push('<option value="' + escapeHtml(mapped.value) + '">' + escapeHtml(mapped.label) + '</option>');
        });
        select.innerHTML = options.join('');

        if (currentValue && Array.from(select.options).some((option) => option.value === currentValue)) {
            select.value = currentValue;
        }
    }

    function applyWorkspaceAccessMode() {
        if (canManageWorkspace) {
            return;
        }

        manageRequiredForms.forEach((form) => {
            form.querySelectorAll('input, select, textarea, button').forEach((field) => {
                if (field instanceof HTMLElement && field.getAttribute('type') === 'hidden') {
                    return;
                }
                field.disabled = true;
            });
        });
    }

    function tableSearchQuery(selector) {
        const input = $(selector);
        return input ? String(input.value || '').trim().toLowerCase() : '';
    }

    function rowMatchesSearch(query, values) {
        if (query === '') {
            return true;
        }

        return values
            .map((value) => String(value || '').toLowerCase())
            .join(' ')
            .includes(query);
    }

    function renderDetailList(items, renderItem, emptyMessage = 'No detail loaded.') {
        const listItems = Array.isArray(items) ? items : [];
        if (!listItems.length) {
            return '<div class="bakeshop-detail-list"><span>' + escapeHtml(emptyMessage) + '</span></div>';
        }

        return '<div class="bakeshop-detail-list">'
            + listItems.map((item) => '<span>' + renderItem(item) + '</span>').join('')
            + '</div>';
    }

    function renderTable(selector, rows, columns, emptyMessage = 'No rows yet.', rowKind = '') {
        const tbody = document.querySelector(selector + ' tbody');
        if (!tbody) {
            return;
        }

        if (!rows.length) {
            tbody.innerHTML = '<tr><td colspan="' + columns.length + '" class="bakeshop-muted">' + escapeHtml(emptyMessage) + '</td></tr>';
            return;
        }

        tbody.innerHTML = rows.map((row) => {
            const cells = columns.map((column) => '<td>' + column(row) + '</td>').join('');
            const resolvedRowId = rowKind ? normalizedRowId(rowKind, row) : Number(row && row.id ? row.id : 0);
            const rowAttrs = rowKind && resolvedRowId > 0
                ? ' data-row-kind="' + escapeHtml(rowKind) + '" data-row-id="' + escapeHtml(resolvedRowId) + '"'
                : '';
            return '<tr' + rowAttrs + '>' + cells + '</tr>';
        }).join('');
    }

    function clearFocusSearch() {
        const url = new URL(window.location.href);
        url.searchParams.delete('focus_kind');
        url.searchParams.delete('focus_id');
        const next = url.pathname + (url.search ? url.search : '') + (url.hash ? url.hash : '');
        history.replaceState(null, '', next);
    }

    function setFocusNote(selector, message) {
        const element = $(selector);
        if (!element) {
            return;
        }

        element.hidden = !message;
        element.textContent = message || '';
    }

    function openFocusedEditor(kind, row) {
        if (kind === 'branch') {
            editBranch(row, 'history');
            return true;
        }
        if (kind === 'product') {
            editProduct(row, 'history');
            return true;
        }
        if (kind === 'ingredient') {
            editIngredient(row, 'history');
            return true;
        }
        if (kind === 'delivery') {
            state.expandedDeliveryId = Number(row.id || 0);
            renderOperationalTables();
            return false;
        }
        if (kind === 'recipe') {
            editRecipe(row, 'history');
            return true;
        }
        if (kind === 'production') {
            editProduction(row, 'history');
            return true;
        }
        return false;
    }

    function applyFocusedRow(selector, kind, rows, label) {
        if (focusState.applied || focusState.kind !== kind || !Number.isFinite(focusState.id) || focusState.id <= 0) {
            return;
        }

        const match = rows.find((row) => Number(row.id) === focusState.id);
        if (!match) {
            return;
        }

        const tableRow = document.querySelector(selector + ' tbody tr[data-row-kind="' + kind + '"][data-row-id="' + focusState.id + '"]');
        if (!tableRow) {
            return;
        }

        tableRow.classList.add('bakeshop-row-focus');
        if (openFocusedEditor(kind, match)) {
            showBanner(label + ' record opened from activity history for review.', true);
        } else {
            tableRow.scrollIntoView({ behavior: 'smooth', block: 'center' });
            showBanner(label + ' record opened from activity history.', true);
        }
        focusState.applied = true;
        clearFocusSearch();
    }

    function updateStats() {
        $('#stat-branches').textContent = String(state.branches.length);
        $('#stat-products').textContent = String(state.products.length);
        $('#stat-ingredients').textContent = String(state.ingredients.length);
        const recipeStat = $('#stat-recipes');
        if (recipeStat) {
            recipeStat.textContent = String(state.recipes.length);
        }
    }

    function filteredIngredientRows() {
        const ingredientQuery = tableSearchQuery('#ingredients-filter');
        const showArchived = state.ingredientListView === 'archived';
        return state.ingredients.filter((row) => {
            const isArchived = Number(row.is_active) === 0;
            if (showArchived !== isArchived) {
                return false;
            }

            return rowMatchesSearch(ingredientQuery, [row.name, row.sku, row.default_unit_code, row.default_unit_name]);
        });
    }

    function syncIngredientViewControls() {
        const activeButton = $('#ingredients-view-active');
        const archivedButton = $('#ingredients-view-archived');
        const summary = $('#ingredients-view-summary');
        const activeCount = state.ingredients.filter((row) => Number(row.is_active) !== 0).length;
        const archivedCount = state.ingredients.filter((row) => Number(row.is_active) === 0).length;

        $('#ingredients-active-count').textContent = String(activeCount);
        $('#ingredients-archived-count').textContent = String(archivedCount);

        if (activeButton) {
            const isActiveView = state.ingredientListView === 'active';
            activeButton.classList.toggle('active', isActiveView);
            activeButton.setAttribute('aria-selected', isActiveView ? 'true' : 'false');
        }
        if (archivedButton) {
            const isArchivedView = state.ingredientListView === 'archived';
            archivedButton.classList.toggle('active', isArchivedView);
            archivedButton.setAttribute('aria-selected', isArchivedView ? 'true' : 'false');
        }
        if (summary) {
            summary.textContent = state.ingredientListView === 'archived'
                ? 'Archived ingredients stay out of delivery and recipe pickers until they are restored.'
                : 'View active ingredients used in current operations.';
        }
    }

    function ingredientDeleteEligibleRows(rows = filteredIngredientRows()) {
        return rows.filter((row) => Number(row.can_delete) === 1);
    }

    function pruneIngredientSelection() {
        const validIds = new Set(state.ingredients
            .filter((row) => Number(row.can_delete) === 1)
            .map((row) => Number(row.id))
            .filter((id) => Number.isFinite(id) && id > 0));
        Array.from(state.selectedIngredientIds).forEach((id) => {
            if (!validIds.has(id)) {
                state.selectedIngredientIds.delete(id);
            }
        });
    }

    function syncIngredientSelectionControls(rows = filteredIngredientRows()) {
        const selectAll = $('#ingredients-select-all');
        const summary = $('#ingredients-selection-summary');
        const clearButton = $('#ingredients-clear-selection');
        const deleteButton = $('#ingredients-delete-selected');
        const selectVisibleButton = $('#ingredients-select-visible');
        const deletableRows = ingredientDeleteEligibleRows(rows);
        const visibleIds = deletableRows.map((row) => Number(row.id)).filter((id) => Number.isFinite(id) && id > 0);
        const selectedCount = state.selectedIngredientIds.size;
        const visibleSelectedCount = visibleIds.filter((id) => state.selectedIngredientIds.has(id)).length;

        if (summary) {
            if (selectedCount === 0) {
                summary.textContent = rows.length > 0 && visibleIds.length === 0 ? 'Ingredients already in use can be archived but not deleted.' : 'No ingredients selected.';
            } else if (selectedCount === 1) {
                summary.textContent = '1 ingredient selected.';
            } else {
                summary.textContent = String(selectedCount) + ' ingredients selected.';
            }
        }

        if (selectAll) {
            selectAll.checked = visibleIds.length > 0 && visibleSelectedCount === visibleIds.length;
            selectAll.indeterminate = visibleSelectedCount > 0 && visibleSelectedCount < visibleIds.length;
            selectAll.disabled = !canManageWorkspace || visibleIds.length === 0;
        }

        if (selectVisibleButton) {
            selectVisibleButton.disabled = !canManageWorkspace || visibleIds.length === 0;
        }
        if (clearButton) {
            clearButton.hidden = selectedCount === 0;
            clearButton.disabled = !canManageWorkspace || selectedCount === 0;
        }
        if (deleteButton) {
            deleteButton.hidden = selectedCount === 0;
            deleteButton.disabled = !canManageWorkspace || selectedCount === 0;
            deleteButton.textContent = selectedCount > 1 ? 'Delete Selected (' + String(selectedCount) + ')' : 'Delete Selected';
        }
    }

    function renderIngredientsTable(rows) {
        const tbody = document.querySelector('#ingredients-table tbody');
        if (!tbody) {
            return;
        }

        if (!rows.length) {
            tbody.innerHTML = '<tr><td colspan="7" class="bakeshop-muted">' + escapeHtml(state.ingredientListView === 'archived' ? 'No archived ingredients yet.' : 'No active ingredients yet.') + '</td></tr>';
            syncIngredientViewControls();
            syncIngredientSelectionControls(rows);
            return;
        }

        tbody.innerHTML = rows.map((row) => {
            const resolvedRowId = normalizedRowId('ingredient', row);
            const selected = resolvedRowId > 0 && state.selectedIngredientIds.has(resolvedRowId);
            const selectionCell = canManageWorkspace && resolvedRowId > 0 && Number(row.can_delete) === 1
                ? '<td class="bakeshop-checkbox-cell"><input class="bakeshop-checkbox" type="checkbox" data-ingredient-select="' + escapeHtml(resolvedRowId) + '" aria-label="Select ingredient ' + escapeHtml(row.name || String(resolvedRowId)) + '"' + (selected ? ' checked' : '') + '></td>'
                : '<td class="bakeshop-checkbox-cell"></td>';

            const dependencyNotes = [];
            if (Number(row.recipe_reference_count) > 0) {
                dependencyNotes.push(String(row.recipe_reference_count) + ' recipe line(s)');
            }
            if (Number(row.delivery_reference_count) > 0) {
                dependencyNotes.push(String(row.delivery_reference_count) + ' delivery line(s)');
            }
            if (Number(row.production_reference_count) > 0) {
                dependencyNotes.push(String(row.production_reference_count) + ' production snapshot line(s)');
            }
            if (Number(row.usage_reference_count) > 0) {
                dependencyNotes.push(String(row.usage_reference_count) + ' usage record(s)');
            }
            const dependencyNote = dependencyNotes.length > 0
                ? '<div class="bakeshop-inline-note">In use by ' + escapeHtml(dependencyNotes.join(' · ')) + '.</div>'
                : '';

            return '<tr data-row-kind="ingredient" data-row-id="' + escapeHtml(resolvedRowId) + '">'
                + selectionCell
                + '<td><strong>' + escapeHtml(row.name) + '</strong>' + dependencyNote + '</td>'
                + '<td>' + escapeHtml(row.sku || '—') + '</td>'
                + '<td>' + escapeHtml([row.default_unit_code, row.default_unit_name].filter(Boolean).join(' — ') || '—') + '</td>'
                + '<td>' + escapeHtml(formatIngredientPack(row)) + '</td>'
                + '<td>' + rowStatusChip(row.is_active) + '</td>'
                + '<td>' + rowActionButtons('ingredient', row) + '</td>'
                + '</tr>';
        }).join('');

        syncIngredientViewControls();
        syncIngredientSelectionControls(rows);
    }

    function renderDeliveriesTable(rows) {
        const tbody = document.querySelector('#deliveries-table tbody');
        if (!tbody) {
            return;
        }

        if (!rows.length) {
            tbody.innerHTML = '<tr><td colspan="6" class="bakeshop-muted">No deliveries yet.</td></tr>';
            syncDeliverySelectionControls(rows);
            return;
        }

        tbody.innerHTML = rows.map((row) => {
            const resolvedRowId = normalizedRowId('delivery', row);
            const selected = resolvedRowId > 0 && state.selectedDeliveryIds.has(resolvedRowId);
            const expanded = resolvedRowId > 0 && Number(state.expandedDeliveryId || 0) === resolvedRowId;
            const selectionCell = canManageWorkspace && resolvedRowId > 0
                ? '<td class="bakeshop-checkbox-cell"><input class="bakeshop-checkbox" type="checkbox" data-delivery-select="' + escapeHtml(resolvedRowId) + '" aria-label="Select delivery ' + escapeHtml(row.reference || String(resolvedRowId)) + '"' + (selected ? ' checked' : '') + '></td>'
                : '<td class="bakeshop-checkbox-cell"></td>';
            const actionButtons = [
                '<button type="button" class="bakeshop-link-button" data-action="toggle-delivery-detail" data-id="' + escapeHtml(row.id) + '">' + (expanded ? 'Hide Details' : 'View Details') + '</button>'
            ];
            if (canManageWorkspace) {
                actionButtons.push('<button type="button" class="bakeshop-link-button warn" data-action="delete-delivery" data-id="' + escapeHtml(row.id) + '">Delete</button>');
            }

            return '<tr data-row-kind="delivery" data-row-id="' + escapeHtml(resolvedRowId) + '">'
                + selectionCell
                + '<td><strong>' + escapeHtml(row.branch_name || '—') + '</strong><div class="bakeshop-inline-note">' + escapeHtml(row.source_label || 'Delivery source not set') + '</div></td>'
                + '<td>' + escapeHtml(row.delivered_at || '—') + '</td>'
                + '<td>' + escapeHtml(row.reference || '—') + '<div class="bakeshop-inline-note">' + escapeHtml(row.received_by || 'Receiver not set') + '</div></td>'
                + '<td><div class="bakeshop-detail-stack"><span>' + escapeHtml(row.item_count || 0) + ' item(s)</span><span>' + escapeHtml(row.total_quantity || '0') + ' total qty</span><span>' + escapeHtml(String(row.coverage_days || 1)) + ' day coverage</span><span>' + escapeHtml(row.cost_basis_summary || 'Cost basis pending') + '</span></div></td>'
                + '<td><div class="bakeshop-row-actions">' + actionButtons.join('') + '</div></td>'
                + '</tr>'
                + (expanded
                    ? '<tr class="bakeshop-row-focus"><td colspan="6">' + renderDeliveryDetail(row) + '</td></tr>'
                    : '');
        }).join('');

        syncDeliverySelectionControls(rows);
    }

    function renderBranchTables() {
        const filteredBranches = state.branches.filter((row) => rowMatchesSearch(tableSearchQuery('#branches-filter'), [row.code, row.name, row.address]));

        renderTable('#branches-table', filteredBranches, [
            (row) => escapeHtml(row.code),
            (row) => escapeHtml(row.name),
            (row) => escapeHtml(row.address || '—'),
            (row) => rowStatusChip(row.is_active),
            (row) => rowActionButtons('branch', row)
        ], 'No branches yet.', 'branch');
        applyFocusedRow('#branches-table', 'branch', filteredBranches, 'Branch');

        const activeBranches = activeBranchRows();
        populateSelect('#delivery-branch', activeBranches, (row) => ({ value: row.id, label: row.code + ' — ' + row.name }), 'Select branch');
        populateSelect('#production-branch', activeBranches, (row) => ({ value: row.id, label: row.code + ' — ' + row.name }), 'Select branch');
        populateSelect('#product-target-branch', activeBranches, (row) => ({ value: row.id, label: row.code + ' — ' + row.name }), 'Select branch');
        populateSelect('#usage-branch', state.branches, (row) => ({ value: row.id, label: row.code + ' — ' + row.name }), 'All branches');

        if (state.productTargetBranchId <= 0 && activeBranches[0]) {
            state.productTargetBranchId = Number(activeBranches[0].id || 0);
        }

        renderProductTargetsTable();
    }

    function renderCatalogTables() {
        const activeProductId = Number(state.activeProductId || 0);
        const recipeQuery = tableSearchQuery('#recipes-filter');
        if (focusState.kind === 'product' && !focusState.applied) {
            const focusedProduct = state.products.find((row) => Number(row.id) === focusState.id);
            if (focusedProduct) {
                state.productListView = Number(focusedProduct.is_active) === 0 ? 'archived' : 'active';
            }
        }
        if (focusState.kind === 'ingredient' && !focusState.applied) {
            const focusedIngredient = state.ingredients.find((row) => Number(row.id) === focusState.id);
            if (focusedIngredient) {
                state.ingredientListView = Number(focusedIngredient.is_active) === 0 ? 'archived' : 'active';
            }
        }
        const filteredProducts = filteredProductRows();
        const filteredIngredients = filteredIngredientRows();
        const filteredRecipes = activeProductId > 0
            ? state.recipes.filter((row) => Number(row.product_id) === activeProductId && rowMatchesSearch(recipeQuery, [row.ingredient_name, row.unit_code, row.notes]))
            : [];

        renderProductsTable(filteredProducts);

        renderIngredientsTable(filteredIngredients);

        renderTable('#recipes-table', filteredRecipes, [
            (row) => escapeHtml(row.ingredient_name),
            (row) => displayTwoDecimalQuantity(row.qty),
            (row) => escapeHtml(row.unit_code),
            (row) => escapeHtml(row.notes || '—'),
            (row) => canManageWorkspace
                ? '<div class="bakeshop-row-actions"><button type="button" class="bakeshop-link-button" data-action="edit-recipe" data-id="' + escapeHtml(row.id) + '">Edit</button><button type="button" class="bakeshop-link-button warn" data-action="delete-recipe" data-id="' + escapeHtml(row.id) + '">Delete</button></div>'
                : '<span class="bakeshop-inline-note">View only</span>'
        ], activeProductId > 0 ? 'No recipe lines yet for this product.' : 'Edit a product to view its recipe lines.', 'recipe');
        applyFocusedRow('#products-table', 'product', filteredProducts, 'Product');
        applyFocusedRow('#ingredients-table', 'ingredient', filteredIngredients, 'Ingredient');
        applyFocusedRow('#recipes-table', 'recipe', filteredRecipes, 'Recipe line');

        if (activeProductId > 0) {
            const activeProductRow = document.querySelector('#products-table tbody tr[data-row-kind="product"][data-row-id="' + activeProductId + '"]');
            if (activeProductRow) {
                activeProductRow.classList.add('bakeshop-row-editing');
            }
        }

        populateSelect('#product-yield-unit', state.units, (row) => ({ value: row.id, label: row.code + ' — ' + row.name }), 'Select yield unit');
        populateSelect('#ingredient-unit', state.units, (row) => ({ value: row.id, label: row.code + ' — ' + row.name }), 'Select default unit');
        populateSelect('#recipe-unit', state.units, (row) => ({ value: row.id, label: row.code + ' — ' + row.name }), 'Select unit');
        const activeProducts = state.products.filter((row) => Number(row.is_active) !== 0);
        const activeIngredients = state.ingredients.filter((row) => Number(row.is_active) !== 0);
        populateSelect('#product-target-product', activeProducts, (row) => ({ value: row.id, label: row.name + (row.default_yield_unit_code ? (' — ' + row.default_yield_unit_code) : '') }), 'Select product');
        syncIngredientPackUnitOptions(ingredientForm?.elements.namedItem('pack_unit_id')?.value || '');
        syncProductTargetUnitOptions(productTargetForm?.elements.namedItem('unit_id')?.value || '');
        const filteredProductionProducts = activeProducts.filter((row) => rowMatchesSearch(tableSearchQuery('#production-products-filter'), [row.name, row.sku, row.category, row.default_yield_unit_code]));
        renderProductionProductsTable(filteredProductionProducts);
        renderProductTargetsTable();
        populateSelect('#recipe-ingredient', activeIngredients, (row) => ({ value: row.id, label: row.name }), 'Select ingredient');
        syncRecipePanel();
    }

    function renderOperationalTables() {
        const filteredDeliveries = filteredDeliveryRows();
        const filteredProduction = state.production.filter((row) => rowMatchesSearch(tableSearchQuery('#production-filter'), [row.branch_name, row.product_name, row.produced_at, row.produced_by, row.notes, row.qty_produced, row.default_yield_unit_code, row.consumed_item_count, row.total_consumed_qty]));

        if (focusState.kind === 'delivery' && !focusState.applied) {
            activateDeliverySectionTab('saved');
        }

        renderDeliveriesTable(filteredDeliveries);

        renderTable('#production-table', filteredProduction, [
            (row) => escapeHtml(row.branch_name),
            (row) => escapeHtml(row.product_name) + (Number(row.id || 0) === Number(state.lastSavedProductionId || 0) ? ' <span class="bakeshop-chip recent">Recent</span>' : ''),
            (row) => escapeHtml(row.produced_at),
            (row) => escapeHtml(row.qty_produced) + ' ' + escapeHtml(row.default_yield_unit_code || ''),
            (row) => renderProductionSnapshotDetail(row),
            (row) => canManageWorkspace
                ? '<div class="bakeshop-row-actions"><button type="button" class="bakeshop-link-button" data-action="edit-production" data-id="' + escapeHtml(row.id) + '">Edit Details</button><button type="button" class="bakeshop-link-button warn" data-action="void-production" data-id="' + escapeHtml(row.id) + '">Void Entry</button></div>'
                : '<span class="bakeshop-inline-note">View only</span>'
        ], 'No saved entries yet.', 'production');
        document.querySelectorAll('#production-table tbody tr[data-row-kind="production"]').forEach((rowElement) => {
            const rowId = Number(rowElement.getAttribute('data-row-id') || '0');
            rowElement.classList.toggle('bakeshop-row-recent', rowId > 0 && rowId === Number(state.lastSavedProductionId || 0));
        });
        const productionSavedCount = $('#production-saved-count');
        const productionSavedLatestItem = $('#production-saved-latest-item');
        const productionSavedLatestBranch = $('#production-saved-latest-branch');
        if (productionSavedCount) {
            productionSavedCount.textContent = String(filteredProduction.length || 0);
        }
        if (productionSavedLatestItem) {
            productionSavedLatestItem.textContent = state.lastSavedProductionSummary && state.lastSavedProductionSummary.product_name
                ? state.lastSavedProductionSummary.product_name
                : 'None yet';
        }
        if (productionSavedLatestBranch) {
            productionSavedLatestBranch.textContent = state.lastSavedProductionSummary && state.lastSavedProductionSummary.branch_name
                ? state.lastSavedProductionSummary.branch_name
                : 'No branch yet';
        }
        applyFocusedRow('#deliveries-table', 'delivery', filteredDeliveries, 'Delivery');
        applyFocusedRow('#production-table', 'production', filteredProduction, 'Saved entry');
    }

    function renderUsage() {
        const filteredUsage = state.usage.filter((row) => rowMatchesSearch(tableSearchQuery('#usage-filter'), [row.branch_name, row.period_date, row.ingredient_name, row.unit_code || row.dimension, row.delivered_qty_base, row.consumed_qty_base, row.variance_qty_base]));
        const filteredInventory = state.inventorySnapshot.filter((row) => rowMatchesSearch(tableSearchQuery('#inventory-filter'), [row.branch_name, row.ingredient_name, row.unit_code || row.dimension, row.delivered_qty_base, row.consumed_qty_base, row.on_hand_qty_base]));

        renderTable('#usage-table', filteredUsage, [
            (row) => escapeHtml(row.branch_name),
            (row) => escapeHtml(row.period_date),
            (row) => escapeHtml(row.ingredient_name),
            (row) => escapeHtml(row.unit_code || row.dimension || 'unit'),
            (row) => escapeHtml(row.delivered_qty_base),
            (row) => escapeHtml(row.consumed_qty_base),
            (row) => escapeHtml(row.variance_qty_base)
        ], 'No usage rows matched the selected filters.');

        const usageZeroValue = (0).toFixed(state.usageDecimalPlaces);
        $('#usage-total-delivered').textContent = state.usageTotals.delivered_display || state.usageTotals.delivered_qty_base || usageZeroValue;
        $('#usage-total-consumed').textContent = state.usageTotals.consumed_display || state.usageTotals.consumed_qty_base || usageZeroValue;
        $('#usage-total-variance').textContent = state.usageTotals.variance_display || state.usageTotals.variance_qty_base || usageZeroValue;
        $('#usage-factual-ingredients').textContent = String(state.factualSummary.ingredient_count || 0);
        $('#usage-factual-deliveries').textContent = String(state.factualSummary.delivery_item_count || 0);
        $('#usage-factual-runs').textContent = String(state.factualSummary.production_run_count || 0);

        renderTable('#inventory-table', filteredInventory, [
            (row) => escapeHtml(row.branch_name),
            (row) => escapeHtml(row.ingredient_name),
            (row) => escapeHtml(row.unit_code || row.dimension || 'unit'),
            (row) => escapeHtml(row.delivered_qty_base),
            (row) => escapeHtml(row.consumed_qty_base),
            (row) => '<strong>' + escapeHtml(row.on_hand_qty_base) + '</strong>'
        ], 'No inventory snapshot rows are available for the selected branch yet.');
        $('#inventory-total-on-hand').textContent = state.inventoryTotals.on_hand_display || state.inventoryTotals.on_hand_qty_base || usageZeroValue;
        $('#inventory-total-lines').textContent = String(state.inventoryTotals.item_count || state.inventorySnapshot.length || 0);
        renderDrProjectionTables();
    }

    function syncPrintLink() {
        const scope = currentReportScope();
        const drScope = currentDrProjectionScope();

        if (printLink) {
            printLink.href = apiUrl('/admin/bakeshop/print', scope);
        }

        [drProjectionPrintLink, drProjectionInlinePrintLink].forEach((link) => {
            if (!link) {
                return;
            }

            link.href = apiUrl('/admin/bakeshop/print/dr-projection', drScope);
            link.setAttribute('aria-disabled', canLoadDrProjection(drScope) ? 'false' : 'true');
        });
    }

    function collectDeliveryItems() {
        return Array.from(deliveryLines.querySelectorAll('tr[data-ingredient-id]')).map((row) => ({
            ingredient_id: row.getAttribute('data-ingredient-id') || '',
            unit_id: row.getAttribute('data-unit-id') || '',
            qty: row.querySelector('[data-field="qty"]').value,
            unit_cost: row.querySelector('[data-field="unit_cost"]').value,
            cost_basis: row.querySelector('[data-field="cost_basis"]').value
        })).filter((item) => {
            const parsedQty = Number(item.qty);
            return Number.isFinite(parsedQty) && parsedQty > 0;
        });
    }

    function clearDeliverySheetValues() {
        deliveryLines.querySelectorAll('[data-field="qty"], [data-field="unit_cost"]').forEach((input) => {
            input.value = '';
        });
        deliveryLines.querySelectorAll('[data-field="cost_basis"]').forEach((input) => {
            input.value = '';
        });
        deliveryLines.querySelectorAll('tr').forEach((row) => row.classList.remove('is-imported'));
        if (deliveryCsvFile) {
            deliveryCsvFile.value = '';
        }
    }

    function renderDeliverySheet() {
        const activeIngredients = state.ingredients.filter((row) => Number(row.is_active) !== 0);
        if (!deliveryLines) {
            return;
        }

        if (!activeIngredients.length) {
            deliveryLines.innerHTML = '<tr><td colspan="6" class="bakeshop-muted">Add active ingredients in Products + Recipes before recording daily deliveries.</td></tr>';
            return;
        }

        deliveryLines.innerHTML = activeIngredients.map((row) => {
            const unitLabel = [row.default_unit_code, row.default_unit_name].filter(Boolean).join(' — ');
            const searchText = [row.name, row.sku || '', row.default_unit_code || ''].join(' ').toLowerCase();
            const disabledAttr = canManageWorkspace ? '' : ' disabled';
            return '<tr data-ingredient-id="' + escapeHtml(row.id) + '" data-unit-id="' + escapeHtml(row.default_unit_id) + '" data-search="' + escapeHtml(searchText) + '">'
                + '<td><strong>' + escapeHtml(row.name) + '</strong></td>'
                + '<td>' + escapeHtml(row.sku || '—') + '</td>'
                + '<td>' + escapeHtml(unitLabel || '—') + '</td>'
                + '<td><input data-field="qty" type="number" min="0" step="0.0001" placeholder="0.0000"' + disabledAttr + '></td>'
                + '<td><input data-field="unit_cost" type="number" min="0" step="0.0001" placeholder="Optional"' + disabledAttr + '></td>'
                + '<td><select data-field="cost_basis" class="bakeshop-table-input"' + disabledAttr + '><option value="">Delivery Source</option><option value="receipt">Receipt</option><option value="price_list">Price List</option><option value="manual">Manual</option></select></td>'
                + '</tr>';
        }).join('');
    }

    function filterDeliverySheet() {
        const query = ($('#delivery-sheet-filter').value || '').trim().toLowerCase();
        deliveryLines.querySelectorAll('tr[data-ingredient-id]').forEach((row) => {
            const haystack = row.getAttribute('data-search') || '';
            row.hidden = query !== '' && !haystack.includes(query);
        });
    }

    function parseCsvRows(text) {
        const rows = [];
        let current = '';
        let row = [];
        let inQuotes = false;

        for (let index = 0; index < text.length; index += 1) {
            const char = text[index];
            const next = text[index + 1] || '';

            if (char === '"') {
                if (inQuotes && next === '"') {
                    current += '"';
                    index += 1;
                } else {
                    inQuotes = !inQuotes;
                }
                continue;
            }

            if (char === ',' && !inQuotes) {
                row.push(current);
                current = '';
                continue;
            }

            if ((char === '\n' || char === '\r') && !inQuotes) {
                if (char === '\r' && next === '\n') {
                    index += 1;
                }
                row.push(current);
                if (row.some((cell) => cell.trim() !== '')) {
                    rows.push(row);
                }
                row = [];
                current = '';
                continue;
            }

            current += char;
        }

        row.push(current);
        if (row.some((cell) => cell.trim() !== '')) {
            rows.push(row);
        }

        return rows;
    }

    function importDeliveryCsv(text) {
        const rows = parseCsvRows(text);
        if (rows.length < 2) {
            throw new Error('CSV import needs a header row and at least one data row.');
        }

        const normalizeHeader = (value) => value.trim().toLowerCase().replace(/[^a-z0-9]+/g, '_');
        const headers = rows[0].map(normalizeHeader);
        const skuIndex = headers.findIndex((header) => ['sku', 'ingredient_sku'].includes(header));
        const ingredientIndex = headers.findIndex((header) => ['ingredient', 'ingredient_name', 'name'].includes(header));
        const qtyIndex = headers.findIndex((header) => ['qty', 'quantity', 'delivered_qty'].includes(header));
        const unitCostIndex = headers.findIndex((header) => ['unit_cost', 'cost', 'unit_price'].includes(header));
        const costBasisIndex = headers.findIndex((header) => ['cost_basis', 'basis', 'cost_source'].includes(header));

        if (qtyIndex === -1 || (skuIndex === -1 && ingredientIndex === -1)) {
            throw new Error('CSV import needs `sku` or `ingredient`, plus `qty` headers.');
        }

        const rowByLookup = new Map();
        deliveryLines.querySelectorAll('tr[data-ingredient-id]').forEach((row) => {
            const cells = row.querySelectorAll('td');
            const ingredientName = (cells[0]?.textContent || '').trim().toLowerCase();
            const sku = (cells[1]?.textContent || '').trim().toLowerCase();
            if (ingredientName !== '') {
                rowByLookup.set(ingredientName, row);
            }
            if (sku !== '' && sku !== '—') {
                rowByLookup.set(sku, row);
            }
            row.classList.remove('is-imported');
        });

        let matched = 0;
        const unmatched = [];
        rows.slice(1).forEach((row) => {
            const lookupValue = String((skuIndex !== -1 ? row[skuIndex] : row[ingredientIndex]) || '').trim().toLowerCase();
            const qtyValue = String(row[qtyIndex] || '').trim();
            const unitCostValue = unitCostIndex !== -1 ? String(row[unitCostIndex] || '').trim() : '';
            const costBasisValue = costBasisIndex !== -1
                ? String(row[costBasisIndex] || '').trim().toLowerCase().replace(/[^a-z]+/g, '_')
                : '';

            if (lookupValue === '' || qtyValue === '') {
                return;
            }

            const targetRow = rowByLookup.get(lookupValue);
            if (!targetRow) {
                unmatched.push(lookupValue);
                return;
            }

            targetRow.querySelector('[data-field="qty"]').value = qtyValue;
            targetRow.querySelector('[data-field="unit_cost"]').value = unitCostValue;
            targetRow.querySelector('[data-field="cost_basis"]').value = ['receipt', 'price_list', 'manual'].includes(costBasisValue) ? costBasisValue : '';
            targetRow.classList.add('is-imported');
            matched += 1;
        });

        filterDeliverySheet();

        if (!matched) {
            throw new Error('No CSV rows matched the listed ingredients. Use SKU or exact ingredient names.');
        }

        if (unmatched.length) {
            showBanner('Imported ' + matched + ' ingredient rows. Unmatched rows: ' + unmatched.slice(0, 5).join(', ') + (unmatched.length > 5 ? '…' : '') + '.', true);
            return;
        }

        showBanner('Imported ' + matched + ' ingredient rows from CSV.', true);
    }

    function downloadDeliveryCsvTemplate() {
        const activeIngredients = state.ingredients.filter((row) => Number(row.is_active) !== 0);
        const lines = ['sku,ingredient,qty,unit_cost,cost_basis'];
        activeIngredients.forEach((row) => {
            lines.push([
                '"' + String(row.sku || '').replace(/"/g, '""') + '"',
                '"' + String(row.name || '').replace(/"/g, '""') + '"',
                '',
                '',
                ''
            ].join(','));
        });

        const blob = new Blob([lines.join('\n')], { type: 'text/csv;charset=utf-8' });
        const link = document.createElement('a');
        const objectUrl = URL.createObjectURL(blob);
        link.href = objectUrl;
        link.download = 'bakeshop-daily-deliveries-template.csv';
        document.body.appendChild(link);
        link.click();
        document.body.removeChild(link);
        URL.revokeObjectURL(objectUrl);
    }

    async function loadBranches(force = false) {
        if (!force && state.loaded.branches) {
            renderBranchTables();
            return;
        }
        const data = await request(api.branches);
        state.branches = normalizeMaintenanceRows('branch', data.items || []);
        state.loaded.branches = true;
        renderBranchTables();
    }

    async function loadUnits(force = false) {
        if (!force && state.loaded.units) {
            renderCatalogTables();
            return;
        }
        const data = await request(api.units);
        state.units = data.items || [];
        state.loaded.units = true;
        renderCatalogTables();
    }

    async function loadProducts(force = false) {
        if (!force && state.loaded.products) {
            renderCatalogTables();
            updateStats();
            return;
        }
        const data = await request(api.products);
        state.products = normalizeMaintenanceRows('product', data.items || []);
        state.loaded.products = true;
        pruneProductSelection();
        renderCatalogTables();
        updateStats();
    }

    async function loadIngredients(force = false) {
        if (!force && state.loaded.ingredients) {
            renderCatalogTables();
            renderDeliverySheet();
            filterDeliverySheet();
            updateStats();
            return;
        }
        const data = await request(api.ingredients);
        state.ingredients = normalizeMaintenanceRows('ingredient', data.items || []);
        state.loaded.ingredients = true;
        pruneIngredientSelection();
        renderCatalogTables();
        renderDeliverySheet();
        filterDeliverySheet();
        updateStats();
    }

    async function loadRecipes(force = false) {
        if (!productRecipesEnabled) {
            state.recipes = [];
            state.loaded.recipes = true;
            renderCatalogTables();
            updateStats();
            return;
        }

        if (!force && state.loaded.recipes) {
            renderCatalogTables();
            updateStats();
            return;
        }
        const data = await request(api.recipes);
        state.recipes = data.items || [];
        state.loaded.recipes = true;
        renderCatalogTables();
        updateStats();
    }

    async function loadDeliveries(force = false) {
        if (!force && state.loaded.deliveries) {
            renderOperationalTables();
            return;
        }
        const data = await request(api.deliveries);
        state.deliveries = data.items || [];
        state.loaded.deliveries = true;
        pruneDeliverySelection();
        renderOperationalTables();
    }

    async function loadProductTargets(force = false) {
        if (!force && state.loaded['product-targets']) {
            renderProductTargetsTable();
            return;
        }

        const data = await request(api.productTargets);
        state.productTargets = data.items || [];
        state.loaded['product-targets'] = true;
        renderProductTargetsTable();
    }

    async function loadProduction(force = false) {
        if (!force && state.loaded.production) {
            renderOperationalTables();
            return;
        }
        const data = await request(api.production);
        state.production = data.items || [];
        state.loaded.production = true;
        renderOperationalTables();
    }

    async function loadUsage() {
        syncPrintLink();
        const scope = currentReportScope();
        const usageBranch = $('#usage-branch');
        const usageFrom = $('#usage-from');
        const usageTo = $('#usage-to');
        if (usageBranch) {
            usageBranch.value = scope.branch_id || '';
        }
        if (usageFrom) {
            usageFrom.value = scope.from_date || '';
        }
        if (usageTo) {
            usageTo.value = scope.to_date || '';
        }
        const data = await request(apiUrl(api.usage, scope));
        if (data.settings && Number.isFinite(Number(data.settings.usage_decimal_places))) {
            state.usageDecimalPlaces = Number(data.settings.usage_decimal_places);
        }
        state.usage = data.items || [];
        state.usageTotals = data.totals || state.usageTotals;
        state.factualSummary = data.factual_summary || state.factualSummary;
        state.inventorySnapshot = (data.inventory && data.inventory.items) || [];
        state.inventoryTotals = (data.inventory && data.inventory.totals) || state.inventoryTotals;
        renderUsage();
    }

    async function loadDrProjection(force = false) {
        const scope = currentDrProjectionScope();
        const scopeKey = drProjectionScopeKey(scope);

        if (!canLoadDrProjection(scope)) {
            state.drProjection = {
                filters: null,
                branch: null,
                window_days: 0,
                ingredients: [],
                products: [],
                error: ''
            };
            state.drProjectionScopeKey = '';
            state.loaded['dr-projection'] = false;
            renderDrProjectionTables();
            return;
        }

        if (!force && state.loaded['dr-projection'] && state.drProjectionScopeKey === scopeKey) {
            renderDrProjectionTables();
            return;
        }

        const data = await request(apiUrl(api.drProjection, scope));
        const report = data.report || {};
        if (report.settings && Number.isFinite(Number(report.settings.usage_decimal_places))) {
            state.usageDecimalPlaces = Number(report.settings.usage_decimal_places);
        }
        state.drProjection = {
            filters: report.filters || null,
            branch: report.branch || null,
            window_days: Number(report.window_days || 0),
            ingredients: report.ingredients || [],
            products: report.products || [],
            error: ''
        };
        state.drProjectionScopeKey = scopeKey;
        state.loaded['dr-projection'] = true;
        renderDrProjectionTables();
    }

    async function ensureTabData(tabName, options = {}) {
        const force = options.force === true;
        const resolvedTab = resolveTabName(tabName);
        const loaders = datasetLoaders();

        for (const requirement of tabRequirementsFor(resolvedTab)) {
            await loaders[requirement](force);
        }
    }

    async function submitJson(url, payload, successMessage, after) {
        try {
            const data = await request(url, {
                method: 'POST',
                body: JSON.stringify({ _token: csrfToken, ...payload })
            });
            showBanner(successMessage, true);
            if (typeof after === 'function') {
                await after(data);
            }
            await applyCacheInvalidations(data.cache_invalidate || [], {
                refreshCurrentTab: typeof after !== 'function'
            });
            return data;
        } catch (error) {
            showBanner(error.message || 'Request failed.', false);
            return null;
        }
    }

    function confirmDelete(message) {
        return window.confirm(message);
    }

    function closeDeleteConfirm(confirmed) {
        if (deleteConfirm) {
            deleteConfirm.hidden = true;
        }
        document.body.classList.remove('bakeshop-confirm-open');

        if (typeof pendingDeleteConfirmResolve === 'function') {
            const resolve = pendingDeleteConfirmResolve;
            pendingDeleteConfirmResolve = null;
            resolve(confirmed === true);
        }
    }

    function confirmBulkDelete(options = {}) {
        const previewItems = Array.from(new Set((options.items || []).map((item) => String(item || '').trim()).filter(Boolean)));
        const previewLimit = 5;

        if (!deleteConfirm || !deleteConfirmTitle || !deleteConfirmMessage || !deleteConfirmImpact || !deleteConfirmList || !deleteConfirmOverflow || !deleteConfirmSubmit) {
            const fallbackMessage = [
                options.message || 'Delete the selected records?',
                previewItems.length ? previewItems.slice(0, previewLimit).map((item) => '- ' + item).join('\n') : '',
                previewItems.length > previewLimit ? ('+' + String(previewItems.length - previewLimit) + ' more') : ''
            ].filter(Boolean).join('\n\n');
            return Promise.resolve(window.confirm(fallbackMessage));
        }

        if (typeof pendingDeleteConfirmResolve === 'function') {
            closeDeleteConfirm(false);
        }

        deleteConfirmTitle.textContent = options.title || 'Delete selected records?';
        deleteConfirmMessage.textContent = options.message || 'Review the selected items before confirming this delete.';

        const impactMessage = String(options.impact || '').trim();
        deleteConfirmImpact.textContent = impactMessage;
        deleteConfirmImpact.hidden = impactMessage === '';

        deleteConfirmList.innerHTML = previewItems.slice(0, previewLimit)
            .map((item) => '<li>' + escapeHtml(item) + '</li>')
            .join('');
        deleteConfirmList.hidden = previewItems.length === 0;

        if (previewItems.length > previewLimit) {
            deleteConfirmOverflow.textContent = '+' + String(previewItems.length - previewLimit) + ' more selected item(s)';
            deleteConfirmOverflow.hidden = false;
        } else {
            deleteConfirmOverflow.textContent = '';
            deleteConfirmOverflow.hidden = true;
        }

        deleteConfirmSubmit.textContent = options.confirmLabel || 'Delete Selected';
        deleteConfirm.hidden = false;
        document.body.classList.add('bakeshop-confirm-open');

        return new Promise((resolve) => {
            pendingDeleteConfirmResolve = resolve;
            deleteConfirmCancel?.focus();
        });
    }

    function promptRequiredValue(message, defaultValue = '') {
        const value = window.prompt(message, defaultValue);
        if (value === null) {
            return null;
        }

        const normalized = String(value).trim();
        if (normalized === '') {
            showBanner('A reason is required to void a saved entry.', false);
            return null;
        }

        return normalized;
    }

    function syncEditorActionButtons(options) {
        const addButton = options.addSelector ? $(options.addSelector) : null;
        const cancelButton = options.cancelSelector ? $(options.cancelSelector) : null;
        const editing = options.editing === true;

        if (addButton) {
            addButton.disabled = !canManageWorkspace || editing;
        }

        if (cancelButton) {
            cancelButton.hidden = !editing;
            cancelButton.disabled = !canManageWorkspace || !editing;
        }
    }

    function resetBranchForm() {
        branchForm.reset();
        branchForm.elements.namedItem('id').value = '';
        branchForm.elements.namedItem('is_active').value = '1';
        setFocusNote('#branch-focus-note', '');
        $('#branch-submit').textContent = 'Save Branch';
        syncEditorActionButtons({ cancelSelector: '#branch-cancel', editing: false });
    }

    function editBranch(row, source = 'table') {
        branchForm.elements.namedItem('id').value = String(row.id || '');
        branchForm.elements.namedItem('is_active').value = String(Number(row.is_active) === 0 ? 0 : 1);
        branchForm.elements.namedItem('code').value = row.code || '';
        branchForm.elements.namedItem('name').value = row.name || '';
        branchForm.elements.namedItem('address').value = row.address || '';
        setFocusNote('#branch-focus-note', source === 'history' ? 'Reviewing this branch from activity history. Confirm the details below before saving changes.' : '');
        $('#branch-submit').textContent = 'Update Branch';
        syncEditorActionButtons({ cancelSelector: '#branch-cancel', editing: true });
        branchForm.scrollIntoView({ behavior: 'smooth', block: 'nearest' });
    }

    function resetProductionForm() {
        productionForm.reset();
        state.productionDraftQuantities = {};
        state.productionDraftSaveState = {};
        state.productionGuardOverride = false;
        productionForm.elements.namedItem('id').value = '';
        productionForm.elements.namedItem('product_id').value = '';
        productionForm.elements.namedItem('qty_produced').value = '';
        productionForm.elements.namedItem('branch_id').disabled = false;
        $('#production-products-filter').disabled = false;
        setFocusNote('#production-focus-note', '');
        $('#production-submit').textContent = 'Update Saved Entry';
        $('#production-submit').hidden = true;
        syncEditorActionButtons({ cancelSelector: '#production-cancel', editing: false });
        productionForm.elements.namedItem('produced_at').value = nowLocalDateTime();
        syncProductionGuardOverrideControls();
        activateProductionSectionTab('record');
        syncProductionLastSavedCard();
        syncProductionProductSelection();
        renderCatalogTables();
    }

    function editProduction(row, source = 'table') {
        state.productionDraftQuantities = {
            [String(row.product_id || '')]: String(row.qty_produced || '')
        };
        state.productionDraftSaveState = {
            [String(row.product_id || '')]: {
                kind: 'saved',
                message: 'Saved entry selected for review.'
            }
        };
        productionForm.elements.namedItem('id').value = String(row.id || '');
        productionForm.elements.namedItem('branch_id').value = String(row.branch_id || '');
        productionForm.elements.namedItem('branch_id').disabled = true;
        productionForm.elements.namedItem('product_id').value = String(row.product_id || '');
        productionForm.elements.namedItem('qty_produced').value = String(row.qty_produced || '');
        productionForm.elements.namedItem('produced_at').value = productionDateTimeInputValue(row.produced_at || '');
        productionForm.elements.namedItem('produced_by').value = row.produced_by || '';
        productionForm.elements.namedItem('notes').value = row.notes || '';
        $('#production-products-filter').disabled = true;
        setFocusNote('#production-focus-note', source === 'history'
            ? 'Reviewing this saved entry from activity history. Only the finished time, staff name, and note can be updated here.'
            : 'Reviewing a saved entry. Branch, item, amount made, and ingredients used stay unchanged.');
        $('#production-submit').textContent = 'Update Saved Entry';
        $('#production-submit').hidden = false;
        syncEditorActionButtons({ cancelSelector: '#production-cancel', editing: true });
        syncProductionGuardOverrideControls();
        rememberLastSavedProduction(row);
        activateProductionSectionTab('record');
        renderCatalogTables();
        syncProductionProductSelection();
        productionForm.scrollIntoView({ behavior: 'smooth', block: 'nearest' });
    }

    function resetProductForm() {
        productForm.reset();
        state.activeProductId = 0;
        productForm.elements.namedItem('id').value = '';
        productForm.elements.namedItem('is_active').value = '1';
        productForm.elements.namedItem('default_yield_qty').value = '1.00';
        const _pft = $('#product-form-title'); if (_pft) _pft.textContent = 'New Product';
        const _pfd = $('#product-form-description'); if (_pfd) _pfd.textContent = 'Finished goods for production.';
        setFocusNote('#product-focus-note', '');
        $('#product-submit').textContent = 'Save Product';
        syncEditorActionButtons({ addSelector: '#product-add', cancelSelector: '#product-cancel', editing: false });
        resetRecipeForm();
        renderCatalogTables();
    }

    function editProduct(row, source = 'table') {
        state.activeProductId = Number(row.id || 0);
        state.productListView = Number(row.is_active) === 0 ? 'archived' : 'active';
        productForm.elements.namedItem('id').value = String(row.id || '');
        productForm.elements.namedItem('is_active').value = String(Number(row.is_active) === 0 ? 0 : 1);
        productForm.elements.namedItem('name').value = row.name || '';
        productForm.elements.namedItem('sku').value = row.sku || '';
        productForm.elements.namedItem('category').value = row.category || '';
        productForm.elements.namedItem('default_yield_qty').value = normalizeTwoDecimalQuantity(row.default_yield_qty, '1.00');
        productForm.elements.namedItem('default_yield_unit_id').value = row.default_yield_unit_id || '';
        const _pft2 = $('#product-form-title'); if (_pft2) _pft2.textContent = 'Edit Product';
        const _pfd2 = $('#product-form-description'); if (_pfd2) _pfd2.textContent = 'Update this finished good without leaving the catalog workspace.';
        setFocusNote('#product-focus-note', source === 'history' ? 'Reviewing this product from activity history. Confirm the product details and yield before saving.' : '');
        $('#product-submit').textContent = 'Update Product';
        syncEditorActionButtons({ addSelector: '#product-add', cancelSelector: '#product-cancel', editing: true });
        resetRecipeForm();
        renderCatalogTables();
        productForm.scrollIntoView({ behavior: 'smooth', block: 'nearest' });
    }

    function resetIngredientForm() {
        ingredientForm.reset();
        ingredientForm.elements.namedItem('id').value = '';
        ingredientForm.elements.namedItem('is_active').value = '1';
        ingredientForm.elements.namedItem('pack_label').value = '';
        ingredientForm.elements.namedItem('pack_qty').value = '';
        const _ift = $('#ingredient-form-title'); if (_ift) _ift.textContent = 'New Ingredient';
        const _ifd = $('#ingredient-form-description'); if (_ifd) _ifd.textContent = 'Raw materials received into branch inventory through deliveries.';
        setFocusNote('#ingredient-focus-note', '');
        $('#ingredient-submit').textContent = 'Save Ingredient';
        syncEditorActionButtons({ addSelector: '#ingredient-add', cancelSelector: '#ingredient-cancel', editing: false });
        syncIngredientPackUnitOptions('');
    }

    function editIngredient(row, source = 'table') {
        ingredientForm.elements.namedItem('id').value = String(row.id || '');
        ingredientForm.elements.namedItem('is_active').value = String(Number(row.is_active) === 0 ? 0 : 1);
        ingredientForm.elements.namedItem('name').value = row.name || '';
        ingredientForm.elements.namedItem('sku').value = row.sku || '';
        ingredientForm.elements.namedItem('default_unit_id').value = row.default_unit_id || '';
        ingredientForm.elements.namedItem('pack_label').value = row.pack_label || '';
        ingredientForm.elements.namedItem('pack_qty').value = row.pack_qty || '';
        const _ift2 = $('#ingredient-form-title'); if (_ift2) _ift2.textContent = 'Edit Ingredient';
        const _ifd2 = $('#ingredient-form-description'); if (_ifd2) _ifd2.textContent = 'Update this raw material without leaving the catalog workspace.';
        setFocusNote('#ingredient-focus-note', source === 'history' ? 'Reviewing this ingredient from activity history. Confirm the stock unit and identity details before saving.' : '');
        $('#ingredient-submit').textContent = 'Update Ingredient';
        syncEditorActionButtons({ addSelector: '#ingredient-add', cancelSelector: '#ingredient-cancel', editing: true });
        syncIngredientPackUnitOptions(row.pack_unit_id || '');
        ingredientForm.scrollIntoView({ behavior: 'smooth', block: 'nearest' });
    }

    function resetProductTargetForm() {
        if (!productTargetForm) {
            return;
        }

        const branchId = currentProductTargetBranchId();
        productTargetForm.reset();
        productTargetForm.elements.namedItem('id').value = '';
        productTargetForm.elements.namedItem('is_active').value = '1';
        if (branchId > 0) {
            productTargetForm.elements.namedItem('branch_id').value = String(branchId);
        }
        productTargetForm.elements.namedItem('daily_qty').value = '1.00';
        setFocusNote('#product-target-focus-note', '');
        $('#product-target-submit').textContent = 'Save Target';
        syncEditorActionButtons({ addSelector: '#product-target-add', cancelSelector: '#product-target-cancel', editing: false });
        syncProductTargetUnitOptions('');
    }

    function editProductTarget(row) {
        if (!productTargetForm) {
            return;
        }

        state.productTargetBranchId = Number(row.branch_id || 0);
        productTargetForm.elements.namedItem('id').value = String(row.id || '');
        productTargetForm.elements.namedItem('is_active').value = String(Number(row.is_active) === 0 ? 0 : 1);
        productTargetForm.elements.namedItem('branch_id').value = String(row.branch_id || '');
        productTargetForm.elements.namedItem('product_id').value = String(row.product_id || '');
        productTargetForm.elements.namedItem('daily_qty').value = normalizeTwoDecimalQuantity(row.daily_qty, '1.00');
        setFocusNote('#product-target-focus-note', 'Reviewing this branch target. Confirm the branch, product, target quantity, and unit before saving.');
        $('#product-target-submit').textContent = 'Update Target';
        syncEditorActionButtons({ addSelector: '#product-target-add', cancelSelector: '#product-target-cancel', editing: true });
        syncProductTargetUnitOptions(row.unit_id || '');
        productTargetForm.scrollIntoView({ behavior: 'smooth', block: 'nearest' });
    }

    async function deleteProductTarget(row) {
        if (!confirmDelete('Delete this branch target? This cannot be undone.')) {
            return;
        }

        await submitJson(api.productTargetsDelete, {
            id: row.id
        }, 'Branch target deleted.', async () => {
            if (productTargetForm && productTargetForm.elements.namedItem('id').value === String(row.id)) {
                resetProductTargetForm();
            }
            await loadProductTargets(true);
        });
    }

    function resetRecipeForm() {
        recipeForm.reset();
        recipeForm.dataset.recipeId = '';
        recipeForm.elements.namedItem('qty').value = '1.00';
        if (state.activeProductId > 0) {
            recipeForm.elements.namedItem('product_id').value = String(state.activeProductId);
        }
        setFocusNote('#recipe-focus-note', '');
        $('#recipe-submit').textContent = 'Save Recipe Line';
        syncEditorActionButtons({ cancelSelector: '#recipe-cancel', editing: false });
        syncRecipePanel();
    }

    function editRecipe(row, source = 'table') {
        if (Number(row.product_id) > 0 && Number(state.activeProductId) !== Number(row.product_id)) {
            state.activeProductId = Number(row.product_id);
            renderCatalogTables();
        }
        recipeForm.dataset.recipeId = String(row.id || '');
        recipeForm.elements.namedItem('product_id').value = row.product_id || '';
        recipeForm.elements.namedItem('ingredient_id').value = row.ingredient_id || '';
        recipeForm.elements.namedItem('unit_id').value = row.unit_id || '';
        recipeForm.elements.namedItem('qty').value = normalizeTwoDecimalQuantity(row.qty, '1.00');
        recipeForm.elements.namedItem('notes').value = row.notes || '';
        setFocusNote('#recipe-focus-note', source === 'history' ? 'Reviewing this recipe line from activity history. Confirm the product, ingredient, and quantity before saving.' : '');
        $('#recipe-submit').textContent = 'Update Recipe Line';
        syncEditorActionButtons({ cancelSelector: '#recipe-cancel', editing: true });
        syncRecipePanel();
        recipeForm.scrollIntoView({ behavior: 'smooth', block: 'nearest' });
    }

    async function deleteRecipe(row) {
        if (!confirmDelete('Delete this recipe line? This cannot be undone.')) {
            return;
        }

        await submitJson(api.recipesDelete, {
            id: row.id
        }, 'Recipe line deleted.', async () => {
            if (recipeForm.dataset.recipeId === String(row.id)) {
                resetRecipeForm();
            }
            await loadRecipes(true);
            await loadProducts(true);
        });
    }

    async function deleteProductsByIds(ids) {
        const normalizedIds = Array.from(new Set((ids || []).map((id) => Number(id)).filter((id) => Number.isFinite(id) && id > 0)));
        if (!normalizedIds.length) {
            return;
        }

        const message = normalizedIds.length === 1
            ? (productRecipesEnabled
                ? 'Delete this product? Its recipe lines will also be deleted. This cannot be undone.'
                : 'Delete this product? This cannot be undone.')
            : (productRecipesEnabled
                ? 'Delete ' + String(normalizedIds.length) + ' selected products? Their recipe lines will also be deleted. This cannot be undone.'
                : 'Delete ' + String(normalizedIds.length) + ' selected products? This cannot be undone.');
        const shouldDelete = normalizedIds.length === 1
            ? confirmDelete(message)
            : await confirmBulkDelete({
                title: 'Delete selected products?',
                message,
                impact: productRecipesEnabled ? 'Each selected product also removes its recipe lines.' : 'Selected products are removed permanently.',
                items: normalizedIds.map((id) => productDeletePreviewLabel(findStateRow('product', id), id)),
                confirmLabel: 'Delete Products'
            });
        if (!shouldDelete) {
            return;
        }

        const data = await submitJson(api.productsBatchDelete, {
            ids: normalizedIds
        }, normalizedIds.length === 1 ? 'Product deleted.' : ('Deleted ' + String(normalizedIds.length) + ' products.'));
        if (!data) {
            return;
        }

        normalizedIds.forEach((id) => {
            state.selectedProductIds.delete(id);
            if (productForm.elements.namedItem('id').value === String(id) || Number(state.activeProductId) === id) {
                resetProductForm();
            }
        });

        await loadProducts(true);
        await loadRecipes(true);
    }

    async function deleteProduct(row) {
        await deleteProductsByIds([row.id]);
    }

    async function deleteIngredientsByIds(ids) {
        const normalizedIds = Array.from(new Set((ids || []).map((id) => Number(id)).filter((id) => Number.isFinite(id) && id > 0)));
        if (!normalizedIds.length) {
            return;
        }

        const message = normalizedIds.length === 1
            ? 'Delete this ingredient? This cannot be undone.'
            : 'Delete ' + String(normalizedIds.length) + ' selected ingredients? This cannot be undone.';
        const shouldDelete = normalizedIds.length === 1
            ? confirmDelete(message)
            : await confirmBulkDelete({
                title: 'Delete selected ingredients?',
                message,
                impact: 'Deleting ingredients removes them from the active master list immediately.',
                items: normalizedIds.map((id) => ingredientDeletePreviewLabel(findStateRow('ingredient', id), id)),
                confirmLabel: 'Delete Ingredients'
            });
        if (!shouldDelete) {
            return;
        }

        const data = await submitJson(api.ingredientsBatchDelete, {
            ids: normalizedIds
        }, normalizedIds.length === 1 ? 'Ingredient deleted.' : ('Deleted ' + String(normalizedIds.length) + ' ingredients.'));
        if (!data) {
            return;
        }

        normalizedIds.forEach((id) => {
            state.selectedIngredientIds.delete(id);
            if (ingredientForm.elements.namedItem('id').value === String(id)) {
                resetIngredientForm();
            }
        });

        await loadIngredients(true);
        await loadRecipes(true);
    }

    async function deleteIngredient(row) {
        await deleteIngredientsByIds([row.id]);
    }

    async function deleteDeliveriesByIds(ids) {
        const normalizedIds = Array.from(new Set((ids || []).map((id) => Number(id)).filter((id) => Number.isFinite(id) && id > 0)));
        if (!normalizedIds.length) {
            return;
        }

        const message = normalizedIds.length === 1
            ? 'Delete this delivery and its item lines? This cannot be undone.'
            : 'Delete ' + String(normalizedIds.length) + ' selected deliveries and their item lines? This cannot be undone.';
        const shouldDelete = normalizedIds.length === 1
            ? confirmDelete(message)
            : await confirmBulkDelete({
                title: 'Delete selected deliveries?',
                message,
                impact: 'Each selected delivery also removes its received ingredient lines from daily receiving history.',
                items: normalizedIds.map((id) => deliveryDeletePreviewLabel(findStateRow('delivery', id), id)),
                confirmLabel: 'Delete Deliveries'
            });
        if (!shouldDelete) {
            return;
        }

        const data = await submitJson(api.deliveriesBatchDelete, {
            ids: normalizedIds
        }, normalizedIds.length === 1 ? 'Delivery deleted.' : ('Deleted ' + String(normalizedIds.length) + ' deliveries.'));
        if (!data) {
            return;
        }

        normalizedIds.forEach((id) => {
            state.selectedDeliveryIds.delete(id);
            if (Number(state.expandedDeliveryId || 0) === id) {
                state.expandedDeliveryId = 0;
            }
        });

        await loadDeliveries(true);
        await loadUsage();
    }

    async function deleteDelivery(row) {
        await deleteDeliveriesByIds([row.id]);
    }

    async function voidProductionRun(row) {
        if (!confirmDelete('Void this saved entry and remove its ingredient use from usage and inventory?')) {
            return;
        }

        const voidReason = promptRequiredValue('Why is this saved entry being voided?', 'Duplicate or incorrect entry');
        if (voidReason === null) {
            return;
        }

        await submitJson(api.productionVoid, {
            id: row.id,
            void_reason: voidReason
        }, 'Saved entry voided.', async () => {
            await loadProduction(true);
            await loadUsage();
        });
    }

    async function toggleActive(kind, row) {
        const rowId = normalizedRowId(kind, row);
        if (!Number.isFinite(rowId) || rowId <= 0) {
            showBanner('Selected ' + String(kind || 'record') + ' could not be resolved.', false);
            return;
        }

        const nextActive = Number(row.is_active) === 0 ? 1 : 0;
        if (kind === 'branch') {
            await submitJson(api.branchStatus.replace('[id]', encodeURIComponent(String(rowId))), {
                is_active: nextActive
            }, nextActive === 1 ? 'Branch restored.' : 'Branch archived.', async () => {
                if (branchForm.elements.namedItem('id').value === String(row.id)) {
                    resetBranchForm();
                }
                await loadBranches(true);
            });
            return;
        }

        if (kind === 'product') {
            await submitJson(api.productStatus.replace('[id]', encodeURIComponent(String(rowId))), {
                is_active: nextActive
            }, nextActive === 1 ? 'Product restored.' : 'Product archived.', async () => {
                if (productForm.elements.namedItem('id').value === String(row.id)) {
                    resetProductForm();
                }
                await loadProducts(true);
                await loadRecipes(true);
            });
            return;
        }

        if (kind === 'ingredient') {
            await submitJson(api.ingredientStatus.replace('[id]', encodeURIComponent(String(rowId))), {
                is_active: nextActive
            }, nextActive === 1 ? 'Ingredient restored.' : 'Ingredient archived.', async () => {
                if (ingredientForm.elements.namedItem('id').value === String(row.id)) {
                    resetIngredientForm();
                }
                await loadIngredients(true);
                await loadRecipes(true);
            });
        }
    }

    function findStateRow(kind, id) {
        const numericId = Number(id);
        if (kind === 'branch') {
            return state.branches.find((row) => Number(row.id) === numericId) || null;
        }
        if (kind === 'product') {
            return state.products.find((row) => Number(row.id) === numericId) || null;
        }
        if (kind === 'ingredient') {
            return state.ingredients.find((row) => Number(row.id) === numericId) || null;
        }
        if (kind === 'recipe') {
            return state.recipes.find((row) => Number(row.id) === numericId) || null;
        }
        if (kind === 'delivery') {
            return state.deliveries.find((row) => Number(row.id) === numericId) || null;
        }
        if (kind === 'production') {
            return state.production.find((row) => Number(row.id) === numericId) || null;
        }
        if (kind === 'product-target') {
            return state.productTargets.find((row) => Number(row.id) === numericId) || null;
        }
        return null;
    }

    function bindMaintenanceActions(selector) {
        $(selector).addEventListener('click', async (event) => {
            const button = event.target.closest('[data-action]');
            if (!button) {
                return;
            }

            if (!canManageWorkspace) {
                showBanner('This work area is read only for your role.', false);
                return;
            }

            const kind = button.getAttribute('data-kind');
            const buttonRowId = Number(button.getAttribute('data-id') || '0');
            if (!Number.isFinite(buttonRowId) || buttonRowId <= 0) {
                showBanner('Selected record could not be resolved.', false);
                return;
            }

            const row = findStateRow(kind, buttonRowId);
            if (!row) {
                showBanner('Selected record could not be found.', false);
                return;
            }

            if (button.getAttribute('data-action') === 'edit') {
                if (kind === 'branch') {
                    editBranch(row);
                } else if (kind === 'product') {
                    editProduct(row);
                } else if (kind === 'ingredient') {
                    editIngredient(row);
                }
                clearBanner();
                return;
            }

            if (button.getAttribute('data-action') === 'delete') {
                if (kind === 'product') {
                    await deleteProduct(row);
                    return;
                }
                if (kind === 'ingredient') {
                    await deleteIngredient(row);
                    return;
                }
            }

            await toggleActive(kind, row);
        });
    }

    $('#branch-form').addEventListener('submit', async (event) => {
        event.preventDefault();
        const form = event.currentTarget;
        await submitJson(api.branches, {
            id: form.elements.namedItem('id').value,
            is_active: form.elements.namedItem('is_active').value,
            code: form.elements.namedItem('code').value,
            name: form.elements.namedItem('name').value,
            address: form.elements.namedItem('address').value
        }, form.elements.namedItem('id').value ? 'Branch updated.' : 'Branch saved.', async () => {
            resetBranchForm();
            await loadBranches();
        });
    });

    $('#product-form').addEventListener('submit', async (event) => {
        event.preventDefault();
        const form = event.currentTarget;
        await submitJson(api.products, {
            id: form.elements.namedItem('id').value,
            is_active: form.elements.namedItem('is_active').value,
            name: form.elements.namedItem('name').value,
            sku: form.elements.namedItem('sku').value,
            category: form.elements.namedItem('category').value,
            default_yield_qty: normalizeTwoDecimalQuantity(form.elements.namedItem('default_yield_qty').value, '1.00'),
            default_yield_unit_id: form.elements.namedItem('default_yield_unit_id').value
        }, form.elements.namedItem('id').value ? 'Product updated.' : 'Product saved.', async () => {
            const savedProductId = Number(form.elements.namedItem('id').value || 0);
            await loadProducts(true);
            await loadRecipes(true);
            if (savedProductId > 0) {
                const savedRow = state.products.find((row) => Number(row.id) === savedProductId);
                if (savedRow) {
                    editProduct(savedRow);
                    return;
                }
            }
            resetProductForm();
        });
    });

    $('#ingredient-form').addEventListener('submit', async (event) => {
        event.preventDefault();
        const form = event.currentTarget;
        await submitJson(api.ingredients, {
            id: form.elements.namedItem('id').value,
            is_active: form.elements.namedItem('is_active').value,
            name: form.elements.namedItem('name').value,
            sku: form.elements.namedItem('sku').value,
            default_unit_id: form.elements.namedItem('default_unit_id').value,
            pack_label: form.elements.namedItem('pack_label').value,
            pack_qty: form.elements.namedItem('pack_qty').value,
            pack_unit_id: form.elements.namedItem('pack_unit_id').value
        }, form.elements.namedItem('id').value ? 'Ingredient updated.' : 'Ingredient saved.', async () => {
            resetIngredientForm();
            await loadIngredients(true);
            await loadRecipes(true);
        });
    });

    $('#product-target-form')?.addEventListener('submit', async (event) => {
        event.preventDefault();
        const form = event.currentTarget;
        await submitJson(api.productTargets, {
            id: form.elements.namedItem('id').value,
            is_active: form.elements.namedItem('is_active').value,
            branch_id: form.elements.namedItem('branch_id').value,
            product_id: form.elements.namedItem('product_id').value,
            daily_qty: normalizeTwoDecimalQuantity(form.elements.namedItem('daily_qty').value, '1.00'),
            unit_id: form.elements.namedItem('unit_id').value
        }, form.elements.namedItem('id').value ? 'Branch target updated.' : 'Branch target saved.', async () => {
            state.productTargetBranchId = Number(form.elements.namedItem('branch_id').value || 0);
            resetProductTargetForm();
            await loadProductTargets(true);
            await loadDrProjection(true);
        });
    });

    $('#branch-cancel').addEventListener('click', resetBranchForm);
    $('#product-add').addEventListener('click', () => {
        resetProductForm();
        productForm.elements.namedItem('name').focus();
    });
    $('#product-cancel').addEventListener('click', resetProductForm);
    deleteConfirmCancel?.addEventListener('click', () => {
        closeDeleteConfirm(false);
    });
    deleteConfirmSubmit?.addEventListener('click', () => {
        closeDeleteConfirm(true);
    });
    deleteConfirm?.addEventListener('click', (event) => {
        if (event.target === deleteConfirm) {
            closeDeleteConfirm(false);
        }
    });
    document.addEventListener('keydown', (event) => {
        if (event.key === 'Escape' && deleteConfirm && !deleteConfirm.hidden) {
            event.preventDefault();
            closeDeleteConfirm(false);
        }
    });
    $('#products-select-visible')?.addEventListener('click', () => {
        productDeleteEligibleRows().forEach((row) => {
            const rowId = Number(row.id);
            if (Number.isFinite(rowId) && rowId > 0) {
                state.selectedProductIds.add(rowId);
            }
        });
        renderCatalogTables();
    });
    $('#products-clear-selection')?.addEventListener('click', () => {
        state.selectedProductIds.clear();
        renderCatalogTables();
    });
    $('#products-delete-selected')?.addEventListener('click', async () => {
        await deleteProductsByIds(Array.from(state.selectedProductIds));
    });
    $('#products-select-all')?.addEventListener('change', (event) => {
        const checked = event.currentTarget.checked;
        productDeleteEligibleRows().forEach((row) => {
            const rowId = Number(row.id);
            if (!Number.isFinite(rowId) || rowId <= 0) {
                return;
            }
            if (checked) {
                state.selectedProductIds.add(rowId);
            } else {
                state.selectedProductIds.delete(rowId);
            }
        });
        renderCatalogTables();
    });
    $('#products-table')?.addEventListener('change', (event) => {
        const checkbox = event.target.closest('[data-product-select]');
        if (!checkbox) {
            return;
        }

        const rowId = Number(checkbox.getAttribute('data-product-select') || '0');
        if (!Number.isFinite(rowId) || rowId <= 0) {
            return;
        }

        if (checkbox.checked) {
            state.selectedProductIds.add(rowId);
        } else {
            state.selectedProductIds.delete(rowId);
        }
        syncProductSelectionControls(filteredProductRows());
    });
    document.querySelectorAll('[data-product-view]').forEach((button) => {
        button.addEventListener('click', () => {
            const nextView = button.getAttribute('data-product-view') === 'archived' ? 'archived' : 'active';
            if (state.productListView === nextView) {
                return;
            }

            state.productListView = nextView;
            state.selectedProductIds.clear();
            if (state.activeProductId > 0) {
                const activeProduct = state.products.find((row) => Number(row.id) === Number(state.activeProductId));
                if (activeProduct && ((nextView === 'archived') !== (Number(activeProduct.is_active) === 0))) {
                    resetProductForm();
                    return;
                }
            }
            renderCatalogTables();
        });
    });
    $('#ingredient-add').addEventListener('click', () => {
        resetIngredientForm();
        ingredientForm.elements.namedItem('name').focus();
    });
    $('#ingredient-cancel').addEventListener('click', resetIngredientForm);
    $('#product-target-add')?.addEventListener('click', () => {
        resetProductTargetForm();
        productTargetForm?.elements.namedItem('product_id')?.focus();
    });
    $('#product-target-cancel')?.addEventListener('click', resetProductTargetForm);
    document.querySelectorAll('[data-ingredient-view]').forEach((button) => {
        button.addEventListener('click', () => {
            const nextView = button.getAttribute('data-ingredient-view') === 'archived' ? 'archived' : 'active';
            if (state.ingredientListView === nextView) {
                return;
            }

            state.ingredientListView = nextView;
            state.selectedIngredientIds.clear();
            renderCatalogTables();
        });
    });
    $('#ingredients-select-visible')?.addEventListener('click', () => {
        ingredientDeleteEligibleRows().forEach((row) => {
            const rowId = Number(row.id);
            if (Number.isFinite(rowId) && rowId > 0) {
                state.selectedIngredientIds.add(rowId);
            }
        });
        renderCatalogTables();
    });
    $('#ingredients-clear-selection')?.addEventListener('click', () => {
        state.selectedIngredientIds.clear();
        renderCatalogTables();
    });
    $('#ingredients-delete-selected')?.addEventListener('click', async () => {
        await deleteIngredientsByIds(Array.from(state.selectedIngredientIds));
    });
    $('#ingredients-select-all')?.addEventListener('change', (event) => {
        const checked = event.currentTarget.checked;
        ingredientDeleteEligibleRows().forEach((row) => {
            const rowId = Number(row.id);
            if (!Number.isFinite(rowId) || rowId <= 0) {
                return;
            }
            if (checked) {
                state.selectedIngredientIds.add(rowId);
            } else {
                state.selectedIngredientIds.delete(rowId);
            }
        });
        renderCatalogTables();
    });
    $('#ingredients-table')?.addEventListener('change', (event) => {
        const checkbox = event.target.closest('[data-ingredient-select]');
        if (!checkbox) {
            return;
        }

        const rowId = Number(checkbox.getAttribute('data-ingredient-select') || '0');
        if (!Number.isFinite(rowId) || rowId <= 0) {
            return;
        }

        if (checkbox.checked) {
            state.selectedIngredientIds.add(rowId);
        } else {
            state.selectedIngredientIds.delete(rowId);
        }
        syncIngredientSelectionControls(filteredIngredientRows());
    });
    $('#product-target-branch')?.addEventListener('change', (event) => {
        state.productTargetBranchId = Number(event.currentTarget.value || '0');
        renderProductTargetsTable();
    });
    $('#product-target-product')?.addEventListener('change', () => {
        syncProductTargetUnitOptions('');
    });
    $('#ingredient-unit')?.addEventListener('change', () => {
        syncIngredientPackUnitOptions('');
    });
    $('#recipe-cancel').addEventListener('click', resetRecipeForm);

    $('#recipe-form').addEventListener('submit', async (event) => {
        event.preventDefault();
        const form = event.currentTarget;
        await submitJson(api.recipes, {
            product_id: form.product_id.value,
            ingredient_id: form.ingredient_id.value,
            unit_id: form.unit_id.value,
            qty: normalizeTwoDecimalQuantity(form.qty.value, '1.00'),
            notes: form.notes.value
        }, form.dataset.recipeId ? 'Recipe line updated.' : 'Recipe line saved.', async () => {
            resetRecipeForm();
            await loadRecipes(true);
            await loadProducts(true);
        });
    });

    $('#delivery-sheet-filter').addEventListener('input', filterDeliverySheet);
    ['#branches-filter'].forEach((selector) => {
        const input = $(selector);
        if (input) {
            input.addEventListener('input', renderBranchTables);
        }
    });
    ['#recipes-filter', '#ingredients-filter', '#production-products-filter'].forEach((selector) => {
        const input = $(selector);
        if (input) {
            input.addEventListener('input', renderCatalogTables);
        }
    });
    ['#product-target-filter'].forEach((selector) => {
        const input = $(selector);
        if (input) {
            input.addEventListener('input', renderProductTargetsTable);
        }
    });
    ['#deliveries-filter', '#production-filter'].forEach((selector) => {
        const input = $(selector);
        if (input) {
            input.addEventListener('input', renderOperationalTables);
        }
    });
    ['#usage-filter', '#inventory-filter'].forEach((selector) => {
        const input = $(selector);
        if (input) {
            input.addEventListener('input', renderUsage);
        }
    });
    ['#dr-projection-ingredients-filter', '#dr-projection-products-filter'].forEach((selector) => {
        const input = $(selector);
        if (input) {
            input.addEventListener('input', renderDrProjectionTables);
        }
    });
    $('#delivery-sheet-clear').addEventListener('click', () => {
        clearDeliverySheetValues();
        showBanner('Daily delivery sheet cleared.', true);
    });
    $('#delivery-csv-template').addEventListener('click', downloadDeliveryCsvTemplate);
    deliveryCsvFile.addEventListener('change', async (event) => {
        const file = event.currentTarget.files && event.currentTarget.files[0];
        if (!file) {
            return;
        }

        try {
            const text = await file.text();
            importDeliveryCsv(text);
        } catch (error) {
            showBanner(error.message || 'Unable to import CSV.', false);
        }
    });

    $('#delivery-form').addEventListener('submit', async (event) => {
        event.preventDefault();
        const form = event.currentTarget;
        const items = collectDeliveryItems();
        if (!items.length) {
            showBanner('Enter at least one received quantity or import a CSV before saving.', false);
            return;
        }

        const preservedBranch = form.branch_id.value;
        const preservedDeliveredAt = form.delivered_at.value;
        const preservedCoverageDays = form.coverage_days.value;
        const preservedReceivedBy = form.received_by.value;
        const preservedSourceType = form.source_type.value;
        const preservedSourceName = form.source_name.value;
        await submitJson(api.deliveries, {
            branch_id: form.branch_id.value,
            delivered_at: form.delivered_at.value,
            coverage_days: form.coverage_days.value,
            reference: form.reference.value,
            source_type: form.source_type.value,
            source_name: form.source_name.value,
            received_by: form.received_by.value,
            notes: form.notes.value,
            items: items
        }, 'Delivery saved.', async () => {
            form.reference.value = '';
            form.notes.value = '';
            form.branch_id.value = preservedBranch;
            form.delivered_at.value = preservedDeliveredAt || nowLocalDate();
            form.coverage_days.value = preservedCoverageDays || String(defaultDrCoverageDays || 1);
            form.received_by.value = preservedReceivedBy;
            form.source_type.value = preservedSourceType || 'commissary';
            form.source_name.value = preservedSourceName;
            syncDeliverySourceField();
            clearDeliverySheetValues();
            await loadDeliveries(true);
            await loadUsage();
            await loadDrProjection(true);
        });
    });
    $('#deliveries-select-visible')?.addEventListener('click', () => {
        filteredDeliveryRows().forEach((row) => {
            const rowId = Number(row.id);
            if (Number.isFinite(rowId) && rowId > 0) {
                state.selectedDeliveryIds.add(rowId);
            }
        });
        renderOperationalTables();
    });
    $('#deliveries-clear-selection')?.addEventListener('click', () => {
        state.selectedDeliveryIds.clear();
        renderOperationalTables();
    });
    $('#deliveries-delete-selected')?.addEventListener('click', async () => {
        await deleteDeliveriesByIds(Array.from(state.selectedDeliveryIds));
    });
    $('#deliveries-select-all')?.addEventListener('change', (event) => {
        const checked = event.currentTarget.checked;
        filteredDeliveryRows().forEach((row) => {
            const rowId = Number(row.id);
            if (!Number.isFinite(rowId) || rowId <= 0) {
                return;
            }
            if (checked) {
                state.selectedDeliveryIds.add(rowId);
            } else {
                state.selectedDeliveryIds.delete(rowId);
            }
        });
        renderOperationalTables();
    });
    $('#deliveries-table')?.addEventListener('change', (event) => {
        const checkbox = event.target.closest('[data-delivery-select]');
        if (!checkbox) {
            return;
        }

        const rowId = Number(checkbox.getAttribute('data-delivery-select') || '0');
        if (!Number.isFinite(rowId) || rowId <= 0) {
            return;
        }

        if (checkbox.checked) {
            state.selectedDeliveryIds.add(rowId);
        } else {
            state.selectedDeliveryIds.delete(rowId);
        }
        syncDeliverySelectionControls(filteredDeliveryRows());
    });

    $('#production-products-table').addEventListener('click', (event) => {
        const qtyInput = event.target.closest('[data-production-qty-input]');
        if (qtyInput) {
            return;
        }

        const rowElement = event.target.closest('tr[data-row-kind="production-product"]');
        if (!rowElement) {
            return;
        }

        const row = state.products.find((item) => Number(item.id) === Number(rowElement.getAttribute('data-row-id') || '0') && Number(item.is_active) !== 0);
        if (!row) {
            showBanner('Selected product could not be found.', false);
            return;
        }

        focusProductionDraftInput(row);
    });

    $('#production-products-table').addEventListener('input', (event) => {
        const qtyInput = event.target.closest('[data-production-qty-input]');
        if (!(qtyInput instanceof HTMLInputElement)) {
            return;
        }

        const productId = Number(qtyInput.getAttribute('data-production-qty-input') || '0');
        if (!Number.isFinite(productId) || productId <= 0) {
            return;
        }

        const rawValue = String(qtyInput.value || '').trim();
        const numericValue = Number.parseFloat(rawValue);
        if (rawValue === '' || !Number.isFinite(numericValue) || numericValue <= 0) {
            delete state.productionDraftQuantities[String(productId)];
        } else {
            state.productionDraftQuantities[String(productId)] = rawValue;
        }

        syncProductionProductSelection();
    });

    $('#production-products-table').addEventListener('change', async (event) => {
        const qtyInput = event.target.closest('[data-production-qty-input]');
        if (!(qtyInput instanceof HTMLInputElement)) {
            return;
        }

        const productId = Number(qtyInput.getAttribute('data-production-qty-input') || '0');
        if (!Number.isFinite(productId) || productId <= 0) {
            return;
        }

        await autosaveProductionDraft(productId, qtyInput.value, qtyInput);
    });

    $('#production-products-table').addEventListener('keydown', (event) => {
        const qtyInput = event.target.closest('[data-production-qty-input]');
        if (!(qtyInput instanceof HTMLInputElement)) {
            return;
        }

        if (event.key === 'Enter') {
            event.preventDefault();
            qtyInput.blur();
        }
    });

    $('#production-form').addEventListener('submit', async (event) => {
        event.preventDefault();
        const form = event.currentTarget;
        const productionRunId = Number(form.elements.namedItem('id').value || '0');
        if (productionRunId > 0) {
            await submitJson(api.production, {
                id: productionRunId,
                produced_at: form.produced_at.value,
                produced_by: form.produced_by.value,
                notes: form.notes.value
            }, 'Saved entry updated.', async (data) => {
                await loadProduction(true);
                const updatedId = Number((data && data.item && data.item.id) || productionRunId || 0);
                const updatedSavedRow = state.production.find((row) => Number(row.id) === updatedId);
                if (updatedSavedRow) {
                    rememberLastSavedProduction(updatedSavedRow);
                }
                await loadUsage();
                const updatedRow = state.production.find((row) => Number(row.id) === productionRunId);
                if (updatedRow) {
                    editProduction(updatedRow);
                    return;
                }
                resetProductionForm();
            });
            return;
        }

        showBanner('Enter the amount made in the item list. Each row saves when you leave the box.', false);
    });

    if (permissionsForm && canManageSettings) {
        permissionsForm.addEventListener('submit', async (event) => {
            event.preventDefault();
            await submitJson(api.permissionsSettings, {
                role_permissions: {
                    supervisor: [
                        permissionsForm.elements.namedItem('supervisor_read').checked ? 'bakeshop.read' : '',
                        permissionsForm.elements.namedItem('supervisor_manage').checked ? 'bakeshop.manage' : ''
                    ].filter(Boolean)
                }
            }, 'Access settings updated.');
        });
    }

    $('#usage-form').addEventListener('submit', async (event) => {
        event.preventDefault();
        try {
            await ensureTabData('usage', { force: true });
            showBanner('Usage summary refreshed.', true);
        } catch (error) {
            showBanner(error.message || 'Unable to load usage summary.', false);
        }
    });

    $('#bakeshop-refresh').addEventListener('click', async () => {
        try {
            await ensureTabData(window.location.hash.slice(1) || defaultTab, { force: true });
            showBanner('The current work area has been refreshed.', true);
        } catch (error) {
            showBanner(error.message || 'Unable to refresh data.', false);
        }
    });

    ['#usage-branch', '#usage-from', '#usage-to', '#usage-horizon-days', '#summary-branch-filter', '#summary-from-filter', '#summary-to-filter'].forEach((selector) => {
        $(selector).addEventListener('change', () => {
            if (selector.startsWith('#summary-')) {
                syncReportScopeInputs('summary');
            }
            syncPrintLink();
        });
    });

    bindMaintenanceActions('#branches-table');
    bindMaintenanceActions('#products-table');
    bindMaintenanceActions('#ingredients-table');
    $('#product-targets-table')?.addEventListener('click', async (event) => {
        const button = event.target.closest('[data-action]');
        if (!button) {
            return;
        }

        const row = findStateRow('product-target', button.getAttribute('data-id') || '0');
        if (!row) {
            showBanner('Selected branch target could not be found.', false);
            return;
        }

        if (button.getAttribute('data-action') === 'edit-product-target') {
            if (!canManageWorkspace) {
                showBanner('This work area is read only for your role.', false);
                return;
            }

            editProductTarget(row);
            clearBanner();
            return;
        }

        if (button.getAttribute('data-action') === 'delete-product-target') {
            if (!canManageWorkspace) {
                showBanner('This work area is read only for your role.', false);
                return;
            }

            await deleteProductTarget(row);
        }
    });
    $('#recipes-table').addEventListener('click', async (event) => {
        const button = event.target.closest('[data-action]');
        if (!button) {
            return;
        }

        if (!canManageWorkspace) {
            showBanner('This work area is read only for your role.', false);
            return;
        }

        const row = findStateRow('recipe', button.getAttribute('data-id'));
        if (!row) {
            showBanner('Selected recipe line could not be found.', false);
            return;
        }

        if (button.getAttribute('data-action') === 'edit-recipe') {
            editRecipe(row);
            clearBanner();
            return;
        }

        await deleteRecipe(row);
    });

    $('#deliveries-table').addEventListener('click', async (event) => {
        const detailButton = event.target.closest('[data-action="toggle-delivery-detail"]');
        if (detailButton) {
            const row = findStateRow('delivery', detailButton.getAttribute('data-id'));
            if (!row) {
                showBanner('Selected delivery could not be found.', false);
                return;
            }

            const rowId = Number(row.id || 0);
            state.expandedDeliveryId = Number(state.expandedDeliveryId || 0) === rowId ? 0 : rowId;
            renderOperationalTables();
            return;
        }

        const button = event.target.closest('[data-action="delete-delivery"]');
        if (!button) {
            return;
        }

        if (!canManageWorkspace) {
            showBanner('This work area is read only for your role.', false);
            return;
        }

        const row = findStateRow('delivery', button.getAttribute('data-id'));
        if (!row) {
            showBanner('Selected delivery could not be found.', false);
            return;
        }

        await deleteDelivery(row);
    });

    $('#production-table').addEventListener('click', async (event) => {
        if (!canManageWorkspace) {
            const readonlyButton = event.target.closest('[data-action="edit-production"], [data-action="void-production"]');
            if (readonlyButton) {
                showBanner('This work area is read only for your role.', false);
            }
            return;
        }

        const editButton = event.target.closest('[data-action="edit-production"]');
        if (editButton) {
            const editRow = findStateRow('production', editButton.getAttribute('data-id'));
            if (!editRow) {
                showBanner('That saved entry could not be found.', false);
                return;
            }

            activateProductionSectionTab('record');
            editProduction(editRow);
            return;
        }

        const button = event.target.closest('[data-action="void-production"]');
        if (!button) {
            return;
        }

        const row = findStateRow('production', button.getAttribute('data-id'));
        if (!row) {
            showBanner('That saved entry could not be found.', false);
            return;
        }

        await voidProductionRun(row);
    });

    $('#delivery-at').value = nowLocalDate();
    $('#delivery-coverage-days').value = String(defaultDrCoverageDays || 1);
    $('#delivery-source-type').value = 'commissary';
    syncDeliverySourceField();
    applyWorkspaceAccessMode();
    syncEditorActionButtons({ cancelSelector: '#branch-cancel', editing: false });
    syncEditorActionButtons({ addSelector: '#product-add', cancelSelector: '#product-cancel', editing: false });
    syncEditorActionButtons({ addSelector: '#ingredient-add', cancelSelector: '#ingredient-cancel', editing: false });
    syncEditorActionButtons({ addSelector: '#product-target-add', cancelSelector: '#product-target-cancel', editing: false });
    syncEditorActionButtons({ cancelSelector: '#recipe-cancel', editing: false });
    syncEditorActionButtons({ cancelSelector: '#production-cancel', editing: false });
    resetProductTargetForm();
    $('#delivery-source-type').addEventListener('change', syncDeliverySourceField);
    deliverySectionTabs.forEach((button) => {
        button.addEventListener('click', () => {
            activateDeliverySectionTab(button.getAttribute('data-delivery-section-tab') || 'receive');
        });
    });
    $('#production-cancel').addEventListener('click', resetProductionForm);
    productionSectionTabs.forEach((button) => {
        button.addEventListener('click', () => {
            activateProductionSectionTab(button.getAttribute('data-production-section-tab') || 'record');
        });
    });
    productionGuardToggle?.addEventListener('click', () => {
        if (productionMetadataEditActive()) {
            showBanner('Testing override is only available while recording a new batch.', false);
            return;
        }

        state.productionGuardOverride = !state.productionGuardOverride;
        syncProductionGuardOverrideControls();
        syncProductionProductSelection();
        renderCatalogTables();
    });
    productionReviewLastSaved?.addEventListener('click', () => {
        activateProductionSectionTab('saved', { scrollToRecent: true });
    });
    productionEditLastSaved?.addEventListener('click', () => {
        const row = state.production.find((item) => Number(item.id) === Number(state.lastSavedProductionId || 0));
        if (!row) {
            showBanner('The last saved entry could not be found. Refresh the list and try again.', false);
            return;
        }

        editProduction(row);
    });
    resetProductionForm();
    resetBranchForm();
    resetProductForm();
    resetIngredientForm();
    resetRecipeForm();
    syncReportScopeInputs('summary');
    syncPrintLink();

    if (searchParams.get('onboarding') === 'bootstrap') {
        showBanner('Bootstrap onboarding is still active. You can review live workspace data here while finishing the staff handoff.', true);
    }

    ensureTabData(window.location.hash.slice(1) || defaultTab).catch((error) => {
        showBanner(error.message || 'Unable to load initial bakeshop data.', false);
    });
});
</script>

                </div>
            </main>
        </div>
    </div>
    
    <script>
    (() => {
        const submenuLinks = Array.from(document.querySelectorAll('[data-workspace-submenu="true"]'));
        if (!submenuLinks.length) {
            return;
        }

        function syncWorkspaceSubmenu() {
            const hash = window.location.hash.replace(/^#/, '');
            submenuLinks.forEach((link) => {
                const serverActive = link.getAttribute('data-server-active') === 'true';
                const shouldBeActive = hash !== ''
                    ? link.getAttribute('data-tab-target') === hash
                    : serverActive;
                link.classList.toggle('active', shouldBeActive);
                if (shouldBeActive) {
                    link.setAttribute('aria-current', 'page');
                } else {
                    link.removeAttribute('aria-current');
                }
            });
        }

        syncWorkspaceSubmenu();
        window.addEventListener('hashchange', syncWorkspaceSubmenu);
    })();
    </script>
    
    
</body>
</html>
  ✓ read-only supervisor page also omits access settings section
  ✓ read-only supervisor page also omits seeded units section
  ✓ read-only supervisor settings omit runtime diagnostics section
  ✓ no app.log errors
  ✓ no error.log errors

──────────────────────────────────────────────────
  Result: 32 passed, 5 failed

  Failures:
    • dashboard work area tabs preserve applied report scope
    • admin pages preserve scoped workspace return links
    • shell sidebar uses configured store name: <!DOCTYPE html>
<html lang="en">
<head>
    <meta charset="UTF-8">
    <meta name="viewport" content="width=device-width, initial-scale=1.0">
    <title>Bakeshop Operations</title>
    <link rel="icon" href="/uploads/bakeshop/north-oven.png">
    <link rel="preconnect" href="https://fonts.googleapis.com">
    <link rel="preconnect" href="https://fonts.gstatic.com" crossorigin>
    <link href="https://fonts.googleapis.com/css2?family=Inter:wght@400;500;600;700;800&display=swap" rel="stylesheet">
    <style>
        :root {
            --page-bg: linear-gradient(180deg, #eef5ff 0%, #e0ecff 48%, #d6e6ff 100%);
            --surface-color: rgba(248, 251, 255, 0.98);
            --surface-strong: #ffffff;
            --surface-soft: #edf4ff;
            --border-color: #c8d7f2;
            --sidebar-bg: linear-gradient(180deg, #153b7a 0%, #0f2851 100%);
            --sidebar-border: rgba(255, 255, 255, 0.08);
            --sidebar-text: rgba(239, 246, 255, 0.84);
            --sidebar-text-strong: #f8fbff;
            --accent: #2563eb;
            --accent-strong: #1d4ed8;
            --accent-soft: rgba(37, 99, 235, 0.14);
            --text-color: #111827;
            --text-muted: #374151;
            --shadow-lg: 0 24px 60px rgba(30, 64, 175, 0.12);
            --shadow-sm: 0 12px 26px rgba(30, 64, 175, 0.08);
            --font-body: 'Inter', system-ui, -apple-system, BlinkMacSystemFont, 'Segoe UI', sans-serif;
            --font-size-h2: clamp(1.6rem, 2vw, 2rem);
            --radius-card: 14px;
            --radius-control: 10px;
        }

        * { box-sizing: border-box; }
        html, body { margin: 0; min-height: 100%; }
        body {
            font-family: var(--font-body);
            color: var(--text-color);
            background: var(--page-bg);
        }

        a { color: inherit; }
        button, input, select, textarea { font: inherit; }

        .bakeshop-sidebar-toggle {
            position: absolute;
            opacity: 0;
            pointer-events: none;
        }

        .bakeshop-mobile-overlay,
        .bakeshop-mobile-nav-button,
        .bakeshop-sidebar-close {
            display: none;
        }

        .bakeshop-admin-shell {
            min-height: 100vh;
            display: grid;
            grid-template-columns: minmax(238px, 272px) minmax(0, 1fr);
        }

        .sidebar {
            background: var(--sidebar-bg);
            color: var(--sidebar-text);
            padding: 24px 18px 20px;
            display: grid;
            gap: 22px;
            align-content: start;
            border-right: 1px solid var(--sidebar-border);
            position: sticky;
            top: 0;
            min-height: 100vh;
            overflow-y: auto;
        }

        .bakeshop-sidebar-close {
            align-items: center;
            justify-content: center;
            align-self: flex-end;
            border-radius: 999px;
            border: 1px solid rgba(255, 255, 255, 0.16);
            padding: 8px 12px;
            font-size: 0.8rem;
            font-weight: 700;
            letter-spacing: 0.04em;
            text-transform: uppercase;
            color: var(--sidebar-text-strong);
            background: rgba(255, 255, 255, 0.08);
            cursor: pointer;
        }

        .bakeshop-brand {
            display: grid;
            grid-template-columns: auto minmax(0, 1fr);
            align-items: start;
            gap: 10px;
            padding: 6px 10px 0;
        }

        .bakeshop-brand-mark {
            width: 52px;
            height: 52px;
            border-radius: var(--radius-card);
            background: linear-gradient(145deg, rgba(96, 165, 250, 0.24), rgba(37, 99, 235, 0.38));
            display: inline-flex;
            align-items: center;
            justify-content: center;
            font-family: var(--font-body);
            font-weight: 800;
            font-size: 1.45rem;
            color: var(--sidebar-text-strong);
            border: 1px solid rgba(255, 255, 255, 0.08);
            box-shadow: inset 0 1px 0 rgba(255, 255, 255, 0.08);
            overflow: hidden;
        }

        .bakeshop-brand-mark img {
            width: 100%;
            height: 100%;
            object-fit: contain;
            display: block;
            padding: 5px;
            background: #ffffff;
        }

        .bakeshop-brand h1 {
            margin: 0;
            font-size: 1.45rem;
            font-weight: 800;
            line-height: 1.05;
            color: var(--sidebar-text-strong);
        }

        .bakeshop-brand p {
            margin: 0;
            font-size: 0.92rem;
            line-height: 1.55;
        }

        .bakeshop-nav {
            display: grid;
            gap: 14px;
        }

        .bakeshop-nav-group {
            display: grid;
            gap: 8px;
        }

        .bakeshop-nav-label {
            padding: 0 10px;
            font-size: 0.72rem;
            font-weight: 700;
            letter-spacing: 0.12em;
            text-transform: uppercase;
            color: rgba(255, 247, 237, 0.5);
        }

        .bakeshop-nav a {
            display: flex;
            align-items: center;
            gap: 12px;
            border-radius: var(--radius-control);
            padding: 13px 14px;
            text-decoration: none;
            color: var(--sidebar-text);
            border: 1px solid transparent;
            background: transparent;
            transition: background-color 0.16s ease, border-color 0.16s ease, transform 0.16s ease;
        }

        .bakeshop-nav a:hover {
            background: rgba(255, 255, 255, 0.06);
            border-color: rgba(255, 255, 255, 0.07);
            transform: translateX(1px);
        }

        .bakeshop-nav a.active {
            background: linear-gradient(145deg, rgba(96, 165, 250, 0.2), rgba(37, 99, 235, 0.22));
            border-color: rgba(147, 197, 253, 0.24);
            color: var(--sidebar-text-strong);
            box-shadow: inset 0 1px 0 rgba(255, 255, 255, 0.05);
        }

        .bakeshop-nav-title {
            display: grid;
            gap: 2px;
        }

        .bakeshop-nav-title strong {
            font-size: 0.93rem;
            font-weight: 600;
            color: inherit;
        }

        .bakeshop-nav-title span {
            font-size: 0.79rem;
            color: inherit;
            opacity: 0.82;
        }

        .bakeshop-nav-submenu {
            display: grid;
            gap: 4px;
            padding-left: 12px;
        }

        .bakeshop-nav-submenu a {
            padding: 9px 12px;
            border-radius: 12px;
            font-size: 0.84rem;
            color: rgba(255, 247, 237, 0.82);
            border-color: transparent;
        }

        .bakeshop-nav-submenu a:hover {
            transform: none;
            background: rgba(255, 255, 255, 0.05);
        }

        .bakeshop-nav-submenu a.active {
            background: rgba(255, 255, 255, 0.12);
            border-color: rgba(147, 197, 253, 0.18);
            color: var(--sidebar-text-strong);
            box-shadow: none;
        }

        .bakeshop-sidebar-card {
            margin-top: auto;
            border-radius: var(--radius-card);
            border: 1px solid rgba(255, 255, 255, 0.08);
            background: rgba(255, 255, 255, 0.05);
            padding: 16px;
            display: grid;
            gap: 10px;
        }

        .bakeshop-sidebar-card h2 {
            margin: 0;
            font-size: 0.98rem;
            color: var(--sidebar-text-strong);
        }

        .bakeshop-sidebar-card p {
            margin: 0;
            font-size: 0.84rem;
            line-height: 1.55;
        }

        .bakeshop-main {
            min-width: 0;
            display: flex;
            flex-direction: column;
        }

        .topbar {
            display: grid;
            grid-template-columns: auto minmax(0, 1fr) auto;
            align-items: start;
            gap: 18px;
            padding: 22px 28px 16px;
        }

        .bakeshop-topbar-actions {
            display: flex;
            align-items: center;
            justify-content: flex-start;
            width: fit-content;
        }

        .bakeshop-topbar-user-tools {
            display: flex;
            align-items: center;
            justify-content: flex-end;
            flex-wrap: wrap;
            gap: 12px;
            min-width: 0;
        }

        .bakeshop-topbar-signout {
            margin: 0;
        }

        .bakeshop-title-stack {
            display: grid;
            gap: 6px;
            min-width: 0;
        }

        .bakeshop-kicker {
            font-size: 0.75rem;
            font-weight: 700;
            letter-spacing: 0.14em;
            text-transform: uppercase;
            color: var(--accent-strong);
        }

        .bakeshop-title-stack h2 {
            margin: 0;
            font-size: clamp(1.5rem, 2.2vw, 2.2rem);
            font-weight: 800;
            line-height: 1.05;
        }

        .bakeshop-title-stack p {
            margin: 0;
            color: var(--text-muted);
            font-size: 0.92rem;
        }

        .bakeshop-user-card {
            border-radius: var(--radius-card);
            padding: 14px 16px;
            background: rgba(255, 252, 247, 0.82);
            border: 1px solid var(--border-color);
            box-shadow: var(--shadow-sm);
            display: grid;
            gap: 4px;
            width: fit-content;
            max-width: min(100%, 32rem);
            min-width: min(220px, 100%);
            justify-self: end;
        }

        .bakeshop-user-card strong { font-size: 0.96rem; }
        .bakeshop-user-card span,
        .bakeshop-user-card small { color: var(--text-muted); }
        .bakeshop-user-card strong,
        .bakeshop-user-card span,
        .bakeshop-user-card small {
            overflow-wrap: anywhere;
        }
        .bakeshop-user-role {
            display: inline-flex;
            align-items: center;
            width: fit-content;
            padding: 4px 9px;
            border-radius: 999px;
            background: var(--accent-soft);
            color: var(--accent-strong);
            font-size: 0.72rem;
            font-weight: 700;
            letter-spacing: 0.05em;
            text-transform: uppercase;
        }

        .bakeshop-mobile-nav-button {
            align-items: center;
            justify-content: center;
            gap: 8px;
            width: fit-content;
            min-height: 44px;
            border-radius: 999px;
            padding: 0 16px;
            border: 1px solid rgba(37, 99, 235, 0.18);
            background: rgba(255, 255, 255, 0.92);
            box-shadow: var(--shadow-sm);
            color: var(--accent-strong);
            font-size: 0.9rem;
            font-weight: 700;
            letter-spacing: 0.03em;
            cursor: pointer;
        }

        .bakeshop-content {
            padding: 0 28px 28px;
        }

        .bakeshop-content-inner {
            background: rgba(255, 255, 255, 0.9);
            border: 1px solid rgba(200, 215, 242, 0.85);
            border-radius: 20px;
            padding: 22px;
            box-shadow: var(--shadow-lg);
        }

        .bakeshop-shell-note {
            margin-top: 14px;
            display: inline-flex;
            align-items: center;
            gap: 8px;
            border-radius: 999px;
            padding: 8px 12px;
            background: rgba(219, 234, 254, 0.12);
            border: 1px solid rgba(219, 234, 254, 0.16);
            color: var(--sidebar-text-strong);
            font-size: 0.8rem;
        }

        .bakeshop-onboarding-checklist {
            display: grid;
            gap: 12px;
        }

        .bakeshop-onboarding-step {
            display: grid;
            gap: 10px;
            padding: 14px 16px;
            border-radius: 14px;
            border: 1px solid rgba(180, 83, 9, 0.16);
            background: rgba(255, 255, 255, 0.82);
        }

        .bakeshop-onboarding-step.current {
            border-color: rgba(217, 119, 6, 0.42);
            box-shadow: 0 0 0 2px rgba(245, 158, 11, 0.1);
        }

        .bakeshop-onboarding-step.done {
            border-color: rgba(22, 101, 52, 0.18);
            background: rgba(240, 253, 244, 0.82);
        }

        .bakeshop-onboarding-step-head {
            display: flex;
            align-items: center;
            justify-content: space-between;
            gap: 10px;
            flex-wrap: wrap;
        }

        .bakeshop-onboarding-step h4 {
            margin: 0;
            font-size: 0.95rem;
        }

        .bakeshop-onboarding-step p {
            margin: 0;
            line-height: 1.6;
        }

        .bakeshop-step-status {
            display: inline-flex;
            align-items: center;
            width: fit-content;
            border-radius: 999px;
            padding: 4px 10px;
            font-size: 0.72rem;
            font-weight: 700;
            letter-spacing: 0.05em;
            text-transform: uppercase;
        }

        .bakeshop-step-status.done {
            background: rgba(22, 101, 52, 0.12);
            color: #166534;
        }

        .bakeshop-step-status.current {
            background: rgba(217, 119, 6, 0.12);
            color: #b45309;
        }

        .bakeshop-step-status.pending {
            background: rgba(71, 85, 105, 0.12);
            color: #475569;
        }

        .bakeshop-step-action {
            display: inline-flex;
            align-items: center;
            justify-content: center;
            width: fit-content;
            gap: 8px;
            padding: 9px 14px;
            border-radius: 10px;
            border: 1px solid rgba(180, 83, 9, 0.2);
            background: #ffffff;
            color: #92400e;
            font-weight: 700;
            text-decoration: none;
        }

        .bakeshop-step-action:hover {
            background: #fff7ed;
        }

        .bakeshop-sidebar-link {
            display: inline-flex;
            align-items: center;
            justify-content: center;
            gap: 8px;
            padding: 10px 14px;
            border-radius: 2px;
            border: 1px solid #d1d5db;
            background: #ffffff;
            color: #111827;
            text-decoration: none;
            font-weight: 600;
            cursor: pointer;
            transition: background-color 0.16s ease, border-color 0.16s ease, box-shadow 0.16s ease, transform 0.16s ease;
        }

        .bakeshop-sidebar-inline-form {
            margin: 0;
        }

        .bakeshop-sidebar-link:hover {
            background: #eff6ff;
            border-color: #93c5fd;
            box-shadow: 0 10px 22px rgba(37, 99, 235, 0.12);
            transform: translateY(-1px);
        }

        @media (max-width: 980px) {
            .bakeshop-admin-shell {
                grid-template-columns: 1fr;
            }

            .bakeshop-mobile-overlay {
                display: block;
                position: fixed;
                inset: 0;
                background: rgba(15, 23, 42, 0.52);
                opacity: 0;
                pointer-events: none;
                transition: opacity 0.18s ease;
                z-index: 39;
            }

            .sidebar {
                position: fixed;
                top: 0;
                left: 0;
                bottom: 0;
                width: min(86vw, 320px);
                min-height: 100vh;
                z-index: 40;
                box-shadow: 0 28px 64px rgba(15, 23, 42, 0.3);
                transform: translateX(calc(-100% - 18px));
                transition: transform 0.22s ease;
            }

            .bakeshop-sidebar-close,
            .bakeshop-mobile-nav-button {
                display: inline-flex;
            }

            .bakeshop-sidebar-toggle:checked ~ .bakeshop-mobile-overlay {
                opacity: 1;
                pointer-events: auto;
            }

            .bakeshop-sidebar-toggle:checked ~ .bakeshop-admin-shell .sidebar {
                transform: translateX(0);
            }

            .topbar {
                padding-top: 18px;
                flex-direction: column;
                align-items: flex-start;
                grid-template-columns: 1fr;
            }

            .bakeshop-topbar-actions {
                position: sticky;
                top: 0;
                z-index: 30;
                justify-content: flex-start;
                width: 100%;
                padding: 10px 0 6px;
                background: linear-gradient(180deg, rgba(238, 245, 255, 0.98) 0%, rgba(238, 245, 255, 0.92) 78%, rgba(238, 245, 255, 0) 100%);
            }

            .bakeshop-topbar-user-tools {
                width: 100%;
                justify-content: space-between;
            }

            .bakeshop-user-card {
                width: 100%;
                min-width: 0;
            }
        }

        @media (max-width: 640px) {
            .topbar,
            .bakeshop-content {
                padding-left: 16px;
                padding-right: 16px;
            }

            .bakeshop-content-inner {
                padding: 16px;
                border-radius: 16px;
            }
        }
    </style>
    
<style>
    .bakeshop-shell { display: grid; gap: 24px; }
    .bakeshop-header { display: flex; flex-wrap: wrap; align-items: end; justify-content: space-between; gap: 16px; }
    .bakeshop-header h2 { font-size: var(--font-size-h2); font-weight: 700; margin-bottom: 6px; }
    .bakeshop-header p { color: var(--text-muted); margin: 0; max-width: 56rem; }
    .bakeshop-actions { display: flex; gap: 10px; flex-wrap: wrap; }
    .bakeshop-shell,
    .bakeshop-shell * {
        color: var(--text-color);
    }
    .bakeshop-flow {
        display: grid;
        gap: 14px;
        grid-template-columns: repeat(auto-fit, minmax(180px, 1fr));
    }
    .bakeshop-flow-step {
        border: 1px solid var(--border-color);
        border-radius: 14px;
        background: linear-gradient(180deg, #f7faff 0%, #ffffff 100%);
        padding: 18px;
        box-shadow: 0 10px 24px rgba(37, 99, 235, 0.05);
    }
    .bakeshop-flow-step strong {
        display: inline-flex;
        align-items: center;
        justify-content: center;
        width: 32px;
        height: 32px;
        border-radius: 999px;
        background: var(--accent);
        color: #fff;
        font-size: 0.86rem;
        margin-bottom: 10px;
    }
    .bakeshop-flow-step h3 {
        margin: 0 0 8px;
        font-size: 0.98rem;
    }
    .bakeshop-flow-step p {
        margin: 0;
        color: var(--text-muted);
        font-size: 0.9rem;
        line-height: 1.5;
    }
    .bakeshop-button,
    .bakeshop-shell button,
    .bakeshop-shell input,
    .bakeshop-shell select,
    .bakeshop-shell textarea { font: inherit; }
    .bakeshop-button {
        display: inline-flex;
        align-items: center;
        justify-content: center;
        gap: 8px;
        border-radius: 2px;
        border: 1px solid #1d4ed8;
        background: #2563eb;
        color: #ffffff;
        padding: 10px 16px;
        text-decoration: none;
        font-size: 0.92rem;
        cursor: pointer;
    }
    .bakeshop-button:hover {
        background: #1d4ed8;
    }
    .bakeshop-button.secondary {
        background: #2563eb;
        color: #ffffff;
        border-color: #1d4ed8;
    }
    .bakeshop-button.secondary:hover {
        background: #1d4ed8;
    }
    .bakeshop-button.print {
        background: #6b7280;
        border-color: #6b7280;
        color: #ffffff;
    }
    .bakeshop-button.print:hover {
        background: #4b5563;
    }
    .bakeshop-button.staff {
        background: #eab308;
        border-color: #ca8a04;
        color: #111827;
    }
    .bakeshop-button.staff:hover {
        background: #ca8a04;
        color: #111827;
    }
    .bakeshop-button.refresh {
        background: #f97316;
        border-color: #ea580c;
        color: #ffffff;
    }
    .bakeshop-button.refresh:hover {
        background: #ea580c;
    }
    .bakeshop-button.success {
        background: #16a34a;
        border-color: #15803d;
        color: #ffffff;
    }
    .bakeshop-button.success:hover {
        background: #15803d;
    }
    .bakeshop-button.danger {
        background: #dc2626;
        border-color: #b91c1c;
        color: #ffffff;
    }
    .bakeshop-button.danger:hover {
        background: #b91c1c;
    }
    .bakeshop-button:disabled,
    .bakeshop-button.secondary:disabled,
    .bakeshop-button.print:disabled,
    .bakeshop-button.staff:disabled,
    .bakeshop-button.refresh:disabled,
    .bakeshop-button.success:disabled,
    .bakeshop-button.danger:disabled {
        background: #d1d5db;
        border-color: #cbd5e1;
        color: #6b7280;
        cursor: not-allowed;
        box-shadow: none;
        opacity: 0.72;
        pointer-events: none;
    }
    .bakeshop-button:disabled:hover,
    .bakeshop-button.secondary:disabled:hover,
    .bakeshop-button.print:disabled:hover,
    .bakeshop-button.staff:disabled:hover,
    .bakeshop-button.refresh:disabled:hover,
    .bakeshop-button.success:disabled:hover,
    .bakeshop-button.danger:disabled:hover {
        background: #d1d5db;
        border-color: #cbd5e1;
        color: #6b7280;
    }
    .bakeshop-banner {
        display: none;
        padding: 14px 16px;
        border-radius: 14px;
        border: 1px solid transparent;
        font-size: 0.92rem;
    }
    .bakeshop-banner.show { display: block; }
    .bakeshop-banner.ok { background: #eff6ff; border-color: #bfdbfe; color: #1d4ed8; }
    .bakeshop-banner.error { background: #fff3f2; border-color: #fecaca; color: #991b1b; }
    .bakeshop-readonly-note {
        padding: 14px 16px;
        border-radius: 14px;
        border: 1px solid #fde68a;
        background: #fffbeb;
        color: #92400e;
        line-height: 1.55;
    }
    .bakeshop-onboarding {
        display: grid;
        gap: 10px;
        padding: 16px 18px;
        border-radius: 14px;
        border: 1px solid #f3d7a5;
        background: linear-gradient(135deg, #fff7ed, #fffbeb);
        box-shadow: 0 14px 30px rgba(180, 83, 9, 0.08);
    }
    .bakeshop-onboarding h3 { margin: 0; }
    .bakeshop-onboarding p { margin: 0; color: #7c5a32; line-height: 1.6; }
    .bakeshop-onboarding strong { color: #92400e; }
    .bakeshop-stats { display: grid; gap: 14px; grid-template-columns: repeat(auto-fit, minmax(150px, 1fr)); }
    .bakeshop-stat {
        border: 1px solid var(--border-color);
        border-radius: 14px;
        padding: 18px;
        background: linear-gradient(180deg, #ffffff 0%, #f3f8ff 100%);
    }
    .bakeshop-stat strong { display: block; font-size: 1.7rem; line-height: 1; }
    .bakeshop-stat span { display: block; margin-top: 8px; color: var(--text-muted); font-size: 0.8rem; text-transform: uppercase; letter-spacing: 0.06em; }
    .bakeshop-layout { display: grid; gap: 20px; grid-template-columns: minmax(0, 1fr); }
    .bakeshop-column { display: grid; gap: 20px; align-content: start; }
    .bakeshop-panel {
        border: 1px solid var(--border-color);
        border-radius: 14px;
        background: var(--surface-color, #fff);
        overflow: hidden;
        box-shadow: 0 14px 32px rgba(37, 99, 235, 0.05);
        transition: background 160ms ease, border-color 160ms ease, box-shadow 160ms ease;
    }
    .bakeshop-panel-subdued {
        box-shadow: none;
        border: 1px dashed var(--border-color);
        margin-top: 8px;
    }
    .bakeshop-panel.is-editing {
        border-color: #93c5fd;
        background: linear-gradient(180deg, #f7fbff 0%, #eef6ff 100%);
        box-shadow: 0 18px 40px rgba(37, 99, 235, 0.12);
    }
    .bakeshop-panel.is-editing .bakeshop-panel-head {
        background: linear-gradient(180deg, rgba(219, 234, 254, 0.7) 0%, rgba(239, 246, 255, 0.25) 100%);
    }
    .bakeshop-panel.is-editing .bakeshop-panel-body {
        background: linear-gradient(180deg, rgba(255, 255, 255, 0.55) 0%, rgba(239, 246, 255, 0.85) 100%);
    }
    .bakeshop-panel-head {
        padding: 18px 20px 12px;
        border-bottom: 1px solid color-mix(in srgb, var(--border-color) 85%, transparent);
    }
    .bakeshop-panel-head h3 { margin: 0 0 6px; font-size: 1rem; }
    .bakeshop-panel-head p { margin: 0; color: var(--text-muted); font-size: 0.9rem; }
    .bakeshop-panel-body { padding: 18px 20px 20px; display: grid; gap: 16px; }
    .bakeshop-grid-2 { display: grid; gap: 12px; grid-template-columns: repeat(2, minmax(0, 1fr)); }
    .bakeshop-grid-3 { display: grid; gap: 12px; grid-template-columns: repeat(3, minmax(0, 1fr)); }
    .bakeshop-field { display: grid; gap: 6px; }
    .bakeshop-field label { font-size: 0.78rem; font-weight: 600; text-transform: uppercase; letter-spacing: 0.05em; color: var(--text-muted); }
    .bakeshop-field input,
    .bakeshop-field select,
    .bakeshop-field textarea {
        width: 100%;
        border-radius: 2px;
        border: 1px solid #d1d5db;
        background: #fff;
        color: #111827;
        padding: 11px 12px;
    }
    .bakeshop-field textarea { min-height: 92px; resize: vertical; }
    .bakeshop-form-actions { display: flex; justify-content: space-between; align-items: center; gap: 12px; flex-wrap: wrap; }
    .bakeshop-form-actions.bakeshop-view-tabs { justify-content: flex-start; align-items: center; gap: 14px; }
    .bakeshop-view-tabs .bakeshop-help { margin: 0; }
    .bakeshop-help { font-size: 0.82rem; color: var(--text-muted); }
    .bakeshop-setup-shell { display: grid; gap: 18px; }
    .bakeshop-tabs {
        display: flex;
        gap: 10px;
        flex-wrap: wrap;
        padding: 8px;
        border-radius: 14px;
        background: #eef4ff;
        border: 1px solid #d6e4ff;
    }
    .bakeshop-tab {
        border: 1px solid transparent;
        background: transparent;
        color: #35517a;
        border-radius: 10px;
        padding: 10px 14px;
        font-weight: 600;
        cursor: pointer;
    }
    .bakeshop-tab.active {
        background: #ffffff;
        border-color: #bfd5ff;
        color: var(--accent-strong);
        box-shadow: 0 8px 20px rgba(37, 99, 235, 0.08);
    }
    .bakeshop-tab-panel { display: none; }
    .bakeshop-tab-panel.active { display: block; }
    .bakeshop-section-tabs {
        display: flex;
        gap: 10px;
        flex-wrap: wrap;
        padding: 8px;
        border-radius: 14px;
        background: linear-gradient(180deg, #ecfdf3 0%, #f8fffb 100%);
        border: 1px solid #b7e4c7;
        box-shadow: inset 0 1px 0 rgba(255, 255, 255, 0.8);
    }
    .bakeshop-section-tab {
        border: 1px solid #a7d7b5;
        background: linear-gradient(180deg, #f4fff7 0%, #e8f8ee 100%);
        color: #21543a;
        border-radius: 10px;
        padding: 10px 16px;
        font-weight: 700;
        box-shadow: 0 4px 12px rgba(22, 101, 52, 0.08);
        cursor: pointer;
        transition: transform 120ms ease, box-shadow 120ms ease, background 120ms ease, border-color 120ms ease, color 120ms ease;
    }
    .bakeshop-section-tab:hover,
    .bakeshop-section-tab:focus-visible {
        border-color: #63b37d;
        box-shadow: 0 10px 22px rgba(22, 101, 52, 0.14);
        transform: translateY(-1px);
        outline: none;
    }
    .bakeshop-section-tab.active {
        background: linear-gradient(180deg, #2563eb 0%, #1d4ed8 100%);
        border-color: #1d4ed8;
        color: #ffffff;
        box-shadow: 0 12px 26px rgba(37, 99, 235, 0.24);
    }
    .bakeshop-section-panel { display: none; }
    .bakeshop-section-panel.active { display: grid; gap: 16px; }
    .bakeshop-tab-summary {
        display: grid;
        gap: 6px;
        padding: 0 2px;
    }
    .bakeshop-tab-summary h3 {
        margin: 0;
        font-size: 1.02rem;
    }
    .bakeshop-tab-summary p {
        margin: 0;
        color: var(--text-muted);
        max-width: 58rem;
    }
    .bakeshop-table-wrap { overflow: auto; }
    .bakeshop-table { width: 100%; border-collapse: collapse; font-size: 0.92rem; }
    .bakeshop-table th,
    .bakeshop-table td { padding: 10px 12px; border-bottom: 1px solid var(--border-color); text-align: left; vertical-align: top; }
    .bakeshop-table th { font-size: 0.78rem; text-transform: uppercase; letter-spacing: 0.05em; color: var(--text-muted); }
    .bakeshop-table th.bakeshop-checkbox-cell,
    .bakeshop-table td.bakeshop-checkbox-cell { width: 44px; padding-right: 8px; padding-left: 12px; text-align: center; }
    .bakeshop-table tr:last-child td { border-bottom: none; }
    .bakeshop-table tr.bakeshop-row-selectable { cursor: pointer; }
    .bakeshop-table tr.bakeshop-row-selectable:hover td {
        background: #f8fbff;
    }
    .bakeshop-table-input {
        width: 100%;
        min-width: 110px;
        border-radius: 2px;
        border: 1px solid #d1d5db;
        background: #fff;
        color: #111827;
        padding: 8px 10px;
        font: inherit;
    }
    .bakeshop-table tr.bakeshop-row-focus td {
        background: #fff8db;
        box-shadow: inset 0 0 0 1px rgba(234, 179, 8, 0.22);
    }
    .bakeshop-table tr.bakeshop-row-editing td {
        background: #eef6ff;
        box-shadow: inset 0 0 0 1px rgba(37, 99, 235, 0.18);
    }
    .bakeshop-table tr.bakeshop-row-recent td {
        background: linear-gradient(180deg, rgba(220, 252, 231, 0.95) 0%, rgba(240, 253, 244, 0.75) 100%);
    }
    .bakeshop-muted { color: var(--text-muted); }
    .bakeshop-delivery-sheet input[type="number"] { min-width: 110px; }
    .bakeshop-delivery-sheet tr.is-imported td { background: #effaf4; }
    .bakeshop-inline-note { font-size: 0.82rem; color: var(--text-muted); }
    .bakeshop-inline-note.ok { color: #15803d; }
    .bakeshop-inline-note.error { color: #b91c1c; }
    .bakeshop-review-card {
        display: grid;
        gap: 10px;
        padding: 16px 18px;
        border-radius: 14px;
        border: 1px solid #bbf7d0;
        background: linear-gradient(180deg, #f0fdf4 0%, #ffffff 100%);
    }
    .bakeshop-review-card strong {
        display: block;
        margin-bottom: 4px;
    }
    .bakeshop-review-card p {
        margin: 0;
        color: var(--text-muted);
        line-height: 1.5;
    }
    .bakeshop-detail-stack { display: grid; gap: 6px; }
    .bakeshop-detail-list { display: grid; gap: 4px; margin-top: 2px; }
    .bakeshop-detail-list span { display: block; color: var(--text-muted); font-size: 0.82rem; }
    .bakeshop-row-actions { display: flex; gap: 8px; flex-wrap: wrap; }
    .bakeshop-checkbox {
        width: 16px;
        height: 16px;
        cursor: pointer;
        accent-color: #2563eb;
    }
    .bakeshop-bulk-actions {
        display: flex;
        align-items: center;
        justify-content: space-between;
        gap: 12px;
        flex-wrap: wrap;
    }
    .bakeshop-bulk-actions .bakeshop-help { margin: 0; }
    .bakeshop-inline-tabs {
        display: inline-flex;
        flex-wrap: wrap;
        gap: 8px;
        padding: 8px;
        border-radius: 14px;
        background: linear-gradient(180deg, #ecfdf3 0%, #f8fffb 100%);
        border: 1px solid #b7e4c7;
        box-shadow: inset 0 1px 0 rgba(255, 255, 255, 0.8);
    }
    .bakeshop-inline-tab {
        border: 1px solid #a7d7b5;
        background: linear-gradient(180deg, #f4fff7 0%, #e8f8ee 100%);
        color: #21543a;
        border-radius: 10px;
        padding: 9px 14px;
        font-weight: 700;
        box-shadow: 0 4px 12px rgba(22, 101, 52, 0.08);
        cursor: pointer;
        transition: transform 120ms ease, box-shadow 120ms ease, background 120ms ease, border-color 120ms ease, color 120ms ease;
    }
    .bakeshop-inline-tab:hover,
    .bakeshop-inline-tab:focus-visible {
        border-color: #63b37d;
        box-shadow: 0 10px 22px rgba(22, 101, 52, 0.14);
        transform: translateY(-1px);
        outline: none;
    }
    .bakeshop-inline-tab.active {
        background: linear-gradient(180deg, #2563eb 0%, #1d4ed8 100%);
        border-color: #1d4ed8;
        color: #ffffff;
        box-shadow: 0 12px 26px rgba(37, 99, 235, 0.24);
    }
    .bakeshop-inline-tab-count {
        color: var(--text-muted);
        font-weight: 500;
        margin-left: 6px;
    }
    .bakeshop-inline-tab.active .bakeshop-inline-tab-count {
        color: rgba(255, 255, 255, 0.88);
    }
    body.bakeshop-confirm-open { overflow: hidden; }
    .bakeshop-confirm-backdrop {
        position: fixed;
        inset: 0;
        z-index: 80;
        display: grid;
        place-items: center;
        padding: 24px;
        background: rgba(15, 23, 42, 0.46);
    }
    .bakeshop-confirm-backdrop[hidden] {
        display: none;
    }
    .bakeshop-confirm-panel {
        width: min(100%, 560px);
        display: grid;
        gap: 16px;
        border-radius: 16px;
        border: 1px solid rgba(248, 113, 113, 0.35);
        background: #ffffff;
        box-shadow: 0 28px 70px rgba(15, 23, 42, 0.28);
        padding: 22px;
    }
    .bakeshop-confirm-panel h3 {
        margin: 0;
        font-size: 1.08rem;
    }
    .bakeshop-confirm-panel p {
        margin: 0;
        color: var(--text-muted);
        line-height: 1.55;
    }
    .bakeshop-confirm-impact {
        padding: 10px 12px;
        border-radius: 12px;
        background: #fff7ed;
        border: 1px solid #fed7aa;
        color: #9a3412;
        font-size: 0.86rem;
    }
    .bakeshop-confirm-list {
        margin: 0;
        padding: 0;
        list-style: none;
        display: grid;
        gap: 8px;
    }
    .bakeshop-confirm-list li {
        padding: 10px 12px;
        border-radius: 12px;
        border: 1px solid var(--border-color);
        background: #f8fafc;
        color: #0f172a;
        font-size: 0.9rem;
    }
    .bakeshop-confirm-overflow {
        font-size: 0.84rem;
        color: var(--text-muted);
    }
    .bakeshop-link-button {
        border: none;
        background: transparent;
        color: var(--accent-strong);
        cursor: pointer;
        padding: 0;
        font: inherit;
    }
    .bakeshop-link-button.warn { color: #b91c1c; }
    .bakeshop-chip {
        display: inline-flex;
        align-items: center;
        padding: 4px 9px;
        border-radius: 999px;
        font-size: 0.74rem;
        font-weight: 600;
        letter-spacing: 0.04em;
        text-transform: uppercase;
    }
    .bakeshop-chip.active { background: #eff6ff; color: #1d4ed8; }
    .bakeshop-chip.inactive { background: #eef2f7; color: #51627b; }
    .bakeshop-chip.recent { background: #dcfce7; color: #166534; }
    .bakeshop-focus-note {
        padding: 10px 12px;
        border-radius: 12px;
        background: #fff8db;
        color: #854d0e;
        font-size: 0.85rem;
    }
    .bakeshop-summary-meta { display: grid; gap: 12px; grid-template-columns: repeat(auto-fit, minmax(160px, 1fr)); }
    .bakeshop-summary-meta div { border: 1px solid var(--border-color); border-radius: 12px; padding: 12px; background: #fff; }
    .bakeshop-summary-note {
        padding: 12px 14px;
        border: 1px solid var(--border-color);
        border-radius: 12px;
        background: #fff;
        color: var(--text-muted);
        line-height: 1.55;
    }
    .bakeshop-summary-groups { display: grid; gap: 16px; }
    .bakeshop-summary-group {
        border: 1px solid var(--border-color);
        border-radius: 12px;
        background: #fff;
        overflow: hidden;
    }
    .bakeshop-summary-group-head {
        padding: 14px 16px 10px;
        border-bottom: 1px solid var(--border-color);
        display: grid;
        gap: 4px;
    }
    .bakeshop-summary-group-head h4 {
        margin: 0;
        font-size: 1rem;
    }
    .bakeshop-summary-group-head p {
        margin: 0;
        color: var(--text-muted);
        font-size: 0.88rem;
    }
    .bakeshop-summary-ingredient strong {
        display: block;
    }
    .bakeshop-summary-ingredient span {
        color: var(--text-muted);
        font-size: 0.84rem;
    }
    .bakeshop-summary-meta p { margin: 6px 0 0; color: var(--text-muted); }
    .bakeshop-empty {
        padding: 18px;
        border: 1px dashed var(--border-color);
        border-radius: 12px;
        color: var(--text-muted);
        background: #fff;
    }
    @media (max-width: 1100px) {
        .bakeshop-layout { grid-template-columns: 1fr; }
    }
    @media (max-width: 760px) {
        .bakeshop-tabs { display: grid; grid-template-columns: 1fr; }
        .bakeshop-grid-2,
        .bakeshop-grid-3,
        .bakeshop-delivery-line { grid-template-columns: 1fr; }
    }
</style>

</head>
<body>
    <input class="bakeshop-sidebar-toggle" type="checkbox" id="bakeshop-sidebar-toggle" aria-hidden="true">
    <label class="bakeshop-mobile-overlay" for="bakeshop-sidebar-toggle" aria-hidden="true"></label>
    <div class="bakeshop-admin-shell">
        <aside class="sidebar">
            <label class="bakeshop-sidebar-close" for="bakeshop-sidebar-toggle">Close</label>
            <div class="bakeshop-brand">
                <div class="bakeshop-brand-mark"><img src="/uploads/bakeshop/north-oven.png" alt="North Oven Bakery logo"></div>
                <div>
                    <h1>North Oven Bakery</h1>
                    <p>Projection printouts for branch planning.</p>
                </div>
            </div>

            <nav class="bakeshop-nav">
                <div class="bakeshop-nav-group">
                    <div class="bakeshop-nav-label">Daily Work</div>
                    <a href="http://cmsnew.testtests/bakeshop_supervisor_settings_panel_test.php/admin/bakeshop" class="active">
                        <span class="bakeshop-nav-title">
                            <strong>Operations Workspace</strong>
                            <span>Overview plus focused views for branches, products, ingredients, deliveries, production, and usage</span>
                        </span>
                    </a>
                    
                    <div class="bakeshop-nav-submenu" aria-label="Focused work areas">
                        <a href="http://cmsnew.testtests/bakeshop_supervisor_settings_panel_test.php/admin/bakeshop?view=workspace#branches" class="" data-workspace-submenu="true" data-tab-target="branches" data-server-active="false">Branches</a>
                        <a href="http://cmsnew.testtests/bakeshop_supervisor_settings_panel_test.php/admin/bakeshop?view=workspace#catalog" class="" data-workspace-submenu="true" data-tab-target="catalog" data-server-active="false">Products</a>
                        <a href="http://cmsnew.testtests/bakeshop_supervisor_settings_panel_test.php/admin/bakeshop?view=workspace#ingredients" class="" data-workspace-submenu="true" data-tab-target="ingredients" data-server-active="false">Ingredients</a>
                        <a href="http://cmsnew.testtests/bakeshop_supervisor_settings_panel_test.php/admin/bakeshop?view=workspace#deliveries" class="" data-workspace-submenu="true" data-tab-target="deliveries" data-server-active="false">Ingredient Deliveries</a>
                        <a href="http://cmsnew.testtests/bakeshop_supervisor_settings_panel_test.php/admin/bakeshop?view=workspace#production" class="" data-workspace-submenu="true" data-tab-target="production" data-server-active="false">Production Runs</a>
                        <a href="http://cmsnew.testtests/bakeshop_supervisor_settings_panel_test.php/admin/bakeshop?view=workspace#usage" class="" data-workspace-submenu="true" data-tab-target="usage" data-server-active="false">Usage Summary</a>
                    </div>
                    
                </div>

                <div class="bakeshop-nav-group">
                    <div class="bakeshop-nav-label">Reports</div>
                    <a href="http://cmsnew.testtests/bakeshop_supervisor_settings_panel_test.php/admin/bakeshop/print" target="_blank" rel="noopener">
                        <span class="bakeshop-nav-title">
                            <strong>Print Summary</strong>
                            <span>Open the clean branch usage report</span>
                        </span>
                    </a>
                </div>

                <div class="bakeshop-nav-group">
                    <div class="bakeshop-nav-label">Administration</div>
                    
                    <a href="http://cmsnew.testtests/bakeshop_supervisor_settings_panel_test.php/admin/bakeshop/history" class="">
                        <span class="bakeshop-nav-title">
                            <strong>Activity History</strong>
                            <span>Changes to staff, settings, and operations</span>
                        </span>
                    </a>
                    
                    
                    <a href="http://cmsnew.testtests/bakeshop_supervisor_settings_panel_test.php/admin/bakeshop/users" class="">
                        <span class="bakeshop-nav-title">
                            <strong>Staff</strong>
                            <span>Admins, supervisors, onboarding</span>
                        </span>
                    </a>
                    
                    
                    <a href="http://cmsnew.testtests/bakeshop_supervisor_settings_panel_test.php/admin/bakeshop/settings" class="">
                        <span class="bakeshop-nav-title">
                            <strong>Settings</strong>
                            <span>Access rules and module defaults</span>
                        </span>
                    </a>
                    
                </div>

                <div class="bakeshop-nav-group">
                    <div class="bakeshop-nav-label">Account</div>
                    <a href="http://cmsnew.testtests/bakeshop_supervisor_settings_panel_test.php/admin/bakeshop/account" class="">
                        <span class="bakeshop-nav-title">
                            <strong>My Account</strong>
                            <span>Password and account details</span>
                        </span>
                    </a>
                </div>
            </nav>

            <div class="bakeshop-sidebar-card">
                <h2>Recommended Order</h2>
                <p>Open the operations workspace once, then move across the tabs in order: branches, ingredients, products, deliveries, production, and usage review.</p>
                
            </div>
        </aside>

        <div class="bakeshop-main">
            <header class="topbar">
                <div class="bakeshop-topbar-actions">
                    <label class="bakeshop-mobile-nav-button" for="bakeshop-sidebar-toggle">Menu</label>
                </div>
                <div class="bakeshop-title-stack">
                    <span class="bakeshop-kicker">Bakeshop Module</span>
                    <h2 id="bakeshop-page-title">Bakeshop Operations</h2>
                    <p id="bakeshop-page-intro">One operations workspace for branch setup, ingredients, products, deliveries, production, and usage. The sections below are grouped so non-technical staff can work in the order they actually do the day.</p>
                </div>

                <div class="bakeshop-topbar-user-tools">
                    <div class="bakeshop-user-card">
                        <strong>Administrator</strong>
                        <span>test-debug@example.com</span>
                        <span class="bakeshop-user-role">admin</span>
                    </div>
                    <form class="bakeshop-topbar-signout" method="post" action="http://cmsnew.testtests/bakeshop_supervisor_settings_panel_test.php/bakeshop/logout">
                        <input type="hidden" name="_token" value="7de2463e22f2cc74fd547e2d1a0160e3e8769de21ab0ab258c06b084db96271b">
                        <button class="bakeshop-sidebar-link" type="submit">Sign Out</button>
                    </form>
                </div>
            </header>

            <main class="bakeshop-content">
                <div class="bakeshop-content-inner">
                    
<div class="bakeshop-shell">
    <div class="bakeshop-header" style="justify-content:flex-end;">
        <div class="bakeshop-actions">
            
            <a class="bakeshop-button staff" href="http://cmsnew.testtests/bakeshop_supervisor_settings_panel_test.php/admin/bakeshop/users">Manage Staff</a>
            
            <a class="bakeshop-button print" id="bakeshop-print-link" href="http://cmsnew.testtests/bakeshop_supervisor_settings_panel_test.php/admin/bakeshop/print" target="_blank" rel="noopener">Open Print Summary</a>
            <button class="bakeshop-button refresh" type="button" id="bakeshop-refresh">Refresh Data</button>
        </div>
    </div>

    <div class="bakeshop-banner" id="bakeshop-banner"></div>

    <div class="bakeshop-confirm-backdrop" id="bakeshop-delete-confirm" hidden>
        <div class="bakeshop-confirm-panel" role="dialog" aria-modal="true" aria-labelledby="bakeshop-delete-confirm-title" aria-describedby="bakeshop-delete-confirm-message">
            <div class="bakeshop-shell" style="gap: 12px;">
                <h3 id="bakeshop-delete-confirm-title">Delete selected records?</h3>
                <p id="bakeshop-delete-confirm-message">Review the selected items before confirming this delete.</p>
                <div class="bakeshop-confirm-impact" id="bakeshop-delete-confirm-impact" hidden></div>
                <ul class="bakeshop-confirm-list" id="bakeshop-delete-confirm-list" hidden></ul>
                <p class="bakeshop-confirm-overflow" id="bakeshop-delete-confirm-overflow" hidden></p>
            </div>
            <div class="bakeshop-actions" style="justify-content: flex-end;">
                <button class="bakeshop-button secondary" type="button" id="bakeshop-delete-confirm-cancel">Cancel</button>
                <button class="bakeshop-button danger" type="button" id="bakeshop-delete-confirm-submit">Delete Selected</button>
            </div>
        </div>
    </div>

    

    

    <div class="bakeshop-stats" style="">
        <div class="bakeshop-stat">
            <strong id="stat-branches">1</strong>
            <span>Active Branches</span>
        </div>
        <div class="bakeshop-stat">
            <strong id="stat-products">1</strong>
            <span>Products</span>
        </div>
        <div class="bakeshop-stat">
            <strong id="stat-ingredients">3</strong>
            <span>Ingredients</span>
        </div>
        <div class="bakeshop-stat" >
            <strong id="stat-recipes">0</strong>
            <span>Recipe Lines</span>
        </div>
    </div>

    <section class="bakeshop-panel" style="">
        <div class="bakeshop-panel-head">
            <h3>Start Here</h3>
            <p>Follow this order so first-time setup stays predictable and the daily routine is easy to repeat.</p>
        </div>
        <div class="bakeshop-panel-body">
            <div class="bakeshop-flow">
                <article class="bakeshop-flow-step">
                    <strong>1</strong>
                    <h3>Set up branches</h3>
                    <p>Create the store locations you report against. Everything else connects back to these branches.</p>
                </article>
                <article class="bakeshop-flow-step">
                    <strong>2</strong>
                    <h3>Define products and recipes</h3>
                    <p>Add your finished goods and ingredient recipe lines before you record actual stock movement.</p>
                </article>
                <article class="bakeshop-flow-step">
                    <strong>3</strong>
                    <h3>Receive inventory and record production</h3>
                    <p>Use the same workspace for incoming ingredient inventory and production output so stock-in and stock-out stay connected.</p>
                </article>
                <article class="bakeshop-flow-step">
                    <strong>4</strong>
                    <h3>Review usage and print</h3>
                    <p>Check the branch usage summary, then open the printable report when you need a clean handoff.</p>
                </article>
            </div>
        </div>
    </section>

    <section class="bakeshop-panel" style="">
        <div class="bakeshop-panel-head">
            <h3>Summary Report</h3>
            <p>Branch ingredient balance summary for handoff: beginning stock, delivery source, total delivery, production usage, and remaining balance.</p>
        </div>
        <div class="bakeshop-panel-body bakeshop-setup-shell">
            <form class="bakeshop-shell" method="get" action="http://cmsnew.testtests/bakeshop_supervisor_settings_panel_test.php/admin/bakeshop" style="gap: 12px;">
                <div class="bakeshop-grid-3">
                    <div class="bakeshop-field">
                        <label for="summary-branch-filter">Branch</label>
                        <select id="summary-branch-filter" name="branch_id">
                            <option value="">All branches</option>
                            
                            <option value="398">DPE7723E5D - Projection Branch E7723E5D</option>
                            
                        </select>
                    </div>
                    <div class="bakeshop-field">
                        <label for="summary-from-filter">From</label>
                        <input id="summary-from-filter" name="from_date" type="date" value="">
                    </div>
                    <div class="bakeshop-field">
                        <label for="summary-to-filter">To</label>
                        <input id="summary-to-filter" name="to_date" type="date" value="">
                    </div>
                </div>
                <div class="bakeshop-form-actions">
                    <span class="bakeshop-help">Filters you apply here also carry into the usage work area and printable report.</span>
                    <div class="bakeshop-actions">
                        
                        <a class="bakeshop-button print" href="http://cmsnew.testtests/bakeshop_supervisor_settings_panel_test.php/admin/bakeshop/print" target="_blank" rel="noopener">Open Print View</a>
                        <button class="bakeshop-button" type="submit">Apply Filters</button>
                    </div>
                </div>
            </form>

            <div class="bakeshop-summary-meta">
                <div>
                    <strong>Branch</strong>
                    <p>DPE7723E5D - Projection Branch E7723E5D</p>
                </div>
                <div>
                    <strong>From</strong>
                    <p>2026-05-01</p>
                </div>
                <div>
                    <strong>To</strong>
                    <p>2026-05-01</p>
                </div>
            </div>

            <div class="bakeshop-stats">
                <div class="bakeshop-stat">
                    <strong>1</strong>
                    <span>Tracked Ingredients</span>
                </div>
                <div class="bakeshop-stat">
                    <strong>1</strong>
                    <span>Delivery Lines</span>
                </div>
                <div class="bakeshop-stat">
                    <strong>5</strong>
                    <span>Saved Batches</span>
                </div>
                <div class="bakeshop-stat">
                    <strong>75.00 kg</strong>
                    <span>On Hand At Scope End</span>
                </div>
            </div>

            <div class="bakeshop-summary-note">
                Beginning balance reflects stock before the first visible report date. Usage comes from saved ingredient snapshots attached to production runs, and all displayed values follow the configured 2-decimal output setting.
            </div>

            
            <div class="bakeshop-summary-groups">
                
                <section class="bakeshop-summary-group">
                    <div class="bakeshop-summary-group-head">
                        <h4>DPE7723E5D - Projection Branch E7723E5D</h4>
                        <p>Ingredient movement summary for this branch.</p>
                    </div>
                    <div class="bakeshop-table-wrap">
                        <table class="bakeshop-table">
                            <thead>
                                <tr>
                                    <th>Ingredient</th>
                                    <th>Unit</th>
                                    <th>Beginning Balance</th>
                                    <th>Delivery Source</th>
                                    <th>Total Delivery</th>
                                    <th>Usage</th>
                                    <th>Remaining Balance</th>
                                </tr>
                            </thead>
                            <tbody>
                                
                                <tr>
                                    <td class="bakeshop-summary-ingredient">
                                        <strong>Projection Flour E7723E5D</strong>
                                        <span>mass</span>
                                    </td>
                                    <td>kg</td>
                                    <td>0.00</td>
                                    <td>Commissary</td>
                                    <td>75.00</td>
                                    <td>0.00</td>
                                    <td>75.00</td>
                                </tr>
                                
                                <tr>
                                    <td colspan="2"><strong>Branch Totals</strong></td>
                                    <td><strong>0.00</strong></td>
                                    <td><strong>—</strong></td>
                                    <td><strong>75.00</strong></td>
                                    <td><strong>0.00</strong></td>
                                    <td><strong>75.00</strong></td>
                                </tr>
                            </tbody>
                        </table>
                    </div>
                </section>
                
            </div>
            
        </div>
    </section>

    <section class="bakeshop-panel" style="" id="work-areas-panel">
        <div class="bakeshop-panel-head" style="">
            <h3>Work Areas</h3>
            <p>Use one work area at a time so setup, receiving, production, and reporting stay separate instead of competing for attention on one long page.</p>
            
        </div>
        <div class="bakeshop-panel-body bakeshop-setup-shell">
            <div class="bakeshop-tabs" role="tablist" aria-label="Bakeshop setup sections" style="">
                <a class="bakeshop-tab active" href="http://cmsnew.testtests/bakeshop_supervisor_settings_panel_test.php/admin/bakeshop#branches" data-tab="branches" data-workspace-title="Branch Setup" data-workspace-intro="Create and maintain the branch locations that every delivery, production run, and usage report will reference." role="tab" aria-selected="true">Branches</a>
                <a class="bakeshop-tab" href="http://cmsnew.testtests/bakeshop_supervisor_settings_panel_test.php/admin/bakeshop#catalog" data-tab="catalog" data-workspace-title="Products" data-workspace-intro="Define finished goods first, then maintain each product&#039;s recipe lines in the same work area." role="tab" aria-selected="false">Products</a>
                <a class="bakeshop-tab" href="http://cmsnew.testtests/bakeshop_supervisor_settings_panel_test.php/admin/bakeshop#ingredients" data-tab="ingredients" data-workspace-title="Ingredients" data-workspace-intro="Maintain the raw-material catalog separately from products so receiving and recipe setup stay clear." role="tab" aria-selected="false">Ingredients</a>
                <a class="bakeshop-tab" href="http://cmsnew.testtests/bakeshop_supervisor_settings_panel_test.php/admin/bakeshop#deliveries" data-tab="deliveries" data-workspace-title="Ingredient Deliveries" data-workspace-intro="Receive ingredient stock by branch in one place so incoming materials are recorded cleanly before production." role="tab" aria-selected="false">Ingredient Deliveries</a>
                <a class="bakeshop-tab" href="http://cmsnew.testtests/bakeshop_supervisor_settings_panel_test.php/admin/bakeshop#production" data-tab="production" data-workspace-title="Baking Log" data-workspace-intro="Record what was baked, then review saved batches by branch, item, and time." role="tab" aria-selected="false">Baking Log</a>
                <a class="bakeshop-tab" href="http://cmsnew.testtests/bakeshop_supervisor_settings_panel_test.php/admin/bakeshop#usage" data-tab="usage" data-workspace-title="Usage Summary" data-workspace-intro="Review delivered versus consumed ingredients and refresh the usage summary before opening the printable report." role="tab" aria-selected="false">Usage Summary</a>
            </div>

            <section class="bakeshop-tab-panel active" data-tab-panel="branches">
                <div class="bakeshop-panel">
                    <div class="bakeshop-panel-body">
                        <form id="branch-form" class="bakeshop-grid-3" data-manage-required="true">
                            <div class="bakeshop-focus-note" id="branch-focus-note" style="grid-column: 1 / -1;" hidden></div>
                            <input type="hidden" name="id" value="">
                            <input type="hidden" name="is_active" value="1">
                            <div class="bakeshop-field">
                                <label for="branch-code">Code</label>
                                <input id="branch-code" name="code" placeholder="MAIN">
                            </div>
                            <div class="bakeshop-field">
                                <label for="branch-name">Name</label>
                                <input id="branch-name" name="name" placeholder="Main Branch">
                            </div>
                            <div class="bakeshop-field">
                                <label for="branch-address">Address</label>
                                <input id="branch-address" name="address" placeholder="Branch address">
                            </div>
                            <div class="bakeshop-form-actions" style="grid-column: 1 / -1;">
                                <span class="bakeshop-help">Branch IDs are owned by this module. No ecommerce or WMS bridge is wired in v1.</span>
                                <div class="bakeshop-actions">
                                    <button class="bakeshop-button danger" type="button" id="branch-cancel" hidden disabled>Cancel Edit</button>
                                    <button class="bakeshop-button" type="submit" id="branch-submit">Save Branch</button>
                                </div>
                            </div>
                        </form>

                        <div class="bakeshop-field">
                            <label for="branches-filter">Find Branch</label>
                            <input id="branches-filter" type="search" placeholder="Search by branch code, name, or address">
                        </div>

                        <div class="bakeshop-table-wrap">
                            <table class="bakeshop-table" id="branches-table">
                                <thead>
                                    <tr>
                                        <th>Code</th>
                                        <th>Name</th>
                                        <th>Address</th>
                                        <th>Status</th>
                                        <th>Actions</th>
                                    </tr>
                                </thead>
                                <tbody></tbody>
                            </table>
                        </div>
                    </div>
                </div>
            </section>

            <section class="bakeshop-tab-panel" data-tab-panel="catalog">
                <div class="bakeshop-column">
                    <section class="bakeshop-panel" id="product-editor-panel">
                        <div class="bakeshop-panel-head">
                            <p>Define your finished goods. Click a product row to edit it; its recipe lines appear in the sub-section below.</p>
                        </div>
                        <div class="bakeshop-panel-body">
                            <form id="product-form" class="bakeshop-shell" style="gap: 16px;" data-manage-required="true">
                                <div class="bakeshop-focus-note" id="product-focus-note" hidden></div>
                                <input type="hidden" name="id" value="">
                                <input type="hidden" name="is_active" value="1">
                                <div class="bakeshop-grid-3">
                                    <div class="bakeshop-field">
                                        <label for="product-name">Name</label>
                                        <input id="product-name" name="name" placeholder="Pandesal">
                                    </div>
                                    <div class="bakeshop-field">
                                        <label for="product-sku">SKU</label>
                                        <input id="product-sku" name="sku" placeholder="PRD-001">
                                    </div>
                                    <div class="bakeshop-field">
                                        <label for="product-category">Category</label>
                                        <input id="product-category" name="category" placeholder="Bread">
                                    </div>
                                    <div class="bakeshop-field">
                                        <label for="product-yield-qty">Default Yield Qty</label>
                                        <input id="product-yield-qty" name="default_yield_qty" type="number" min="0.01" step="0.01" value="1.00">
                                    </div>
                                    <div class="bakeshop-field" style="grid-column: span 2;">
                                        <label for="product-yield-unit">Default Yield Unit</label>
                                        <select id="product-yield-unit" name="default_yield_unit_id"></select>
                                    </div>
                                </div>
                                <div class="bakeshop-form-actions">
                                    <span class="bakeshop-help">Default yield drives recipe-backed ingredient scaling for saved batch records.</span>
                                    <div class="bakeshop-actions">
                                            <button class="bakeshop-button success" type="button" id="product-add">Add Product</button>
                                        <button class="bakeshop-button danger" type="button" id="product-cancel" hidden disabled>Cancel Edit</button>
                                        <button class="bakeshop-button" type="submit" id="product-submit">Save Product</button>
                                    </div>
                                </div>
                            </form>

                            <div class="bakeshop-grid-2" >
                                <div class="bakeshop-field" style="grid-column: 2 / 3;">
                                    <label for="recipes-filter">Find Recipe Line</label>
                                    <input id="recipes-filter" type="search" placeholder="Search by ingredient, unit, or notes">
                                </div>
                            </div>

                            

                            <section class="bakeshop-panel bakeshop-panel-subdued" id="recipe-panel" >
                                <div class="bakeshop-panel-head">
                                    <h3 id="recipe-panel-title">Recipe</h3>
                                    <p id="recipe-form-description">Edit a product first to view and maintain its recipe lines.</p>
                                </div>
                                <div class="bakeshop-panel-body">
                                    <div id="recipe-panel-empty" class="bakeshop-muted">Select Edit on a product to open that product's recipe.</div>
                                    <div id="recipe-panel-details" hidden>
                                    <form id="recipe-form" class="bakeshop-grid-3" data-manage-required="true">
                                        <div class="bakeshop-focus-note" id="recipe-focus-note" style="grid-column: 1 / -1;" hidden></div>
                                        <input id="recipe-product" name="product_id" type="hidden" value="">
                                        <div class="bakeshop-field">
                                            <label for="recipe-ingredient">Ingredient</label>
                                            <select id="recipe-ingredient" name="ingredient_id"></select>
                                        </div>
                                        <div class="bakeshop-field">
                                            <label for="recipe-unit">Unit</label>
                                            <select id="recipe-unit" name="unit_id"></select>
                                        </div>
                                        <div class="bakeshop-field">
                                            <label for="recipe-qty">Quantity</label>
                                            <input id="recipe-qty" name="qty" type="number" min="0.01" step="0.01" value="1.00">
                                        </div>
                                        <div class="bakeshop-field" style="grid-column: span 2;">
                                            <label for="recipe-notes">Notes</label>
                                            <input id="recipe-notes" name="notes" placeholder="Optional preparation note">
                                        </div>
                                        <div class="bakeshop-form-actions" style="grid-column: 1 / -1;">
                                            <span class="bakeshop-help">Update the ingredient usage for this product.</span>
                                            <div class="bakeshop-actions">
                                                <button class="bakeshop-button danger" type="button" id="recipe-cancel" hidden disabled>Cancel Edit</button>
                                                <button class="bakeshop-button" type="submit" id="recipe-submit">Save Recipe Line</button>
                                            </div>
                                        </div>
                                    </form>

                                    <div class="bakeshop-table-wrap">
                                        <table class="bakeshop-table" id="recipes-table">
                                            <thead>
                                                <tr>
                                                    <th>Ingredient</th>
                                                    <th>Qty</th>
                                                    <th>Unit</th>
                                                    <th>Notes</th>
                                                    <th>Actions</th>
                                                </tr>
                                            </thead>
                                            <tbody></tbody>
                                        </table>
                                    </div>
                                    </div>
                                </div>
                            </section>

                            <div class="bakeshop-form-actions bakeshop-view-tabs">
                                <div class="bakeshop-inline-tabs" role="tablist" aria-label="Product status views">
                                    <button class="bakeshop-inline-tab active" type="button" id="products-view-active" data-product-view="active" aria-selected="true">Active <span class="bakeshop-inline-tab-count" id="products-active-count">0</span></button>
                                    <button class="bakeshop-inline-tab" type="button" id="products-view-archived" data-product-view="archived" aria-selected="false">Archived <span class="bakeshop-inline-tab-count" id="products-archived-count">0</span></button>
                                </div>
                                <span class="bakeshop-help" id="products-view-summary">View active products used for current batch recording.</span>
                            </div>

                            <div class="bakeshop-form-actions bakeshop-bulk-actions">
                                <span class="bakeshop-help" id="products-selection-summary">No products selected.</span>
                                
                                <div class="bakeshop-actions">
                                    <button class="bakeshop-button secondary" type="button" id="products-select-visible">Select Visible</button>
                                    <button class="bakeshop-button secondary" type="button" id="products-clear-selection" hidden>Clear Selection</button>
                                    <button class="bakeshop-button danger" type="button" id="products-delete-selected" hidden>Delete Selected</button>
                                </div>
                                
                            </div>

                            <div class="bakeshop-table-wrap">
                                <table class="bakeshop-table" id="products-table">
                                    <thead>
                                        <tr>
                                            <th class="bakeshop-checkbox-cell"><input class="bakeshop-checkbox" id="products-select-all" type="checkbox" aria-label="Select visible products"></th>
                                            <th>Product</th>
                                            <th>Category</th>
                                            <th>Yield</th>
                                            <th >Recipe Lines</th>
                                            <th>Status</th>
                                            <th>Actions</th>
                                        </tr>
                                    </thead>
                                    <tbody></tbody>
                                </table>
                            </div>
                        </div>
                    </section>

                </div>
            </section>

            <section class="bakeshop-tab-panel" data-tab-panel="ingredients">
                <div class="bakeshop-column">
                    <section class="bakeshop-panel">
                        <div class="bakeshop-panel-head">
                            <p>Maintain the ingredient master list and its base unit before using items in deliveries, usage reporting, and recipe-backed batches.</p>
                        </div>
                        <div class="bakeshop-panel-body">
                            <form id="ingredient-form" class="bakeshop-shell" style="gap: 16px;" data-manage-required="true">
                                <div class="bakeshop-focus-note" id="ingredient-focus-note" hidden></div>
                                <input type="hidden" name="id" value="">
                                <input type="hidden" name="is_active" value="1">
                                <div class="bakeshop-grid-3">
                                    <div class="bakeshop-field">
                                        <label for="ingredient-name">Name</label>
                                        <input id="ingredient-name" name="name" placeholder="Flour">
                                    </div>
                                    <div class="bakeshop-field">
                                        <label for="ingredient-sku">SKU</label>
                                        <input id="ingredient-sku" name="sku" placeholder="ING-001">
                                    </div>
                                    <div class="bakeshop-field">
                                        <label for="ingredient-unit">Default Unit</label>
                                        <select id="ingredient-unit" name="default_unit_id"></select>
                                    </div>
                                </div>
                                <div class="bakeshop-grid-3">
                                    <div class="bakeshop-field">
                                        <label for="ingredient-pack-label">Pack Label</label>
                                        <input id="ingredient-pack-label" name="pack_label" placeholder="Bag">
                                    </div>
                                    <div class="bakeshop-field">
                                        <label for="ingredient-pack-qty">Pack Qty</label>
                                        <input id="ingredient-pack-qty" name="pack_qty" type="number" min="0" step="0.0001" placeholder="25.0000">
                                    </div>
                                    <div class="bakeshop-field">
                                        <label for="ingredient-pack-unit">Pack Unit</label>
                                        <select id="ingredient-pack-unit" name="pack_unit_id"></select>
                                    </div>
                                </div>
                                <div class="bakeshop-form-actions">
                                    <span class="bakeshop-help">Units are seeded globally as `kg`, `g`, `L`, `mL`, `pc`, and `pack`. Pack metadata is optional, but when set it must match the ingredient unit dimension.</span>
                                    <div class="bakeshop-actions">
                                            <button class="bakeshop-button success" type="button" id="ingredient-add">Add Ingredient</button>
                                        <button class="bakeshop-button danger" type="button" id="ingredient-cancel" hidden disabled>Cancel Edit</button>
                                        <button class="bakeshop-button" type="submit" id="ingredient-submit">Save Ingredient</button>
                                    </div>
                                </div>
                            </form>

                            <div class="bakeshop-field">
                                <label for="ingredients-filter">Find Ingredient</label>
                                <input id="ingredients-filter" type="search" placeholder="Search by ingredient, SKU, or unit">
                            </div>

                            <div class="bakeshop-form-actions bakeshop-view-tabs">
                                <div class="bakeshop-inline-tabs" role="tablist" aria-label="Ingredient status views">
                                    <button class="bakeshop-inline-tab active" type="button" id="ingredients-view-active" data-ingredient-view="active" aria-selected="true">Active <span class="bakeshop-inline-tab-count" id="ingredients-active-count">0</span></button>
                                    <button class="bakeshop-inline-tab" type="button" id="ingredients-view-archived" data-ingredient-view="archived" aria-selected="false">Archived <span class="bakeshop-inline-tab-count" id="ingredients-archived-count">0</span></button>
                                </div>
                                <span class="bakeshop-help" id="ingredients-view-summary">View active ingredients used in current operations.</span>
                            </div>

                            <div class="bakeshop-form-actions bakeshop-bulk-actions">
                                <span class="bakeshop-help" id="ingredients-selection-summary">No ingredients selected.</span>
                                
                                <div class="bakeshop-actions">
                                    <button class="bakeshop-button secondary" type="button" id="ingredients-select-visible">Select Visible</button>
                                    <button class="bakeshop-button secondary" type="button" id="ingredients-clear-selection" hidden>Clear Selection</button>
                                    <button class="bakeshop-button danger" type="button" id="ingredients-delete-selected" hidden>Delete Selected</button>
                                </div>
                                
                            </div>

                            <div class="bakeshop-table-wrap">
                                <table class="bakeshop-table" id="ingredients-table">
                                    <thead>
                                        <tr>
                                            <th class="bakeshop-checkbox-cell"><input class="bakeshop-checkbox" id="ingredients-select-all" type="checkbox" aria-label="Select visible ingredients"></th>
                                            <th>Ingredient</th>
                                            <th>SKU</th>
                                            <th>Default Unit</th>
                                            <th>Pack</th>
                                            <th>Status</th>
                                            <th>Actions</th>
                                        </tr>
                                    </thead>
                                    <tbody></tbody>
                                </table>
                            </div>
                        </div>
                    </section>
                </div>
            </section>

            <section class="bakeshop-tab-panel" data-tab-panel="deliveries">
                <section class="bakeshop-panel">
                    <div class="bakeshop-panel-head">
                        <p>Set the day's received quantities for one branch at a time. Every ingredient is listed below so encoding stays predictable.</p>
                    </div>
                    <div class="bakeshop-panel-body">
                        <div class="bakeshop-section-panel active" data-delivery-section-panel="receive">
                        <form id="delivery-form" class="bakeshop-shell" style="gap: 16px;" data-manage-required="true">
                            <div class="bakeshop-grid-2">
                                <div class="bakeshop-field">
                                    <label for="delivery-branch">Branch</label>
                                    <select id="delivery-branch" name="branch_id"></select>
                                </div>
                                <div class="bakeshop-field">
                                    <label for="delivery-at">Delivery Date</label>
                                    <input id="delivery-at" name="delivered_at" type="date">
                                </div>
                                <div class="bakeshop-field">
                                    <label for="delivery-coverage-days">Coverage Days</label>
                                    <input id="delivery-coverage-days" name="coverage_days" type="number" min="1" max="31" step="1" value="3">
                                </div>
                                <div class="bakeshop-field">
                                    <label for="delivery-reference">Reference</label>
                                    <input id="delivery-reference" name="reference" placeholder="DR-2026-001">
                                </div>
                                <div class="bakeshop-field">
                                    <label for="delivery-received-by">Received By</label>
                                    <input id="delivery-received-by" name="received_by" placeholder="Supervisor name">
                                </div>
                            </div>
                            <div class="bakeshop-grid-2">
                                <div class="bakeshop-field">
                                    <label for="delivery-source-type">Delivery Source</label>
                                    <select id="delivery-source-type" name="source_type">
                                        <option value="commissary">Commissary</option>
                                        <option value="other">Other Supplier</option>
                                    </select>
                                </div>
                                <div class="bakeshop-field" id="delivery-source-name-field" hidden>
                                    <label for="delivery-source-name">Other Supplier Name</label>
                                    <input id="delivery-source-name" name="source_name" placeholder="Specify supplier name">
                                </div>
                            </div>
                            <div class="bakeshop-field">
                                <label for="delivery-notes">Notes</label>
                                <textarea id="delivery-notes" name="notes" placeholder="Optional receiving note"></textarea>
                            </div>
                            <div class="bakeshop-grid-2">
                                <div class="bakeshop-field">
                                    <label for="delivery-sheet-filter">Find Ingredient</label>
                                    <input id="delivery-sheet-filter" type="search" placeholder="Search by ingredient or SKU">
                                </div>
                                <div class="bakeshop-field">
                                    <label for="delivery-csv-file">Import CSV</label>
                                    <input id="delivery-csv-file" type="file" accept=".csv,text/csv">
                                </div>
                            </div>
                            <div>
                                <div class="bakeshop-form-actions bakeshop-view-tabs" style="margin-bottom: 10px;">
                                    <div class="bakeshop-section-tabs" role="tablist" aria-label="Delivery sections">
                                        <button class="bakeshop-section-tab active" type="button" data-delivery-section-tab="receive" role="tab" aria-selected="true">Daily Receiving</button>
                                        <button class="bakeshop-section-tab" type="button" data-delivery-section-tab="saved" role="tab" aria-selected="false">Saved Receipts</button>
                                    </div>
                                    <span class="bakeshop-help">Set one branch's received quantities for the day and save a single receipt.</span>
                                </div>
                                <div class="bakeshop-form-actions" style="margin-bottom: 10px;">
                                    <span class="bakeshop-help">Every ingredient is listed below in its default unit. Enter received quantities directly, or import a CSV with `sku` or `ingredient`, `qty`, optional `unit_cost`, and optional `cost_basis` columns.</span>
                                    <div class="bakeshop-actions">
                                        <button class="bakeshop-button secondary" type="button" id="delivery-csv-template">Download CSV Template</button>
                                        <button class="bakeshop-button secondary" type="button" id="delivery-sheet-clear">Clear Quantities</button>
                                    </div>
                                </div>
                                <div class="bakeshop-table-wrap bakeshop-delivery-sheet">
                                    <table class="bakeshop-table">
                                        <thead>
                                            <tr>
                                                <th>Ingredient</th>
                                                <th>SKU</th>
                                                <th>Default Unit</th>
                                                <th>Qty Received</th>
                                                <th>Unit Cost</th>
                                                <th>Cost Basis</th>
                                            </tr>
                                        </thead>
                                        <tbody id="delivery-lines"></tbody>
                                    </table>
                                </div>
                            </div>
                            <div class="bakeshop-form-actions">
                                <span class="bakeshop-help">Saving posts one branch receipt and includes only ingredients with a quantity greater than zero. Coverage days lets one DR represent a multi-day delivery window.</span>
                                <button class="bakeshop-button" type="submit">Save Delivery</button>
                            </div>
                        </form>
                        </div>

                        <div class="bakeshop-section-panel" data-delivery-section-panel="saved">
                        <div class="bakeshop-form-actions bakeshop-view-tabs">
                            <div class="bakeshop-section-tabs" role="tablist" aria-label="Delivery sections">
                                <button class="bakeshop-section-tab" type="button" data-delivery-section-tab="receive" role="tab" aria-selected="false">Daily Receiving</button>
                                <button class="bakeshop-section-tab active" type="button" data-delivery-section-tab="saved" role="tab" aria-selected="true">Saved Receipts</button>
                            </div>
                            <span class="bakeshop-help">Review saved branch receipts by date, source, receiver, and delivery detail.</span>
                        </div>
                        <div class="bakeshop-field">
                            <label for="deliveries-filter">Find Delivery</label>
                            <input id="deliveries-filter" type="search" placeholder="Search by branch, source, reference, receiver, or date">
                        </div>

                        <div class="bakeshop-form-actions bakeshop-bulk-actions">
                            <span class="bakeshop-help" id="deliveries-selection-summary">No deliveries selected.</span>
                            
                            <div class="bakeshop-actions">
                                <button class="bakeshop-button secondary" type="button" id="deliveries-select-visible">Select Visible</button>
                                <button class="bakeshop-button secondary" type="button" id="deliveries-clear-selection" hidden>Clear Selection</button>
                                <button class="bakeshop-button danger" type="button" id="deliveries-delete-selected" hidden>Delete Selected</button>
                            </div>
                            
                        </div>

                        <div class="bakeshop-table-wrap">
                            <table class="bakeshop-table" id="deliveries-table">
                                <thead>
                                    <tr>
                                        <th class="bakeshop-checkbox-cell"><input class="bakeshop-checkbox" id="deliveries-select-all" type="checkbox" aria-label="Select visible deliveries"></th>
                                        <th>Branch</th>
                                        <th>Delivered At</th>
                                        <th>Reference</th>
                                        <th>Delivery Detail</th>
                                        <th>Actions</th>
                                    </tr>
                                </thead>
                                <tbody></tbody>
                            </table>
                        </div>
                        </div>
                    </div>
                </section>
            </section>

            <section class="bakeshop-tab-panel" data-tab-panel="production">
                <section class="bakeshop-panel">
                    <div class="bakeshop-panel-head">
                        <p>Record what was made, keep saved entries easy to review, and preserve the ingredient-use detail that belonged to each finished batch.</p>
                    </div>
                    <div class="bakeshop-panel-body">
                        <section class="bakeshop-panel" style="box-shadow:none; margin-bottom: 16px;">
                            <div class="bakeshop-panel-head">
                                <h3>Branch Product Daily Targets</h3>
                                <p>Store each branch's strict daily output target. Targets must use the same unit dimension as the product's standard yield.</p>
                            </div>
                            <div class="bakeshop-panel-body">
                                <form id="product-target-form" class="bakeshop-shell" style="gap: 16px;" data-manage-required="true">
                                    <div class="bakeshop-focus-note" id="product-target-focus-note" hidden></div>
                                    <input type="hidden" name="id" value="">
                                    <input type="hidden" name="is_active" value="1">
                                    <div class="bakeshop-grid-2">
                                        <div class="bakeshop-field">
                                            <label for="product-target-branch">Branch</label>
                                            <select id="product-target-branch" name="branch_id"></select>
                                        </div>
                                        <div class="bakeshop-field">
                                            <label for="product-target-product">Product</label>
                                            <select id="product-target-product" name="product_id"></select>
                                        </div>
                                        <div class="bakeshop-field">
                                            <label for="product-target-daily-qty">Daily Target Qty</label>
                                            <input id="product-target-daily-qty" name="daily_qty" type="number" min="0.01" step="0.01" placeholder="0.00">
                                        </div>
                                        <div class="bakeshop-field">
                                            <label for="product-target-unit">Target Unit</label>
                                            <select id="product-target-unit" name="unit_id"></select>
                                        </div>
                                    </div>
                                    <div class="bakeshop-form-actions">
                                        <span class="bakeshop-help">Targets drive the DR projection report in the Usage workspace. Missing production days reduce the projected total proportionally.</span>
                                        <div class="bakeshop-actions">
                                            <button class="bakeshop-button success" type="button" id="product-target-add">Add Target</button>
                                            <button class="bakeshop-button danger" type="button" id="product-target-cancel" hidden disabled>Cancel Edit</button>
                                            <button class="bakeshop-button" type="submit" id="product-target-submit">Save Target</button>
                                        </div>
                                    </div>
                                </form>

                                <div class="bakeshop-field">
                                    <label for="product-target-filter">Find Target</label>
                                    <input id="product-target-filter" type="search" placeholder="Search by product, category, or unit">
                                </div>

                                <div class="bakeshop-table-wrap">
                                    <table class="bakeshop-table" id="product-targets-table">
                                        <thead>
                                            <tr>
                                                <th>Product</th>
                                                <th>Category</th>
                                                <th>Daily Target</th>
                                                <th>Unit</th>
                                                <th>Actions</th>
                                            </tr>
                                        </thead>
                                        <tbody></tbody>
                                    </table>
                                </div>
                            </div>
                        </section>

                        <div class="bakeshop-section-panel active" data-production-section-panel="record">
                        <form id="production-form" class="bakeshop-grid-2" data-manage-required="true">
                            <input name="id" type="hidden" value="">
                            <input id="production-product" name="product_id" type="hidden" value="">
                            <input id="production-qty-produced" name="qty_produced" type="hidden" value="">
                            <div class="bakeshop-field">
                                <label for="production-branch">Branch</label>
                                <select id="production-branch" name="branch_id"></select>
                            </div>
                            <div class="bakeshop-field">
                                <label for="production-at">Finished At</label>
                                <input id="production-at" name="produced_at" type="datetime-local">
                            </div>
                            <div class="bakeshop-field">
                                <label for="production-by">Made By</label>
                                <input id="production-by" name="produced_by" placeholder="Baker or supervisor name">
                            </div>
                            <div class="bakeshop-field">
                                <label for="production-notes">Batch Note</label>
                                <input id="production-notes" name="notes" placeholder="Optional note for this saved entry">
                            </div>
                            <div style="grid-column: 1 / -1; display: grid; gap: 10px;">
                                <div class="bakeshop-form-actions bakeshop-view-tabs">
                                    <div class="bakeshop-section-tabs" role="tablist" aria-label="Production sections">
                                        <button class="bakeshop-section-tab active" type="button" data-production-section-tab="record" role="tab" aria-selected="true">Record Batch</button>
                                        <button class="bakeshop-section-tab" type="button" data-production-section-tab="saved" role="tab" aria-selected="false">Saved Entries</button>
                                    </div>
                                    <span class="bakeshop-help">Record batches one item at a time and keep the latest saved entry ready to review.</span>
                                </div>
                                <div class="bakeshop-form-actions">
                                    <span class="bakeshop-help" id="production-focus-note" hidden></span>
                                    <span class="bakeshop-help" id="production-product-note">Choose the branch, finished time, and who made it. Then enter the amount made in the item list below. Leaving a box blank means nothing was made for that item.</span>
                                </div>
                                
                                <div class="bakeshop-form-actions">
                                    <span class="bakeshop-help" id="production-guard-note">Temporary non-production testing override. When enabled, an entry can still be saved even if the item setup is incomplete.</span>
                                    <button class="bakeshop-button secondary" type="button" id="production-guard-toggle">Testing Override: Off</button>
                                </div>
                                
                                <div class="bakeshop-field">
                                    <label for="production-products-filter">Find Item To Record</label>
                                    <input id="production-products-filter" type="search" placeholder="Search by item, SKU, or category">
                                </div>
                                <div class="bakeshop-table-wrap">
                                    <table class="bakeshop-table" id="production-products-table">
                                        <thead>
                                            <tr>
                                                <th>Item</th>
                                                <th>Category</th>
                                                <th>Standard Batch</th>
                                                <th>Amount Made</th>
                                            </tr>
                                        </thead>
                                        <tbody></tbody>
                                    </table>
                                </div>
                            </div>
                            <div class="bakeshop-form-actions" style="grid-column: 1 / -1;">
                                <span class="bakeshop-help">When you review a saved entry later, only the time, person, and note can be updated from this form.</span>
                                <button class="bakeshop-button" type="submit" id="production-submit" hidden>Update Saved Entry</button>
                                <button class="bakeshop-button secondary" type="button" id="production-cancel" hidden disabled>Cancel</button>
                            </div>
                        </form>

                        <div class="bakeshop-review-card" id="production-last-saved" hidden>
                            <div>
                                <strong>Last Saved Entry</strong>
                                <p id="production-last-saved-summary">The next saved batch will appear here so it can be reviewed right away.</p>
                            </div>
                            <div class="bakeshop-actions">
                                <button class="bakeshop-button secondary" type="button" id="production-review-last-saved">Review In Saved Entries</button>
                                <button class="bakeshop-button secondary" type="button" id="production-edit-last-saved">Edit This Entry</button>
                            </div>
                        </div>
                        </div>

                        <div class="bakeshop-section-panel" data-production-section-panel="saved">
                        <div class="bakeshop-form-actions bakeshop-view-tabs">
                            <div class="bakeshop-section-tabs" role="tablist" aria-label="Production sections">
                                <button class="bakeshop-section-tab" type="button" data-production-section-tab="record" role="tab" aria-selected="false">Record Batch</button>
                                <button class="bakeshop-section-tab active" type="button" data-production-section-tab="saved" role="tab" aria-selected="true">Saved Entries</button>
                            </div>
                            <span class="bakeshop-help">Review saved batch entries by branch, item, time, and ingredient-use detail.</span>
                        </div>
                        <div class="bakeshop-stats" id="production-saved-summary">
                            <div class="bakeshop-stat">
                                <strong id="production-saved-count">0</strong>
                                <span>Visible Saved Entries</span>
                            </div>
                            <div class="bakeshop-stat">
                                <strong id="production-saved-latest-item">None yet</strong>
                                <span>Last Saved Item</span>
                            </div>
                            <div class="bakeshop-stat">
                                <strong id="production-saved-latest-branch">No branch yet</strong>
                                <span>Last Saved Branch</span>
                            </div>
                        </div>
                        <div class="bakeshop-field">
                            <label for="production-filter">Find Saved Entry</label>
                            <input id="production-filter" type="search" placeholder="Search by branch, item, finished time, person, or note">
                        </div>

                        <div class="bakeshop-table-wrap">
                            <table class="bakeshop-table" id="production-table">
                                <thead>
                                    <tr>
                                        <th>Branch</th>
                                        <th>Item</th>
                                        <th>Finished At</th>
                                        <th>Amount Made</th>
                                        <th>Ingredients Used</th>
                                        <th>Actions</th>
                                    </tr>
                                </thead>
                                <tbody></tbody>
                            </table>
                        </div>
                        </div>
                    </div>
                </section>
            </section>

            <section class="bakeshop-tab-panel" data-tab-panel="usage">
                <section class="bakeshop-panel">
                    <div class="bakeshop-panel-head">
                        <p>Read the inventory movement view: received deliveries minus recipe-based production consumption, grouped by branch, ingredient, and date.</p>
                    </div>
                    <div class="bakeshop-panel-body">
                        <form id="usage-form" class="bakeshop-grid-3">
                            <div class="bakeshop-field">
                                <label for="usage-branch">Branch</label>
                                <select id="usage-branch" name="branch_id" data-report-scope="branch_id"></select>
                            </div>
                            <div class="bakeshop-field">
                                <label for="usage-from">From Date</label>
                                <input id="usage-from" name="from_date" type="date" value="" data-report-scope="from_date">
                            </div>
                            <div class="bakeshop-field">
                                <label for="usage-to">To Date</label>
                                <input id="usage-to" name="to_date" type="date" value="" data-report-scope="to_date">
                            </div>
                            <div class="bakeshop-field">
                                <label for="usage-horizon-days">Projection Horizon</label>
                                <input id="usage-horizon-days" name="horizon_days" type="number" min="1" max="31" step="1" value="7">
                            </div>
                            <div class="bakeshop-form-actions" style="grid-column: 1 / -1;">
                                <span class="bakeshop-help">These filters mirror any applied dashboard summary filters and drive the printable inventory summary. DR projection uses the same scope plus the projection horizon.</span>
                                <div class="bakeshop-actions">
                                    <a class="bakeshop-button print" id="bakeshop-dr-projection-print-link" href="http://cmsnew.testtests/bakeshop_supervisor_settings_panel_test.php/admin/bakeshop/print/dr-projection" target="_blank" rel="noopener">Open DR Projection Print</a>
                                    <button class="bakeshop-button" type="submit">Refresh Usage</button>
                                </div>
                            </div>
                        </form>

                        <div class="bakeshop-grid-3">
                            <div class="bakeshop-stat">
                                <strong id="usage-total-delivered">0.00</strong>
                                <span>Delivered By Unit</span>
                            </div>
                            <div class="bakeshop-stat">
                                <strong id="usage-total-consumed">0.00</strong>
                                <span>Consumed By Unit</span>
                            </div>
                            <div class="bakeshop-stat">
                                <strong id="usage-total-variance">0.00</strong>
                                <span>Variance By Unit</span>
                            </div>
                        </div>

                        <div class="bakeshop-stats">
                            <div class="bakeshop-stat">
                                <strong id="usage-factual-ingredients">0</strong>
                                <span>Tracked Ingredients</span>
                            </div>
                            <div class="bakeshop-stat">
                                <strong id="usage-factual-deliveries">0</strong>
                                <span>Delivery Lines</span>
                            </div>
                            <div class="bakeshop-stat">
                                <strong id="usage-factual-runs">0</strong>
                                <span>Saved Batches</span>
                            </div>
                        </div>

                        <div class="bakeshop-field">
                            <label for="usage-filter">Find Usage Row</label>
                            <input id="usage-filter" type="search" placeholder="Search by branch, ingredient, date, or unit">
                        </div>

                        <div class="bakeshop-table-wrap">
                            <table class="bakeshop-table" id="usage-table">
                                <thead>
                                    <tr>
                                        <th>Branch</th>
                                        <th>Date</th>
                                        <th>Ingredient</th>
                                        <th>Unit</th>
                                        <th>Delivered</th>
                                        <th>Consumed</th>
                                        <th>Variance</th>
                                    </tr>
                                </thead>
                                <tbody></tbody>
                            </table>
                        </div>

                        <section class="bakeshop-panel" style="box-shadow:none; margin-top: 16px;">
                            <div class="bakeshop-panel-head">
                                <h3>DR Projection</h3>
                                <p>Extend the observed delivery window into a future demand projection: ingredients are dailyized from DR coverage, while products use strict branch daily targets.</p>
                            </div>
                            <div class="bakeshop-panel-body">
                                <div class="bakeshop-form-actions">
                                    <span class="bakeshop-help" id="dr-projection-summary">Choose a branch and a scoped date range, then refresh usage to compute projected ingredient and product requirements.</span>
                                    <div class="bakeshop-actions">
                                        <a class="bakeshop-button print" href="http://cmsnew.testtests/bakeshop_supervisor_settings_panel_test.php/admin/bakeshop/print/dr-projection" id="bakeshop-dr-projection-inline-print-link" target="_blank" rel="noopener">Print This Projection</a>
                                    </div>
                                </div>

                                <div class="bakeshop-grid-2">
                                    <section>
                                        <div class="bakeshop-field">
                                            <label for="dr-projection-ingredients-filter">Find Projected Ingredient</label>
                                            <input id="dr-projection-ingredients-filter" type="search" placeholder="Search by ingredient, unit, or pack">
                                        </div>
                                        <div class="bakeshop-table-wrap">
                                            <table class="bakeshop-table" id="dr-projection-ingredients-table">
                                                <thead>
                                                    <tr>
                                                        <th>Ingredient</th>
                                                        <th>Observed Qty</th>
                                                        <th>Coverage</th>
                                                        <th>Daily Qty</th>
                                                        <th>Projected Qty</th>
                                                        <th>Per Pack</th>
                                                    </tr>
                                                </thead>
                                                <tbody></tbody>
                                            </table>
                                        </div>
                                    </section>

                                    <section>
                                        <div class="bakeshop-field">
                                            <label for="dr-projection-products-filter">Find Projected Product</label>
                                            <input id="dr-projection-products-filter" type="search" placeholder="Search by product, category, or unit">
                                        </div>
                                        <div class="bakeshop-table-wrap">
                                            <table class="bakeshop-table" id="dr-projection-products-table">
                                                <thead>
                                                    <tr>
                                                        <th>Product</th>
                                                        <th>Daily Target</th>
                                                        <th>Days Produced</th>
                                                        <th>Missing Days</th>
                                                        <th>Projected Qty</th>
                                                    </tr>
                                                </thead>
                                                <tbody></tbody>
                                            </table>
                                        </div>
                                    </section>
                                </div>
                            </div>
                        </section>

                        <section class="bakeshop-panel" style="box-shadow:none;">
                            <div class="bakeshop-panel-head">
                                <h3>Ingredient Inventory As Of Scope End</h3>
                                <p>Shows net stock up to the selected end date. The branch filter always applies, and if only a from date is set it is used as the as-of date.</p>
                            </div>
                            <div class="bakeshop-panel-body">
                                <div class="bakeshop-grid-2">
                                    <div class="bakeshop-stat">
                                        <strong id="inventory-total-on-hand">0.00</strong>
                                        <span>On-Hand By Unit At Scope End</span>
                                    </div>
                                    <div class="bakeshop-stat">
                                        <strong id="inventory-total-lines">0</strong>
                                        <span>Tracked Ingredient Lines</span>
                                    </div>
                                </div>

                                <div class="bakeshop-field">
                                    <label for="inventory-filter">Find Inventory Row</label>
                                    <input id="inventory-filter" type="search" placeholder="Search by branch, ingredient, or unit">
                                </div>

                                <div class="bakeshop-table-wrap">
                                    <table class="bakeshop-table" id="inventory-table">
                                        <thead>
                                            <tr>
                                                <th>Branch</th>
                                                <th>Ingredient</th>
                                                <th>Unit</th>
                                                <th>Received To Date</th>
                                                <th>Consumed To Date</th>
                                                <th>On Hand</th>
                                            </tr>
                                        </thead>
                                        <tbody></tbody>
                                    </table>
                                </div>
                            </div>
                        </section>
                    </div>
                </section>
            </section>
        </div>
    </section>

</div>

<script>
document.addEventListener('DOMContentLoaded', () => {
    const csrfToken = '7de2463e22f2cc74fd547e2d1a0160e3e8769de21ab0ab258c06b084db96271b';
    const baseUrl = 'http://cmsnew.testtests/bakeshop_supervisor_settings_panel_test.php';

    function normalizePathPrefix(value) {
        if (!value) {
            return '';
        }

        let pathname = String(value || '').trim();
        if (pathname === '') {
            return '';
        }

        try {
            pathname = new URL(pathname, window.location.origin).pathname || '';
        } catch (error) {
            pathname = String(value || '').trim();
        }

        pathname = pathname.replace(/\/+$/, '');
        if (pathname === '/' || pathname === '.') {
            return '';
        }

        return pathname;
    }

    function bakeshopAppBasePath() {
        const candidates = [window.location.pathname, baseUrl];
        for (const candidate of candidates) {
            const normalized = normalizePathPrefix(candidate);
            if (normalized === '') {
                continue;
            }

            const match = normalized.match(/^(.*?)(\/admin\/bakeshop(?:\/.*)?|\/bakeshop(?:\/.*)?)$/);
            if (match) {
                return match[1] || '';
            }

            if (!normalized.startsWith('/api/')) {
                return normalized;
            }
        }

        return '';
    }

    function bakeshopApiPath(path) {
        return bakeshopAppBasePath() + String(path || '');
    }

    function normalizedRowId(kind, row) {
        if (!row || typeof row !== 'object') {
            return 0;
        }

        const candidates = [row.id];
        if (kind === 'product') {
            candidates.push(row.product_id);
        } else if (kind === 'ingredient') {
            candidates.push(row.ingredient_id);
        } else if (kind === 'branch') {
            candidates.push(row.branch_id);
        }

        for (const candidate of candidates) {
            const numericId = Number(candidate);
            if (Number.isFinite(numericId) && numericId > 0) {
                return numericId;
            }
        }

        return 0;
    }

    function normalizeMaintenanceRows(kind, rows) {
        if (!Array.isArray(rows)) {
            return [];
        }

        return rows.map((row) => {
            if (!row || typeof row !== 'object') {
                return row;
            }

            const resolvedId = normalizedRowId(kind, row);
            return {
                ...row,
                id: resolvedId > 0 ? resolvedId : row.id
            };
        });
    }

    const api = {
        branches: bakeshopApiPath('/api/v1/bakeshop/branches'),
        units: bakeshopApiPath('/api/v1/bakeshop/units'),
        products: bakeshopApiPath('/api/v1/bakeshop/products'),
        productStatus: bakeshopApiPath('/api/v1/bakeshop/products/[id]/status'),
        productsBatchDelete: bakeshopApiPath('/api/v1/bakeshop/products/batch-delete'),
        productsDelete: bakeshopApiPath('/api/v1/bakeshop/products/delete'),
        ingredients: bakeshopApiPath('/api/v1/bakeshop/ingredients'),
        ingredientStatus: bakeshopApiPath('/api/v1/bakeshop/ingredients/[id]/status'),
        ingredientsBatchDelete: bakeshopApiPath('/api/v1/bakeshop/ingredients/batch-delete'),
        ingredientsDelete: bakeshopApiPath('/api/v1/bakeshop/ingredients/delete'),
        recipes: bakeshopApiPath('/api/v1/bakeshop/recipes'),
        recipesDelete: bakeshopApiPath('/api/v1/bakeshop/recipes/delete'),
        deliveries: bakeshopApiPath('/api/v1/bakeshop/deliveries'),
        deliveriesBatchDelete: bakeshopApiPath('/api/v1/bakeshop/deliveries/batch-delete'),
        deliveriesDelete: bakeshopApiPath('/api/v1/bakeshop/deliveries/delete'),
        productTargets: bakeshopApiPath('/api/v1/bakeshop/product-targets'),
        productTargetsDelete: bakeshopApiPath('/api/v1/bakeshop/product-targets/delete'),
        production: bakeshopApiPath('/api/v1/bakeshop/production'),
        productionVoid: bakeshopApiPath('/api/v1/bakeshop/production/void'),
        permissionsSettings: bakeshopApiPath('/api/v1/bakeshop/settings/permissions'),
        usage: bakeshopApiPath('/api/v1/bakeshop/usage'),
        drProjection: bakeshopApiPath('/api/v1/bakeshop/reports/dr-projection')
    };

    api.branchStatus = bakeshopApiPath('/api/v1/bakeshop/branches/[id]/status');

    const canManageSettings = true;
    const canManageWorkspace = true;
    const allowProductionGuardOverride = true;
    const defaultUsageDecimalPlaces = Number('2');
    const defaultDrCoverageDays = Number('3');
    const productRecipesEnabled = true;
    const productionRequiresRecipe = false;
    const searchParams = new URLSearchParams(window.location.search);
    const focusState = {
        kind: searchParams.get('focus_kind') || '',
        id: Number(searchParams.get('focus_id') || '0'),
        applied: false
    };

    const state = {
        branches: [],
        units: [],
        products: [],
        productListView: 'active',
        selectedProductIds: new Set(),
        productionDraftQuantities: {},
        productionDraftSaveState: {},
        productionGuardOverride: false,
        deliverySectionTab: 'receive',
        productionSectionTab: 'record',
        lastSavedProductionId: 0,
        lastSavedProductionSummary: null,
        ingredients: [],
        ingredientListView: 'active',
        selectedIngredientIds: new Set(),
        recipes: [],
        activeProductId: 0,
        deliveries: [],
        expandedDeliveryId: 0,
        selectedDeliveryIds: new Set(),
        productTargets: [],
        productTargetBranchId: 0,
        production: [],
        usage: [],
        drProjection: {
            filters: null,
            branch: null,
            window_days: 0,
            ingredients: [],
            products: [],
            error: ''
        },
        drProjectionScopeKey: '',
        inventorySnapshot: [],
        usageDecimalPlaces: Number.isFinite(defaultUsageDecimalPlaces) ? defaultUsageDecimalPlaces : 2,
        usageTotals: {
            delivered_qty_base: '0.00',
            consumed_qty_base: '0.00',
            variance_qty_base: '0.00',
            delivered_display: '0.00',
            consumed_display: '0.00',
            variance_display: '0.00'
        },
        factualSummary: {
            ingredient_count: 0,
            delivery_item_count: 0,
            production_run_count: 0,
            inventory_on_hand_qty_base: '0.00',
            inventory_on_hand_display: '0.00'
        },
        inventoryTotals: {
            on_hand_qty_base: '0.00',
            on_hand_display: '0.00',
            item_count: 0
        },
        loaded: {
            branches: false,
            units: false,
            products: false,
            ingredients: false,
            recipes: false,
            deliveries: false,
            'product-targets': false,
            production: false,
            'dr-projection': false
        }
    };

    const $ = (selector) => document.querySelector(selector);
    const banner = $('#bakeshop-banner');
    const deleteConfirm = $('#bakeshop-delete-confirm');
    const deleteConfirmTitle = $('#bakeshop-delete-confirm-title');
    const deleteConfirmMessage = $('#bakeshop-delete-confirm-message');
    const deleteConfirmImpact = $('#bakeshop-delete-confirm-impact');
    const deleteConfirmList = $('#bakeshop-delete-confirm-list');
    const deleteConfirmOverflow = $('#bakeshop-delete-confirm-overflow');
    const deleteConfirmCancel = $('#bakeshop-delete-confirm-cancel');
    const deleteConfirmSubmit = $('#bakeshop-delete-confirm-submit');
    const printLink = $('#bakeshop-print-link');
    const drProjectionPrintLink = $('#bakeshop-dr-projection-print-link');
    const drProjectionInlinePrintLink = $('#bakeshop-dr-projection-inline-print-link');
    const productionGuardToggle = $('#production-guard-toggle');
    const productionGuardNote = $('#production-guard-note');
    const productionLastSaved = $('#production-last-saved');
    const productionLastSavedSummary = $('#production-last-saved-summary');
    const productionReviewLastSaved = $('#production-review-last-saved');
    const productionEditLastSaved = $('#production-edit-last-saved');
    const deliverySectionTabs = document.querySelectorAll('[data-delivery-section-tab]');
    const deliverySectionPanels = document.querySelectorAll('[data-delivery-section-panel]');
    const productionSectionTabs = document.querySelectorAll('[data-production-section-tab]');
    const productionSectionPanels = document.querySelectorAll('[data-production-section-panel]');
    const deliveryLines = $('#delivery-lines');
    const deliveryCsvFile = $('#delivery-csv-file');
    const permissionsForm = $('#permissions-form');
    const branchForm = $('#branch-form');
    const productForm = $('#product-form');
    const ingredientForm = $('#ingredient-form');
    const recipeForm = $('#recipe-form');
    const productTargetForm = $('#product-target-form');
    const productionForm = $('#production-form');
    const manageRequiredForms = document.querySelectorAll('[data-manage-required="true"]');
    const setupTabs = document.querySelectorAll('[data-tab]');
    const setupPanels = document.querySelectorAll('[data-tab-panel]');
    const focusedWorkspaceMode = false;
    const pageTitle = document.getElementById('bakeshop-page-title');
    const pageIntro = document.getElementById('bakeshop-page-intro');
    const defaultWorkspaceTitle = pageTitle ? pageTitle.textContent : '';
    const defaultWorkspaceIntro = pageIntro ? pageIntro.textContent : '';
    const defaultTab = 'branches';
    const isDashboardPage = 'dashboard' === 'dashboard';
    let pendingDeleteConfirmResolve = null;

    function resolveTabName(candidate) {
        if (!candidate) {
            return defaultTab;
        }

        return Array.from(setupTabs).some((button) => button.getAttribute('data-tab') === candidate)
            ? candidate
            : defaultTab;
    }

    function currentTabName() {
        const activeButton = Array.from(setupTabs).find((button) => button.classList.contains('active'));
        return resolveTabName(activeButton ? activeButton.getAttribute('data-tab') : window.location.hash.slice(1));
    }

    function tabRequirementsFor(tabName) {
        const tabRequirements = {
            branches: ['branches'],
            catalog: ['units', 'products', 'ingredients', 'recipes'],
            ingredients: ['units', 'ingredients'],
            deliveries: ['branches', 'ingredients', 'deliveries'],
            production: ['branches', 'units', 'products', 'product-targets', 'production'],
            usage: ['branches', 'usage', 'dr-projection']
        };

        return tabRequirements[resolveTabName(tabName)] || [];
    }

    function datasetLoaders() {
        return {
            branches: loadBranches,
            units: loadUnits,
            products: loadProducts,
            ingredients: loadIngredients,
            recipes: loadRecipes,
            deliveries: loadDeliveries,
            'product-targets': loadProductTargets,
            production: loadProduction,
            usage: loadUsage,
            'dr-projection': loadDrProjection
        };
    }

    function normalizeCacheInvalidations(values) {
        if (!Array.isArray(values)) {
            return [];
        }

        return Array.from(new Set(values
            .map((value) => String(value || '').trim().toLowerCase())
            .filter(Boolean)));
    }

    function invalidateCachedDatasets(values) {
        normalizeCacheInvalidations(values).forEach((dataset) => {
            if (Object.prototype.hasOwnProperty.call(state.loaded, dataset)) {
                state.loaded[dataset] = false;
            }
        });
    }

    async function applyCacheInvalidations(values, options = {}) {
        const invalidations = normalizeCacheInvalidations(values);
        if (!invalidations.length) {
            return;
        }

        invalidateCachedDatasets(invalidations);

        if (options.refreshCurrentTab === false) {
            return;
        }

        const currentTab = currentTabName();
        const requirements = tabRequirementsFor(currentTab);
        const refreshCurrentTab = invalidations.some((dataset) => dataset === 'usage'
            ? currentTab === 'usage'
            : requirements.includes(dataset));

        if (refreshCurrentTab) {
            await ensureTabData(currentTab, { force: true });
        }
    }

    function syncFocusedWorkspaceHeader(tabName) {
        if (!focusedWorkspaceMode || !pageTitle || !pageIntro) {
            return;
        }

        const activeButton = Array.from(setupTabs).find((button) => button.getAttribute('data-tab') === tabName);
        if (!activeButton) {
            pageTitle.textContent = defaultWorkspaceTitle;
            pageIntro.textContent = defaultWorkspaceIntro;
            return;
        }

        pageTitle.textContent = activeButton.getAttribute('data-workspace-title') || defaultWorkspaceTitle;
        pageIntro.textContent = activeButton.getAttribute('data-workspace-intro') || defaultWorkspaceIntro;
    }

    async function activateTab(tabName, options = {}) {
        const updateHash = options.updateHash !== false;
        const resolvedTab = resolveTabName(tabName);
        setupTabs.forEach((button) => {
            const isActive = button.getAttribute('data-tab') === resolvedTab;
            button.classList.toggle('active', isActive);
            button.setAttribute('aria-selected', isActive ? 'true' : 'false');
        });
        setupPanels.forEach((panel) => {
            panel.classList.toggle('active', panel.getAttribute('data-tab-panel') === resolvedTab);
        });
        syncFocusedWorkspaceHeader(resolvedTab);

        if (updateHash && window.location.hash.slice(1) !== resolvedTab) {
            history.replaceState(null, '', '#' + resolvedTab);
        }

        await ensureTabData(resolvedTab, { force: options.force === true });
    }

    setupTabs.forEach((button) => {
        button.addEventListener('click', async (event) => {
            const tabName = button.getAttribute('data-tab');
            let targetUrl = null;
            try {
                targetUrl = new URL(button.getAttribute('href') || '', window.location.origin);
            } catch (error) {
                targetUrl = null;
            }

            if (targetUrl && targetUrl.pathname === window.location.pathname && targetUrl.search === window.location.search) {
                event.preventDefault();
                try {
                    await activateTab(tabName);
                } catch (error) {
                    showBanner(error.message || 'Unable to open this work area.', false);
                }
            }
        });
    });

    window.addEventListener('hashchange', () => {
        activateTab(window.location.hash.slice(1), { updateHash: false }).catch((error) => {
            showBanner(error.message || 'Unable to open this work area.', false);
        });
    });

    if (window.location.hash) {
        activateTab(window.location.hash.slice(1)).catch((error) => {
            showBanner(error.message || 'Unable to open this work area.', false);
        });
    } else {
        activateTab(defaultTab, { updateHash: true }).catch((error) => {
            showBanner(error.message || 'Unable to open this work area.', false);
        });
    }

    function rowStatusChip(isActive) {
        return '<span class="bakeshop-chip ' + (Number(isActive) === 0 ? 'inactive' : 'active') + '">' + (Number(isActive) === 0 ? 'Archived' : 'Active') + '</span>';
    }

    function rowActionButtons(kind, row) {
        const rowId = normalizedRowId(kind, row);
        const actionId = rowId > 0 ? String(rowId) : '';
        if (!canManageWorkspace) {
            return '<span class="bakeshop-inline-note">View only</span>';
        }

        let deleteAction = '';
        if (kind === 'product') {
            deleteAction = Number(row.can_delete) === 1
                ? '<button type="button" class="bakeshop-link-button warn" data-kind="' + escapeHtml(kind) + '" data-action="delete" data-id="' + escapeHtml(actionId) + '">Delete</button>'
                : '<span class="bakeshop-inline-note">In use, archive instead</span>';
        }
        if (kind === 'ingredient') {
            deleteAction = Number(row.can_delete) === 1
                ? '<button type="button" class="bakeshop-link-button warn" data-kind="' + escapeHtml(kind) + '" data-action="delete" data-id="' + escapeHtml(actionId) + '">Delete</button>'
                : '<span class="bakeshop-inline-note">In use, archive instead</span>';
        }

        return '<div class="bakeshop-row-actions">'
            + '<button type="button" class="bakeshop-link-button" data-kind="' + escapeHtml(kind) + '" data-action="edit" data-id="' + escapeHtml(actionId) + '">Edit</button>'
            + deleteAction
            + '<button type="button" class="bakeshop-link-button ' + (Number(row.is_active) === 0 ? '' : 'warn') + '" data-kind="' + escapeHtml(kind) + '" data-action="toggle-active" data-id="' + escapeHtml(actionId) + '"' + (rowId > 0 ? '' : ' disabled') + '>' + (Number(row.is_active) === 0 ? 'Restore' : 'Archive') + '</button>'
            + '</div>';
    }

    function findUnitById(unitId) {
        return state.units.find((row) => Number(row.id) === Number(unitId)) || null;
    }

    function unitOptionLabel(row) {
        return [row.code, row.name].filter(Boolean).join(' — ');
    }

    function formatIngredientPack(row) {
        const packLabel = String(row.pack_label || '').trim();
        const packQty = row.pack_qty !== null && row.pack_qty !== undefined && String(row.pack_qty).trim() !== ''
            ? String(row.pack_qty)
            : '';
        const packUnitCode = String(row.pack_unit_code || '').trim();

        if (packLabel === '' || packQty === '' || packUnitCode === '') {
            return '—';
        }

        return packLabel + ' · ' + packQty + ' ' + packUnitCode;
    }

    function activeBranchRows() {
        return state.branches.filter((row) => Number(row.is_active) !== 0);
    }

    function activeProductRows() {
        return state.products.filter((row) => Number(row.is_active) !== 0);
    }

    function currentProductTargetBranchId() {
        const branchSelect = $('#product-target-branch');
        const selectedBranchId = Number(branchSelect ? branchSelect.value : state.productTargetBranchId || 0);
        if (selectedBranchId > 0) {
            return selectedBranchId;
        }

        const firstBranch = activeBranchRows()[0] || null;
        return Number(firstBranch ? firstBranch.id : 0);
    }

    function currentDrProjectionScope() {
        return {
            ...currentReportScope(),
            horizon_days: $('#usage-horizon-days') ? $('#usage-horizon-days').value : '7'
        };
    }

    function drProjectionScopeKey(scope) {
        return [scope.branch_id || '', scope.from_date || '', scope.to_date || '', scope.horizon_days || ''].join('|');
    }

    function canLoadDrProjection(scope) {
        return String(scope.branch_id || '').trim() !== ''
            && String(scope.from_date || '').trim() !== ''
            && String(scope.to_date || '').trim() !== '';
    }

    function activeProductRecord() {
        return state.products.find((row) => Number(row.id) === Number(state.activeProductId)) || null;
    }

    function selectedProductionProductRecord() {
        if (!productionForm) {
            return null;
        }

        const productId = Number(productionForm.elements.namedItem('product_id').value || '0');
        if (productId <= 0) {
            return null;
        }

        return state.products.find((row) => Number(row.id) === productId) || null;
    }

    function productionDraftEntries() {
        return Object.entries(state.productionDraftQuantities || {})
            .map(([productId, qty]) => {
                const numericProductId = Number(productId);
                const normalizedQty = String(qty || '').trim();
                const numericQty = Number.parseFloat(normalizedQty);
                return {
                    productId: numericProductId,
                    qty: normalizedQty,
                    numericQty,
                    product: state.products.find((row) => Number(row.id) === numericProductId) || null
                };
            })
            .filter((entry) => Number.isFinite(entry.productId) && entry.productId > 0 && Number.isFinite(entry.numericQty) && entry.numericQty > 0);
    }

    function normalizeOptionalTwoDecimalQuantity(value) {
        const normalized = String(value ?? '').trim();
        if (normalized === '') {
            return '';
        }

        const numeric = Number.parseFloat(normalized);
        if (!Number.isFinite(numeric) || numeric <= 0) {
            return '';
        }

        return numeric.toFixed(2);
    }

    function productionRowBlockedReason(row) {
        if (!row) {
            return 'Product not found.';
        }

        if (!Number.isFinite(Number(row.default_yield_qty)) || Number(row.default_yield_qty) <= 0) {
            return 'Set the standard batch size first.';
        }

        if (productionRequiresRecipe && Number(row.recipe_item_count || 0) <= 0) {
            return 'Add ingredients for this item first.';
        }

        return '';
    }

    function productionGuardOverrideActive() {
        return allowProductionGuardOverride && state.productionGuardOverride === true;
    }

    function activateDeliverySectionTab(tabName, options = {}) {
        const resolvedTab = tabName === 'saved' ? 'saved' : 'receive';
        state.deliverySectionTab = resolvedTab;

        deliverySectionTabs.forEach((button) => {
            const isActive = button.getAttribute('data-delivery-section-tab') === resolvedTab;
            button.classList.toggle('active', isActive);
            button.setAttribute('aria-selected', isActive ? 'true' : 'false');
        });
        deliverySectionPanels.forEach((panel) => {
            panel.classList.toggle('active', panel.getAttribute('data-delivery-section-panel') === resolvedTab);
        });

        if (resolvedTab === 'saved' && options.scrollToFocused === true) {
            const focusedRow = document.querySelector('#deliveries-table tbody tr.bakeshop-row-focus');
            if (focusedRow) {
                focusedRow.scrollIntoView({ behavior: 'smooth', block: 'nearest' });
            }
        }
    }

    function activateProductionSectionTab(tabName, options = {}) {
        const resolvedTab = tabName === 'saved' ? 'saved' : 'record';
        state.productionSectionTab = resolvedTab;

        productionSectionTabs.forEach((button) => {
            const isActive = button.getAttribute('data-production-section-tab') === resolvedTab;
            button.classList.toggle('active', isActive);
            button.setAttribute('aria-selected', isActive ? 'true' : 'false');
        });
        productionSectionPanels.forEach((panel) => {
            panel.classList.toggle('active', panel.getAttribute('data-production-section-panel') === resolvedTab);
        });

        if (resolvedTab === 'saved' && options.scrollToRecent === true) {
            const recentRow = document.querySelector('#production-table tbody tr.bakeshop-row-recent');
            if (recentRow) {
                recentRow.scrollIntoView({ behavior: 'smooth', block: 'nearest' });
            }
        }
    }

    function formatProductionLastSavedSummary(summary) {
        if (!summary) {
            return '';
        }

        const parts = [];
        if (summary.product_name) {
            parts.push(summary.product_name + ' · ' + displayTwoDecimalQuantity(summary.qty_produced) + ' ' + (summary.default_yield_unit_code || '').trim());
        }
        if (summary.branch_name) {
            parts.push('Branch: ' + summary.branch_name);
        }
        if (summary.produced_at) {
            parts.push('Finished: ' + summary.produced_at);
        }
        if (summary.produced_by) {
            parts.push('Made by: ' + summary.produced_by);
        }
        if (summary.notes) {
            parts.push('Note: ' + summary.notes);
        }

        return parts.join(' | ');
    }

    function syncProductionLastSavedCard() {
        if (!productionLastSaved || !productionLastSavedSummary) {
            return;
        }

        const summary = state.lastSavedProductionSummary;
        if (!summary || Number(state.lastSavedProductionId || 0) <= 0) {
            productionLastSaved.hidden = true;
            productionLastSavedSummary.textContent = 'The next saved batch will appear here so it can be reviewed right away.';
            return;
        }

        productionLastSaved.hidden = false;
        productionLastSavedSummary.textContent = formatProductionLastSavedSummary(summary);
    }

    function rememberLastSavedProduction(row) {
        const rowId = Number(row && row.id ? row.id : 0);
        if (rowId <= 0) {
            return;
        }

        state.lastSavedProductionId = rowId;
        state.lastSavedProductionSummary = {
            id: rowId,
            branch_name: row.branch_name || '',
            product_name: row.product_name || row.name || '',
            produced_at: row.produced_at || '',
            qty_produced: row.qty_produced || '0',
            default_yield_unit_code: row.default_yield_unit_code || '',
            produced_by: row.produced_by || '',
            notes: row.notes || ''
        };
        syncProductionLastSavedCard();
    }

    function syncProductionGuardOverrideControls() {
        if (!productionGuardToggle) {
            return;
        }

        const active = productionGuardOverrideActive();
        productionGuardToggle.textContent = active ? 'Testing Override: On' : 'Testing Override: Off';
        productionGuardToggle.classList.toggle('warn', active);

        if (productionGuardNote) {
            if (!productionRequiresRecipe) {
                productionGuardNote.textContent = active
                    ? 'Recipe mode is optional. Testing override remains on for incomplete setup cases such as missing standard batch size.'
                    : 'Recipe mode is optional. Testing override is only needed for incomplete setup cases such as missing standard batch size.';
            } else {
                productionGuardNote.textContent = active
                    ? 'Temporary non-production testing override is on. Saved entries will still be recorded even if the item setup is incomplete.'
                    : 'Temporary non-production testing override. When enabled, an entry can still be saved even if the item setup is incomplete.';
            }
        }
    }

    function setProductionDraftSaveState(productId, kind, message = '') {
        state.productionDraftSaveState[String(productId)] = {
            kind,
            message
        };
    }

    function productionDraftSaveStateFor(productId) {
        return state.productionDraftSaveState[String(productId)] || null;
    }

    function productionMetadataEditActive() {
        if (!productionForm) {
            return false;
        }

        return Number(productionForm.elements.namedItem('id').value || '0') > 0;
    }

    function productionDateTimeInputValue(value) {
        const normalized = String(value || '').trim();
        if (normalized === '') {
            return nowLocalDateTime();
        }

        return normalized.replace(' ', 'T').slice(0, 16);
    }

    function syncProductionProductSelection() {
        if (!productionForm) {
            return;
        }

        const note = $('#production-product-note');
        const productField = productionForm.elements.namedItem('product_id');
        const qtyField = productionForm.elements.namedItem('qty_produced');
        const draftEntries = productionDraftEntries();
        const selected = productionMetadataEditActive()
            ? selectedProductionProductRecord()
            : (draftEntries.length === 1 ? draftEntries[0].product : null);
        const draftProductIds = new Set(draftEntries.map((entry) => Number(entry.productId)));

        if (!note || !productField || !qtyField) {
            return;
        }

        if (!productionMetadataEditActive()) {
            productField.value = '';
            qtyField.value = '';
        }

        if (productionMetadataEditActive() && selected) {
            note.textContent = 'Reviewing the saved entry for ' + (selected.name || 'item') + '. Branch, item, amount made, and ingredients used stay locked here.';
        } else if (draftEntries.length === 0) {
            note.textContent = productionRequiresRecipe
                ? 'Choose the branch, finished time, and who made it. Then enter the amount made in the item list below. Leave a box blank if nothing was made for that item.'
                : 'Choose the branch, finished time, and who made it. Then enter the amount made in the item list below. Leave a box blank if nothing was made for that item. Products without recipes can still save as output-only entries.';
        } else if (draftEntries.length === 1 && selected) {
            note.textContent = 'Ready to save ' + (selected.name || 'item') + ' · Standard batch ' + displayTwoDecimalQuantity(selected.default_yield_qty) + ' ' + (selected.default_yield_unit_code || 'unit') + ' · Amount made ' + draftEntries[0].qty + '.';
        } else {
            note.textContent = 'Amounts will save as you leave each box.';
        }

        if (productionGuardOverrideActive()) {
            note.textContent += ' Testing override is on.';
        }

        document.querySelectorAll('#production-products-table tbody tr[data-row-kind="production-product"]').forEach((rowElement) => {
            const rowId = Number(rowElement.getAttribute('data-row-id') || '0');
            const isSelected = productionMetadataEditActive()
                ? Boolean(selected && rowId === Number(selected.id || 0))
                : draftProductIds.has(rowId);
            rowElement.classList.toggle('bakeshop-row-editing', isSelected);
            rowElement.classList.toggle('bakeshop-row-selectable', canManageWorkspace && !productionMetadataEditActive());
        });
    }

    async function autosaveProductionDraft(productId, qtyValue, qtyInput) {
        if (!productionForm || productionMetadataEditActive()) {
            return;
        }

        const normalizedQty = normalizeOptionalTwoDecimalQuantity(qtyValue);
        if (normalizedQty === '') {
            delete state.productionDraftQuantities[String(productId)];
            delete state.productionDraftSaveState[String(productId)];
            syncProductionProductSelection();
            if (qtyInput instanceof HTMLInputElement) {
                qtyInput.value = '';
            }
            renderCatalogTables();
            return;
        }

        const row = state.products.find((item) => Number(item.id) === Number(productId) && Number(item.is_active) !== 0);
        if (!row) {
            setProductionDraftSaveState(productId, 'error', 'This item could not be found.');
            renderCatalogTables();
            showBanner('That item could not be found.', false);
            return;
        }

        const blockedReason = productionRowBlockedReason(row);
        if (blockedReason !== '' && !productionGuardOverrideActive()) {
            setProductionDraftSaveState(productId, 'error', blockedReason);
            renderCatalogTables();
            showBanner(blockedReason, false);
            return;
        }

        if (!productionForm.elements.namedItem('branch_id').value) {
            setProductionDraftSaveState(productId, 'error', 'Choose a branch first.');
            renderCatalogTables();
            showBanner('Choose a branch before entering the amount made.', false);
            return;
        }
        if (!productionForm.elements.namedItem('produced_at').value) {
            setProductionDraftSaveState(productId, 'error', 'Set the finished time first.');
            renderCatalogTables();
            showBanner('Set the finished time before entering the amount made.', false);
            return;
        }

        state.productionDraftQuantities[String(productId)] = normalizedQty;
        setProductionDraftSaveState(productId, 'saving', 'Saving entry...');
        syncProductionProductSelection();
        renderCatalogTables();

        if (qtyInput instanceof HTMLInputElement) {
            qtyInput.value = normalizedQty;
            qtyInput.disabled = true;
        }

        const result = await submitJson(api.production, {
            branch_id: productionForm.elements.namedItem('branch_id').value,
            product_id: String(productId),
            produced_at: productionForm.elements.namedItem('produced_at').value,
            qty_produced: normalizedQty,
            produced_by: productionForm.elements.namedItem('produced_by').value,
            notes: productionForm.elements.namedItem('notes').value,
            relax_guards: productionGuardOverrideActive() ? '1' : '0'
        }, (row.name || 'Item') + ' was saved.', async (data) => {
            delete state.productionDraftQuantities[String(productId)];
            await loadProduction(true);
            const savedRow = state.production.find((item) => Number(item.id) === Number((data && data.item && data.item.id) || 0)) || (data ? data.item : null);
            if (savedRow) {
                rememberLastSavedProduction(savedRow);
            }
            setProductionDraftSaveState(productId, 'saved', productionGuardOverrideActive() && blockedReason !== '' ? 'Saved for testing review.' : 'Saved and ready to review.');
            renderCatalogTables();
            await loadUsage();
        });

        if (!result) {
            setProductionDraftSaveState(productId, 'error', 'Could not save. Try again.');
            renderCatalogTables();
            if (qtyInput instanceof HTMLInputElement) {
                qtyInput.disabled = false;
                qtyInput.value = normalizedQty;
            }
            return;
        }

        if (qtyInput instanceof HTMLInputElement && qtyInput.isConnected) {
            qtyInput.disabled = false;
            qtyInput.value = '';
        }
    }

    function focusProductionDraftInput(row) {
        if (!productionForm) {
            return;
        }

        if (!canManageWorkspace) {
            showBanner('Production entry is read only for your role.', false);
            return;
        }

        if (productionMetadataEditActive()) {
            showBanner('You are reviewing a saved entry. Cancel review mode to record a new batch.', false);
            return;
        }

        const qtyField = document.querySelector('[data-production-qty-input="' + String(row.id || '') + '"]');
        if (!(qtyField instanceof HTMLInputElement)) {
            return;
        }

        qtyField.focus();
        qtyField.select();
    }

    function syncIngredientPackUnitOptions(preferredValue = '') {
        const defaultUnitId = Number(ingredientForm?.elements.namedItem('default_unit_id')?.value || '0');
        const defaultUnit = findUnitById(defaultUnitId);
        const allowedUnits = defaultUnit && defaultUnit.dimension
            ? state.units.filter((row) => String(row.dimension || '') === String(defaultUnit.dimension || ''))
            : state.units;

        populateSelect('#ingredient-pack-unit', allowedUnits, (row) => ({ value: row.id, label: unitOptionLabel(row) }), 'No pack unit');

        const select = $('#ingredient-pack-unit');
        if (!select) {
            return;
        }

        const nextValue = String(preferredValue || select.value || '');
        if (nextValue && Array.from(select.options).some((option) => option.value === nextValue)) {
            select.value = nextValue;
        } else if (defaultUnitId > 0 && Array.from(select.options).some((option) => option.value === String(defaultUnitId))) {
            select.value = String(defaultUnitId);
        }
    }

    function syncProductTargetUnitOptions(preferredValue = '') {
        const productId = Number(productTargetForm?.elements.namedItem('product_id')?.value || '0');
        const product = state.products.find((row) => Number(row.id) === productId) || null;
        const defaultUnitId = Number(product ? product.default_yield_unit_id : 0);
        const defaultUnit = findUnitById(defaultUnitId);
        const allowedUnits = defaultUnit && defaultUnit.dimension
            ? state.units.filter((row) => String(row.dimension || '') === String(defaultUnit.dimension || ''))
            : state.units;

        populateSelect('#product-target-unit', allowedUnits, (row) => ({ value: row.id, label: unitOptionLabel(row) }), 'Select target unit');

        const select = $('#product-target-unit');
        if (!select) {
            return;
        }

        const nextValue = String(preferredValue || select.value || '');
        if (nextValue && Array.from(select.options).some((option) => option.value === nextValue)) {
            select.value = nextValue;
        } else if (defaultUnitId > 0 && Array.from(select.options).some((option) => option.value === String(defaultUnitId))) {
            select.value = String(defaultUnitId);
        }
    }

    function filteredProductTargetRows() {
        const branchId = currentProductTargetBranchId();
        const query = tableSearchQuery('#product-target-filter');

        return state.productTargets.filter((row) => Number(row.branch_id) === branchId)
            .filter((row) => rowMatchesSearch(query, [row.product_name, row.product_sku, row.product_category, row.unit_code, row.daily_qty]));
    }

    function renderProductTargetsTable() {
        const branchId = currentProductTargetBranchId();
        const branchSelect = $('#product-target-branch');
        if (branchSelect && branchId > 0 && String(branchSelect.value || '') !== String(branchId)) {
            branchSelect.value = String(branchId);
        }

        const rows = branchId > 0 ? filteredProductTargetRows() : [];
        renderTable('#product-targets-table', rows, [
            (row) => '<strong>' + escapeHtml(row.product_name || 'Product') + '</strong><div class="bakeshop-inline-note">' + escapeHtml(row.product_sku || 'No SKU') + '</div>',
            (row) => escapeHtml(row.product_category || '—'),
            (row) => '<strong>' + displayTwoDecimalQuantity(row.daily_qty) + '</strong>',
            (row) => escapeHtml(unitOptionLabel({ code: row.unit_code, name: row.unit_name }) || '—'),
            (row) => canManageWorkspace
                ? '<div class="bakeshop-row-actions"><button type="button" class="bakeshop-link-button" data-action="edit-product-target" data-id="' + escapeHtml(row.id) + '">Edit</button><button type="button" class="bakeshop-link-button warn" data-action="delete-product-target" data-id="' + escapeHtml(row.id) + '">Delete</button></div>'
                : '<span class="bakeshop-inline-note">View only</span>'
        ], branchId > 0 ? 'No branch targets saved for this branch yet.' : 'Select a branch to view product targets.');
    }

    function renderDrProjectionTables() {
        const summary = $('#dr-projection-summary');
        const report = state.drProjection || {};

        if (report.error) {
            if (summary) {
                summary.textContent = report.error;
            }
            renderTable('#dr-projection-ingredients-table', [], [() => '', () => '', () => '', () => '', () => '', () => ''], report.error);
            renderTable('#dr-projection-products-table', [], [() => '', () => '', () => '', () => '', () => ''], report.error);
            return;
        }

        if (!report.filters) {
            if (summary) {
                summary.textContent = 'Choose a branch and a scoped date range, then refresh usage to compute projected ingredient and product requirements.';
            }
            renderTable('#dr-projection-ingredients-table', [], [() => '', () => '', () => '', () => '', () => '', () => ''], 'No DR projection computed yet.');
            renderTable('#dr-projection-products-table', [], [() => '', () => '', () => '', () => '', () => ''], 'No DR projection computed yet.');
            return;
        }

        if (summary) {
            const branchName = report.branch && report.branch.name ? report.branch.name : 'Selected branch';
            summary.textContent = branchName + ' · Observed ' + String(report.filters.from_date || '') + ' to ' + String(report.filters.to_date || '') + ' · Projection horizon ' + String(report.filters.horizon_days || '') + ' day(s).';
        }

        const ingredientQuery = tableSearchQuery('#dr-projection-ingredients-filter');
        const ingredientRows = (report.ingredients || []).filter((row) => rowMatchesSearch(ingredientQuery, [row.ingredient_name, row.default_unit_code, row.pack_label, row.per_pack_display, row.projected_qty_display]));
        renderTable('#dr-projection-ingredients-table', ingredientRows, [
            (row) => '<strong>' + escapeHtml(row.ingredient_name || 'Ingredient') + '</strong><div class="bakeshop-inline-note">' + escapeHtml(row.default_unit_code || 'unit') + '</div>',
            (row) => escapeHtml(displayUsageQuantity((Number(row.default_unit_factor_to_base || 0) > 0 ? (Number(row.delivered_qty_base || 0) / Number(row.default_unit_factor_to_base || 1)) : Number(row.delivered_qty_base || 0))) + ' ' + String(row.default_unit_code || '')),
            (row) => escapeHtml(String(row.observed_coverage_days || 0) + ' day(s)'),
            (row) => escapeHtml(displayUsageQuantity((Number(row.default_unit_factor_to_base || 0) > 0 ? (Number(row.daily_qty_base || 0) / Number(row.default_unit_factor_to_base || 1)) : Number(row.daily_qty_base || 0))) + ' ' + String(row.default_unit_code || '')),
            (row) => '<strong>' + escapeHtml(String(row.projected_qty_display || displayUsageQuantity(row.projected_qty))) + ' ' + escapeHtml(row.default_unit_code || '') + '</strong>',
            (row) => escapeHtml(row.per_pack_display || '—')
        ], 'No projected ingredients matched the current scope.');

        const productQuery = tableSearchQuery('#dr-projection-products-filter');
        const productRows = (report.products || []).filter((row) => rowMatchesSearch(productQuery, [row.product_name, row.product_category, row.unit_code, row.projected_qty_display]));
        renderTable('#dr-projection-products-table', productRows, [
            (row) => '<strong>' + escapeHtml(row.product_name || 'Product') + '</strong><div class="bakeshop-inline-note">' + escapeHtml(row.product_category || '—') + '</div>',
            (row) => escapeHtml(displayTwoDecimalQuantity(row.daily_qty) + ' ' + String(row.unit_code || '')),
            (row) => escapeHtml(String(row.days_produced || 0) + ' / ' + String(row.window_days || 0)),
            (row) => Number(row.has_missing_days) === 1 || Number(row.missing_days || 0) > 0
                ? '<span class="bakeshop-inline-note error">' + escapeHtml(String(row.missing_days || 0) + ' day(s)') + '</span>'
                : '<span class="bakeshop-inline-note ok">None</span>',
            (row) => '<strong>' + escapeHtml(String(row.projected_qty_display || displayTwoDecimalQuantity(row.projected_qty))) + ' ' + escapeHtml(row.unit_code || '') + '</strong>'
        ], 'No projected products matched the current scope.');
    }

    function renderProductionProductsTable(rows) {
        const tbody = document.querySelector('#production-products-table tbody');
        if (!tbody) {
            return;
        }

        if (!rows.length) {
            tbody.innerHTML = '<tr><td colspan="4" class="bakeshop-muted">No active products available for production.</td></tr>';
            syncProductionProductSelection();
            return;
        }

        tbody.innerHTML = rows.map((row) => {
            const rowId = normalizedRowId('production-product', row);
            const draftQty = String((state.productionDraftQuantities && state.productionDraftQuantities[String(rowId)]) || '');
            const blockedReason = productionRowBlockedReason(row);
            const outputOnlyAllowed = !productionRequiresRecipe && Number(row.recipe_item_count || 0) <= 0;
            const inputDisabled = !canManageWorkspace || productionMetadataEditActive();
            const saveState = productionDraftSaveStateFor(rowId);
            const saveStateClass = blockedReason !== '' && !productionGuardOverrideActive()
                ? ' error'
                : (saveState && saveState.kind === 'saved'
                ? ' ok'
                : (saveState && saveState.kind === 'error' ? ' error' : ''));
            const saveStateMessage = blockedReason !== ''
                ? (productionGuardOverrideActive()
                    ? 'Testing override active. This will save without ingredient-use detail.'
                    : blockedReason)
                : (outputOnlyAllowed
                    ? 'Recipe optional. This saves as an output-only entry.'
                : (saveState && saveState.message
                    ? saveState.message
                    : 'Blank = no production'));
            return '<tr data-row-kind="production-product" data-row-id="' + escapeHtml(rowId) + '">'
                + '<td><strong>' + escapeHtml(row.name) + '</strong><div class="bakeshop-inline-note">' + escapeHtml(row.sku || 'No SKU') + '</div></td>'
                + '<td>' + escapeHtml(row.category || '—') + '</td>'
                + '<td>' + displayTwoDecimalQuantity(row.default_yield_qty) + ' ' + escapeHtml(row.default_yield_unit_code || '') + '</td>'
                + '<td><input class="bakeshop-table-input" type="number" min="0.01" step="0.01" placeholder="0.00" data-production-qty-input="' + escapeHtml(rowId) + '" value="' + escapeHtml(draftQty) + '"' + (inputDisabled ? ' disabled' : '') + '><div class="bakeshop-inline-note' + saveStateClass + '">' + escapeHtml(saveStateMessage) + '</div></td>'
                + '</tr>';
        }).join('');

        syncProductionProductSelection();
    }

    function currentReportScope() {
        const fromSummary = {
            branch_id: $('#summary-branch-filter') ? $('#summary-branch-filter').value : '',
            from_date: $('#summary-from-filter') ? $('#summary-from-filter').value : '',
            to_date: $('#summary-to-filter') ? $('#summary-to-filter').value : ''
        };
        const fromUsage = {
            branch_id: $('#usage-branch') ? $('#usage-branch').value : '',
            from_date: $('#usage-from') ? $('#usage-from').value : '',
            to_date: $('#usage-to') ? $('#usage-to').value : ''
        };

        return {
            branch_id: fromUsage.branch_id || fromSummary.branch_id,
            from_date: fromUsage.from_date || fromSummary.from_date,
            to_date: fromUsage.to_date || fromSummary.to_date
        };
    }

    function syncReportScopeInputs(sourcePrefix) {
        const source = {
            branch_id: $('#' + sourcePrefix + '-branch-filter') || $('#' + sourcePrefix + '-branch'),
            from_date: $('#' + sourcePrefix + '-from-filter') || $('#' + sourcePrefix + '-from'),
            to_date: $('#' + sourcePrefix + '-to-filter') || $('#' + sourcePrefix + '-to')
        };
        const usageTargets = {
            branch_id: $('#usage-branch'),
            from_date: $('#usage-from'),
            to_date: $('#usage-to')
        };

        Object.keys(usageTargets).forEach((key) => {
            if (source[key] && usageTargets[key]) {
                usageTargets[key].value = source[key].value || '';
            }
        });
    }

    function syncRecipePanel() {
        const empty = $('#recipe-panel-empty');
        const details = $('#recipe-panel-details');
        const title = $('#recipe-panel-title');
        const description = $('#recipe-form-description');
        const productEditorPanel = $('#product-editor-panel');
        const recipePanel = $('#recipe-panel');
        const product = activeProductRecord();

        if (!empty || !details || !title || !description || !productEditorPanel || !recipePanel) {
            return;
        }

        if (!productRecipesEnabled) {
            productEditorPanel.classList.remove('is-editing');
            recipePanel.classList.remove('is-editing');
            return;
        }

        if (!product) {
            empty.hidden = false;
            details.hidden = true;
            title.textContent = 'Recipe';
            description.textContent = 'Edit a product first to view and maintain its recipe lines.';
            productEditorPanel.classList.remove('is-editing');
            recipePanel.classList.remove('is-editing');
            return;
        }

        empty.hidden = true;
        details.hidden = false;
        title.textContent = 'Recipe for ' + (product.name || 'Product');
        description.textContent = 'Add or edit ingredient usage here.';
        recipeForm.elements.namedItem('product_id').value = String(product.id || '');
        productEditorPanel.classList.add('is-editing');
        recipePanel.classList.add('is-editing');
    }

    function showBanner(message, ok = true) {
        banner.textContent = message;
        banner.className = 'bakeshop-banner show ' + (ok ? 'ok' : 'error');
    }

    function clearBanner() {
        banner.className = 'bakeshop-banner';
        banner.textContent = '';
    }

    function filteredProductRows() {
        const showArchived = state.productListView === 'archived';
        return state.products.filter((row) => {
            const isArchived = Number(row.is_active) === 0;
            return showArchived === isArchived;
        });
    }

    function filteredDeliveryRows() {
        return state.deliveries.filter((row) => rowMatchesSearch(tableSearchQuery('#deliveries-filter'), [row.branch_name, row.delivered_at, row.reference, row.received_by, row.source_label, row.cost_basis_summary, row.item_count, row.total_quantity, row.total_amount]));
    }

    function pruneProductSelection() {
        const validIds = new Set(state.products
            .filter((row) => Number(row.can_delete) === 1)
            .map((row) => Number(row.id))
            .filter((id) => Number.isFinite(id) && id > 0));
        Array.from(state.selectedProductIds).forEach((id) => {
            if (!validIds.has(id)) {
                state.selectedProductIds.delete(id);
            }
        });
    }

    function escapeHtml(value) {
        return String(value ?? '')
            .replace(/&/g, '&amp;')
            .replace(/</g, '&lt;')
            .replace(/>/g, '&gt;')
            .replace(/"/g, '&quot;')
            .replace(/'/g, '&#039;');
    }

    function productDeletePreviewLabel(row, id) {
        const name = row && row.name ? row.name : ('Product #' + String(id));
        return row && row.sku ? (name + ' (' + row.sku + ')') : name;
    }

    function ingredientDeletePreviewLabel(row, id) {
        const name = row && row.name ? row.name : ('Ingredient #' + String(id));
        return row && row.sku ? (name + ' (' + row.sku + ')') : name;
    }

    function deliveryDeletePreviewLabel(row, id) {
        const reference = row && row.reference ? row.reference : ('Delivery #' + String(id));
        const branch = row && row.branch_name ? row.branch_name : '';
        const deliveredAt = row && row.delivered_at ? row.delivered_at : '';
        return [reference, branch, deliveredAt].filter(Boolean).join(' - ');
    }

    function pruneDeliverySelection() {
        const validIds = new Set(state.deliveries.map((row) => Number(row.id)).filter((id) => Number.isFinite(id) && id > 0));
        Array.from(state.selectedDeliveryIds).forEach((id) => {
            if (!validIds.has(id)) {
                state.selectedDeliveryIds.delete(id);
            }
        });
    }

    function syncSelectionControls(options) {
        const rows = options.rows || [];
        const selectedIds = options.selectedIds;
        const prefix = options.prefix;
        const noun = options.noun;
        const singular = options.singular || noun.replace(/s$/, '');
        const selectAll = $('#' + prefix + '-select-all');
        const summary = $('#' + prefix + '-selection-summary');
        const clearButton = $('#' + prefix + '-clear-selection');
        const deleteButton = $('#' + prefix + '-delete-selected');
        const selectVisibleButton = $('#' + prefix + '-select-visible');
        const visibleIds = rows.map((row) => Number(row.id)).filter((id) => Number.isFinite(id) && id > 0);
        const selectedCount = selectedIds.size;
        const visibleSelectedCount = visibleIds.filter((id) => selectedIds.has(id)).length;

        if (summary) {
            if (selectedCount === 0) {
                summary.textContent = 'No ' + noun + ' selected.';
            } else if (selectedCount === 1) {
                summary.textContent = '1 ' + singular + ' selected.';
            } else {
                summary.textContent = String(selectedCount) + ' ' + noun + ' selected.';
            }
        }

        if (selectAll) {
            selectAll.checked = visibleIds.length > 0 && visibleSelectedCount === visibleIds.length;
            selectAll.indeterminate = visibleSelectedCount > 0 && visibleSelectedCount < visibleIds.length;
            selectAll.disabled = !canManageWorkspace || visibleIds.length === 0;
        }
        if (selectVisibleButton) {
            selectVisibleButton.disabled = !canManageWorkspace || visibleIds.length === 0;
        }
        if (clearButton) {
            clearButton.hidden = selectedCount === 0;
            clearButton.disabled = !canManageWorkspace || selectedCount === 0;
        }
        if (deleteButton) {
            deleteButton.hidden = selectedCount === 0;
            deleteButton.disabled = !canManageWorkspace || selectedCount === 0;
            deleteButton.textContent = selectedCount > 1 ? 'Delete Selected (' + String(selectedCount) + ')' : 'Delete Selected';
        }
    }

    function productDeleteEligibleRows(rows = filteredProductRows()) {
        return rows.filter((row) => Number(row.can_delete) === 1);
    }

    function syncProductViewControls() {
        const activeButton = $('#products-view-active');
        const archivedButton = $('#products-view-archived');
        const summary = $('#products-view-summary');
        const activeCount = state.products.filter((row) => Number(row.is_active) !== 0).length;
        const archivedCount = state.products.filter((row) => Number(row.is_active) === 0).length;

        $('#products-active-count').textContent = String(activeCount);
        $('#products-archived-count').textContent = String(archivedCount);

        if (activeButton) {
            const isActiveView = state.productListView === 'active';
            activeButton.classList.toggle('active', isActiveView);
            activeButton.setAttribute('aria-selected', isActiveView ? 'true' : 'false');
        }
        if (archivedButton) {
            const isArchivedView = state.productListView === 'archived';
            archivedButton.classList.toggle('active', isArchivedView);
            archivedButton.setAttribute('aria-selected', isArchivedView ? 'true' : 'false');
        }
        if (summary) {
            summary.textContent = state.productListView === 'archived'
                ? 'Archived products stay out of batch recording until they are restored.'
                : 'View active products used for current batch recording.';
        }
    }

    function syncProductSelectionControls(rows = filteredProductRows()) {
        const selectAll = $('#products-select-all');
        const summary = $('#products-selection-summary');
        const clearButton = $('#products-clear-selection');
        const deleteButton = $('#products-delete-selected');
        const selectVisibleButton = $('#products-select-visible');
        const deletableRows = productDeleteEligibleRows(rows);
        const visibleIds = deletableRows.map((row) => Number(row.id)).filter((id) => Number.isFinite(id) && id > 0);
        const selectedCount = state.selectedProductIds.size;
        const visibleSelectedCount = visibleIds.filter((id) => state.selectedProductIds.has(id)).length;

        if (summary) {
            if (selectedCount === 0) {
                summary.textContent = rows.length > 0 && visibleIds.length === 0 ? 'Products already used in saved batches can be archived but not deleted.' : 'No products selected.';
            } else if (selectedCount === 1) {
                summary.textContent = '1 product selected.';
            } else {
                summary.textContent = String(selectedCount) + ' products selected.';
            }
        }

        if (selectAll) {
            selectAll.checked = visibleIds.length > 0 && visibleSelectedCount === visibleIds.length;
            selectAll.indeterminate = visibleSelectedCount > 0 && visibleSelectedCount < visibleIds.length;
            selectAll.disabled = !canManageWorkspace || visibleIds.length === 0;
        }

        if (selectVisibleButton) {
            selectVisibleButton.disabled = !canManageWorkspace || visibleIds.length === 0;
        }
        if (clearButton) {
            clearButton.hidden = selectedCount === 0;
            clearButton.disabled = !canManageWorkspace || selectedCount === 0;
        }
        if (deleteButton) {
            deleteButton.hidden = selectedCount === 0;
            deleteButton.disabled = !canManageWorkspace || selectedCount === 0;
            deleteButton.textContent = selectedCount > 1 ? 'Delete Selected (' + String(selectedCount) + ')' : 'Delete Selected';
        }
    }

    function syncDeliverySelectionControls(rows = filteredDeliveryRows()) {
        syncSelectionControls({ rows, selectedIds: state.selectedDeliveryIds, prefix: 'deliveries', noun: 'deliveries', singular: 'delivery' });
    }

    function normalizeTwoDecimalQuantity(value, fallback = '1.00') {
        const numeric = Number.parseFloat(String(value ?? '').trim());
        if (!Number.isFinite(numeric) || numeric <= 0) {
            return fallback;
        }
        return numeric.toFixed(2);
    }

    function displayTwoDecimalQuantity(value, fallback = '0.00') {
        const numeric = Number.parseFloat(String(value ?? '').trim());
        if (!Number.isFinite(numeric)) {
            return fallback;
        }
        return numeric.toFixed(2);
    }

    function displayUsageQuantity(value, fallback = null) {
        const numeric = Number.parseFloat(String(value ?? '').trim());
        if (!Number.isFinite(numeric)) {
            return fallback === null ? (0).toFixed(state.usageDecimalPlaces) : fallback;
        }

        return numeric.toFixed(state.usageDecimalPlaces);
    }

    function formatCurrencyDisplay(value, fallback = 'PHP 0.00') {
        const numeric = Number.parseFloat(String(value ?? '').trim());
        if (!Number.isFinite(numeric)) {
            return fallback;
        }
        return 'PHP ' + numeric.toFixed(2);
    }

    function renderProductsTable(rows) {
        const tbody = document.querySelector('#products-table tbody');
        if (!tbody) {
            return;
        }

        const totalColumns = productRecipesEnabled ? 7 : 6;
        const recipeCellStyle = productRecipesEnabled ? '' : ' style="display:none;"';

        if (!rows.length) {
            tbody.innerHTML = '<tr><td colspan="' + String(totalColumns) + '" class="bakeshop-muted">' + escapeHtml(state.productListView === 'archived' ? 'No archived products yet.' : 'No active products yet.') + '</td></tr>';
            syncProductViewControls();
            syncProductSelectionControls(rows);
            return;
        }

        tbody.innerHTML = rows.map((row) => {
            const resolvedRowId = normalizedRowId('product', row);
            const selected = resolvedRowId > 0 && state.selectedProductIds.has(resolvedRowId);
            const selectionCell = canManageWorkspace && resolvedRowId > 0 && Number(row.can_delete) === 1
                ? '<td class="bakeshop-checkbox-cell"><input class="bakeshop-checkbox" type="checkbox" data-product-select="' + escapeHtml(resolvedRowId) + '" aria-label="Select product ' + escapeHtml(row.name || String(resolvedRowId)) + '"' + (selected ? ' checked' : '') + '></td>'
                : '<td class="bakeshop-checkbox-cell"></td>';

            const dependencyNote = Number(row.production_reference_count) > 0
                ? '<div class="bakeshop-inline-note">Used by ' + escapeHtml(String(row.production_reference_count)) + ' saved batch' + (Number(row.production_reference_count) === 1 ? '' : 'es') + '.</div>'
                : '';

            return '<tr data-row-kind="product" data-row-id="' + escapeHtml(resolvedRowId) + '">'
                + selectionCell
                + '<td><strong>' + escapeHtml(row.name) + '</strong><div class="bakeshop-inline-note">' + escapeHtml(row.sku || 'No SKU') + '</div>' + dependencyNote + '</td>'
                + '<td>' + escapeHtml(row.category || '—') + '</td>'
                + '<td>' + displayTwoDecimalQuantity(row.default_yield_qty) + ' ' + escapeHtml(row.default_yield_unit_code || '') + '</td>'
                + '<td' + recipeCellStyle + '>' + escapeHtml(row.recipe_item_count) + '</td>'
                + '<td>' + rowStatusChip(row.is_active) + '</td>'
                + '<td>' + rowActionButtons('product', row) + '</td>'
                + '</tr>';
        }).join('');

        syncProductViewControls();
        syncProductSelectionControls(rows);
    }

    function renderDeliveryDetail(row) {
        const items = Array.isArray(row.items) ? row.items : [];
        return '<div class="bakeshop-detail-stack">'
            + '<strong>' + escapeHtml(row.source_label || 'Commissary') + '</strong>'
            + '<span class="bakeshop-inline-note">' + escapeHtml(row.received_by || 'Receiver not recorded') + (row.cost_basis_summary ? ' · ' + escapeHtml(row.cost_basis_summary) : '') + '</span>'
            + '<span class="bakeshop-inline-note">Coverage: ' + escapeHtml(String(row.coverage_days || 1)) + ' day(s)</span>'
            + '<span class="bakeshop-inline-note">' + escapeHtml(String(row.item_count || items.length || 0)) + ' lines · ' + escapeHtml(String(row.total_quantity || '0')) + ' total qty · ' + formatCurrencyDisplay(row.total_amount) + ' total amount</span>'
            + renderDetailList(items, (item) => escapeHtml(item.ingredient_name || 'Ingredient') + ': ' + escapeHtml(String(item.qty || '0')) + ' ' + escapeHtml(item.unit_code || '') + ((item.unit_cost !== null && item.unit_cost !== undefined && item.unit_cost !== '') ? (' @ ' + formatCurrencyDisplay(item.unit_cost)) : '') + ' · ' + escapeHtml(item.cost_basis_label || 'Delivery Source'), 'No delivery line detail loaded.')
            + '</div>';
    }

    function renderProductionSnapshotDetail(row) {
        const items = Array.isArray(row.items) ? row.items : [];
        return '<div class="bakeshop-detail-stack">'
            + '<strong>' + escapeHtml(String(row.consumed_item_count || items.length || 0)) + ' ingredient line(s)</strong>'
            + '<span class="bakeshop-inline-note">' + escapeHtml(String(row.total_consumed_qty || '0')) + ' total ingredient quantity</span>'
            + renderDetailList(items, (item) => escapeHtml(item.ingredient_name || 'Ingredient') + ': ' + escapeHtml(String(item.qty_used || '0')) + ' ' + escapeHtml(item.unit_code || ''), 'No ingredient-use detail was saved for this entry.')
            + '</div>';
    }

    function nowLocalDateTime() {
        const date = new Date();
        const pad = (value) => String(value).padStart(2, '0');
        return [date.getFullYear(), pad(date.getMonth() + 1), pad(date.getDate())].join('-') + 'T' + [pad(date.getHours()), pad(date.getMinutes())].join(':');
    }

    function nowLocalDate() {
        return nowLocalDateTime().slice(0, 10);
    }

    function syncDeliverySourceField() {
        const sourceType = $('#delivery-source-type');
        const sourceNameField = $('#delivery-source-name-field');
        const sourceNameInput = $('#delivery-source-name');
        if (!sourceType || !sourceNameField || !sourceNameInput) {
            return;
        }

        const isOther = sourceType.value === 'other';
        sourceNameField.hidden = !isOther;
        sourceNameInput.disabled = !isOther;
        if (!isOther) {
            sourceNameInput.value = '';
        }
    }

    function apiUrl(base, params = {}) {
        const url = new URL(base, window.location.origin);
        Object.entries(params).forEach(([key, value]) => {
            if (value !== null && value !== undefined && value !== '') {
                url.searchParams.set(key, value);
            }
        });
        return url.toString();
    }

    async function request(url, options = {}) {
        const requestUrl = new URL(String(url || ''), window.location.origin).toString();
        const response = await fetch(requestUrl, {
            headers: {
                'Accept': 'application/json',
                ...(options.body ? { 'Content-Type': 'application/json' } : {}),
                ...((options.method || 'GET').toUpperCase() !== 'GET' ? { 'X-CSRF-Token': csrfToken } : {}),
                ...(options.headers || {})
            },
            credentials: 'same-origin',
            ...options
        });

        const payload = await response.json().catch(() => ({ ok: false, error: 'Invalid server response' }));
        if (!response.ok || payload.ok === false) {
            throw new Error(payload.error || 'Request failed');
        }

        return payload.data || {};
    }

    function populateSelect(selector, items, mapFn, includeBlankLabel = '') {
        const select = $(selector);
        if (!select) {
            return;
        }

        const currentValue = select.value;
        const options = [];
        if (includeBlankLabel !== null) {
            options.push('<option value="">' + escapeHtml(includeBlankLabel) + '</option>');
        }
        items.forEach((item) => {
            const mapped = mapFn(item);
            options.push('<option value="' + escapeHtml(mapped.value) + '">' + escapeHtml(mapped.label) + '</option>');
        });
        select.innerHTML = options.join('');

        if (currentValue && Array.from(select.options).some((option) => option.value === currentValue)) {
            select.value = currentValue;
        }
    }

    function applyWorkspaceAccessMode() {
        if (canManageWorkspace) {
            return;
        }

        manageRequiredForms.forEach((form) => {
            form.querySelectorAll('input, select, textarea, button').forEach((field) => {
                if (field instanceof HTMLElement && field.getAttribute('type') === 'hidden') {
                    return;
                }
                field.disabled = true;
            });
        });
    }

    function tableSearchQuery(selector) {
        const input = $(selector);
        return input ? String(input.value || '').trim().toLowerCase() : '';
    }

    function rowMatchesSearch(query, values) {
        if (query === '') {
            return true;
        }

        return values
            .map((value) => String(value || '').toLowerCase())
            .join(' ')
            .includes(query);
    }

    function renderDetailList(items, renderItem, emptyMessage = 'No detail loaded.') {
        const listItems = Array.isArray(items) ? items : [];
        if (!listItems.length) {
            return '<div class="bakeshop-detail-list"><span>' + escapeHtml(emptyMessage) + '</span></div>';
        }

        return '<div class="bakeshop-detail-list">'
            + listItems.map((item) => '<span>' + renderItem(item) + '</span>').join('')
            + '</div>';
    }

    function renderTable(selector, rows, columns, emptyMessage = 'No rows yet.', rowKind = '') {
        const tbody = document.querySelector(selector + ' tbody');
        if (!tbody) {
            return;
        }

        if (!rows.length) {
            tbody.innerHTML = '<tr><td colspan="' + columns.length + '" class="bakeshop-muted">' + escapeHtml(emptyMessage) + '</td></tr>';
            return;
        }

        tbody.innerHTML = rows.map((row) => {
            const cells = columns.map((column) => '<td>' + column(row) + '</td>').join('');
            const resolvedRowId = rowKind ? normalizedRowId(rowKind, row) : Number(row && row.id ? row.id : 0);
            const rowAttrs = rowKind && resolvedRowId > 0
                ? ' data-row-kind="' + escapeHtml(rowKind) + '" data-row-id="' + escapeHtml(resolvedRowId) + '"'
                : '';
            return '<tr' + rowAttrs + '>' + cells + '</tr>';
        }).join('');
    }

    function clearFocusSearch() {
        const url = new URL(window.location.href);
        url.searchParams.delete('focus_kind');
        url.searchParams.delete('focus_id');
        const next = url.pathname + (url.search ? url.search : '') + (url.hash ? url.hash : '');
        history.replaceState(null, '', next);
    }

    function setFocusNote(selector, message) {
        const element = $(selector);
        if (!element) {
            return;
        }

        element.hidden = !message;
        element.textContent = message || '';
    }

    function openFocusedEditor(kind, row) {
        if (kind === 'branch') {
            editBranch(row, 'history');
            return true;
        }
        if (kind === 'product') {
            editProduct(row, 'history');
            return true;
        }
        if (kind === 'ingredient') {
            editIngredient(row, 'history');
            return true;
        }
        if (kind === 'delivery') {
            state.expandedDeliveryId = Number(row.id || 0);
            renderOperationalTables();
            return false;
        }
        if (kind === 'recipe') {
            editRecipe(row, 'history');
            return true;
        }
        if (kind === 'production') {
            editProduction(row, 'history');
            return true;
        }
        return false;
    }

    function applyFocusedRow(selector, kind, rows, label) {
        if (focusState.applied || focusState.kind !== kind || !Number.isFinite(focusState.id) || focusState.id <= 0) {
            return;
        }

        const match = rows.find((row) => Number(row.id) === focusState.id);
        if (!match) {
            return;
        }

        const tableRow = document.querySelector(selector + ' tbody tr[data-row-kind="' + kind + '"][data-row-id="' + focusState.id + '"]');
        if (!tableRow) {
            return;
        }

        tableRow.classList.add('bakeshop-row-focus');
        if (openFocusedEditor(kind, match)) {
            showBanner(label + ' record opened from activity history for review.', true);
        } else {
            tableRow.scrollIntoView({ behavior: 'smooth', block: 'center' });
            showBanner(label + ' record opened from activity history.', true);
        }
        focusState.applied = true;
        clearFocusSearch();
    }

    function updateStats() {
        $('#stat-branches').textContent = String(state.branches.length);
        $('#stat-products').textContent = String(state.products.length);
        $('#stat-ingredients').textContent = String(state.ingredients.length);
        const recipeStat = $('#stat-recipes');
        if (recipeStat) {
            recipeStat.textContent = String(state.recipes.length);
        }
    }

    function filteredIngredientRows() {
        const ingredientQuery = tableSearchQuery('#ingredients-filter');
        const showArchived = state.ingredientListView === 'archived';
        return state.ingredients.filter((row) => {
            const isArchived = Number(row.is_active) === 0;
            if (showArchived !== isArchived) {
                return false;
            }

            return rowMatchesSearch(ingredientQuery, [row.name, row.sku, row.default_unit_code, row.default_unit_name]);
        });
    }

    function syncIngredientViewControls() {
        const activeButton = $('#ingredients-view-active');
        const archivedButton = $('#ingredients-view-archived');
        const summary = $('#ingredients-view-summary');
        const activeCount = state.ingredients.filter((row) => Number(row.is_active) !== 0).length;
        const archivedCount = state.ingredients.filter((row) => Number(row.is_active) === 0).length;

        $('#ingredients-active-count').textContent = String(activeCount);
        $('#ingredients-archived-count').textContent = String(archivedCount);

        if (activeButton) {
            const isActiveView = state.ingredientListView === 'active';
            activeButton.classList.toggle('active', isActiveView);
            activeButton.setAttribute('aria-selected', isActiveView ? 'true' : 'false');
        }
        if (archivedButton) {
            const isArchivedView = state.ingredientListView === 'archived';
            archivedButton.classList.toggle('active', isArchivedView);
            archivedButton.setAttribute('aria-selected', isArchivedView ? 'true' : 'false');
        }
        if (summary) {
            summary.textContent = state.ingredientListView === 'archived'
                ? 'Archived ingredients stay out of delivery and recipe pickers until they are restored.'
                : 'View active ingredients used in current operations.';
        }
    }

    function ingredientDeleteEligibleRows(rows = filteredIngredientRows()) {
        return rows.filter((row) => Number(row.can_delete) === 1);
    }

    function pruneIngredientSelection() {
        const validIds = new Set(state.ingredients
            .filter((row) => Number(row.can_delete) === 1)
            .map((row) => Number(row.id))
            .filter((id) => Number.isFinite(id) && id > 0));
        Array.from(state.selectedIngredientIds).forEach((id) => {
            if (!validIds.has(id)) {
                state.selectedIngredientIds.delete(id);
            }
        });
    }

    function syncIngredientSelectionControls(rows = filteredIngredientRows()) {
        const selectAll = $('#ingredients-select-all');
        const summary = $('#ingredients-selection-summary');
        const clearButton = $('#ingredients-clear-selection');
        const deleteButton = $('#ingredients-delete-selected');
        const selectVisibleButton = $('#ingredients-select-visible');
        const deletableRows = ingredientDeleteEligibleRows(rows);
        const visibleIds = deletableRows.map((row) => Number(row.id)).filter((id) => Number.isFinite(id) && id > 0);
        const selectedCount = state.selectedIngredientIds.size;
        const visibleSelectedCount = visibleIds.filter((id) => state.selectedIngredientIds.has(id)).length;

        if (summary) {
            if (selectedCount === 0) {
                summary.textContent = rows.length > 0 && visibleIds.length === 0 ? 'Ingredients already in use can be archived but not deleted.' : 'No ingredients selected.';
            } else if (selectedCount === 1) {
                summary.textContent = '1 ingredient selected.';
            } else {
                summary.textContent = String(selectedCount) + ' ingredients selected.';
            }
        }

        if (selectAll) {
            selectAll.checked = visibleIds.length > 0 && visibleSelectedCount === visibleIds.length;
            selectAll.indeterminate = visibleSelectedCount > 0 && visibleSelectedCount < visibleIds.length;
            selectAll.disabled = !canManageWorkspace || visibleIds.length === 0;
        }

        if (selectVisibleButton) {
            selectVisibleButton.disabled = !canManageWorkspace || visibleIds.length === 0;
        }
        if (clearButton) {
            clearButton.hidden = selectedCount === 0;
            clearButton.disabled = !canManageWorkspace || selectedCount === 0;
        }
        if (deleteButton) {
            deleteButton.hidden = selectedCount === 0;
            deleteButton.disabled = !canManageWorkspace || selectedCount === 0;
            deleteButton.textContent = selectedCount > 1 ? 'Delete Selected (' + String(selectedCount) + ')' : 'Delete Selected';
        }
    }

    function renderIngredientsTable(rows) {
        const tbody = document.querySelector('#ingredients-table tbody');
        if (!tbody) {
            return;
        }

        if (!rows.length) {
            tbody.innerHTML = '<tr><td colspan="7" class="bakeshop-muted">' + escapeHtml(state.ingredientListView === 'archived' ? 'No archived ingredients yet.' : 'No active ingredients yet.') + '</td></tr>';
            syncIngredientViewControls();
            syncIngredientSelectionControls(rows);
            return;
        }

        tbody.innerHTML = rows.map((row) => {
            const resolvedRowId = normalizedRowId('ingredient', row);
            const selected = resolvedRowId > 0 && state.selectedIngredientIds.has(resolvedRowId);
            const selectionCell = canManageWorkspace && resolvedRowId > 0 && Number(row.can_delete) === 1
                ? '<td class="bakeshop-checkbox-cell"><input class="bakeshop-checkbox" type="checkbox" data-ingredient-select="' + escapeHtml(resolvedRowId) + '" aria-label="Select ingredient ' + escapeHtml(row.name || String(resolvedRowId)) + '"' + (selected ? ' checked' : '') + '></td>'
                : '<td class="bakeshop-checkbox-cell"></td>';

            const dependencyNotes = [];
            if (Number(row.recipe_reference_count) > 0) {
                dependencyNotes.push(String(row.recipe_reference_count) + ' recipe line(s)');
            }
            if (Number(row.delivery_reference_count) > 0) {
                dependencyNotes.push(String(row.delivery_reference_count) + ' delivery line(s)');
            }
            if (Number(row.production_reference_count) > 0) {
                dependencyNotes.push(String(row.production_reference_count) + ' production snapshot line(s)');
            }
            if (Number(row.usage_reference_count) > 0) {
                dependencyNotes.push(String(row.usage_reference_count) + ' usage record(s)');
            }
            const dependencyNote = dependencyNotes.length > 0
                ? '<div class="bakeshop-inline-note">In use by ' + escapeHtml(dependencyNotes.join(' · ')) + '.</div>'
                : '';

            return '<tr data-row-kind="ingredient" data-row-id="' + escapeHtml(resolvedRowId) + '">'
                + selectionCell
                + '<td><strong>' + escapeHtml(row.name) + '</strong>' + dependencyNote + '</td>'
                + '<td>' + escapeHtml(row.sku || '—') + '</td>'
                + '<td>' + escapeHtml([row.default_unit_code, row.default_unit_name].filter(Boolean).join(' — ') || '—') + '</td>'
                + '<td>' + escapeHtml(formatIngredientPack(row)) + '</td>'
                + '<td>' + rowStatusChip(row.is_active) + '</td>'
                + '<td>' + rowActionButtons('ingredient', row) + '</td>'
                + '</tr>';
        }).join('');

        syncIngredientViewControls();
        syncIngredientSelectionControls(rows);
    }

    function renderDeliveriesTable(rows) {
        const tbody = document.querySelector('#deliveries-table tbody');
        if (!tbody) {
            return;
        }

        if (!rows.length) {
            tbody.innerHTML = '<tr><td colspan="6" class="bakeshop-muted">No deliveries yet.</td></tr>';
            syncDeliverySelectionControls(rows);
            return;
        }

        tbody.innerHTML = rows.map((row) => {
            const resolvedRowId = normalizedRowId('delivery', row);
            const selected = resolvedRowId > 0 && state.selectedDeliveryIds.has(resolvedRowId);
            const expanded = resolvedRowId > 0 && Number(state.expandedDeliveryId || 0) === resolvedRowId;
            const selectionCell = canManageWorkspace && resolvedRowId > 0
                ? '<td class="bakeshop-checkbox-cell"><input class="bakeshop-checkbox" type="checkbox" data-delivery-select="' + escapeHtml(resolvedRowId) + '" aria-label="Select delivery ' + escapeHtml(row.reference || String(resolvedRowId)) + '"' + (selected ? ' checked' : '') + '></td>'
                : '<td class="bakeshop-checkbox-cell"></td>';
            const actionButtons = [
                '<button type="button" class="bakeshop-link-button" data-action="toggle-delivery-detail" data-id="' + escapeHtml(row.id) + '">' + (expanded ? 'Hide Details' : 'View Details') + '</button>'
            ];
            if (canManageWorkspace) {
                actionButtons.push('<button type="button" class="bakeshop-link-button warn" data-action="delete-delivery" data-id="' + escapeHtml(row.id) + '">Delete</button>');
            }

            return '<tr data-row-kind="delivery" data-row-id="' + escapeHtml(resolvedRowId) + '">'
                + selectionCell
                + '<td><strong>' + escapeHtml(row.branch_name || '—') + '</strong><div class="bakeshop-inline-note">' + escapeHtml(row.source_label || 'Delivery source not set') + '</div></td>'
                + '<td>' + escapeHtml(row.delivered_at || '—') + '</td>'
                + '<td>' + escapeHtml(row.reference || '—') + '<div class="bakeshop-inline-note">' + escapeHtml(row.received_by || 'Receiver not set') + '</div></td>'
                + '<td><div class="bakeshop-detail-stack"><span>' + escapeHtml(row.item_count || 0) + ' item(s)</span><span>' + escapeHtml(row.total_quantity || '0') + ' total qty</span><span>' + escapeHtml(String(row.coverage_days || 1)) + ' day coverage</span><span>' + escapeHtml(row.cost_basis_summary || 'Cost basis pending') + '</span></div></td>'
                + '<td><div class="bakeshop-row-actions">' + actionButtons.join('') + '</div></td>'
                + '</tr>'
                + (expanded
                    ? '<tr class="bakeshop-row-focus"><td colspan="6">' + renderDeliveryDetail(row) + '</td></tr>'
                    : '');
        }).join('');

        syncDeliverySelectionControls(rows);
    }

    function renderBranchTables() {
        const filteredBranches = state.branches.filter((row) => rowMatchesSearch(tableSearchQuery('#branches-filter'), [row.code, row.name, row.address]));

        renderTable('#branches-table', filteredBranches, [
            (row) => escapeHtml(row.code),
            (row) => escapeHtml(row.name),
            (row) => escapeHtml(row.address || '—'),
            (row) => rowStatusChip(row.is_active),
            (row) => rowActionButtons('branch', row)
        ], 'No branches yet.', 'branch');
        applyFocusedRow('#branches-table', 'branch', filteredBranches, 'Branch');

        const activeBranches = activeBranchRows();
        populateSelect('#delivery-branch', activeBranches, (row) => ({ value: row.id, label: row.code + ' — ' + row.name }), 'Select branch');
        populateSelect('#production-branch', activeBranches, (row) => ({ value: row.id, label: row.code + ' — ' + row.name }), 'Select branch');
        populateSelect('#product-target-branch', activeBranches, (row) => ({ value: row.id, label: row.code + ' — ' + row.name }), 'Select branch');
        populateSelect('#usage-branch', state.branches, (row) => ({ value: row.id, label: row.code + ' — ' + row.name }), 'All branches');

        if (state.productTargetBranchId <= 0 && activeBranches[0]) {
            state.productTargetBranchId = Number(activeBranches[0].id || 0);
        }

        renderProductTargetsTable();
    }

    function renderCatalogTables() {
        const activeProductId = Number(state.activeProductId || 0);
        const recipeQuery = tableSearchQuery('#recipes-filter');
        if (focusState.kind === 'product' && !focusState.applied) {
            const focusedProduct = state.products.find((row) => Number(row.id) === focusState.id);
            if (focusedProduct) {
                state.productListView = Number(focusedProduct.is_active) === 0 ? 'archived' : 'active';
            }
        }
        if (focusState.kind === 'ingredient' && !focusState.applied) {
            const focusedIngredient = state.ingredients.find((row) => Number(row.id) === focusState.id);
            if (focusedIngredient) {
                state.ingredientListView = Number(focusedIngredient.is_active) === 0 ? 'archived' : 'active';
            }
        }
        const filteredProducts = filteredProductRows();
        const filteredIngredients = filteredIngredientRows();
        const filteredRecipes = activeProductId > 0
            ? state.recipes.filter((row) => Number(row.product_id) === activeProductId && rowMatchesSearch(recipeQuery, [row.ingredient_name, row.unit_code, row.notes]))
            : [];

        renderProductsTable(filteredProducts);

        renderIngredientsTable(filteredIngredients);

        renderTable('#recipes-table', filteredRecipes, [
            (row) => escapeHtml(row.ingredient_name),
            (row) => displayTwoDecimalQuantity(row.qty),
            (row) => escapeHtml(row.unit_code),
            (row) => escapeHtml(row.notes || '—'),
            (row) => canManageWorkspace
                ? '<div class="bakeshop-row-actions"><button type="button" class="bakeshop-link-button" data-action="edit-recipe" data-id="' + escapeHtml(row.id) + '">Edit</button><button type="button" class="bakeshop-link-button warn" data-action="delete-recipe" data-id="' + escapeHtml(row.id) + '">Delete</button></div>'
                : '<span class="bakeshop-inline-note">View only</span>'
        ], activeProductId > 0 ? 'No recipe lines yet for this product.' : 'Edit a product to view its recipe lines.', 'recipe');
        applyFocusedRow('#products-table', 'product', filteredProducts, 'Product');
        applyFocusedRow('#ingredients-table', 'ingredient', filteredIngredients, 'Ingredient');
        applyFocusedRow('#recipes-table', 'recipe', filteredRecipes, 'Recipe line');

        if (activeProductId > 0) {
            const activeProductRow = document.querySelector('#products-table tbody tr[data-row-kind="product"][data-row-id="' + activeProductId + '"]');
            if (activeProductRow) {
                activeProductRow.classList.add('bakeshop-row-editing');
            }
        }

        populateSelect('#product-yield-unit', state.units, (row) => ({ value: row.id, label: row.code + ' — ' + row.name }), 'Select yield unit');
        populateSelect('#ingredient-unit', state.units, (row) => ({ value: row.id, label: row.code + ' — ' + row.name }), 'Select default unit');
        populateSelect('#recipe-unit', state.units, (row) => ({ value: row.id, label: row.code + ' — ' + row.name }), 'Select unit');
        const activeProducts = state.products.filter((row) => Number(row.is_active) !== 0);
        const activeIngredients = state.ingredients.filter((row) => Number(row.is_active) !== 0);
        populateSelect('#product-target-product', activeProducts, (row) => ({ value: row.id, label: row.name + (row.default_yield_unit_code ? (' — ' + row.default_yield_unit_code) : '') }), 'Select product');
        syncIngredientPackUnitOptions(ingredientForm?.elements.namedItem('pack_unit_id')?.value || '');
        syncProductTargetUnitOptions(productTargetForm?.elements.namedItem('unit_id')?.value || '');
        const filteredProductionProducts = activeProducts.filter((row) => rowMatchesSearch(tableSearchQuery('#production-products-filter'), [row.name, row.sku, row.category, row.default_yield_unit_code]));
        renderProductionProductsTable(filteredProductionProducts);
        renderProductTargetsTable();
        populateSelect('#recipe-ingredient', activeIngredients, (row) => ({ value: row.id, label: row.name }), 'Select ingredient');
        syncRecipePanel();
    }

    function renderOperationalTables() {
        const filteredDeliveries = filteredDeliveryRows();
        const filteredProduction = state.production.filter((row) => rowMatchesSearch(tableSearchQuery('#production-filter'), [row.branch_name, row.product_name, row.produced_at, row.produced_by, row.notes, row.qty_produced, row.default_yield_unit_code, row.consumed_item_count, row.total_consumed_qty]));

        if (focusState.kind === 'delivery' && !focusState.applied) {
            activateDeliverySectionTab('saved');
        }

        renderDeliveriesTable(filteredDeliveries);

        renderTable('#production-table', filteredProduction, [
            (row) => escapeHtml(row.branch_name),
            (row) => escapeHtml(row.product_name) + (Number(row.id || 0) === Number(state.lastSavedProductionId || 0) ? ' <span class="bakeshop-chip recent">Recent</span>' : ''),
            (row) => escapeHtml(row.produced_at),
            (row) => escapeHtml(row.qty_produced) + ' ' + escapeHtml(row.default_yield_unit_code || ''),
            (row) => renderProductionSnapshotDetail(row),
            (row) => canManageWorkspace
                ? '<div class="bakeshop-row-actions"><button type="button" class="bakeshop-link-button" data-action="edit-production" data-id="' + escapeHtml(row.id) + '">Edit Details</button><button type="button" class="bakeshop-link-button warn" data-action="void-production" data-id="' + escapeHtml(row.id) + '">Void Entry</button></div>'
                : '<span class="bakeshop-inline-note">View only</span>'
        ], 'No saved entries yet.', 'production');
        document.querySelectorAll('#production-table tbody tr[data-row-kind="production"]').forEach((rowElement) => {
            const rowId = Number(rowElement.getAttribute('data-row-id') || '0');
            rowElement.classList.toggle('bakeshop-row-recent', rowId > 0 && rowId === Number(state.lastSavedProductionId || 0));
        });
        const productionSavedCount = $('#production-saved-count');
        const productionSavedLatestItem = $('#production-saved-latest-item');
        const productionSavedLatestBranch = $('#production-saved-latest-branch');
        if (productionSavedCount) {
            productionSavedCount.textContent = String(filteredProduction.length || 0);
        }
        if (productionSavedLatestItem) {
            productionSavedLatestItem.textContent = state.lastSavedProductionSummary && state.lastSavedProductionSummary.product_name
                ? state.lastSavedProductionSummary.product_name
                : 'None yet';
        }
        if (productionSavedLatestBranch) {
            productionSavedLatestBranch.textContent = state.lastSavedProductionSummary && state.lastSavedProductionSummary.branch_name
                ? state.lastSavedProductionSummary.branch_name
                : 'No branch yet';
        }
        applyFocusedRow('#deliveries-table', 'delivery', filteredDeliveries, 'Delivery');
        applyFocusedRow('#production-table', 'production', filteredProduction, 'Saved entry');
    }

    function renderUsage() {
        const filteredUsage = state.usage.filter((row) => rowMatchesSearch(tableSearchQuery('#usage-filter'), [row.branch_name, row.period_date, row.ingredient_name, row.unit_code || row.dimension, row.delivered_qty_base, row.consumed_qty_base, row.variance_qty_base]));
        const filteredInventory = state.inventorySnapshot.filter((row) => rowMatchesSearch(tableSearchQuery('#inventory-filter'), [row.branch_name, row.ingredient_name, row.unit_code || row.dimension, row.delivered_qty_base, row.consumed_qty_base, row.on_hand_qty_base]));

        renderTable('#usage-table', filteredUsage, [
            (row) => escapeHtml(row.branch_name),
            (row) => escapeHtml(row.period_date),
            (row) => escapeHtml(row.ingredient_name),
            (row) => escapeHtml(row.unit_code || row.dimension || 'unit'),
            (row) => escapeHtml(row.delivered_qty_base),
            (row) => escapeHtml(row.consumed_qty_base),
            (row) => escapeHtml(row.variance_qty_base)
        ], 'No usage rows matched the selected filters.');

        const usageZeroValue = (0).toFixed(state.usageDecimalPlaces);
        $('#usage-total-delivered').textContent = state.usageTotals.delivered_display || state.usageTotals.delivered_qty_base || usageZeroValue;
        $('#usage-total-consumed').textContent = state.usageTotals.consumed_display || state.usageTotals.consumed_qty_base || usageZeroValue;
        $('#usage-total-variance').textContent = state.usageTotals.variance_display || state.usageTotals.variance_qty_base || usageZeroValue;
        $('#usage-factual-ingredients').textContent = String(state.factualSummary.ingredient_count || 0);
        $('#usage-factual-deliveries').textContent = String(state.factualSummary.delivery_item_count || 0);
        $('#usage-factual-runs').textContent = String(state.factualSummary.production_run_count || 0);

        renderTable('#inventory-table', filteredInventory, [
            (row) => escapeHtml(row.branch_name),
            (row) => escapeHtml(row.ingredient_name),
            (row) => escapeHtml(row.unit_code || row.dimension || 'unit'),
            (row) => escapeHtml(row.delivered_qty_base),
            (row) => escapeHtml(row.consumed_qty_base),
            (row) => '<strong>' + escapeHtml(row.on_hand_qty_base) + '</strong>'
        ], 'No inventory snapshot rows are available for the selected branch yet.');
        $('#inventory-total-on-hand').textContent = state.inventoryTotals.on_hand_display || state.inventoryTotals.on_hand_qty_base || usageZeroValue;
        $('#inventory-total-lines').textContent = String(state.inventoryTotals.item_count || state.inventorySnapshot.length || 0);
        renderDrProjectionTables();
    }

    function syncPrintLink() {
        const scope = currentReportScope();
        const drScope = currentDrProjectionScope();

        if (printLink) {
            printLink.href = apiUrl('/admin/bakeshop/print', scope);
        }

        [drProjectionPrintLink, drProjectionInlinePrintLink].forEach((link) => {
            if (!link) {
                return;
            }

            link.href = apiUrl('/admin/bakeshop/print/dr-projection', drScope);
            link.setAttribute('aria-disabled', canLoadDrProjection(drScope) ? 'false' : 'true');
        });
    }

    function collectDeliveryItems() {
        return Array.from(deliveryLines.querySelectorAll('tr[data-ingredient-id]')).map((row) => ({
            ingredient_id: row.getAttribute('data-ingredient-id') || '',
            unit_id: row.getAttribute('data-unit-id') || '',
            qty: row.querySelector('[data-field="qty"]').value,
            unit_cost: row.querySelector('[data-field="unit_cost"]').value,
            cost_basis: row.querySelector('[data-field="cost_basis"]').value
        })).filter((item) => {
            const parsedQty = Number(item.qty);
            return Number.isFinite(parsedQty) && parsedQty > 0;
        });
    }

    function clearDeliverySheetValues() {
        deliveryLines.querySelectorAll('[data-field="qty"], [data-field="unit_cost"]').forEach((input) => {
            input.value = '';
        });
        deliveryLines.querySelectorAll('[data-field="cost_basis"]').forEach((input) => {
            input.value = '';
        });
        deliveryLines.querySelectorAll('tr').forEach((row) => row.classList.remove('is-imported'));
        if (deliveryCsvFile) {
            deliveryCsvFile.value = '';
        }
    }

    function renderDeliverySheet() {
        const activeIngredients = state.ingredients.filter((row) => Number(row.is_active) !== 0);
        if (!deliveryLines) {
            return;
        }

        if (!activeIngredients.length) {
            deliveryLines.innerHTML = '<tr><td colspan="6" class="bakeshop-muted">Add active ingredients in Products + Recipes before recording daily deliveries.</td></tr>';
            return;
        }

        deliveryLines.innerHTML = activeIngredients.map((row) => {
            const unitLabel = [row.default_unit_code, row.default_unit_name].filter(Boolean).join(' — ');
            const searchText = [row.name, row.sku || '', row.default_unit_code || ''].join(' ').toLowerCase();
            const disabledAttr = canManageWorkspace ? '' : ' disabled';
            return '<tr data-ingredient-id="' + escapeHtml(row.id) + '" data-unit-id="' + escapeHtml(row.default_unit_id) + '" data-search="' + escapeHtml(searchText) + '">'
                + '<td><strong>' + escapeHtml(row.name) + '</strong></td>'
                + '<td>' + escapeHtml(row.sku || '—') + '</td>'
                + '<td>' + escapeHtml(unitLabel || '—') + '</td>'
                + '<td><input data-field="qty" type="number" min="0" step="0.0001" placeholder="0.0000"' + disabledAttr + '></td>'
                + '<td><input data-field="unit_cost" type="number" min="0" step="0.0001" placeholder="Optional"' + disabledAttr + '></td>'
                + '<td><select data-field="cost_basis" class="bakeshop-table-input"' + disabledAttr + '><option value="">Delivery Source</option><option value="receipt">Receipt</option><option value="price_list">Price List</option><option value="manual">Manual</option></select></td>'
                + '</tr>';
        }).join('');
    }

    function filterDeliverySheet() {
        const query = ($('#delivery-sheet-filter').value || '').trim().toLowerCase();
        deliveryLines.querySelectorAll('tr[data-ingredient-id]').forEach((row) => {
            const haystack = row.getAttribute('data-search') || '';
            row.hidden = query !== '' && !haystack.includes(query);
        });
    }

    function parseCsvRows(text) {
        const rows = [];
        let current = '';
        let row = [];
        let inQuotes = false;

        for (let index = 0; index < text.length; index += 1) {
            const char = text[index];
            const next = text[index + 1] || '';

            if (char === '"') {
                if (inQuotes && next === '"') {
                    current += '"';
                    index += 1;
                } else {
                    inQuotes = !inQuotes;
                }
                continue;
            }

            if (char === ',' && !inQuotes) {
                row.push(current);
                current = '';
                continue;
            }

            if ((char === '\n' || char === '\r') && !inQuotes) {
                if (char === '\r' && next === '\n') {
                    index += 1;
                }
                row.push(current);
                if (row.some((cell) => cell.trim() !== '')) {
                    rows.push(row);
                }
                row = [];
                current = '';
                continue;
            }

            current += char;
        }

        row.push(current);
        if (row.some((cell) => cell.trim() !== '')) {
            rows.push(row);
        }

        return rows;
    }

    function importDeliveryCsv(text) {
        const rows = parseCsvRows(text);
        if (rows.length < 2) {
            throw new Error('CSV import needs a header row and at least one data row.');
        }

        const normalizeHeader = (value) => value.trim().toLowerCase().replace(/[^a-z0-9]+/g, '_');
        const headers = rows[0].map(normalizeHeader);
        const skuIndex = headers.findIndex((header) => ['sku', 'ingredient_sku'].includes(header));
        const ingredientIndex = headers.findIndex((header) => ['ingredient', 'ingredient_name', 'name'].includes(header));
        const qtyIndex = headers.findIndex((header) => ['qty', 'quantity', 'delivered_qty'].includes(header));
        const unitCostIndex = headers.findIndex((header) => ['unit_cost', 'cost', 'unit_price'].includes(header));
        const costBasisIndex = headers.findIndex((header) => ['cost_basis', 'basis', 'cost_source'].includes(header));

        if (qtyIndex === -1 || (skuIndex === -1 && ingredientIndex === -1)) {
            throw new Error('CSV import needs `sku` or `ingredient`, plus `qty` headers.');
        }

        const rowByLookup = new Map();
        deliveryLines.querySelectorAll('tr[data-ingredient-id]').forEach((row) => {
            const cells = row.querySelectorAll('td');
            const ingredientName = (cells[0]?.textContent || '').trim().toLowerCase();
            const sku = (cells[1]?.textContent || '').trim().toLowerCase();
            if (ingredientName !== '') {
                rowByLookup.set(ingredientName, row);
            }
            if (sku !== '' && sku !== '—') {
                rowByLookup.set(sku, row);
            }
            row.classList.remove('is-imported');
        });

        let matched = 0;
        const unmatched = [];
        rows.slice(1).forEach((row) => {
            const lookupValue = String((skuIndex !== -1 ? row[skuIndex] : row[ingredientIndex]) || '').trim().toLowerCase();
            const qtyValue = String(row[qtyIndex] || '').trim();
            const unitCostValue = unitCostIndex !== -1 ? String(row[unitCostIndex] || '').trim() : '';
            const costBasisValue = costBasisIndex !== -1
                ? String(row[costBasisIndex] || '').trim().toLowerCase().replace(/[^a-z]+/g, '_')
                : '';

            if (lookupValue === '' || qtyValue === '') {
                return;
            }

            const targetRow = rowByLookup.get(lookupValue);
            if (!targetRow) {
                unmatched.push(lookupValue);
                return;
            }

            targetRow.querySelector('[data-field="qty"]').value = qtyValue;
            targetRow.querySelector('[data-field="unit_cost"]').value = unitCostValue;
            targetRow.querySelector('[data-field="cost_basis"]').value = ['receipt', 'price_list', 'manual'].includes(costBasisValue) ? costBasisValue : '';
            targetRow.classList.add('is-imported');
            matched += 1;
        });

        filterDeliverySheet();

        if (!matched) {
            throw new Error('No CSV rows matched the listed ingredients. Use SKU or exact ingredient names.');
        }

        if (unmatched.length) {
            showBanner('Imported ' + matched + ' ingredient rows. Unmatched rows: ' + unmatched.slice(0, 5).join(', ') + (unmatched.length > 5 ? '…' : '') + '.', true);
            return;
        }

        showBanner('Imported ' + matched + ' ingredient rows from CSV.', true);
    }

    function downloadDeliveryCsvTemplate() {
        const activeIngredients = state.ingredients.filter((row) => Number(row.is_active) !== 0);
        const lines = ['sku,ingredient,qty,unit_cost,cost_basis'];
        activeIngredients.forEach((row) => {
            lines.push([
                '"' + String(row.sku || '').replace(/"/g, '""') + '"',
                '"' + String(row.name || '').replace(/"/g, '""') + '"',
                '',
                '',
                ''
            ].join(','));
        });

        const blob = new Blob([lines.join('\n')], { type: 'text/csv;charset=utf-8' });
        const link = document.createElement('a');
        const objectUrl = URL.createObjectURL(blob);
        link.href = objectUrl;
        link.download = 'bakeshop-daily-deliveries-template.csv';
        document.body.appendChild(link);
        link.click();
        document.body.removeChild(link);
        URL.revokeObjectURL(objectUrl);
    }

    async function loadBranches(force = false) {
        if (!force && state.loaded.branches) {
            renderBranchTables();
            return;
        }
        const data = await request(api.branches);
        state.branches = normalizeMaintenanceRows('branch', data.items || []);
        state.loaded.branches = true;
        renderBranchTables();
    }

    async function loadUnits(force = false) {
        if (!force && state.loaded.units) {
            renderCatalogTables();
            return;
        }
        const data = await request(api.units);
        state.units = data.items || [];
        state.loaded.units = true;
        renderCatalogTables();
    }

    async function loadProducts(force = false) {
        if (!force && state.loaded.products) {
            renderCatalogTables();
            updateStats();
            return;
        }
        const data = await request(api.products);
        state.products = normalizeMaintenanceRows('product', data.items || []);
        state.loaded.products = true;
        pruneProductSelection();
        renderCatalogTables();
        updateStats();
    }

    async function loadIngredients(force = false) {
        if (!force && state.loaded.ingredients) {
            renderCatalogTables();
            renderDeliverySheet();
            filterDeliverySheet();
            updateStats();
            return;
        }
        const data = await request(api.ingredients);
        state.ingredients = normalizeMaintenanceRows('ingredient', data.items || []);
        state.loaded.ingredients = true;
        pruneIngredientSelection();
        renderCatalogTables();
        renderDeliverySheet();
        filterDeliverySheet();
        updateStats();
    }

    async function loadRecipes(force = false) {
        if (!productRecipesEnabled) {
            state.recipes = [];
            state.loaded.recipes = true;
            renderCatalogTables();
            updateStats();
            return;
        }

        if (!force && state.loaded.recipes) {
            renderCatalogTables();
            updateStats();
            return;
        }
        const data = await request(api.recipes);
        state.recipes = data.items || [];
        state.loaded.recipes = true;
        renderCatalogTables();
        updateStats();
    }

    async function loadDeliveries(force = false) {
        if (!force && state.loaded.deliveries) {
            renderOperationalTables();
            return;
        }
        const data = await request(api.deliveries);
        state.deliveries = data.items || [];
        state.loaded.deliveries = true;
        pruneDeliverySelection();
        renderOperationalTables();
    }

    async function loadProductTargets(force = false) {
        if (!force && state.loaded['product-targets']) {
            renderProductTargetsTable();
            return;
        }

        const data = await request(api.productTargets);
        state.productTargets = data.items || [];
        state.loaded['product-targets'] = true;
        renderProductTargetsTable();
    }

    async function loadProduction(force = false) {
        if (!force && state.loaded.production) {
            renderOperationalTables();
            return;
        }
        const data = await request(api.production);
        state.production = data.items || [];
        state.loaded.production = true;
        renderOperationalTables();
    }

    async function loadUsage() {
        syncPrintLink();
        const scope = currentReportScope();
        const usageBranch = $('#usage-branch');
        const usageFrom = $('#usage-from');
        const usageTo = $('#usage-to');
        if (usageBranch) {
            usageBranch.value = scope.branch_id || '';
        }
        if (usageFrom) {
            usageFrom.value = scope.from_date || '';
        }
        if (usageTo) {
            usageTo.value = scope.to_date || '';
        }
        const data = await request(apiUrl(api.usage, scope));
        if (data.settings && Number.isFinite(Number(data.settings.usage_decimal_places))) {
            state.usageDecimalPlaces = Number(data.settings.usage_decimal_places);
        }
        state.usage = data.items || [];
        state.usageTotals = data.totals || state.usageTotals;
        state.factualSummary = data.factual_summary || state.factualSummary;
        state.inventorySnapshot = (data.inventory && data.inventory.items) || [];
        state.inventoryTotals = (data.inventory && data.inventory.totals) || state.inventoryTotals;
        renderUsage();
    }

    async function loadDrProjection(force = false) {
        const scope = currentDrProjectionScope();
        const scopeKey = drProjectionScopeKey(scope);

        if (!canLoadDrProjection(scope)) {
            state.drProjection = {
                filters: null,
                branch: null,
                window_days: 0,
                ingredients: [],
                products: [],
                error: ''
            };
            state.drProjectionScopeKey = '';
            state.loaded['dr-projection'] = false;
            renderDrProjectionTables();
            return;
        }

        if (!force && state.loaded['dr-projection'] && state.drProjectionScopeKey === scopeKey) {
            renderDrProjectionTables();
            return;
        }

        const data = await request(apiUrl(api.drProjection, scope));
        const report = data.report || {};
        if (report.settings && Number.isFinite(Number(report.settings.usage_decimal_places))) {
            state.usageDecimalPlaces = Number(report.settings.usage_decimal_places);
        }
        state.drProjection = {
            filters: report.filters || null,
            branch: report.branch || null,
            window_days: Number(report.window_days || 0),
            ingredients: report.ingredients || [],
            products: report.products || [],
            error: ''
        };
        state.drProjectionScopeKey = scopeKey;
        state.loaded['dr-projection'] = true;
        renderDrProjectionTables();
    }

    async function ensureTabData(tabName, options = {}) {
        const force = options.force === true;
        const resolvedTab = resolveTabName(tabName);
        const loaders = datasetLoaders();

        for (const requirement of tabRequirementsFor(resolvedTab)) {
            await loaders[requirement](force);
        }
    }

    async function submitJson(url, payload, successMessage, after) {
        try {
            const data = await request(url, {
                method: 'POST',
                body: JSON.stringify({ _token: csrfToken, ...payload })
            });
            showBanner(successMessage, true);
            if (typeof after === 'function') {
                await after(data);
            }
            await applyCacheInvalidations(data.cache_invalidate || [], {
                refreshCurrentTab: typeof after !== 'function'
            });
            return data;
        } catch (error) {
            showBanner(error.message || 'Request failed.', false);
            return null;
        }
    }

    function confirmDelete(message) {
        return window.confirm(message);
    }

    function closeDeleteConfirm(confirmed) {
        if (deleteConfirm) {
            deleteConfirm.hidden = true;
        }
        document.body.classList.remove('bakeshop-confirm-open');

        if (typeof pendingDeleteConfirmResolve === 'function') {
            const resolve = pendingDeleteConfirmResolve;
            pendingDeleteConfirmResolve = null;
            resolve(confirmed === true);
        }
    }

    function confirmBulkDelete(options = {}) {
        const previewItems = Array.from(new Set((options.items || []).map((item) => String(item || '').trim()).filter(Boolean)));
        const previewLimit = 5;

        if (!deleteConfirm || !deleteConfirmTitle || !deleteConfirmMessage || !deleteConfirmImpact || !deleteConfirmList || !deleteConfirmOverflow || !deleteConfirmSubmit) {
            const fallbackMessage = [
                options.message || 'Delete the selected records?',
                previewItems.length ? previewItems.slice(0, previewLimit).map((item) => '- ' + item).join('\n') : '',
                previewItems.length > previewLimit ? ('+' + String(previewItems.length - previewLimit) + ' more') : ''
            ].filter(Boolean).join('\n\n');
            return Promise.resolve(window.confirm(fallbackMessage));
        }

        if (typeof pendingDeleteConfirmResolve === 'function') {
            closeDeleteConfirm(false);
        }

        deleteConfirmTitle.textContent = options.title || 'Delete selected records?';
        deleteConfirmMessage.textContent = options.message || 'Review the selected items before confirming this delete.';

        const impactMessage = String(options.impact || '').trim();
        deleteConfirmImpact.textContent = impactMessage;
        deleteConfirmImpact.hidden = impactMessage === '';

        deleteConfirmList.innerHTML = previewItems.slice(0, previewLimit)
            .map((item) => '<li>' + escapeHtml(item) + '</li>')
            .join('');
        deleteConfirmList.hidden = previewItems.length === 0;

        if (previewItems.length > previewLimit) {
            deleteConfirmOverflow.textContent = '+' + String(previewItems.length - previewLimit) + ' more selected item(s)';
            deleteConfirmOverflow.hidden = false;
        } else {
            deleteConfirmOverflow.textContent = '';
            deleteConfirmOverflow.hidden = true;
        }

        deleteConfirmSubmit.textContent = options.confirmLabel || 'Delete Selected';
        deleteConfirm.hidden = false;
        document.body.classList.add('bakeshop-confirm-open');

        return new Promise((resolve) => {
            pendingDeleteConfirmResolve = resolve;
            deleteConfirmCancel?.focus();
        });
    }

    function promptRequiredValue(message, defaultValue = '') {
        const value = window.prompt(message, defaultValue);
        if (value === null) {
            return null;
        }

        const normalized = String(value).trim();
        if (normalized === '') {
            showBanner('A reason is required to void a saved entry.', false);
            return null;
        }

        return normalized;
    }

    function syncEditorActionButtons(options) {
        const addButton = options.addSelector ? $(options.addSelector) : null;
        const cancelButton = options.cancelSelector ? $(options.cancelSelector) : null;
        const editing = options.editing === true;

        if (addButton) {
            addButton.disabled = !canManageWorkspace || editing;
        }

        if (cancelButton) {
            cancelButton.hidden = !editing;
            cancelButton.disabled = !canManageWorkspace || !editing;
        }
    }

    function resetBranchForm() {
        branchForm.reset();
        branchForm.elements.namedItem('id').value = '';
        branchForm.elements.namedItem('is_active').value = '1';
        setFocusNote('#branch-focus-note', '');
        $('#branch-submit').textContent = 'Save Branch';
        syncEditorActionButtons({ cancelSelector: '#branch-cancel', editing: false });
    }

    function editBranch(row, source = 'table') {
        branchForm.elements.namedItem('id').value = String(row.id || '');
        branchForm.elements.namedItem('is_active').value = String(Number(row.is_active) === 0 ? 0 : 1);
        branchForm.elements.namedItem('code').value = row.code || '';
        branchForm.elements.namedItem('name').value = row.name || '';
        branchForm.elements.namedItem('address').value = row.address || '';
        setFocusNote('#branch-focus-note', source === 'history' ? 'Reviewing this branch from activity history. Confirm the details below before saving changes.' : '');
        $('#branch-submit').textContent = 'Update Branch';
        syncEditorActionButtons({ cancelSelector: '#branch-cancel', editing: true });
        branchForm.scrollIntoView({ behavior: 'smooth', block: 'nearest' });
    }

    function resetProductionForm() {
        productionForm.reset();
        state.productionDraftQuantities = {};
        state.productionDraftSaveState = {};
        state.productionGuardOverride = false;
        productionForm.elements.namedItem('id').value = '';
        productionForm.elements.namedItem('product_id').value = '';
        productionForm.elements.namedItem('qty_produced').value = '';
        productionForm.elements.namedItem('branch_id').disabled = false;
        $('#production-products-filter').disabled = false;
        setFocusNote('#production-focus-note', '');
        $('#production-submit').textContent = 'Update Saved Entry';
        $('#production-submit').hidden = true;
        syncEditorActionButtons({ cancelSelector: '#production-cancel', editing: false });
        productionForm.elements.namedItem('produced_at').value = nowLocalDateTime();
        syncProductionGuardOverrideControls();
        activateProductionSectionTab('record');
        syncProductionLastSavedCard();
        syncProductionProductSelection();
        renderCatalogTables();
    }

    function editProduction(row, source = 'table') {
        state.productionDraftQuantities = {
            [String(row.product_id || '')]: String(row.qty_produced || '')
        };
        state.productionDraftSaveState = {
            [String(row.product_id || '')]: {
                kind: 'saved',
                message: 'Saved entry selected for review.'
            }
        };
        productionForm.elements.namedItem('id').value = String(row.id || '');
        productionForm.elements.namedItem('branch_id').value = String(row.branch_id || '');
        productionForm.elements.namedItem('branch_id').disabled = true;
        productionForm.elements.namedItem('product_id').value = String(row.product_id || '');
        productionForm.elements.namedItem('qty_produced').value = String(row.qty_produced || '');
        productionForm.elements.namedItem('produced_at').value = productionDateTimeInputValue(row.produced_at || '');
        productionForm.elements.namedItem('produced_by').value = row.produced_by || '';
        productionForm.elements.namedItem('notes').value = row.notes || '';
        $('#production-products-filter').disabled = true;
        setFocusNote('#production-focus-note', source === 'history'
            ? 'Reviewing this saved entry from activity history. Only the finished time, staff name, and note can be updated here.'
            : 'Reviewing a saved entry. Branch, item, amount made, and ingredients used stay unchanged.');
        $('#production-submit').textContent = 'Update Saved Entry';
        $('#production-submit').hidden = false;
        syncEditorActionButtons({ cancelSelector: '#production-cancel', editing: true });
        syncProductionGuardOverrideControls();
        rememberLastSavedProduction(row);
        activateProductionSectionTab('record');
        renderCatalogTables();
        syncProductionProductSelection();
        productionForm.scrollIntoView({ behavior: 'smooth', block: 'nearest' });
    }

    function resetProductForm() {
        productForm.reset();
        state.activeProductId = 0;
        productForm.elements.namedItem('id').value = '';
        productForm.elements.namedItem('is_active').value = '1';
        productForm.elements.namedItem('default_yield_qty').value = '1.00';
        const _pft = $('#product-form-title'); if (_pft) _pft.textContent = 'New Product';
        const _pfd = $('#product-form-description'); if (_pfd) _pfd.textContent = 'Finished goods for production.';
        setFocusNote('#product-focus-note', '');
        $('#product-submit').textContent = 'Save Product';
        syncEditorActionButtons({ addSelector: '#product-add', cancelSelector: '#product-cancel', editing: false });
        resetRecipeForm();
        renderCatalogTables();
    }

    function editProduct(row, source = 'table') {
        state.activeProductId = Number(row.id || 0);
        state.productListView = Number(row.is_active) === 0 ? 'archived' : 'active';
        productForm.elements.namedItem('id').value = String(row.id || '');
        productForm.elements.namedItem('is_active').value = String(Number(row.is_active) === 0 ? 0 : 1);
        productForm.elements.namedItem('name').value = row.name || '';
        productForm.elements.namedItem('sku').value = row.sku || '';
        productForm.elements.namedItem('category').value = row.category || '';
        productForm.elements.namedItem('default_yield_qty').value = normalizeTwoDecimalQuantity(row.default_yield_qty, '1.00');
        productForm.elements.namedItem('default_yield_unit_id').value = row.default_yield_unit_id || '';
        const _pft2 = $('#product-form-title'); if (_pft2) _pft2.textContent = 'Edit Product';
        const _pfd2 = $('#product-form-description'); if (_pfd2) _pfd2.textContent = 'Update this finished good without leaving the catalog workspace.';
        setFocusNote('#product-focus-note', source === 'history' ? 'Reviewing this product from activity history. Confirm the product details and yield before saving.' : '');
        $('#product-submit').textContent = 'Update Product';
        syncEditorActionButtons({ addSelector: '#product-add', cancelSelector: '#product-cancel', editing: true });
        resetRecipeForm();
        renderCatalogTables();
        productForm.scrollIntoView({ behavior: 'smooth', block: 'nearest' });
    }

    function resetIngredientForm() {
        ingredientForm.reset();
        ingredientForm.elements.namedItem('id').value = '';
        ingredientForm.elements.namedItem('is_active').value = '1';
        ingredientForm.elements.namedItem('pack_label').value = '';
        ingredientForm.elements.namedItem('pack_qty').value = '';
        const _ift = $('#ingredient-form-title'); if (_ift) _ift.textContent = 'New Ingredient';
        const _ifd = $('#ingredient-form-description'); if (_ifd) _ifd.textContent = 'Raw materials received into branch inventory through deliveries.';
        setFocusNote('#ingredient-focus-note', '');
        $('#ingredient-submit').textContent = 'Save Ingredient';
        syncEditorActionButtons({ addSelector: '#ingredient-add', cancelSelector: '#ingredient-cancel', editing: false });
        syncIngredientPackUnitOptions('');
    }

    function editIngredient(row, source = 'table') {
        ingredientForm.elements.namedItem('id').value = String(row.id || '');
        ingredientForm.elements.namedItem('is_active').value = String(Number(row.is_active) === 0 ? 0 : 1);
        ingredientForm.elements.namedItem('name').value = row.name || '';
        ingredientForm.elements.namedItem('sku').value = row.sku || '';
        ingredientForm.elements.namedItem('default_unit_id').value = row.default_unit_id || '';
        ingredientForm.elements.namedItem('pack_label').value = row.pack_label || '';
        ingredientForm.elements.namedItem('pack_qty').value = row.pack_qty || '';
        const _ift2 = $('#ingredient-form-title'); if (_ift2) _ift2.textContent = 'Edit Ingredient';
        const _ifd2 = $('#ingredient-form-description'); if (_ifd2) _ifd2.textContent = 'Update this raw material without leaving the catalog workspace.';
        setFocusNote('#ingredient-focus-note', source === 'history' ? 'Reviewing this ingredient from activity history. Confirm the stock unit and identity details before saving.' : '');
        $('#ingredient-submit').textContent = 'Update Ingredient';
        syncEditorActionButtons({ addSelector: '#ingredient-add', cancelSelector: '#ingredient-cancel', editing: true });
        syncIngredientPackUnitOptions(row.pack_unit_id || '');
        ingredientForm.scrollIntoView({ behavior: 'smooth', block: 'nearest' });
    }

    function resetProductTargetForm() {
        if (!productTargetForm) {
            return;
        }

        const branchId = currentProductTargetBranchId();
        productTargetForm.reset();
        productTargetForm.elements.namedItem('id').value = '';
        productTargetForm.elements.namedItem('is_active').value = '1';
        if (branchId > 0) {
            productTargetForm.elements.namedItem('branch_id').value = String(branchId);
        }
        productTargetForm.elements.namedItem('daily_qty').value = '1.00';
        setFocusNote('#product-target-focus-note', '');
        $('#product-target-submit').textContent = 'Save Target';
        syncEditorActionButtons({ addSelector: '#product-target-add', cancelSelector: '#product-target-cancel', editing: false });
        syncProductTargetUnitOptions('');
    }

    function editProductTarget(row) {
        if (!productTargetForm) {
            return;
        }

        state.productTargetBranchId = Number(row.branch_id || 0);
        productTargetForm.elements.namedItem('id').value = String(row.id || '');
        productTargetForm.elements.namedItem('is_active').value = String(Number(row.is_active) === 0 ? 0 : 1);
        productTargetForm.elements.namedItem('branch_id').value = String(row.branch_id || '');
        productTargetForm.elements.namedItem('product_id').value = String(row.product_id || '');
        productTargetForm.elements.namedItem('daily_qty').value = normalizeTwoDecimalQuantity(row.daily_qty, '1.00');
        setFocusNote('#product-target-focus-note', 'Reviewing this branch target. Confirm the branch, product, target quantity, and unit before saving.');
        $('#product-target-submit').textContent = 'Update Target';
        syncEditorActionButtons({ addSelector: '#product-target-add', cancelSelector: '#product-target-cancel', editing: true });
        syncProductTargetUnitOptions(row.unit_id || '');
        productTargetForm.scrollIntoView({ behavior: 'smooth', block: 'nearest' });
    }

    async function deleteProductTarget(row) {
        if (!confirmDelete('Delete this branch target? This cannot be undone.')) {
            return;
        }

        await submitJson(api.productTargetsDelete, {
            id: row.id
        }, 'Branch target deleted.', async () => {
            if (productTargetForm && productTargetForm.elements.namedItem('id').value === String(row.id)) {
                resetProductTargetForm();
            }
            await loadProductTargets(true);
        });
    }

    function resetRecipeForm() {
        recipeForm.reset();
        recipeForm.dataset.recipeId = '';
        recipeForm.elements.namedItem('qty').value = '1.00';
        if (state.activeProductId > 0) {
            recipeForm.elements.namedItem('product_id').value = String(state.activeProductId);
        }
        setFocusNote('#recipe-focus-note', '');
        $('#recipe-submit').textContent = 'Save Recipe Line';
        syncEditorActionButtons({ cancelSelector: '#recipe-cancel', editing: false });
        syncRecipePanel();
    }

    function editRecipe(row, source = 'table') {
        if (Number(row.product_id) > 0 && Number(state.activeProductId) !== Number(row.product_id)) {
            state.activeProductId = Number(row.product_id);
            renderCatalogTables();
        }
        recipeForm.dataset.recipeId = String(row.id || '');
        recipeForm.elements.namedItem('product_id').value = row.product_id || '';
        recipeForm.elements.namedItem('ingredient_id').value = row.ingredient_id || '';
        recipeForm.elements.namedItem('unit_id').value = row.unit_id || '';
        recipeForm.elements.namedItem('qty').value = normalizeTwoDecimalQuantity(row.qty, '1.00');
        recipeForm.elements.namedItem('notes').value = row.notes || '';
        setFocusNote('#recipe-focus-note', source === 'history' ? 'Reviewing this recipe line from activity history. Confirm the product, ingredient, and quantity before saving.' : '');
        $('#recipe-submit').textContent = 'Update Recipe Line';
        syncEditorActionButtons({ cancelSelector: '#recipe-cancel', editing: true });
        syncRecipePanel();
        recipeForm.scrollIntoView({ behavior: 'smooth', block: 'nearest' });
    }

    async function deleteRecipe(row) {
        if (!confirmDelete('Delete this recipe line? This cannot be undone.')) {
            return;
        }

        await submitJson(api.recipesDelete, {
            id: row.id
        }, 'Recipe line deleted.', async () => {
            if (recipeForm.dataset.recipeId === String(row.id)) {
                resetRecipeForm();
            }
            await loadRecipes(true);
            await loadProducts(true);
        });
    }

    async function deleteProductsByIds(ids) {
        const normalizedIds = Array.from(new Set((ids || []).map((id) => Number(id)).filter((id) => Number.isFinite(id) && id > 0)));
        if (!normalizedIds.length) {
            return;
        }

        const message = normalizedIds.length === 1
            ? (productRecipesEnabled
                ? 'Delete this product? Its recipe lines will also be deleted. This cannot be undone.'
                : 'Delete this product? This cannot be undone.')
            : (productRecipesEnabled
                ? 'Delete ' + String(normalizedIds.length) + ' selected products? Their recipe lines will also be deleted. This cannot be undone.'
                : 'Delete ' + String(normalizedIds.length) + ' selected products? This cannot be undone.');
        const shouldDelete = normalizedIds.length === 1
            ? confirmDelete(message)
            : await confirmBulkDelete({
                title: 'Delete selected products?',
                message,
                impact: productRecipesEnabled ? 'Each selected product also removes its recipe lines.' : 'Selected products are removed permanently.',
                items: normalizedIds.map((id) => productDeletePreviewLabel(findStateRow('product', id), id)),
                confirmLabel: 'Delete Products'
            });
        if (!shouldDelete) {
            return;
        }

        const data = await submitJson(api.productsBatchDelete, {
            ids: normalizedIds
        }, normalizedIds.length === 1 ? 'Product deleted.' : ('Deleted ' + String(normalizedIds.length) + ' products.'));
        if (!data) {
            return;
        }

        normalizedIds.forEach((id) => {
            state.selectedProductIds.delete(id);
            if (productForm.elements.namedItem('id').value === String(id) || Number(state.activeProductId) === id) {
                resetProductForm();
            }
        });

        await loadProducts(true);
        await loadRecipes(true);
    }

    async function deleteProduct(row) {
        await deleteProductsByIds([row.id]);
    }

    async function deleteIngredientsByIds(ids) {
        const normalizedIds = Array.from(new Set((ids || []).map((id) => Number(id)).filter((id) => Number.isFinite(id) && id > 0)));
        if (!normalizedIds.length) {
            return;
        }

        const message = normalizedIds.length === 1
            ? 'Delete this ingredient? This cannot be undone.'
            : 'Delete ' + String(normalizedIds.length) + ' selected ingredients? This cannot be undone.';
        const shouldDelete = normalizedIds.length === 1
            ? confirmDelete(message)
            : await confirmBulkDelete({
                title: 'Delete selected ingredients?',
                message,
                impact: 'Deleting ingredients removes them from the active master list immediately.',
                items: normalizedIds.map((id) => ingredientDeletePreviewLabel(findStateRow('ingredient', id), id)),
                confirmLabel: 'Delete Ingredients'
            });
        if (!shouldDelete) {
            return;
        }

        const data = await submitJson(api.ingredientsBatchDelete, {
            ids: normalizedIds
        }, normalizedIds.length === 1 ? 'Ingredient deleted.' : ('Deleted ' + String(normalizedIds.length) + ' ingredients.'));
        if (!data) {
            return;
        }

        normalizedIds.forEach((id) => {
            state.selectedIngredientIds.delete(id);
            if (ingredientForm.elements.namedItem('id').value === String(id)) {
                resetIngredientForm();
            }
        });

        await loadIngredients(true);
        await loadRecipes(true);
    }

    async function deleteIngredient(row) {
        await deleteIngredientsByIds([row.id]);
    }

    async function deleteDeliveriesByIds(ids) {
        const normalizedIds = Array.from(new Set((ids || []).map((id) => Number(id)).filter((id) => Number.isFinite(id) && id > 0)));
        if (!normalizedIds.length) {
            return;
        }

        const message = normalizedIds.length === 1
            ? 'Delete this delivery and its item lines? This cannot be undone.'
            : 'Delete ' + String(normalizedIds.length) + ' selected deliveries and their item lines? This cannot be undone.';
        const shouldDelete = normalizedIds.length === 1
            ? confirmDelete(message)
            : await confirmBulkDelete({
                title: 'Delete selected deliveries?',
                message,
                impact: 'Each selected delivery also removes its received ingredient lines from daily receiving history.',
                items: normalizedIds.map((id) => deliveryDeletePreviewLabel(findStateRow('delivery', id), id)),
                confirmLabel: 'Delete Deliveries'
            });
        if (!shouldDelete) {
            return;
        }

        const data = await submitJson(api.deliveriesBatchDelete, {
            ids: normalizedIds
        }, normalizedIds.length === 1 ? 'Delivery deleted.' : ('Deleted ' + String(normalizedIds.length) + ' deliveries.'));
        if (!data) {
            return;
        }

        normalizedIds.forEach((id) => {
            state.selectedDeliveryIds.delete(id);
            if (Number(state.expandedDeliveryId || 0) === id) {
                state.expandedDeliveryId = 0;
            }
        });

        await loadDeliveries(true);
        await loadUsage();
    }

    async function deleteDelivery(row) {
        await deleteDeliveriesByIds([row.id]);
    }

    async function voidProductionRun(row) {
        if (!confirmDelete('Void this saved entry and remove its ingredient use from usage and inventory?')) {
            return;
        }

        const voidReason = promptRequiredValue('Why is this saved entry being voided?', 'Duplicate or incorrect entry');
        if (voidReason === null) {
            return;
        }

        await submitJson(api.productionVoid, {
            id: row.id,
            void_reason: voidReason
        }, 'Saved entry voided.', async () => {
            await loadProduction(true);
            await loadUsage();
        });
    }

    async function toggleActive(kind, row) {
        const rowId = normalizedRowId(kind, row);
        if (!Number.isFinite(rowId) || rowId <= 0) {
            showBanner('Selected ' + String(kind || 'record') + ' could not be resolved.', false);
            return;
        }

        const nextActive = Number(row.is_active) === 0 ? 1 : 0;
        if (kind === 'branch') {
            await submitJson(api.branchStatus.replace('[id]', encodeURIComponent(String(rowId))), {
                is_active: nextActive
            }, nextActive === 1 ? 'Branch restored.' : 'Branch archived.', async () => {
                if (branchForm.elements.namedItem('id').value === String(row.id)) {
                    resetBranchForm();
                }
                await loadBranches(true);
            });
            return;
        }

        if (kind === 'product') {
            await submitJson(api.productStatus.replace('[id]', encodeURIComponent(String(rowId))), {
                is_active: nextActive
            }, nextActive === 1 ? 'Product restored.' : 'Product archived.', async () => {
                if (productForm.elements.namedItem('id').value === String(row.id)) {
                    resetProductForm();
                }
                await loadProducts(true);
                await loadRecipes(true);
            });
            return;
        }

        if (kind === 'ingredient') {
            await submitJson(api.ingredientStatus.replace('[id]', encodeURIComponent(String(rowId))), {
                is_active: nextActive
            }, nextActive === 1 ? 'Ingredient restored.' : 'Ingredient archived.', async () => {
                if (ingredientForm.elements.namedItem('id').value === String(row.id)) {
                    resetIngredientForm();
                }
                await loadIngredients(true);
                await loadRecipes(true);
            });
        }
    }

    function findStateRow(kind, id) {
        const numericId = Number(id);
        if (kind === 'branch') {
            return state.branches.find((row) => Number(row.id) === numericId) || null;
        }
        if (kind === 'product') {
            return state.products.find((row) => Number(row.id) === numericId) || null;
        }
        if (kind === 'ingredient') {
            return state.ingredients.find((row) => Number(row.id) === numericId) || null;
        }
        if (kind === 'recipe') {
            return state.recipes.find((row) => Number(row.id) === numericId) || null;
        }
        if (kind === 'delivery') {
            return state.deliveries.find((row) => Number(row.id) === numericId) || null;
        }
        if (kind === 'production') {
            return state.production.find((row) => Number(row.id) === numericId) || null;
        }
        if (kind === 'product-target') {
            return state.productTargets.find((row) => Number(row.id) === numericId) || null;
        }
        return null;
    }

    function bindMaintenanceActions(selector) {
        $(selector).addEventListener('click', async (event) => {
            const button = event.target.closest('[data-action]');
            if (!button) {
                return;
            }

            if (!canManageWorkspace) {
                showBanner('This work area is read only for your role.', false);
                return;
            }

            const kind = button.getAttribute('data-kind');
            const buttonRowId = Number(button.getAttribute('data-id') || '0');
            if (!Number.isFinite(buttonRowId) || buttonRowId <= 0) {
                showBanner('Selected record could not be resolved.', false);
                return;
            }

            const row = findStateRow(kind, buttonRowId);
            if (!row) {
                showBanner('Selected record could not be found.', false);
                return;
            }

            if (button.getAttribute('data-action') === 'edit') {
                if (kind === 'branch') {
                    editBranch(row);
                } else if (kind === 'product') {
                    editProduct(row);
                } else if (kind === 'ingredient') {
                    editIngredient(row);
                }
                clearBanner();
                return;
            }

            if (button.getAttribute('data-action') === 'delete') {
                if (kind === 'product') {
                    await deleteProduct(row);
                    return;
                }
                if (kind === 'ingredient') {
                    await deleteIngredient(row);
                    return;
                }
            }

            await toggleActive(kind, row);
        });
    }

    $('#branch-form').addEventListener('submit', async (event) => {
        event.preventDefault();
        const form = event.currentTarget;
        await submitJson(api.branches, {
            id: form.elements.namedItem('id').value,
            is_active: form.elements.namedItem('is_active').value,
            code: form.elements.namedItem('code').value,
            name: form.elements.namedItem('name').value,
            address: form.elements.namedItem('address').value
        }, form.elements.namedItem('id').value ? 'Branch updated.' : 'Branch saved.', async () => {
            resetBranchForm();
            await loadBranches();
        });
    });

    $('#product-form').addEventListener('submit', async (event) => {
        event.preventDefault();
        const form = event.currentTarget;
        await submitJson(api.products, {
            id: form.elements.namedItem('id').value,
            is_active: form.elements.namedItem('is_active').value,
            name: form.elements.namedItem('name').value,
            sku: form.elements.namedItem('sku').value,
            category: form.elements.namedItem('category').value,
            default_yield_qty: normalizeTwoDecimalQuantity(form.elements.namedItem('default_yield_qty').value, '1.00'),
            default_yield_unit_id: form.elements.namedItem('default_yield_unit_id').value
        }, form.elements.namedItem('id').value ? 'Product updated.' : 'Product saved.', async () => {
            const savedProductId = Number(form.elements.namedItem('id').value || 0);
            await loadProducts(true);
            await loadRecipes(true);
            if (savedProductId > 0) {
                const savedRow = state.products.find((row) => Number(row.id) === savedProductId);
                if (savedRow) {
                    editProduct(savedRow);
                    return;
                }
            }
            resetProductForm();
        });
    });

    $('#ingredient-form').addEventListener('submit', async (event) => {
        event.preventDefault();
        const form = event.currentTarget;
        await submitJson(api.ingredients, {
            id: form.elements.namedItem('id').value,
            is_active: form.elements.namedItem('is_active').value,
            name: form.elements.namedItem('name').value,
            sku: form.elements.namedItem('sku').value,
            default_unit_id: form.elements.namedItem('default_unit_id').value,
            pack_label: form.elements.namedItem('pack_label').value,
            pack_qty: form.elements.namedItem('pack_qty').value,
            pack_unit_id: form.elements.namedItem('pack_unit_id').value
        }, form.elements.namedItem('id').value ? 'Ingredient updated.' : 'Ingredient saved.', async () => {
            resetIngredientForm();
            await loadIngredients(true);
            await loadRecipes(true);
        });
    });

    $('#product-target-form')?.addEventListener('submit', async (event) => {
        event.preventDefault();
        const form = event.currentTarget;
        await submitJson(api.productTargets, {
            id: form.elements.namedItem('id').value,
            is_active: form.elements.namedItem('is_active').value,
            branch_id: form.elements.namedItem('branch_id').value,
            product_id: form.elements.namedItem('product_id').value,
            daily_qty: normalizeTwoDecimalQuantity(form.elements.namedItem('daily_qty').value, '1.00'),
            unit_id: form.elements.namedItem('unit_id').value
        }, form.elements.namedItem('id').value ? 'Branch target updated.' : 'Branch target saved.', async () => {
            state.productTargetBranchId = Number(form.elements.namedItem('branch_id').value || 0);
            resetProductTargetForm();
            await loadProductTargets(true);
            await loadDrProjection(true);
        });
    });

    $('#branch-cancel').addEventListener('click', resetBranchForm);
    $('#product-add').addEventListener('click', () => {
        resetProductForm();
        productForm.elements.namedItem('name').focus();
    });
    $('#product-cancel').addEventListener('click', resetProductForm);
    deleteConfirmCancel?.addEventListener('click', () => {
        closeDeleteConfirm(false);
    });
    deleteConfirmSubmit?.addEventListener('click', () => {
        closeDeleteConfirm(true);
    });
    deleteConfirm?.addEventListener('click', (event) => {
        if (event.target === deleteConfirm) {
            closeDeleteConfirm(false);
        }
    });
    document.addEventListener('keydown', (event) => {
        if (event.key === 'Escape' && deleteConfirm && !deleteConfirm.hidden) {
            event.preventDefault();
            closeDeleteConfirm(false);
        }
    });
    $('#products-select-visible')?.addEventListener('click', () => {
        productDeleteEligibleRows().forEach((row) => {
            const rowId = Number(row.id);
            if (Number.isFinite(rowId) && rowId > 0) {
                state.selectedProductIds.add(rowId);
            }
        });
        renderCatalogTables();
    });
    $('#products-clear-selection')?.addEventListener('click', () => {
        state.selectedProductIds.clear();
        renderCatalogTables();
    });
    $('#products-delete-selected')?.addEventListener('click', async () => {
        await deleteProductsByIds(Array.from(state.selectedProductIds));
    });
    $('#products-select-all')?.addEventListener('change', (event) => {
        const checked = event.currentTarget.checked;
        productDeleteEligibleRows().forEach((row) => {
            const rowId = Number(row.id);
            if (!Number.isFinite(rowId) || rowId <= 0) {
                return;
            }
            if (checked) {
                state.selectedProductIds.add(rowId);
            } else {
                state.selectedProductIds.delete(rowId);
            }
        });
        renderCatalogTables();
    });
    $('#products-table')?.addEventListener('change', (event) => {
        const checkbox = event.target.closest('[data-product-select]');
        if (!checkbox) {
            return;
        }

        const rowId = Number(checkbox.getAttribute('data-product-select') || '0');
        if (!Number.isFinite(rowId) || rowId <= 0) {
            return;
        }

        if (checkbox.checked) {
            state.selectedProductIds.add(rowId);
        } else {
            state.selectedProductIds.delete(rowId);
        }
        syncProductSelectionControls(filteredProductRows());
    });
    document.querySelectorAll('[data-product-view]').forEach((button) => {
        button.addEventListener('click', () => {
            const nextView = button.getAttribute('data-product-view') === 'archived' ? 'archived' : 'active';
            if (state.productListView === nextView) {
                return;
            }

            state.productListView = nextView;
            state.selectedProductIds.clear();
            if (state.activeProductId > 0) {
                const activeProduct = state.products.find((row) => Number(row.id) === Number(state.activeProductId));
                if (activeProduct && ((nextView === 'archived') !== (Number(activeProduct.is_active) === 0))) {
                    resetProductForm();
                    return;
                }
            }
            renderCatalogTables();
        });
    });
    $('#ingredient-add').addEventListener('click', () => {
        resetIngredientForm();
        ingredientForm.elements.namedItem('name').focus();
    });
    $('#ingredient-cancel').addEventListener('click', resetIngredientForm);
    $('#product-target-add')?.addEventListener('click', () => {
        resetProductTargetForm();
        productTargetForm?.elements.namedItem('product_id')?.focus();
    });
    $('#product-target-cancel')?.addEventListener('click', resetProductTargetForm);
    document.querySelectorAll('[data-ingredient-view]').forEach((button) => {
        button.addEventListener('click', () => {
            const nextView = button.getAttribute('data-ingredient-view') === 'archived' ? 'archived' : 'active';
            if (state.ingredientListView === nextView) {
                return;
            }

            state.ingredientListView = nextView;
            state.selectedIngredientIds.clear();
            renderCatalogTables();
        });
    });
    $('#ingredients-select-visible')?.addEventListener('click', () => {
        ingredientDeleteEligibleRows().forEach((row) => {
            const rowId = Number(row.id);
            if (Number.isFinite(rowId) && rowId > 0) {
                state.selectedIngredientIds.add(rowId);
            }
        });
        renderCatalogTables();
    });
    $('#ingredients-clear-selection')?.addEventListener('click', () => {
        state.selectedIngredientIds.clear();
        renderCatalogTables();
    });
    $('#ingredients-delete-selected')?.addEventListener('click', async () => {
        await deleteIngredientsByIds(Array.from(state.selectedIngredientIds));
    });
    $('#ingredients-select-all')?.addEventListener('change', (event) => {
        const checked = event.currentTarget.checked;
        ingredientDeleteEligibleRows().forEach((row) => {
            const rowId = Number(row.id);
            if (!Number.isFinite(rowId) || rowId <= 0) {
                return;
            }
            if (checked) {
                state.selectedIngredientIds.add(rowId);
            } else {
                state.selectedIngredientIds.delete(rowId);
            }
        });
        renderCatalogTables();
    });
    $('#ingredients-table')?.addEventListener('change', (event) => {
        const checkbox = event.target.closest('[data-ingredient-select]');
        if (!checkbox) {
            return;
        }

        const rowId = Number(checkbox.getAttribute('data-ingredient-select') || '0');
        if (!Number.isFinite(rowId) || rowId <= 0) {
            return;
        }

        if (checkbox.checked) {
            state.selectedIngredientIds.add(rowId);
        } else {
            state.selectedIngredientIds.delete(rowId);
        }
        syncIngredientSelectionControls(filteredIngredientRows());
    });
    $('#product-target-branch')?.addEventListener('change', (event) => {
        state.productTargetBranchId = Number(event.currentTarget.value || '0');
        renderProductTargetsTable();
    });
    $('#product-target-product')?.addEventListener('change', () => {
        syncProductTargetUnitOptions('');
    });
    $('#ingredient-unit')?.addEventListener('change', () => {
        syncIngredientPackUnitOptions('');
    });
    $('#recipe-cancel').addEventListener('click', resetRecipeForm);

    $('#recipe-form').addEventListener('submit', async (event) => {
        event.preventDefault();
        const form = event.currentTarget;
        await submitJson(api.recipes, {
            product_id: form.product_id.value,
            ingredient_id: form.ingredient_id.value,
            unit_id: form.unit_id.value,
            qty: normalizeTwoDecimalQuantity(form.qty.value, '1.00'),
            notes: form.notes.value
        }, form.dataset.recipeId ? 'Recipe line updated.' : 'Recipe line saved.', async () => {
            resetRecipeForm();
            await loadRecipes(true);
            await loadProducts(true);
        });
    });

    $('#delivery-sheet-filter').addEventListener('input', filterDeliverySheet);
    ['#branches-filter'].forEach((selector) => {
        const input = $(selector);
        if (input) {
            input.addEventListener('input', renderBranchTables);
        }
    });
    ['#recipes-filter', '#ingredients-filter', '#production-products-filter'].forEach((selector) => {
        const input = $(selector);
        if (input) {
            input.addEventListener('input', renderCatalogTables);
        }
    });
    ['#product-target-filter'].forEach((selector) => {
        const input = $(selector);
        if (input) {
            input.addEventListener('input', renderProductTargetsTable);
        }
    });
    ['#deliveries-filter', '#production-filter'].forEach((selector) => {
        const input = $(selector);
        if (input) {
            input.addEventListener('input', renderOperationalTables);
        }
    });
    ['#usage-filter', '#inventory-filter'].forEach((selector) => {
        const input = $(selector);
        if (input) {
            input.addEventListener('input', renderUsage);
        }
    });
    ['#dr-projection-ingredients-filter', '#dr-projection-products-filter'].forEach((selector) => {
        const input = $(selector);
        if (input) {
            input.addEventListener('input', renderDrProjectionTables);
        }
    });
    $('#delivery-sheet-clear').addEventListener('click', () => {
        clearDeliverySheetValues();
        showBanner('Daily delivery sheet cleared.', true);
    });
    $('#delivery-csv-template').addEventListener('click', downloadDeliveryCsvTemplate);
    deliveryCsvFile.addEventListener('change', async (event) => {
        const file = event.currentTarget.files && event.currentTarget.files[0];
        if (!file) {
            return;
        }

        try {
            const text = await file.text();
            importDeliveryCsv(text);
        } catch (error) {
            showBanner(error.message || 'Unable to import CSV.', false);
        }
    });

    $('#delivery-form').addEventListener('submit', async (event) => {
        event.preventDefault();
        const form = event.currentTarget;
        const items = collectDeliveryItems();
        if (!items.length) {
            showBanner('Enter at least one received quantity or import a CSV before saving.', false);
            return;
        }

        const preservedBranch = form.branch_id.value;
        const preservedDeliveredAt = form.delivered_at.value;
        const preservedCoverageDays = form.coverage_days.value;
        const preservedReceivedBy = form.received_by.value;
        const preservedSourceType = form.source_type.value;
        const preservedSourceName = form.source_name.value;
        await submitJson(api.deliveries, {
            branch_id: form.branch_id.value,
            delivered_at: form.delivered_at.value,
            coverage_days: form.coverage_days.value,
            reference: form.reference.value,
            source_type: form.source_type.value,
            source_name: form.source_name.value,
            received_by: form.received_by.value,
            notes: form.notes.value,
            items: items
        }, 'Delivery saved.', async () => {
            form.reference.value = '';
            form.notes.value = '';
            form.branch_id.value = preservedBranch;
            form.delivered_at.value = preservedDeliveredAt || nowLocalDate();
            form.coverage_days.value = preservedCoverageDays || String(defaultDrCoverageDays || 1);
            form.received_by.value = preservedReceivedBy;
            form.source_type.value = preservedSourceType || 'commissary';
            form.source_name.value = preservedSourceName;
            syncDeliverySourceField();
            clearDeliverySheetValues();
            await loadDeliveries(true);
            await loadUsage();
            await loadDrProjection(true);
        });
    });
    $('#deliveries-select-visible')?.addEventListener('click', () => {
        filteredDeliveryRows().forEach((row) => {
            const rowId = Number(row.id);
            if (Number.isFinite(rowId) && rowId > 0) {
                state.selectedDeliveryIds.add(rowId);
            }
        });
        renderOperationalTables();
    });
    $('#deliveries-clear-selection')?.addEventListener('click', () => {
        state.selectedDeliveryIds.clear();
        renderOperationalTables();
    });
    $('#deliveries-delete-selected')?.addEventListener('click', async () => {
        await deleteDeliveriesByIds(Array.from(state.selectedDeliveryIds));
    });
    $('#deliveries-select-all')?.addEventListener('change', (event) => {
        const checked = event.currentTarget.checked;
        filteredDeliveryRows().forEach((row) => {
            const rowId = Number(row.id);
            if (!Number.isFinite(rowId) || rowId <= 0) {
                return;
            }
            if (checked) {
                state.selectedDeliveryIds.add(rowId);
            } else {
                state.selectedDeliveryIds.delete(rowId);
            }
        });
        renderOperationalTables();
    });
    $('#deliveries-table')?.addEventListener('change', (event) => {
        const checkbox = event.target.closest('[data-delivery-select]');
        if (!checkbox) {
            return;
        }

        const rowId = Number(checkbox.getAttribute('data-delivery-select') || '0');
        if (!Number.isFinite(rowId) || rowId <= 0) {
            return;
        }

        if (checkbox.checked) {
            state.selectedDeliveryIds.add(rowId);
        } else {
            state.selectedDeliveryIds.delete(rowId);
        }
        syncDeliverySelectionControls(filteredDeliveryRows());
    });

    $('#production-products-table').addEventListener('click', (event) => {
        const qtyInput = event.target.closest('[data-production-qty-input]');
        if (qtyInput) {
            return;
        }

        const rowElement = event.target.closest('tr[data-row-kind="production-product"]');
        if (!rowElement) {
            return;
        }

        const row = state.products.find((item) => Number(item.id) === Number(rowElement.getAttribute('data-row-id') || '0') && Number(item.is_active) !== 0);
        if (!row) {
            showBanner('Selected product could not be found.', false);
            return;
        }

        focusProductionDraftInput(row);
    });

    $('#production-products-table').addEventListener('input', (event) => {
        const qtyInput = event.target.closest('[data-production-qty-input]');
        if (!(qtyInput instanceof HTMLInputElement)) {
            return;
        }

        const productId = Number(qtyInput.getAttribute('data-production-qty-input') || '0');
        if (!Number.isFinite(productId) || productId <= 0) {
            return;
        }

        const rawValue = String(qtyInput.value || '').trim();
        const numericValue = Number.parseFloat(rawValue);
        if (rawValue === '' || !Number.isFinite(numericValue) || numericValue <= 0) {
            delete state.productionDraftQuantities[String(productId)];
        } else {
            state.productionDraftQuantities[String(productId)] = rawValue;
        }

        syncProductionProductSelection();
    });

    $('#production-products-table').addEventListener('change', async (event) => {
        const qtyInput = event.target.closest('[data-production-qty-input]');
        if (!(qtyInput instanceof HTMLInputElement)) {
            return;
        }

        const productId = Number(qtyInput.getAttribute('data-production-qty-input') || '0');
        if (!Number.isFinite(productId) || productId <= 0) {
            return;
        }

        await autosaveProductionDraft(productId, qtyInput.value, qtyInput);
    });

    $('#production-products-table').addEventListener('keydown', (event) => {
        const qtyInput = event.target.closest('[data-production-qty-input]');
        if (!(qtyInput instanceof HTMLInputElement)) {
            return;
        }

        if (event.key === 'Enter') {
            event.preventDefault();
            qtyInput.blur();
        }
    });

    $('#production-form').addEventListener('submit', async (event) => {
        event.preventDefault();
        const form = event.currentTarget;
        const productionRunId = Number(form.elements.namedItem('id').value || '0');
        if (productionRunId > 0) {
            await submitJson(api.production, {
                id: productionRunId,
                produced_at: form.produced_at.value,
                produced_by: form.produced_by.value,
                notes: form.notes.value
            }, 'Saved entry updated.', async (data) => {
                await loadProduction(true);
                const updatedId = Number((data && data.item && data.item.id) || productionRunId || 0);
                const updatedSavedRow = state.production.find((row) => Number(row.id) === updatedId);
                if (updatedSavedRow) {
                    rememberLastSavedProduction(updatedSavedRow);
                }
                await loadUsage();
                const updatedRow = state.production.find((row) => Number(row.id) === productionRunId);
                if (updatedRow) {
                    editProduction(updatedRow);
                    return;
                }
                resetProductionForm();
            });
            return;
        }

        showBanner('Enter the amount made in the item list. Each row saves when you leave the box.', false);
    });

    if (permissionsForm && canManageSettings) {
        permissionsForm.addEventListener('submit', async (event) => {
            event.preventDefault();
            await submitJson(api.permissionsSettings, {
                role_permissions: {
                    supervisor: [
                        permissionsForm.elements.namedItem('supervisor_read').checked ? 'bakeshop.read' : '',
                        permissionsForm.elements.namedItem('supervisor_manage').checked ? 'bakeshop.manage' : ''
                    ].filter(Boolean)
                }
            }, 'Access settings updated.');
        });
    }

    $('#usage-form').addEventListener('submit', async (event) => {
        event.preventDefault();
        try {
            await ensureTabData('usage', { force: true });
            showBanner('Usage summary refreshed.', true);
        } catch (error) {
            showBanner(error.message || 'Unable to load usage summary.', false);
        }
    });

    $('#bakeshop-refresh').addEventListener('click', async () => {
        try {
            await ensureTabData(window.location.hash.slice(1) || defaultTab, { force: true });
            showBanner('The current work area has been refreshed.', true);
        } catch (error) {
            showBanner(error.message || 'Unable to refresh data.', false);
        }
    });

    ['#usage-branch', '#usage-from', '#usage-to', '#usage-horizon-days', '#summary-branch-filter', '#summary-from-filter', '#summary-to-filter'].forEach((selector) => {
        $(selector).addEventListener('change', () => {
            if (selector.startsWith('#summary-')) {
                syncReportScopeInputs('summary');
            }
            syncPrintLink();
        });
    });

    bindMaintenanceActions('#branches-table');
    bindMaintenanceActions('#products-table');
    bindMaintenanceActions('#ingredients-table');
    $('#product-targets-table')?.addEventListener('click', async (event) => {
        const button = event.target.closest('[data-action]');
        if (!button) {
            return;
        }

        const row = findStateRow('product-target', button.getAttribute('data-id') || '0');
        if (!row) {
            showBanner('Selected branch target could not be found.', false);
            return;
        }

        if (button.getAttribute('data-action') === 'edit-product-target') {
            if (!canManageWorkspace) {
                showBanner('This work area is read only for your role.', false);
                return;
            }

            editProductTarget(row);
            clearBanner();
            return;
        }

        if (button.getAttribute('data-action') === 'delete-product-target') {
            if (!canManageWorkspace) {
                showBanner('This work area is read only for your role.', false);
                return;
            }

            await deleteProductTarget(row);
        }
    });
    $('#recipes-table').addEventListener('click', async (event) => {
        const button = event.target.closest('[data-action]');
        if (!button) {
            return;
        }

        if (!canManageWorkspace) {
            showBanner('This work area is read only for your role.', false);
            return;
        }

        const row = findStateRow('recipe', button.getAttribute('data-id'));
        if (!row) {
            showBanner('Selected recipe line could not be found.', false);
            return;
        }

        if (button.getAttribute('data-action') === 'edit-recipe') {
            editRecipe(row);
            clearBanner();
            return;
        }

        await deleteRecipe(row);
    });

    $('#deliveries-table').addEventListener('click', async (event) => {
        const detailButton = event.target.closest('[data-action="toggle-delivery-detail"]');
        if (detailButton) {
            const row = findStateRow('delivery', detailButton.getAttribute('data-id'));
            if (!row) {
                showBanner('Selected delivery could not be found.', false);
                return;
            }

            const rowId = Number(row.id || 0);
            state.expandedDeliveryId = Number(state.expandedDeliveryId || 0) === rowId ? 0 : rowId;
            renderOperationalTables();
            return;
        }

        const button = event.target.closest('[data-action="delete-delivery"]');
        if (!button) {
            return;
        }

        if (!canManageWorkspace) {
            showBanner('This work area is read only for your role.', false);
            return;
        }

        const row = findStateRow('delivery', button.getAttribute('data-id'));
        if (!row) {
            showBanner('Selected delivery could not be found.', false);
            return;
        }

        await deleteDelivery(row);
    });

    $('#production-table').addEventListener('click', async (event) => {
        if (!canManageWorkspace) {
            const readonlyButton = event.target.closest('[data-action="edit-production"], [data-action="void-production"]');
            if (readonlyButton) {
                showBanner('This work area is read only for your role.', false);
            }
            return;
        }

        const editButton = event.target.closest('[data-action="edit-production"]');
        if (editButton) {
            const editRow = findStateRow('production', editButton.getAttribute('data-id'));
            if (!editRow) {
                showBanner('That saved entry could not be found.', false);
                return;
            }

            activateProductionSectionTab('record');
            editProduction(editRow);
            return;
        }

        const button = event.target.closest('[data-action="void-production"]');
        if (!button) {
            return;
        }

        const row = findStateRow('production', button.getAttribute('data-id'));
        if (!row) {
            showBanner('That saved entry could not be found.', false);
            return;
        }

        await voidProductionRun(row);
    });

    $('#delivery-at').value = nowLocalDate();
    $('#delivery-coverage-days').value = String(defaultDrCoverageDays || 1);
    $('#delivery-source-type').value = 'commissary';
    syncDeliverySourceField();
    applyWorkspaceAccessMode();
    syncEditorActionButtons({ cancelSelector: '#branch-cancel', editing: false });
    syncEditorActionButtons({ addSelector: '#product-add', cancelSelector: '#product-cancel', editing: false });
    syncEditorActionButtons({ addSelector: '#ingredient-add', cancelSelector: '#ingredient-cancel', editing: false });
    syncEditorActionButtons({ addSelector: '#product-target-add', cancelSelector: '#product-target-cancel', editing: false });
    syncEditorActionButtons({ cancelSelector: '#recipe-cancel', editing: false });
    syncEditorActionButtons({ cancelSelector: '#production-cancel', editing: false });
    resetProductTargetForm();
    $('#delivery-source-type').addEventListener('change', syncDeliverySourceField);
    deliverySectionTabs.forEach((button) => {
        button.addEventListener('click', () => {
            activateDeliverySectionTab(button.getAttribute('data-delivery-section-tab') || 'receive');
        });
    });
    $('#production-cancel').addEventListener('click', resetProductionForm);
    productionSectionTabs.forEach((button) => {
        button.addEventListener('click', () => {
            activateProductionSectionTab(button.getAttribute('data-production-section-tab') || 'record');
        });
    });
    productionGuardToggle?.addEventListener('click', () => {
        if (productionMetadataEditActive()) {
            showBanner('Testing override is only available while recording a new batch.', false);
            return;
        }

        state.productionGuardOverride = !state.productionGuardOverride;
        syncProductionGuardOverrideControls();
        syncProductionProductSelection();
        renderCatalogTables();
    });
    productionReviewLastSaved?.addEventListener('click', () => {
        activateProductionSectionTab('saved', { scrollToRecent: true });
    });
    productionEditLastSaved?.addEventListener('click', () => {
        const row = state.production.find((item) => Number(item.id) === Number(state.lastSavedProductionId || 0));
        if (!row) {
            showBanner('The last saved entry could not be found. Refresh the list and try again.', false);
            return;
        }

        editProduction(row);
    });
    resetProductionForm();
    resetBranchForm();
    resetProductForm();
    resetIngredientForm();
    resetRecipeForm();
    syncReportScopeInputs('summary');
    syncPrintLink();

    if (searchParams.get('onboarding') === 'bootstrap') {
        showBanner('Bootstrap onboarding is still active. You can review live workspace data here while finishing the staff handoff.', true);
    }

    ensureTabData(window.location.hash.slice(1) || defaultTab).catch((error) => {
        showBanner(error.message || 'Unable to load initial bakeshop data.', false);
    });
});
</script>

                </div>
            </main>
        </div>
    </div>
    
    <script>
    (() => {
        const submenuLinks = Array.from(document.querySelectorAll('[data-workspace-submenu="true"]'));
        if (!submenuLinks.length) {
            return;
        }

        function syncWorkspaceSubmenu() {
            const hash = window.location.hash.replace(/^#/, '');
            submenuLinks.forEach((link) => {
                const serverActive = link.getAttribute('data-server-active') === 'true';
                const shouldBeActive = hash !== ''
                    ? link.getAttribute('data-tab-target') === hash
                    : serverActive;
                link.classList.toggle('active', shouldBeActive);
                if (shouldBeActive) {
                    link.setAttribute('aria-current', 'page');
                } else {
                    link.removeAttribute('aria-current');
                }
            });
        }

        syncWorkspaceSubmenu();
        window.addEventListener('hashchange', syncWorkspaceSubmenu);
    })();
    </script>
    
    
</body>
</html>
    • shell sidebar uses configured store description: <!DOCTYPE html>
<html lang="en">
<head>
    <meta charset="UTF-8">
    <meta name="viewport" content="width=device-width, initial-scale=1.0">
    <title>Bakeshop Operations</title>
    <link rel="icon" href="/uploads/bakeshop/north-oven.png">
    <link rel="preconnect" href="https://fonts.googleapis.com">
    <link rel="preconnect" href="https://fonts.gstatic.com" crossorigin>
    <link href="https://fonts.googleapis.com/css2?family=Inter:wght@400;500;600;700;800&display=swap" rel="stylesheet">
    <style>
        :root {
            --page-bg: linear-gradient(180deg, #eef5ff 0%, #e0ecff 48%, #d6e6ff 100%);
            --surface-color: rgba(248, 251, 255, 0.98);
            --surface-strong: #ffffff;
            --surface-soft: #edf4ff;
            --border-color: #c8d7f2;
            --sidebar-bg: linear-gradient(180deg, #153b7a 0%, #0f2851 100%);
            --sidebar-border: rgba(255, 255, 255, 0.08);
            --sidebar-text: rgba(239, 246, 255, 0.84);
            --sidebar-text-strong: #f8fbff;
            --accent: #2563eb;
            --accent-strong: #1d4ed8;
            --accent-soft: rgba(37, 99, 235, 0.14);
            --text-color: #111827;
            --text-muted: #374151;
            --shadow-lg: 0 24px 60px rgba(30, 64, 175, 0.12);
            --shadow-sm: 0 12px 26px rgba(30, 64, 175, 0.08);
            --font-body: 'Inter', system-ui, -apple-system, BlinkMacSystemFont, 'Segoe UI', sans-serif;
            --font-size-h2: clamp(1.6rem, 2vw, 2rem);
            --radius-card: 14px;
            --radius-control: 10px;
        }

        * { box-sizing: border-box; }
        html, body { margin: 0; min-height: 100%; }
        body {
            font-family: var(--font-body);
            color: var(--text-color);
            background: var(--page-bg);
        }

        a { color: inherit; }
        button, input, select, textarea { font: inherit; }

        .bakeshop-sidebar-toggle {
            position: absolute;
            opacity: 0;
            pointer-events: none;
        }

        .bakeshop-mobile-overlay,
        .bakeshop-mobile-nav-button,
        .bakeshop-sidebar-close {
            display: none;
        }

        .bakeshop-admin-shell {
            min-height: 100vh;
            display: grid;
            grid-template-columns: minmax(238px, 272px) minmax(0, 1fr);
        }

        .sidebar {
            background: var(--sidebar-bg);
            color: var(--sidebar-text);
            padding: 24px 18px 20px;
            display: grid;
            gap: 22px;
            align-content: start;
            border-right: 1px solid var(--sidebar-border);
            position: sticky;
            top: 0;
            min-height: 100vh;
            overflow-y: auto;
        }

        .bakeshop-sidebar-close {
            align-items: center;
            justify-content: center;
            align-self: flex-end;
            border-radius: 999px;
            border: 1px solid rgba(255, 255, 255, 0.16);
            padding: 8px 12px;
            font-size: 0.8rem;
            font-weight: 700;
            letter-spacing: 0.04em;
            text-transform: uppercase;
            color: var(--sidebar-text-strong);
            background: rgba(255, 255, 255, 0.08);
            cursor: pointer;
        }

        .bakeshop-brand {
            display: grid;
            grid-template-columns: auto minmax(0, 1fr);
            align-items: start;
            gap: 10px;
            padding: 6px 10px 0;
        }

        .bakeshop-brand-mark {
            width: 52px;
            height: 52px;
            border-radius: var(--radius-card);
            background: linear-gradient(145deg, rgba(96, 165, 250, 0.24), rgba(37, 99, 235, 0.38));
            display: inline-flex;
            align-items: center;
            justify-content: center;
            font-family: var(--font-body);
            font-weight: 800;
            font-size: 1.45rem;
            color: var(--sidebar-text-strong);
            border: 1px solid rgba(255, 255, 255, 0.08);
            box-shadow: inset 0 1px 0 rgba(255, 255, 255, 0.08);
            overflow: hidden;
        }

        .bakeshop-brand-mark img {
            width: 100%;
            height: 100%;
            object-fit: contain;
            display: block;
            padding: 5px;
            background: #ffffff;
        }

        .bakeshop-brand h1 {
            margin: 0;
            font-size: 1.45rem;
            font-weight: 800;
            line-height: 1.05;
            color: var(--sidebar-text-strong);
        }

        .bakeshop-brand p {
            margin: 0;
            font-size: 0.92rem;
            line-height: 1.55;
        }

        .bakeshop-nav {
            display: grid;
            gap: 14px;
        }

        .bakeshop-nav-group {
            display: grid;
            gap: 8px;
        }

        .bakeshop-nav-label {
            padding: 0 10px;
            font-size: 0.72rem;
            font-weight: 700;
            letter-spacing: 0.12em;
            text-transform: uppercase;
            color: rgba(255, 247, 237, 0.5);
        }

        .bakeshop-nav a {
            display: flex;
            align-items: center;
            gap: 12px;
            border-radius: var(--radius-control);
            padding: 13px 14px;
            text-decoration: none;
            color: var(--sidebar-text);
            border: 1px solid transparent;
            background: transparent;
            transition: background-color 0.16s ease, border-color 0.16s ease, transform 0.16s ease;
        }

        .bakeshop-nav a:hover {
            background: rgba(255, 255, 255, 0.06);
            border-color: rgba(255, 255, 255, 0.07);
            transform: translateX(1px);
        }

        .bakeshop-nav a.active {
            background: linear-gradient(145deg, rgba(96, 165, 250, 0.2), rgba(37, 99, 235, 0.22));
            border-color: rgba(147, 197, 253, 0.24);
            color: var(--sidebar-text-strong);
            box-shadow: inset 0 1px 0 rgba(255, 255, 255, 0.05);
        }

        .bakeshop-nav-title {
            display: grid;
            gap: 2px;
        }

        .bakeshop-nav-title strong {
            font-size: 0.93rem;
            font-weight: 600;
            color: inherit;
        }

        .bakeshop-nav-title span {
            font-size: 0.79rem;
            color: inherit;
            opacity: 0.82;
        }

        .bakeshop-nav-submenu {
            display: grid;
            gap: 4px;
            padding-left: 12px;
        }

        .bakeshop-nav-submenu a {
            padding: 9px 12px;
            border-radius: 12px;
            font-size: 0.84rem;
            color: rgba(255, 247, 237, 0.82);
            border-color: transparent;
        }

        .bakeshop-nav-submenu a:hover {
            transform: none;
            background: rgba(255, 255, 255, 0.05);
        }

        .bakeshop-nav-submenu a.active {
            background: rgba(255, 255, 255, 0.12);
            border-color: rgba(147, 197, 253, 0.18);
            color: var(--sidebar-text-strong);
            box-shadow: none;
        }

        .bakeshop-sidebar-card {
            margin-top: auto;
            border-radius: var(--radius-card);
            border: 1px solid rgba(255, 255, 255, 0.08);
            background: rgba(255, 255, 255, 0.05);
            padding: 16px;
            display: grid;
            gap: 10px;
        }

        .bakeshop-sidebar-card h2 {
            margin: 0;
            font-size: 0.98rem;
            color: var(--sidebar-text-strong);
        }

        .bakeshop-sidebar-card p {
            margin: 0;
            font-size: 0.84rem;
            line-height: 1.55;
        }

        .bakeshop-main {
            min-width: 0;
            display: flex;
            flex-direction: column;
        }

        .topbar {
            display: grid;
            grid-template-columns: auto minmax(0, 1fr) auto;
            align-items: start;
            gap: 18px;
            padding: 22px 28px 16px;
        }

        .bakeshop-topbar-actions {
            display: flex;
            align-items: center;
            justify-content: flex-start;
            width: fit-content;
        }

        .bakeshop-topbar-user-tools {
            display: flex;
            align-items: center;
            justify-content: flex-end;
            flex-wrap: wrap;
            gap: 12px;
            min-width: 0;
        }

        .bakeshop-topbar-signout {
            margin: 0;
        }

        .bakeshop-title-stack {
            display: grid;
            gap: 6px;
            min-width: 0;
        }

        .bakeshop-kicker {
            font-size: 0.75rem;
            font-weight: 700;
            letter-spacing: 0.14em;
            text-transform: uppercase;
            color: var(--accent-strong);
        }

        .bakeshop-title-stack h2 {
            margin: 0;
            font-size: clamp(1.5rem, 2.2vw, 2.2rem);
            font-weight: 800;
            line-height: 1.05;
        }

        .bakeshop-title-stack p {
            margin: 0;
            color: var(--text-muted);
            font-size: 0.92rem;
        }

        .bakeshop-user-card {
            border-radius: var(--radius-card);
            padding: 14px 16px;
            background: rgba(255, 252, 247, 0.82);
            border: 1px solid var(--border-color);
            box-shadow: var(--shadow-sm);
            display: grid;
            gap: 4px;
            width: fit-content;
            max-width: min(100%, 32rem);
            min-width: min(220px, 100%);
            justify-self: end;
        }

        .bakeshop-user-card strong { font-size: 0.96rem; }
        .bakeshop-user-card span,
        .bakeshop-user-card small { color: var(--text-muted); }
        .bakeshop-user-card strong,
        .bakeshop-user-card span,
        .bakeshop-user-card small {
            overflow-wrap: anywhere;
        }
        .bakeshop-user-role {
            display: inline-flex;
            align-items: center;
            width: fit-content;
            padding: 4px 9px;
            border-radius: 999px;
            background: var(--accent-soft);
            color: var(--accent-strong);
            font-size: 0.72rem;
            font-weight: 700;
            letter-spacing: 0.05em;
            text-transform: uppercase;
        }

        .bakeshop-mobile-nav-button {
            align-items: center;
            justify-content: center;
            gap: 8px;
            width: fit-content;
            min-height: 44px;
            border-radius: 999px;
            padding: 0 16px;
            border: 1px solid rgba(37, 99, 235, 0.18);
            background: rgba(255, 255, 255, 0.92);
            box-shadow: var(--shadow-sm);
            color: var(--accent-strong);
            font-size: 0.9rem;
            font-weight: 700;
            letter-spacing: 0.03em;
            cursor: pointer;
        }

        .bakeshop-content {
            padding: 0 28px 28px;
        }

        .bakeshop-content-inner {
            background: rgba(255, 255, 255, 0.9);
            border: 1px solid rgba(200, 215, 242, 0.85);
            border-radius: 20px;
            padding: 22px;
            box-shadow: var(--shadow-lg);
        }

        .bakeshop-shell-note {
            margin-top: 14px;
            display: inline-flex;
            align-items: center;
            gap: 8px;
            border-radius: 999px;
            padding: 8px 12px;
            background: rgba(219, 234, 254, 0.12);
            border: 1px solid rgba(219, 234, 254, 0.16);
            color: var(--sidebar-text-strong);
            font-size: 0.8rem;
        }

        .bakeshop-onboarding-checklist {
            display: grid;
            gap: 12px;
        }

        .bakeshop-onboarding-step {
            display: grid;
            gap: 10px;
            padding: 14px 16px;
            border-radius: 14px;
            border: 1px solid rgba(180, 83, 9, 0.16);
            background: rgba(255, 255, 255, 0.82);
        }

        .bakeshop-onboarding-step.current {
            border-color: rgba(217, 119, 6, 0.42);
            box-shadow: 0 0 0 2px rgba(245, 158, 11, 0.1);
        }

        .bakeshop-onboarding-step.done {
            border-color: rgba(22, 101, 52, 0.18);
            background: rgba(240, 253, 244, 0.82);
        }

        .bakeshop-onboarding-step-head {
            display: flex;
            align-items: center;
            justify-content: space-between;
            gap: 10px;
            flex-wrap: wrap;
        }

        .bakeshop-onboarding-step h4 {
            margin: 0;
            font-size: 0.95rem;
        }

        .bakeshop-onboarding-step p {
            margin: 0;
            line-height: 1.6;
        }

        .bakeshop-step-status {
            display: inline-flex;
            align-items: center;
            width: fit-content;
            border-radius: 999px;
            padding: 4px 10px;
            font-size: 0.72rem;
            font-weight: 700;
            letter-spacing: 0.05em;
            text-transform: uppercase;
        }

        .bakeshop-step-status.done {
            background: rgba(22, 101, 52, 0.12);
            color: #166534;
        }

        .bakeshop-step-status.current {
            background: rgba(217, 119, 6, 0.12);
            color: #b45309;
        }

        .bakeshop-step-status.pending {
            background: rgba(71, 85, 105, 0.12);
            color: #475569;
        }

        .bakeshop-step-action {
            display: inline-flex;
            align-items: center;
            justify-content: center;
            width: fit-content;
            gap: 8px;
            padding: 9px 14px;
            border-radius: 10px;
            border: 1px solid rgba(180, 83, 9, 0.2);
            background: #ffffff;
            color: #92400e;
            font-weight: 700;
            text-decoration: none;
        }

        .bakeshop-step-action:hover {
            background: #fff7ed;
        }

        .bakeshop-sidebar-link {
            display: inline-flex;
            align-items: center;
            justify-content: center;
            gap: 8px;
            padding: 10px 14px;
            border-radius: 2px;
            border: 1px solid #d1d5db;
            background: #ffffff;
            color: #111827;
            text-decoration: none;
            font-weight: 600;
            cursor: pointer;
            transition: background-color 0.16s ease, border-color 0.16s ease, box-shadow 0.16s ease, transform 0.16s ease;
        }

        .bakeshop-sidebar-inline-form {
            margin: 0;
        }

        .bakeshop-sidebar-link:hover {
            background: #eff6ff;
            border-color: #93c5fd;
            box-shadow: 0 10px 22px rgba(37, 99, 235, 0.12);
            transform: translateY(-1px);
        }

        @media (max-width: 980px) {
            .bakeshop-admin-shell {
                grid-template-columns: 1fr;
            }

            .bakeshop-mobile-overlay {
                display: block;
                position: fixed;
                inset: 0;
                background: rgba(15, 23, 42, 0.52);
                opacity: 0;
                pointer-events: none;
                transition: opacity 0.18s ease;
                z-index: 39;
            }

            .sidebar {
                position: fixed;
                top: 0;
                left: 0;
                bottom: 0;
                width: min(86vw, 320px);
                min-height: 100vh;
                z-index: 40;
                box-shadow: 0 28px 64px rgba(15, 23, 42, 0.3);
                transform: translateX(calc(-100% - 18px));
                transition: transform 0.22s ease;
            }

            .bakeshop-sidebar-close,
            .bakeshop-mobile-nav-button {
                display: inline-flex;
            }

            .bakeshop-sidebar-toggle:checked ~ .bakeshop-mobile-overlay {
                opacity: 1;
                pointer-events: auto;
            }

            .bakeshop-sidebar-toggle:checked ~ .bakeshop-admin-shell .sidebar {
                transform: translateX(0);
            }

            .topbar {
                padding-top: 18px;
                flex-direction: column;
                align-items: flex-start;
                grid-template-columns: 1fr;
            }

            .bakeshop-topbar-actions {
                position: sticky;
                top: 0;
                z-index: 30;
                justify-content: flex-start;
                width: 100%;
                padding: 10px 0 6px;
                background: linear-gradient(180deg, rgba(238, 245, 255, 0.98) 0%, rgba(238, 245, 255, 0.92) 78%, rgba(238, 245, 255, 0) 100%);
            }

            .bakeshop-topbar-user-tools {
                width: 100%;
                justify-content: space-between;
            }

            .bakeshop-user-card {
                width: 100%;
                min-width: 0;
            }
        }

        @media (max-width: 640px) {
            .topbar,
            .bakeshop-content {
                padding-left: 16px;
                padding-right: 16px;
            }

            .bakeshop-content-inner {
                padding: 16px;
                border-radius: 16px;
            }
        }
    </style>
    
<style>
    .bakeshop-shell { display: grid; gap: 24px; }
    .bakeshop-header { display: flex; flex-wrap: wrap; align-items: end; justify-content: space-between; gap: 16px; }
    .bakeshop-header h2 { font-size: var(--font-size-h2); font-weight: 700; margin-bottom: 6px; }
    .bakeshop-header p { color: var(--text-muted); margin: 0; max-width: 56rem; }
    .bakeshop-actions { display: flex; gap: 10px; flex-wrap: wrap; }
    .bakeshop-shell,
    .bakeshop-shell * {
        color: var(--text-color);
    }
    .bakeshop-flow {
        display: grid;
        gap: 14px;
        grid-template-columns: repeat(auto-fit, minmax(180px, 1fr));
    }
    .bakeshop-flow-step {
        border: 1px solid var(--border-color);
        border-radius: 14px;
        background: linear-gradient(180deg, #f7faff 0%, #ffffff 100%);
        padding: 18px;
        box-shadow: 0 10px 24px rgba(37, 99, 235, 0.05);
    }
    .bakeshop-flow-step strong {
        display: inline-flex;
        align-items: center;
        justify-content: center;
        width: 32px;
        height: 32px;
        border-radius: 999px;
        background: var(--accent);
        color: #fff;
        font-size: 0.86rem;
        margin-bottom: 10px;
    }
    .bakeshop-flow-step h3 {
        margin: 0 0 8px;
        font-size: 0.98rem;
    }
    .bakeshop-flow-step p {
        margin: 0;
        color: var(--text-muted);
        font-size: 0.9rem;
        line-height: 1.5;
    }
    .bakeshop-button,
    .bakeshop-shell button,
    .bakeshop-shell input,
    .bakeshop-shell select,
    .bakeshop-shell textarea { font: inherit; }
    .bakeshop-button {
        display: inline-flex;
        align-items: center;
        justify-content: center;
        gap: 8px;
        border-radius: 2px;
        border: 1px solid #1d4ed8;
        background: #2563eb;
        color: #ffffff;
        padding: 10px 16px;
        text-decoration: none;
        font-size: 0.92rem;
        cursor: pointer;
    }
    .bakeshop-button:hover {
        background: #1d4ed8;
    }
    .bakeshop-button.secondary {
        background: #2563eb;
        color: #ffffff;
        border-color: #1d4ed8;
    }
    .bakeshop-button.secondary:hover {
        background: #1d4ed8;
    }
    .bakeshop-button.print {
        background: #6b7280;
        border-color: #6b7280;
        color: #ffffff;
    }
    .bakeshop-button.print:hover {
        background: #4b5563;
    }
    .bakeshop-button.staff {
        background: #eab308;
        border-color: #ca8a04;
        color: #111827;
    }
    .bakeshop-button.staff:hover {
        background: #ca8a04;
        color: #111827;
    }
    .bakeshop-button.refresh {
        background: #f97316;
        border-color: #ea580c;
        color: #ffffff;
    }
    .bakeshop-button.refresh:hover {
        background: #ea580c;
    }
    .bakeshop-button.success {
        background: #16a34a;
        border-color: #15803d;
        color: #ffffff;
    }
    .bakeshop-button.success:hover {
        background: #15803d;
    }
    .bakeshop-button.danger {
        background: #dc2626;
        border-color: #b91c1c;
        color: #ffffff;
    }
    .bakeshop-button.danger:hover {
        background: #b91c1c;
    }
    .bakeshop-button:disabled,
    .bakeshop-button.secondary:disabled,
    .bakeshop-button.print:disabled,
    .bakeshop-button.staff:disabled,
    .bakeshop-button.refresh:disabled,
    .bakeshop-button.success:disabled,
    .bakeshop-button.danger:disabled {
        background: #d1d5db;
        border-color: #cbd5e1;
        color: #6b7280;
        cursor: not-allowed;
        box-shadow: none;
        opacity: 0.72;
        pointer-events: none;
    }
    .bakeshop-button:disabled:hover,
    .bakeshop-button.secondary:disabled:hover,
    .bakeshop-button.print:disabled:hover,
    .bakeshop-button.staff:disabled:hover,
    .bakeshop-button.refresh:disabled:hover,
    .bakeshop-button.success:disabled:hover,
    .bakeshop-button.danger:disabled:hover {
        background: #d1d5db;
        border-color: #cbd5e1;
        color: #6b7280;
    }
    .bakeshop-banner {
        display: none;
        padding: 14px 16px;
        border-radius: 14px;
        border: 1px solid transparent;
        font-size: 0.92rem;
    }
    .bakeshop-banner.show { display: block; }
    .bakeshop-banner.ok { background: #eff6ff; border-color: #bfdbfe; color: #1d4ed8; }
    .bakeshop-banner.error { background: #fff3f2; border-color: #fecaca; color: #991b1b; }
    .bakeshop-readonly-note {
        padding: 14px 16px;
        border-radius: 14px;
        border: 1px solid #fde68a;
        background: #fffbeb;
        color: #92400e;
        line-height: 1.55;
    }
    .bakeshop-onboarding {
        display: grid;
        gap: 10px;
        padding: 16px 18px;
        border-radius: 14px;
        border: 1px solid #f3d7a5;
        background: linear-gradient(135deg, #fff7ed, #fffbeb);
        box-shadow: 0 14px 30px rgba(180, 83, 9, 0.08);
    }
    .bakeshop-onboarding h3 { margin: 0; }
    .bakeshop-onboarding p { margin: 0; color: #7c5a32; line-height: 1.6; }
    .bakeshop-onboarding strong { color: #92400e; }
    .bakeshop-stats { display: grid; gap: 14px; grid-template-columns: repeat(auto-fit, minmax(150px, 1fr)); }
    .bakeshop-stat {
        border: 1px solid var(--border-color);
        border-radius: 14px;
        padding: 18px;
        background: linear-gradient(180deg, #ffffff 0%, #f3f8ff 100%);
    }
    .bakeshop-stat strong { display: block; font-size: 1.7rem; line-height: 1; }
    .bakeshop-stat span { display: block; margin-top: 8px; color: var(--text-muted); font-size: 0.8rem; text-transform: uppercase; letter-spacing: 0.06em; }
    .bakeshop-layout { display: grid; gap: 20px; grid-template-columns: minmax(0, 1fr); }
    .bakeshop-column { display: grid; gap: 20px; align-content: start; }
    .bakeshop-panel {
        border: 1px solid var(--border-color);
        border-radius: 14px;
        background: var(--surface-color, #fff);
        overflow: hidden;
        box-shadow: 0 14px 32px rgba(37, 99, 235, 0.05);
        transition: background 160ms ease, border-color 160ms ease, box-shadow 160ms ease;
    }
    .bakeshop-panel-subdued {
        box-shadow: none;
        border: 1px dashed var(--border-color);
        margin-top: 8px;
    }
    .bakeshop-panel.is-editing {
        border-color: #93c5fd;
        background: linear-gradient(180deg, #f7fbff 0%, #eef6ff 100%);
        box-shadow: 0 18px 40px rgba(37, 99, 235, 0.12);
    }
    .bakeshop-panel.is-editing .bakeshop-panel-head {
        background: linear-gradient(180deg, rgba(219, 234, 254, 0.7) 0%, rgba(239, 246, 255, 0.25) 100%);
    }
    .bakeshop-panel.is-editing .bakeshop-panel-body {
        background: linear-gradient(180deg, rgba(255, 255, 255, 0.55) 0%, rgba(239, 246, 255, 0.85) 100%);
    }
    .bakeshop-panel-head {
        padding: 18px 20px 12px;
        border-bottom: 1px solid color-mix(in srgb, var(--border-color) 85%, transparent);
    }
    .bakeshop-panel-head h3 { margin: 0 0 6px; font-size: 1rem; }
    .bakeshop-panel-head p { margin: 0; color: var(--text-muted); font-size: 0.9rem; }
    .bakeshop-panel-body { padding: 18px 20px 20px; display: grid; gap: 16px; }
    .bakeshop-grid-2 { display: grid; gap: 12px; grid-template-columns: repeat(2, minmax(0, 1fr)); }
    .bakeshop-grid-3 { display: grid; gap: 12px; grid-template-columns: repeat(3, minmax(0, 1fr)); }
    .bakeshop-field { display: grid; gap: 6px; }
    .bakeshop-field label { font-size: 0.78rem; font-weight: 600; text-transform: uppercase; letter-spacing: 0.05em; color: var(--text-muted); }
    .bakeshop-field input,
    .bakeshop-field select,
    .bakeshop-field textarea {
        width: 100%;
        border-radius: 2px;
        border: 1px solid #d1d5db;
        background: #fff;
        color: #111827;
        padding: 11px 12px;
    }
    .bakeshop-field textarea { min-height: 92px; resize: vertical; }
    .bakeshop-form-actions { display: flex; justify-content: space-between; align-items: center; gap: 12px; flex-wrap: wrap; }
    .bakeshop-form-actions.bakeshop-view-tabs { justify-content: flex-start; align-items: center; gap: 14px; }
    .bakeshop-view-tabs .bakeshop-help { margin: 0; }
    .bakeshop-help { font-size: 0.82rem; color: var(--text-muted); }
    .bakeshop-setup-shell { display: grid; gap: 18px; }
    .bakeshop-tabs {
        display: flex;
        gap: 10px;
        flex-wrap: wrap;
        padding: 8px;
        border-radius: 14px;
        background: #eef4ff;
        border: 1px solid #d6e4ff;
    }
    .bakeshop-tab {
        border: 1px solid transparent;
        background: transparent;
        color: #35517a;
        border-radius: 10px;
        padding: 10px 14px;
        font-weight: 600;
        cursor: pointer;
    }
    .bakeshop-tab.active {
        background: #ffffff;
        border-color: #bfd5ff;
        color: var(--accent-strong);
        box-shadow: 0 8px 20px rgba(37, 99, 235, 0.08);
    }
    .bakeshop-tab-panel { display: none; }
    .bakeshop-tab-panel.active { display: block; }
    .bakeshop-section-tabs {
        display: flex;
        gap: 10px;
        flex-wrap: wrap;
        padding: 8px;
        border-radius: 14px;
        background: linear-gradient(180deg, #ecfdf3 0%, #f8fffb 100%);
        border: 1px solid #b7e4c7;
        box-shadow: inset 0 1px 0 rgba(255, 255, 255, 0.8);
    }
    .bakeshop-section-tab {
        border: 1px solid #a7d7b5;
        background: linear-gradient(180deg, #f4fff7 0%, #e8f8ee 100%);
        color: #21543a;
        border-radius: 10px;
        padding: 10px 16px;
        font-weight: 700;
        box-shadow: 0 4px 12px rgba(22, 101, 52, 0.08);
        cursor: pointer;
        transition: transform 120ms ease, box-shadow 120ms ease, background 120ms ease, border-color 120ms ease, color 120ms ease;
    }
    .bakeshop-section-tab:hover,
    .bakeshop-section-tab:focus-visible {
        border-color: #63b37d;
        box-shadow: 0 10px 22px rgba(22, 101, 52, 0.14);
        transform: translateY(-1px);
        outline: none;
    }
    .bakeshop-section-tab.active {
        background: linear-gradient(180deg, #2563eb 0%, #1d4ed8 100%);
        border-color: #1d4ed8;
        color: #ffffff;
        box-shadow: 0 12px 26px rgba(37, 99, 235, 0.24);
    }
    .bakeshop-section-panel { display: none; }
    .bakeshop-section-panel.active { display: grid; gap: 16px; }
    .bakeshop-tab-summary {
        display: grid;
        gap: 6px;
        padding: 0 2px;
    }
    .bakeshop-tab-summary h3 {
        margin: 0;
        font-size: 1.02rem;
    }
    .bakeshop-tab-summary p {
        margin: 0;
        color: var(--text-muted);
        max-width: 58rem;
    }
    .bakeshop-table-wrap { overflow: auto; }
    .bakeshop-table { width: 100%; border-collapse: collapse; font-size: 0.92rem; }
    .bakeshop-table th,
    .bakeshop-table td { padding: 10px 12px; border-bottom: 1px solid var(--border-color); text-align: left; vertical-align: top; }
    .bakeshop-table th { font-size: 0.78rem; text-transform: uppercase; letter-spacing: 0.05em; color: var(--text-muted); }
    .bakeshop-table th.bakeshop-checkbox-cell,
    .bakeshop-table td.bakeshop-checkbox-cell { width: 44px; padding-right: 8px; padding-left: 12px; text-align: center; }
    .bakeshop-table tr:last-child td { border-bottom: none; }
    .bakeshop-table tr.bakeshop-row-selectable { cursor: pointer; }
    .bakeshop-table tr.bakeshop-row-selectable:hover td {
        background: #f8fbff;
    }
    .bakeshop-table-input {
        width: 100%;
        min-width: 110px;
        border-radius: 2px;
        border: 1px solid #d1d5db;
        background: #fff;
        color: #111827;
        padding: 8px 10px;
        font: inherit;
    }
    .bakeshop-table tr.bakeshop-row-focus td {
        background: #fff8db;
        box-shadow: inset 0 0 0 1px rgba(234, 179, 8, 0.22);
    }
    .bakeshop-table tr.bakeshop-row-editing td {
        background: #eef6ff;
        box-shadow: inset 0 0 0 1px rgba(37, 99, 235, 0.18);
    }
    .bakeshop-table tr.bakeshop-row-recent td {
        background: linear-gradient(180deg, rgba(220, 252, 231, 0.95) 0%, rgba(240, 253, 244, 0.75) 100%);
    }
    .bakeshop-muted { color: var(--text-muted); }
    .bakeshop-delivery-sheet input[type="number"] { min-width: 110px; }
    .bakeshop-delivery-sheet tr.is-imported td { background: #effaf4; }
    .bakeshop-inline-note { font-size: 0.82rem; color: var(--text-muted); }
    .bakeshop-inline-note.ok { color: #15803d; }
    .bakeshop-inline-note.error { color: #b91c1c; }
    .bakeshop-review-card {
        display: grid;
        gap: 10px;
        padding: 16px 18px;
        border-radius: 14px;
        border: 1px solid #bbf7d0;
        background: linear-gradient(180deg, #f0fdf4 0%, #ffffff 100%);
    }
    .bakeshop-review-card strong {
        display: block;
        margin-bottom: 4px;
    }
    .bakeshop-review-card p {
        margin: 0;
        color: var(--text-muted);
        line-height: 1.5;
    }
    .bakeshop-detail-stack { display: grid; gap: 6px; }
    .bakeshop-detail-list { display: grid; gap: 4px; margin-top: 2px; }
    .bakeshop-detail-list span { display: block; color: var(--text-muted); font-size: 0.82rem; }
    .bakeshop-row-actions { display: flex; gap: 8px; flex-wrap: wrap; }
    .bakeshop-checkbox {
        width: 16px;
        height: 16px;
        cursor: pointer;
        accent-color: #2563eb;
    }
    .bakeshop-bulk-actions {
        display: flex;
        align-items: center;
        justify-content: space-between;
        gap: 12px;
        flex-wrap: wrap;
    }
    .bakeshop-bulk-actions .bakeshop-help { margin: 0; }
    .bakeshop-inline-tabs {
        display: inline-flex;
        flex-wrap: wrap;
        gap: 8px;
        padding: 8px;
        border-radius: 14px;
        background: linear-gradient(180deg, #ecfdf3 0%, #f8fffb 100%);
        border: 1px solid #b7e4c7;
        box-shadow: inset 0 1px 0 rgba(255, 255, 255, 0.8);
    }
    .bakeshop-inline-tab {
        border: 1px solid #a7d7b5;
        background: linear-gradient(180deg, #f4fff7 0%, #e8f8ee 100%);
        color: #21543a;
        border-radius: 10px;
        padding: 9px 14px;
        font-weight: 700;
        box-shadow: 0 4px 12px rgba(22, 101, 52, 0.08);
        cursor: pointer;
        transition: transform 120ms ease, box-shadow 120ms ease, background 120ms ease, border-color 120ms ease, color 120ms ease;
    }
    .bakeshop-inline-tab:hover,
    .bakeshop-inline-tab:focus-visible {
        border-color: #63b37d;
        box-shadow: 0 10px 22px rgba(22, 101, 52, 0.14);
        transform: translateY(-1px);
        outline: none;
    }
    .bakeshop-inline-tab.active {
        background: linear-gradient(180deg, #2563eb 0%, #1d4ed8 100%);
        border-color: #1d4ed8;
        color: #ffffff;
        box-shadow: 0 12px 26px rgba(37, 99, 235, 0.24);
    }
    .bakeshop-inline-tab-count {
        color: var(--text-muted);
        font-weight: 500;
        margin-left: 6px;
    }
    .bakeshop-inline-tab.active .bakeshop-inline-tab-count {
        color: rgba(255, 255, 255, 0.88);
    }
    body.bakeshop-confirm-open { overflow: hidden; }
    .bakeshop-confirm-backdrop {
        position: fixed;
        inset: 0;
        z-index: 80;
        display: grid;
        place-items: center;
        padding: 24px;
        background: rgba(15, 23, 42, 0.46);
    }
    .bakeshop-confirm-backdrop[hidden] {
        display: none;
    }
    .bakeshop-confirm-panel {
        width: min(100%, 560px);
        display: grid;
        gap: 16px;
        border-radius: 16px;
        border: 1px solid rgba(248, 113, 113, 0.35);
        background: #ffffff;
        box-shadow: 0 28px 70px rgba(15, 23, 42, 0.28);
        padding: 22px;
    }
    .bakeshop-confirm-panel h3 {
        margin: 0;
        font-size: 1.08rem;
    }
    .bakeshop-confirm-panel p {
        margin: 0;
        color: var(--text-muted);
        line-height: 1.55;
    }
    .bakeshop-confirm-impact {
        padding: 10px 12px;
        border-radius: 12px;
        background: #fff7ed;
        border: 1px solid #fed7aa;
        color: #9a3412;
        font-size: 0.86rem;
    }
    .bakeshop-confirm-list {
        margin: 0;
        padding: 0;
        list-style: none;
        display: grid;
        gap: 8px;
    }
    .bakeshop-confirm-list li {
        padding: 10px 12px;
        border-radius: 12px;
        border: 1px solid var(--border-color);
        background: #f8fafc;
        color: #0f172a;
        font-size: 0.9rem;
    }
    .bakeshop-confirm-overflow {
        font-size: 0.84rem;
        color: var(--text-muted);
    }
    .bakeshop-link-button {
        border: none;
        background: transparent;
        color: var(--accent-strong);
        cursor: pointer;
        padding: 0;
        font: inherit;
    }
    .bakeshop-link-button.warn { color: #b91c1c; }
    .bakeshop-chip {
        display: inline-flex;
        align-items: center;
        padding: 4px 9px;
        border-radius: 999px;
        font-size: 0.74rem;
        font-weight: 600;
        letter-spacing: 0.04em;
        text-transform: uppercase;
    }
    .bakeshop-chip.active { background: #eff6ff; color: #1d4ed8; }
    .bakeshop-chip.inactive { background: #eef2f7; color: #51627b; }
    .bakeshop-chip.recent { background: #dcfce7; color: #166534; }
    .bakeshop-focus-note {
        padding: 10px 12px;
        border-radius: 12px;
        background: #fff8db;
        color: #854d0e;
        font-size: 0.85rem;
    }
    .bakeshop-summary-meta { display: grid; gap: 12px; grid-template-columns: repeat(auto-fit, minmax(160px, 1fr)); }
    .bakeshop-summary-meta div { border: 1px solid var(--border-color); border-radius: 12px; padding: 12px; background: #fff; }
    .bakeshop-summary-note {
        padding: 12px 14px;
        border: 1px solid var(--border-color);
        border-radius: 12px;
        background: #fff;
        color: var(--text-muted);
        line-height: 1.55;
    }
    .bakeshop-summary-groups { display: grid; gap: 16px; }
    .bakeshop-summary-group {
        border: 1px solid var(--border-color);
        border-radius: 12px;
        background: #fff;
        overflow: hidden;
    }
    .bakeshop-summary-group-head {
        padding: 14px 16px 10px;
        border-bottom: 1px solid var(--border-color);
        display: grid;
        gap: 4px;
    }
    .bakeshop-summary-group-head h4 {
        margin: 0;
        font-size: 1rem;
    }
    .bakeshop-summary-group-head p {
        margin: 0;
        color: var(--text-muted);
        font-size: 0.88rem;
    }
    .bakeshop-summary-ingredient strong {
        display: block;
    }
    .bakeshop-summary-ingredient span {
        color: var(--text-muted);
        font-size: 0.84rem;
    }
    .bakeshop-summary-meta p { margin: 6px 0 0; color: var(--text-muted); }
    .bakeshop-empty {
        padding: 18px;
        border: 1px dashed var(--border-color);
        border-radius: 12px;
        color: var(--text-muted);
        background: #fff;
    }
    @media (max-width: 1100px) {
        .bakeshop-layout { grid-template-columns: 1fr; }
    }
    @media (max-width: 760px) {
        .bakeshop-tabs { display: grid; grid-template-columns: 1fr; }
        .bakeshop-grid-2,
        .bakeshop-grid-3,
        .bakeshop-delivery-line { grid-template-columns: 1fr; }
    }
</style>

</head>
<body>
    <input class="bakeshop-sidebar-toggle" type="checkbox" id="bakeshop-sidebar-toggle" aria-hidden="true">
    <label class="bakeshop-mobile-overlay" for="bakeshop-sidebar-toggle" aria-hidden="true"></label>
    <div class="bakeshop-admin-shell">
        <aside class="sidebar">
            <label class="bakeshop-sidebar-close" for="bakeshop-sidebar-toggle">Close</label>
            <div class="bakeshop-brand">
                <div class="bakeshop-brand-mark"><img src="/uploads/bakeshop/north-oven.png" alt="North Oven Bakery logo"></div>
                <div>
                    <h1>North Oven Bakery</h1>
                    <p>Projection printouts for branch planning.</p>
                </div>
            </div>

            <nav class="bakeshop-nav">
                <div class="bakeshop-nav-group">
                    <div class="bakeshop-nav-label">Daily Work</div>
                    <a href="http://cmsnew.testtests/bakeshop_supervisor_settings_panel_test.php/admin/bakeshop" class="active">
                        <span class="bakeshop-nav-title">
                            <strong>Operations Workspace</strong>
                            <span>Overview plus focused views for branches, products, ingredients, deliveries, production, and usage</span>
                        </span>
                    </a>
                    
                    <div class="bakeshop-nav-submenu" aria-label="Focused work areas">
                        <a href="http://cmsnew.testtests/bakeshop_supervisor_settings_panel_test.php/admin/bakeshop?view=workspace#branches" class="" data-workspace-submenu="true" data-tab-target="branches" data-server-active="false">Branches</a>
                        <a href="http://cmsnew.testtests/bakeshop_supervisor_settings_panel_test.php/admin/bakeshop?view=workspace#catalog" class="" data-workspace-submenu="true" data-tab-target="catalog" data-server-active="false">Products</a>
                        <a href="http://cmsnew.testtests/bakeshop_supervisor_settings_panel_test.php/admin/bakeshop?view=workspace#ingredients" class="" data-workspace-submenu="true" data-tab-target="ingredients" data-server-active="false">Ingredients</a>
                        <a href="http://cmsnew.testtests/bakeshop_supervisor_settings_panel_test.php/admin/bakeshop?view=workspace#deliveries" class="" data-workspace-submenu="true" data-tab-target="deliveries" data-server-active="false">Ingredient Deliveries</a>
                        <a href="http://cmsnew.testtests/bakeshop_supervisor_settings_panel_test.php/admin/bakeshop?view=workspace#production" class="" data-workspace-submenu="true" data-tab-target="production" data-server-active="false">Production Runs</a>
                        <a href="http://cmsnew.testtests/bakeshop_supervisor_settings_panel_test.php/admin/bakeshop?view=workspace#usage" class="" data-workspace-submenu="true" data-tab-target="usage" data-server-active="false">Usage Summary</a>
                    </div>
                    
                </div>

                <div class="bakeshop-nav-group">
                    <div class="bakeshop-nav-label">Reports</div>
                    <a href="http://cmsnew.testtests/bakeshop_supervisor_settings_panel_test.php/admin/bakeshop/print" target="_blank" rel="noopener">
                        <span class="bakeshop-nav-title">
                            <strong>Print Summary</strong>
                            <span>Open the clean branch usage report</span>
                        </span>
                    </a>
                </div>

                <div class="bakeshop-nav-group">
                    <div class="bakeshop-nav-label">Administration</div>
                    
                    <a href="http://cmsnew.testtests/bakeshop_supervisor_settings_panel_test.php/admin/bakeshop/history" class="">
                        <span class="bakeshop-nav-title">
                            <strong>Activity History</strong>
                            <span>Changes to staff, settings, and operations</span>
                        </span>
                    </a>
                    
                    
                    <a href="http://cmsnew.testtests/bakeshop_supervisor_settings_panel_test.php/admin/bakeshop/users" class="">
                        <span class="bakeshop-nav-title">
                            <strong>Staff</strong>
                            <span>Admins, supervisors, onboarding</span>
                        </span>
                    </a>
                    
                    
                    <a href="http://cmsnew.testtests/bakeshop_supervisor_settings_panel_test.php/admin/bakeshop/settings" class="">
                        <span class="bakeshop-nav-title">
                            <strong>Settings</strong>
                            <span>Access rules and module defaults</span>
                        </span>
                    </a>
                    
                </div>

                <div class="bakeshop-nav-group">
                    <div class="bakeshop-nav-label">Account</div>
                    <a href="http://cmsnew.testtests/bakeshop_supervisor_settings_panel_test.php/admin/bakeshop/account" class="">
                        <span class="bakeshop-nav-title">
                            <strong>My Account</strong>
                            <span>Password and account details</span>
                        </span>
                    </a>
                </div>
            </nav>

            <div class="bakeshop-sidebar-card">
                <h2>Recommended Order</h2>
                <p>Open the operations workspace once, then move across the tabs in order: branches, ingredients, products, deliveries, production, and usage review.</p>
                
            </div>
        </aside>

        <div class="bakeshop-main">
            <header class="topbar">
                <div class="bakeshop-topbar-actions">
                    <label class="bakeshop-mobile-nav-button" for="bakeshop-sidebar-toggle">Menu</label>
                </div>
                <div class="bakeshop-title-stack">
                    <span class="bakeshop-kicker">Bakeshop Module</span>
                    <h2 id="bakeshop-page-title">Bakeshop Operations</h2>
                    <p id="bakeshop-page-intro">One operations workspace for branch setup, ingredients, products, deliveries, production, and usage. The sections below are grouped so non-technical staff can work in the order they actually do the day.</p>
                </div>

                <div class="bakeshop-topbar-user-tools">
                    <div class="bakeshop-user-card">
                        <strong>Administrator</strong>
                        <span>test-debug@example.com</span>
                        <span class="bakeshop-user-role">admin</span>
                    </div>
                    <form class="bakeshop-topbar-signout" method="post" action="http://cmsnew.testtests/bakeshop_supervisor_settings_panel_test.php/bakeshop/logout">
                        <input type="hidden" name="_token" value="7de2463e22f2cc74fd547e2d1a0160e3e8769de21ab0ab258c06b084db96271b">
                        <button class="bakeshop-sidebar-link" type="submit">Sign Out</button>
                    </form>
                </div>
            </header>

            <main class="bakeshop-content">
                <div class="bakeshop-content-inner">
                    
<div class="bakeshop-shell">
    <div class="bakeshop-header" style="justify-content:flex-end;">
        <div class="bakeshop-actions">
            
            <a class="bakeshop-button staff" href="http://cmsnew.testtests/bakeshop_supervisor_settings_panel_test.php/admin/bakeshop/users">Manage Staff</a>
            
            <a class="bakeshop-button print" id="bakeshop-print-link" href="http://cmsnew.testtests/bakeshop_supervisor_settings_panel_test.php/admin/bakeshop/print" target="_blank" rel="noopener">Open Print Summary</a>
            <button class="bakeshop-button refresh" type="button" id="bakeshop-refresh">Refresh Data</button>
        </div>
    </div>

    <div class="bakeshop-banner" id="bakeshop-banner"></div>

    <div class="bakeshop-confirm-backdrop" id="bakeshop-delete-confirm" hidden>
        <div class="bakeshop-confirm-panel" role="dialog" aria-modal="true" aria-labelledby="bakeshop-delete-confirm-title" aria-describedby="bakeshop-delete-confirm-message">
            <div class="bakeshop-shell" style="gap: 12px;">
                <h3 id="bakeshop-delete-confirm-title">Delete selected records?</h3>
                <p id="bakeshop-delete-confirm-message">Review the selected items before confirming this delete.</p>
                <div class="bakeshop-confirm-impact" id="bakeshop-delete-confirm-impact" hidden></div>
                <ul class="bakeshop-confirm-list" id="bakeshop-delete-confirm-list" hidden></ul>
                <p class="bakeshop-confirm-overflow" id="bakeshop-delete-confirm-overflow" hidden></p>
            </div>
            <div class="bakeshop-actions" style="justify-content: flex-end;">
                <button class="bakeshop-button secondary" type="button" id="bakeshop-delete-confirm-cancel">Cancel</button>
                <button class="bakeshop-button danger" type="button" id="bakeshop-delete-confirm-submit">Delete Selected</button>
            </div>
        </div>
    </div>

    

    

    <div class="bakeshop-stats" style="">
        <div class="bakeshop-stat">
            <strong id="stat-branches">1</strong>
            <span>Active Branches</span>
        </div>
        <div class="bakeshop-stat">
            <strong id="stat-products">1</strong>
            <span>Products</span>
        </div>
        <div class="bakeshop-stat">
            <strong id="stat-ingredients">3</strong>
            <span>Ingredients</span>
        </div>
        <div class="bakeshop-stat" >
            <strong id="stat-recipes">0</strong>
            <span>Recipe Lines</span>
        </div>
    </div>

    <section class="bakeshop-panel" style="">
        <div class="bakeshop-panel-head">
            <h3>Start Here</h3>
            <p>Follow this order so first-time setup stays predictable and the daily routine is easy to repeat.</p>
        </div>
        <div class="bakeshop-panel-body">
            <div class="bakeshop-flow">
                <article class="bakeshop-flow-step">
                    <strong>1</strong>
                    <h3>Set up branches</h3>
                    <p>Create the store locations you report against. Everything else connects back to these branches.</p>
                </article>
                <article class="bakeshop-flow-step">
                    <strong>2</strong>
                    <h3>Define products and recipes</h3>
                    <p>Add your finished goods and ingredient recipe lines before you record actual stock movement.</p>
                </article>
                <article class="bakeshop-flow-step">
                    <strong>3</strong>
                    <h3>Receive inventory and record production</h3>
                    <p>Use the same workspace for incoming ingredient inventory and production output so stock-in and stock-out stay connected.</p>
                </article>
                <article class="bakeshop-flow-step">
                    <strong>4</strong>
                    <h3>Review usage and print</h3>
                    <p>Check the branch usage summary, then open the printable report when you need a clean handoff.</p>
                </article>
            </div>
        </div>
    </section>

    <section class="bakeshop-panel" style="">
        <div class="bakeshop-panel-head">
            <h3>Summary Report</h3>
            <p>Branch ingredient balance summary for handoff: beginning stock, delivery source, total delivery, production usage, and remaining balance.</p>
        </div>
        <div class="bakeshop-panel-body bakeshop-setup-shell">
            <form class="bakeshop-shell" method="get" action="http://cmsnew.testtests/bakeshop_supervisor_settings_panel_test.php/admin/bakeshop" style="gap: 12px;">
                <div class="bakeshop-grid-3">
                    <div class="bakeshop-field">
                        <label for="summary-branch-filter">Branch</label>
                        <select id="summary-branch-filter" name="branch_id">
                            <option value="">All branches</option>
                            
                            <option value="398">DPE7723E5D - Projection Branch E7723E5D</option>
                            
                        </select>
                    </div>
                    <div class="bakeshop-field">
                        <label for="summary-from-filter">From</label>
                        <input id="summary-from-filter" name="from_date" type="date" value="">
                    </div>
                    <div class="bakeshop-field">
                        <label for="summary-to-filter">To</label>
                        <input id="summary-to-filter" name="to_date" type="date" value="">
                    </div>
                </div>
                <div class="bakeshop-form-actions">
                    <span class="bakeshop-help">Filters you apply here also carry into the usage work area and printable report.</span>
                    <div class="bakeshop-actions">
                        
                        <a class="bakeshop-button print" href="http://cmsnew.testtests/bakeshop_supervisor_settings_panel_test.php/admin/bakeshop/print" target="_blank" rel="noopener">Open Print View</a>
                        <button class="bakeshop-button" type="submit">Apply Filters</button>
                    </div>
                </div>
            </form>

            <div class="bakeshop-summary-meta">
                <div>
                    <strong>Branch</strong>
                    <p>DPE7723E5D - Projection Branch E7723E5D</p>
                </div>
                <div>
                    <strong>From</strong>
                    <p>2026-05-01</p>
                </div>
                <div>
                    <strong>To</strong>
                    <p>2026-05-01</p>
                </div>
            </div>

            <div class="bakeshop-stats">
                <div class="bakeshop-stat">
                    <strong>1</strong>
                    <span>Tracked Ingredients</span>
                </div>
                <div class="bakeshop-stat">
                    <strong>1</strong>
                    <span>Delivery Lines</span>
                </div>
                <div class="bakeshop-stat">
                    <strong>5</strong>
                    <span>Saved Batches</span>
                </div>
                <div class="bakeshop-stat">
                    <strong>75.00 kg</strong>
                    <span>On Hand At Scope End</span>
                </div>
            </div>

            <div class="bakeshop-summary-note">
                Beginning balance reflects stock before the first visible report date. Usage comes from saved ingredient snapshots attached to production runs, and all displayed values follow the configured 2-decimal output setting.
            </div>

            
            <div class="bakeshop-summary-groups">
                
                <section class="bakeshop-summary-group">
                    <div class="bakeshop-summary-group-head">
                        <h4>DPE7723E5D - Projection Branch E7723E5D</h4>
                        <p>Ingredient movement summary for this branch.</p>
                    </div>
                    <div class="bakeshop-table-wrap">
                        <table class="bakeshop-table">
                            <thead>
                                <tr>
                                    <th>Ingredient</th>
                                    <th>Unit</th>
                                    <th>Beginning Balance</th>
                                    <th>Delivery Source</th>
                                    <th>Total Delivery</th>
                                    <th>Usage</th>
                                    <th>Remaining Balance</th>
                                </tr>
                            </thead>
                            <tbody>
                                
                                <tr>
                                    <td class="bakeshop-summary-ingredient">
                                        <strong>Projection Flour E7723E5D</strong>
                                        <span>mass</span>
                                    </td>
                                    <td>kg</td>
                                    <td>0.00</td>
                                    <td>Commissary</td>
                                    <td>75.00</td>
                                    <td>0.00</td>
                                    <td>75.00</td>
                                </tr>
                                
                                <tr>
                                    <td colspan="2"><strong>Branch Totals</strong></td>
                                    <td><strong>0.00</strong></td>
                                    <td><strong>—</strong></td>
                                    <td><strong>75.00</strong></td>
                                    <td><strong>0.00</strong></td>
                                    <td><strong>75.00</strong></td>
                                </tr>
                            </tbody>
                        </table>
                    </div>
                </section>
                
            </div>
            
        </div>
    </section>

    <section class="bakeshop-panel" style="" id="work-areas-panel">
        <div class="bakeshop-panel-head" style="">
            <h3>Work Areas</h3>
            <p>Use one work area at a time so setup, receiving, production, and reporting stay separate instead of competing for attention on one long page.</p>
            
        </div>
        <div class="bakeshop-panel-body bakeshop-setup-shell">
            <div class="bakeshop-tabs" role="tablist" aria-label="Bakeshop setup sections" style="">
                <a class="bakeshop-tab active" href="http://cmsnew.testtests/bakeshop_supervisor_settings_panel_test.php/admin/bakeshop#branches" data-tab="branches" data-workspace-title="Branch Setup" data-workspace-intro="Create and maintain the branch locations that every delivery, production run, and usage report will reference." role="tab" aria-selected="true">Branches</a>
                <a class="bakeshop-tab" href="http://cmsnew.testtests/bakeshop_supervisor_settings_panel_test.php/admin/bakeshop#catalog" data-tab="catalog" data-workspace-title="Products" data-workspace-intro="Define finished goods first, then maintain each product&#039;s recipe lines in the same work area." role="tab" aria-selected="false">Products</a>
                <a class="bakeshop-tab" href="http://cmsnew.testtests/bakeshop_supervisor_settings_panel_test.php/admin/bakeshop#ingredients" data-tab="ingredients" data-workspace-title="Ingredients" data-workspace-intro="Maintain the raw-material catalog separately from products so receiving and recipe setup stay clear." role="tab" aria-selected="false">Ingredients</a>
                <a class="bakeshop-tab" href="http://cmsnew.testtests/bakeshop_supervisor_settings_panel_test.php/admin/bakeshop#deliveries" data-tab="deliveries" data-workspace-title="Ingredient Deliveries" data-workspace-intro="Receive ingredient stock by branch in one place so incoming materials are recorded cleanly before production." role="tab" aria-selected="false">Ingredient Deliveries</a>
                <a class="bakeshop-tab" href="http://cmsnew.testtests/bakeshop_supervisor_settings_panel_test.php/admin/bakeshop#production" data-tab="production" data-workspace-title="Baking Log" data-workspace-intro="Record what was baked, then review saved batches by branch, item, and time." role="tab" aria-selected="false">Baking Log</a>
                <a class="bakeshop-tab" href="http://cmsnew.testtests/bakeshop_supervisor_settings_panel_test.php/admin/bakeshop#usage" data-tab="usage" data-workspace-title="Usage Summary" data-workspace-intro="Review delivered versus consumed ingredients and refresh the usage summary before opening the printable report." role="tab" aria-selected="false">Usage Summary</a>
            </div>

            <section class="bakeshop-tab-panel active" data-tab-panel="branches">
                <div class="bakeshop-panel">
                    <div class="bakeshop-panel-body">
                        <form id="branch-form" class="bakeshop-grid-3" data-manage-required="true">
                            <div class="bakeshop-focus-note" id="branch-focus-note" style="grid-column: 1 / -1;" hidden></div>
                            <input type="hidden" name="id" value="">
                            <input type="hidden" name="is_active" value="1">
                            <div class="bakeshop-field">
                                <label for="branch-code">Code</label>
                                <input id="branch-code" name="code" placeholder="MAIN">
                            </div>
                            <div class="bakeshop-field">
                                <label for="branch-name">Name</label>
                                <input id="branch-name" name="name" placeholder="Main Branch">
                            </div>
                            <div class="bakeshop-field">
                                <label for="branch-address">Address</label>
                                <input id="branch-address" name="address" placeholder="Branch address">
                            </div>
                            <div class="bakeshop-form-actions" style="grid-column: 1 / -1;">
                                <span class="bakeshop-help">Branch IDs are owned by this module. No ecommerce or WMS bridge is wired in v1.</span>
                                <div class="bakeshop-actions">
                                    <button class="bakeshop-button danger" type="button" id="branch-cancel" hidden disabled>Cancel Edit</button>
                                    <button class="bakeshop-button" type="submit" id="branch-submit">Save Branch</button>
                                </div>
                            </div>
                        </form>

                        <div class="bakeshop-field">
                            <label for="branches-filter">Find Branch</label>
                            <input id="branches-filter" type="search" placeholder="Search by branch code, name, or address">
                        </div>

                        <div class="bakeshop-table-wrap">
                            <table class="bakeshop-table" id="branches-table">
                                <thead>
                                    <tr>
                                        <th>Code</th>
                                        <th>Name</th>
                                        <th>Address</th>
                                        <th>Status</th>
                                        <th>Actions</th>
                                    </tr>
                                </thead>
                                <tbody></tbody>
                            </table>
                        </div>
                    </div>
                </div>
            </section>

            <section class="bakeshop-tab-panel" data-tab-panel="catalog">
                <div class="bakeshop-column">
                    <section class="bakeshop-panel" id="product-editor-panel">
                        <div class="bakeshop-panel-head">
                            <p>Define your finished goods. Click a product row to edit it; its recipe lines appear in the sub-section below.</p>
                        </div>
                        <div class="bakeshop-panel-body">
                            <form id="product-form" class="bakeshop-shell" style="gap: 16px;" data-manage-required="true">
                                <div class="bakeshop-focus-note" id="product-focus-note" hidden></div>
                                <input type="hidden" name="id" value="">
                                <input type="hidden" name="is_active" value="1">
                                <div class="bakeshop-grid-3">
                                    <div class="bakeshop-field">
                                        <label for="product-name">Name</label>
                                        <input id="product-name" name="name" placeholder="Pandesal">
                                    </div>
                                    <div class="bakeshop-field">
                                        <label for="product-sku">SKU</label>
                                        <input id="product-sku" name="sku" placeholder="PRD-001">
                                    </div>
                                    <div class="bakeshop-field">
                                        <label for="product-category">Category</label>
                                        <input id="product-category" name="category" placeholder="Bread">
                                    </div>
                                    <div class="bakeshop-field">
                                        <label for="product-yield-qty">Default Yield Qty</label>
                                        <input id="product-yield-qty" name="default_yield_qty" type="number" min="0.01" step="0.01" value="1.00">
                                    </div>
                                    <div class="bakeshop-field" style="grid-column: span 2;">
                                        <label for="product-yield-unit">Default Yield Unit</label>
                                        <select id="product-yield-unit" name="default_yield_unit_id"></select>
                                    </div>
                                </div>
                                <div class="bakeshop-form-actions">
                                    <span class="bakeshop-help">Default yield drives recipe-backed ingredient scaling for saved batch records.</span>
                                    <div class="bakeshop-actions">
                                            <button class="bakeshop-button success" type="button" id="product-add">Add Product</button>
                                        <button class="bakeshop-button danger" type="button" id="product-cancel" hidden disabled>Cancel Edit</button>
                                        <button class="bakeshop-button" type="submit" id="product-submit">Save Product</button>
                                    </div>
                                </div>
                            </form>

                            <div class="bakeshop-grid-2" >
                                <div class="bakeshop-field" style="grid-column: 2 / 3;">
                                    <label for="recipes-filter">Find Recipe Line</label>
                                    <input id="recipes-filter" type="search" placeholder="Search by ingredient, unit, or notes">
                                </div>
                            </div>

                            

                            <section class="bakeshop-panel bakeshop-panel-subdued" id="recipe-panel" >
                                <div class="bakeshop-panel-head">
                                    <h3 id="recipe-panel-title">Recipe</h3>
                                    <p id="recipe-form-description">Edit a product first to view and maintain its recipe lines.</p>
                                </div>
                                <div class="bakeshop-panel-body">
                                    <div id="recipe-panel-empty" class="bakeshop-muted">Select Edit on a product to open that product's recipe.</div>
                                    <div id="recipe-panel-details" hidden>
                                    <form id="recipe-form" class="bakeshop-grid-3" data-manage-required="true">
                                        <div class="bakeshop-focus-note" id="recipe-focus-note" style="grid-column: 1 / -1;" hidden></div>
                                        <input id="recipe-product" name="product_id" type="hidden" value="">
                                        <div class="bakeshop-field">
                                            <label for="recipe-ingredient">Ingredient</label>
                                            <select id="recipe-ingredient" name="ingredient_id"></select>
                                        </div>
                                        <div class="bakeshop-field">
                                            <label for="recipe-unit">Unit</label>
                                            <select id="recipe-unit" name="unit_id"></select>
                                        </div>
                                        <div class="bakeshop-field">
                                            <label for="recipe-qty">Quantity</label>
                                            <input id="recipe-qty" name="qty" type="number" min="0.01" step="0.01" value="1.00">
                                        </div>
                                        <div class="bakeshop-field" style="grid-column: span 2;">
                                            <label for="recipe-notes">Notes</label>
                                            <input id="recipe-notes" name="notes" placeholder="Optional preparation note">
                                        </div>
                                        <div class="bakeshop-form-actions" style="grid-column: 1 / -1;">
                                            <span class="bakeshop-help">Update the ingredient usage for this product.</span>
                                            <div class="bakeshop-actions">
                                                <button class="bakeshop-button danger" type="button" id="recipe-cancel" hidden disabled>Cancel Edit</button>
                                                <button class="bakeshop-button" type="submit" id="recipe-submit">Save Recipe Line</button>
                                            </div>
                                        </div>
                                    </form>

                                    <div class="bakeshop-table-wrap">
                                        <table class="bakeshop-table" id="recipes-table">
                                            <thead>
                                                <tr>
                                                    <th>Ingredient</th>
                                                    <th>Qty</th>
                                                    <th>Unit</th>
                                                    <th>Notes</th>
                                                    <th>Actions</th>
                                                </tr>
                                            </thead>
                                            <tbody></tbody>
                                        </table>
                                    </div>
                                    </div>
                                </div>
                            </section>

                            <div class="bakeshop-form-actions bakeshop-view-tabs">
                                <div class="bakeshop-inline-tabs" role="tablist" aria-label="Product status views">
                                    <button class="bakeshop-inline-tab active" type="button" id="products-view-active" data-product-view="active" aria-selected="true">Active <span class="bakeshop-inline-tab-count" id="products-active-count">0</span></button>
                                    <button class="bakeshop-inline-tab" type="button" id="products-view-archived" data-product-view="archived" aria-selected="false">Archived <span class="bakeshop-inline-tab-count" id="products-archived-count">0</span></button>
                                </div>
                                <span class="bakeshop-help" id="products-view-summary">View active products used for current batch recording.</span>
                            </div>

                            <div class="bakeshop-form-actions bakeshop-bulk-actions">
                                <span class="bakeshop-help" id="products-selection-summary">No products selected.</span>
                                
                                <div class="bakeshop-actions">
                                    <button class="bakeshop-button secondary" type="button" id="products-select-visible">Select Visible</button>
                                    <button class="bakeshop-button secondary" type="button" id="products-clear-selection" hidden>Clear Selection</button>
                                    <button class="bakeshop-button danger" type="button" id="products-delete-selected" hidden>Delete Selected</button>
                                </div>
                                
                            </div>

                            <div class="bakeshop-table-wrap">
                                <table class="bakeshop-table" id="products-table">
                                    <thead>
                                        <tr>
                                            <th class="bakeshop-checkbox-cell"><input class="bakeshop-checkbox" id="products-select-all" type="checkbox" aria-label="Select visible products"></th>
                                            <th>Product</th>
                                            <th>Category</th>
                                            <th>Yield</th>
                                            <th >Recipe Lines</th>
                                            <th>Status</th>
                                            <th>Actions</th>
                                        </tr>
                                    </thead>
                                    <tbody></tbody>
                                </table>
                            </div>
                        </div>
                    </section>

                </div>
            </section>

            <section class="bakeshop-tab-panel" data-tab-panel="ingredients">
                <div class="bakeshop-column">
                    <section class="bakeshop-panel">
                        <div class="bakeshop-panel-head">
                            <p>Maintain the ingredient master list and its base unit before using items in deliveries, usage reporting, and recipe-backed batches.</p>
                        </div>
                        <div class="bakeshop-panel-body">
                            <form id="ingredient-form" class="bakeshop-shell" style="gap: 16px;" data-manage-required="true">
                                <div class="bakeshop-focus-note" id="ingredient-focus-note" hidden></div>
                                <input type="hidden" name="id" value="">
                                <input type="hidden" name="is_active" value="1">
                                <div class="bakeshop-grid-3">
                                    <div class="bakeshop-field">
                                        <label for="ingredient-name">Name</label>
                                        <input id="ingredient-name" name="name" placeholder="Flour">
                                    </div>
                                    <div class="bakeshop-field">
                                        <label for="ingredient-sku">SKU</label>
                                        <input id="ingredient-sku" name="sku" placeholder="ING-001">
                                    </div>
                                    <div class="bakeshop-field">
                                        <label for="ingredient-unit">Default Unit</label>
                                        <select id="ingredient-unit" name="default_unit_id"></select>
                                    </div>
                                </div>
                                <div class="bakeshop-grid-3">
                                    <div class="bakeshop-field">
                                        <label for="ingredient-pack-label">Pack Label</label>
                                        <input id="ingredient-pack-label" name="pack_label" placeholder="Bag">
                                    </div>
                                    <div class="bakeshop-field">
                                        <label for="ingredient-pack-qty">Pack Qty</label>
                                        <input id="ingredient-pack-qty" name="pack_qty" type="number" min="0" step="0.0001" placeholder="25.0000">
                                    </div>
                                    <div class="bakeshop-field">
                                        <label for="ingredient-pack-unit">Pack Unit</label>
                                        <select id="ingredient-pack-unit" name="pack_unit_id"></select>
                                    </div>
                                </div>
                                <div class="bakeshop-form-actions">
                                    <span class="bakeshop-help">Units are seeded globally as `kg`, `g`, `L`, `mL`, `pc`, and `pack`. Pack metadata is optional, but when set it must match the ingredient unit dimension.</span>
                                    <div class="bakeshop-actions">
                                            <button class="bakeshop-button success" type="button" id="ingredient-add">Add Ingredient</button>
                                        <button class="bakeshop-button danger" type="button" id="ingredient-cancel" hidden disabled>Cancel Edit</button>
                                        <button class="bakeshop-button" type="submit" id="ingredient-submit">Save Ingredient</button>
                                    </div>
                                </div>
                            </form>

                            <div class="bakeshop-field">
                                <label for="ingredients-filter">Find Ingredient</label>
                                <input id="ingredients-filter" type="search" placeholder="Search by ingredient, SKU, or unit">
                            </div>

                            <div class="bakeshop-form-actions bakeshop-view-tabs">
                                <div class="bakeshop-inline-tabs" role="tablist" aria-label="Ingredient status views">
                                    <button class="bakeshop-inline-tab active" type="button" id="ingredients-view-active" data-ingredient-view="active" aria-selected="true">Active <span class="bakeshop-inline-tab-count" id="ingredients-active-count">0</span></button>
                                    <button class="bakeshop-inline-tab" type="button" id="ingredients-view-archived" data-ingredient-view="archived" aria-selected="false">Archived <span class="bakeshop-inline-tab-count" id="ingredients-archived-count">0</span></button>
                                </div>
                                <span class="bakeshop-help" id="ingredients-view-summary">View active ingredients used in current operations.</span>
                            </div>

                            <div class="bakeshop-form-actions bakeshop-bulk-actions">
                                <span class="bakeshop-help" id="ingredients-selection-summary">No ingredients selected.</span>
                                
                                <div class="bakeshop-actions">
                                    <button class="bakeshop-button secondary" type="button" id="ingredients-select-visible">Select Visible</button>
                                    <button class="bakeshop-button secondary" type="button" id="ingredients-clear-selection" hidden>Clear Selection</button>
                                    <button class="bakeshop-button danger" type="button" id="ingredients-delete-selected" hidden>Delete Selected</button>
                                </div>
                                
                            </div>

                            <div class="bakeshop-table-wrap">
                                <table class="bakeshop-table" id="ingredients-table">
                                    <thead>
                                        <tr>
                                            <th class="bakeshop-checkbox-cell"><input class="bakeshop-checkbox" id="ingredients-select-all" type="checkbox" aria-label="Select visible ingredients"></th>
                                            <th>Ingredient</th>
                                            <th>SKU</th>
                                            <th>Default Unit</th>
                                            <th>Pack</th>
                                            <th>Status</th>
                                            <th>Actions</th>
                                        </tr>
                                    </thead>
                                    <tbody></tbody>
                                </table>
                            </div>
                        </div>
                    </section>
                </div>
            </section>

            <section class="bakeshop-tab-panel" data-tab-panel="deliveries">
                <section class="bakeshop-panel">
                    <div class="bakeshop-panel-head">
                        <p>Set the day's received quantities for one branch at a time. Every ingredient is listed below so encoding stays predictable.</p>
                    </div>
                    <div class="bakeshop-panel-body">
                        <div class="bakeshop-section-panel active" data-delivery-section-panel="receive">
                        <form id="delivery-form" class="bakeshop-shell" style="gap: 16px;" data-manage-required="true">
                            <div class="bakeshop-grid-2">
                                <div class="bakeshop-field">
                                    <label for="delivery-branch">Branch</label>
                                    <select id="delivery-branch" name="branch_id"></select>
                                </div>
                                <div class="bakeshop-field">
                                    <label for="delivery-at">Delivery Date</label>
                                    <input id="delivery-at" name="delivered_at" type="date">
                                </div>
                                <div class="bakeshop-field">
                                    <label for="delivery-coverage-days">Coverage Days</label>
                                    <input id="delivery-coverage-days" name="coverage_days" type="number" min="1" max="31" step="1" value="3">
                                </div>
                                <div class="bakeshop-field">
                                    <label for="delivery-reference">Reference</label>
                                    <input id="delivery-reference" name="reference" placeholder="DR-2026-001">
                                </div>
                                <div class="bakeshop-field">
                                    <label for="delivery-received-by">Received By</label>
                                    <input id="delivery-received-by" name="received_by" placeholder="Supervisor name">
                                </div>
                            </div>
                            <div class="bakeshop-grid-2">
                                <div class="bakeshop-field">
                                    <label for="delivery-source-type">Delivery Source</label>
                                    <select id="delivery-source-type" name="source_type">
                                        <option value="commissary">Commissary</option>
                                        <option value="other">Other Supplier</option>
                                    </select>
                                </div>
                                <div class="bakeshop-field" id="delivery-source-name-field" hidden>
                                    <label for="delivery-source-name">Other Supplier Name</label>
                                    <input id="delivery-source-name" name="source_name" placeholder="Specify supplier name">
                                </div>
                            </div>
                            <div class="bakeshop-field">
                                <label for="delivery-notes">Notes</label>
                                <textarea id="delivery-notes" name="notes" placeholder="Optional receiving note"></textarea>
                            </div>
                            <div class="bakeshop-grid-2">
                                <div class="bakeshop-field">
                                    <label for="delivery-sheet-filter">Find Ingredient</label>
                                    <input id="delivery-sheet-filter" type="search" placeholder="Search by ingredient or SKU">
                                </div>
                                <div class="bakeshop-field">
                                    <label for="delivery-csv-file">Import CSV</label>
                                    <input id="delivery-csv-file" type="file" accept=".csv,text/csv">
                                </div>
                            </div>
                            <div>
                                <div class="bakeshop-form-actions bakeshop-view-tabs" style="margin-bottom: 10px;">
                                    <div class="bakeshop-section-tabs" role="tablist" aria-label="Delivery sections">
                                        <button class="bakeshop-section-tab active" type="button" data-delivery-section-tab="receive" role="tab" aria-selected="true">Daily Receiving</button>
                                        <button class="bakeshop-section-tab" type="button" data-delivery-section-tab="saved" role="tab" aria-selected="false">Saved Receipts</button>
                                    </div>
                                    <span class="bakeshop-help">Set one branch's received quantities for the day and save a single receipt.</span>
                                </div>
                                <div class="bakeshop-form-actions" style="margin-bottom: 10px;">
                                    <span class="bakeshop-help">Every ingredient is listed below in its default unit. Enter received quantities directly, or import a CSV with `sku` or `ingredient`, `qty`, optional `unit_cost`, and optional `cost_basis` columns.</span>
                                    <div class="bakeshop-actions">
                                        <button class="bakeshop-button secondary" type="button" id="delivery-csv-template">Download CSV Template</button>
                                        <button class="bakeshop-button secondary" type="button" id="delivery-sheet-clear">Clear Quantities</button>
                                    </div>
                                </div>
                                <div class="bakeshop-table-wrap bakeshop-delivery-sheet">
                                    <table class="bakeshop-table">
                                        <thead>
                                            <tr>
                                                <th>Ingredient</th>
                                                <th>SKU</th>
                                                <th>Default Unit</th>
                                                <th>Qty Received</th>
                                                <th>Unit Cost</th>
                                                <th>Cost Basis</th>
                                            </tr>
                                        </thead>
                                        <tbody id="delivery-lines"></tbody>
                                    </table>
                                </div>
                            </div>
                            <div class="bakeshop-form-actions">
                                <span class="bakeshop-help">Saving posts one branch receipt and includes only ingredients with a quantity greater than zero. Coverage days lets one DR represent a multi-day delivery window.</span>
                                <button class="bakeshop-button" type="submit">Save Delivery</button>
                            </div>
                        </form>
                        </div>

                        <div class="bakeshop-section-panel" data-delivery-section-panel="saved">
                        <div class="bakeshop-form-actions bakeshop-view-tabs">
                            <div class="bakeshop-section-tabs" role="tablist" aria-label="Delivery sections">
                                <button class="bakeshop-section-tab" type="button" data-delivery-section-tab="receive" role="tab" aria-selected="false">Daily Receiving</button>
                                <button class="bakeshop-section-tab active" type="button" data-delivery-section-tab="saved" role="tab" aria-selected="true">Saved Receipts</button>
                            </div>
                            <span class="bakeshop-help">Review saved branch receipts by date, source, receiver, and delivery detail.</span>
                        </div>
                        <div class="bakeshop-field">
                            <label for="deliveries-filter">Find Delivery</label>
                            <input id="deliveries-filter" type="search" placeholder="Search by branch, source, reference, receiver, or date">
                        </div>

                        <div class="bakeshop-form-actions bakeshop-bulk-actions">
                            <span class="bakeshop-help" id="deliveries-selection-summary">No deliveries selected.</span>
                            
                            <div class="bakeshop-actions">
                                <button class="bakeshop-button secondary" type="button" id="deliveries-select-visible">Select Visible</button>
                                <button class="bakeshop-button secondary" type="button" id="deliveries-clear-selection" hidden>Clear Selection</button>
                                <button class="bakeshop-button danger" type="button" id="deliveries-delete-selected" hidden>Delete Selected</button>
                            </div>
                            
                        </div>

                        <div class="bakeshop-table-wrap">
                            <table class="bakeshop-table" id="deliveries-table">
                                <thead>
                                    <tr>
                                        <th class="bakeshop-checkbox-cell"><input class="bakeshop-checkbox" id="deliveries-select-all" type="checkbox" aria-label="Select visible deliveries"></th>
                                        <th>Branch</th>
                                        <th>Delivered At</th>
                                        <th>Reference</th>
                                        <th>Delivery Detail</th>
                                        <th>Actions</th>
                                    </tr>
                                </thead>
                                <tbody></tbody>
                            </table>
                        </div>
                        </div>
                    </div>
                </section>
            </section>

            <section class="bakeshop-tab-panel" data-tab-panel="production">
                <section class="bakeshop-panel">
                    <div class="bakeshop-panel-head">
                        <p>Record what was made, keep saved entries easy to review, and preserve the ingredient-use detail that belonged to each finished batch.</p>
                    </div>
                    <div class="bakeshop-panel-body">
                        <section class="bakeshop-panel" style="box-shadow:none; margin-bottom: 16px;">
                            <div class="bakeshop-panel-head">
                                <h3>Branch Product Daily Targets</h3>
                                <p>Store each branch's strict daily output target. Targets must use the same unit dimension as the product's standard yield.</p>
                            </div>
                            <div class="bakeshop-panel-body">
                                <form id="product-target-form" class="bakeshop-shell" style="gap: 16px;" data-manage-required="true">
                                    <div class="bakeshop-focus-note" id="product-target-focus-note" hidden></div>
                                    <input type="hidden" name="id" value="">
                                    <input type="hidden" name="is_active" value="1">
                                    <div class="bakeshop-grid-2">
                                        <div class="bakeshop-field">
                                            <label for="product-target-branch">Branch</label>
                                            <select id="product-target-branch" name="branch_id"></select>
                                        </div>
                                        <div class="bakeshop-field">
                                            <label for="product-target-product">Product</label>
                                            <select id="product-target-product" name="product_id"></select>
                                        </div>
                                        <div class="bakeshop-field">
                                            <label for="product-target-daily-qty">Daily Target Qty</label>
                                            <input id="product-target-daily-qty" name="daily_qty" type="number" min="0.01" step="0.01" placeholder="0.00">
                                        </div>
                                        <div class="bakeshop-field">
                                            <label for="product-target-unit">Target Unit</label>
                                            <select id="product-target-unit" name="unit_id"></select>
                                        </div>
                                    </div>
                                    <div class="bakeshop-form-actions">
                                        <span class="bakeshop-help">Targets drive the DR projection report in the Usage workspace. Missing production days reduce the projected total proportionally.</span>
                                        <div class="bakeshop-actions">
                                            <button class="bakeshop-button success" type="button" id="product-target-add">Add Target</button>
                                            <button class="bakeshop-button danger" type="button" id="product-target-cancel" hidden disabled>Cancel Edit</button>
                                            <button class="bakeshop-button" type="submit" id="product-target-submit">Save Target</button>
                                        </div>
                                    </div>
                                </form>

                                <div class="bakeshop-field">
                                    <label for="product-target-filter">Find Target</label>
                                    <input id="product-target-filter" type="search" placeholder="Search by product, category, or unit">
                                </div>

                                <div class="bakeshop-table-wrap">
                                    <table class="bakeshop-table" id="product-targets-table">
                                        <thead>
                                            <tr>
                                                <th>Product</th>
                                                <th>Category</th>
                                                <th>Daily Target</th>
                                                <th>Unit</th>
                                                <th>Actions</th>
                                            </tr>
                                        </thead>
                                        <tbody></tbody>
                                    </table>
                                </div>
                            </div>
                        </section>

                        <div class="bakeshop-section-panel active" data-production-section-panel="record">
                        <form id="production-form" class="bakeshop-grid-2" data-manage-required="true">
                            <input name="id" type="hidden" value="">
                            <input id="production-product" name="product_id" type="hidden" value="">
                            <input id="production-qty-produced" name="qty_produced" type="hidden" value="">
                            <div class="bakeshop-field">
                                <label for="production-branch">Branch</label>
                                <select id="production-branch" name="branch_id"></select>
                            </div>
                            <div class="bakeshop-field">
                                <label for="production-at">Finished At</label>
                                <input id="production-at" name="produced_at" type="datetime-local">
                            </div>
                            <div class="bakeshop-field">
                                <label for="production-by">Made By</label>
                                <input id="production-by" name="produced_by" placeholder="Baker or supervisor name">
                            </div>
                            <div class="bakeshop-field">
                                <label for="production-notes">Batch Note</label>
                                <input id="production-notes" name="notes" placeholder="Optional note for this saved entry">
                            </div>
                            <div style="grid-column: 1 / -1; display: grid; gap: 10px;">
                                <div class="bakeshop-form-actions bakeshop-view-tabs">
                                    <div class="bakeshop-section-tabs" role="tablist" aria-label="Production sections">
                                        <button class="bakeshop-section-tab active" type="button" data-production-section-tab="record" role="tab" aria-selected="true">Record Batch</button>
                                        <button class="bakeshop-section-tab" type="button" data-production-section-tab="saved" role="tab" aria-selected="false">Saved Entries</button>
                                    </div>
                                    <span class="bakeshop-help">Record batches one item at a time and keep the latest saved entry ready to review.</span>
                                </div>
                                <div class="bakeshop-form-actions">
                                    <span class="bakeshop-help" id="production-focus-note" hidden></span>
                                    <span class="bakeshop-help" id="production-product-note">Choose the branch, finished time, and who made it. Then enter the amount made in the item list below. Leaving a box blank means nothing was made for that item.</span>
                                </div>
                                
                                <div class="bakeshop-form-actions">
                                    <span class="bakeshop-help" id="production-guard-note">Temporary non-production testing override. When enabled, an entry can still be saved even if the item setup is incomplete.</span>
                                    <button class="bakeshop-button secondary" type="button" id="production-guard-toggle">Testing Override: Off</button>
                                </div>
                                
                                <div class="bakeshop-field">
                                    <label for="production-products-filter">Find Item To Record</label>
                                    <input id="production-products-filter" type="search" placeholder="Search by item, SKU, or category">
                                </div>
                                <div class="bakeshop-table-wrap">
                                    <table class="bakeshop-table" id="production-products-table">
                                        <thead>
                                            <tr>
                                                <th>Item</th>
                                                <th>Category</th>
                                                <th>Standard Batch</th>
                                                <th>Amount Made</th>
                                            </tr>
                                        </thead>
                                        <tbody></tbody>
                                    </table>
                                </div>
                            </div>
                            <div class="bakeshop-form-actions" style="grid-column: 1 / -1;">
                                <span class="bakeshop-help">When you review a saved entry later, only the time, person, and note can be updated from this form.</span>
                                <button class="bakeshop-button" type="submit" id="production-submit" hidden>Update Saved Entry</button>
                                <button class="bakeshop-button secondary" type="button" id="production-cancel" hidden disabled>Cancel</button>
                            </div>
                        </form>

                        <div class="bakeshop-review-card" id="production-last-saved" hidden>
                            <div>
                                <strong>Last Saved Entry</strong>
                                <p id="production-last-saved-summary">The next saved batch will appear here so it can be reviewed right away.</p>
                            </div>
                            <div class="bakeshop-actions">
                                <button class="bakeshop-button secondary" type="button" id="production-review-last-saved">Review In Saved Entries</button>
                                <button class="bakeshop-button secondary" type="button" id="production-edit-last-saved">Edit This Entry</button>
                            </div>
                        </div>
                        </div>

                        <div class="bakeshop-section-panel" data-production-section-panel="saved">
                        <div class="bakeshop-form-actions bakeshop-view-tabs">
                            <div class="bakeshop-section-tabs" role="tablist" aria-label="Production sections">
                                <button class="bakeshop-section-tab" type="button" data-production-section-tab="record" role="tab" aria-selected="false">Record Batch</button>
                                <button class="bakeshop-section-tab active" type="button" data-production-section-tab="saved" role="tab" aria-selected="true">Saved Entries</button>
                            </div>
                            <span class="bakeshop-help">Review saved batch entries by branch, item, time, and ingredient-use detail.</span>
                        </div>
                        <div class="bakeshop-stats" id="production-saved-summary">
                            <div class="bakeshop-stat">
                                <strong id="production-saved-count">0</strong>
                                <span>Visible Saved Entries</span>
                            </div>
                            <div class="bakeshop-stat">
                                <strong id="production-saved-latest-item">None yet</strong>
                                <span>Last Saved Item</span>
                            </div>
                            <div class="bakeshop-stat">
                                <strong id="production-saved-latest-branch">No branch yet</strong>
                                <span>Last Saved Branch</span>
                            </div>
                        </div>
                        <div class="bakeshop-field">
                            <label for="production-filter">Find Saved Entry</label>
                            <input id="production-filter" type="search" placeholder="Search by branch, item, finished time, person, or note">
                        </div>

                        <div class="bakeshop-table-wrap">
                            <table class="bakeshop-table" id="production-table">
                                <thead>
                                    <tr>
                                        <th>Branch</th>
                                        <th>Item</th>
                                        <th>Finished At</th>
                                        <th>Amount Made</th>
                                        <th>Ingredients Used</th>
                                        <th>Actions</th>
                                    </tr>
                                </thead>
                                <tbody></tbody>
                            </table>
                        </div>
                        </div>
                    </div>
                </section>
            </section>

            <section class="bakeshop-tab-panel" data-tab-panel="usage">
                <section class="bakeshop-panel">
                    <div class="bakeshop-panel-head">
                        <p>Read the inventory movement view: received deliveries minus recipe-based production consumption, grouped by branch, ingredient, and date.</p>
                    </div>
                    <div class="bakeshop-panel-body">
                        <form id="usage-form" class="bakeshop-grid-3">
                            <div class="bakeshop-field">
                                <label for="usage-branch">Branch</label>
                                <select id="usage-branch" name="branch_id" data-report-scope="branch_id"></select>
                            </div>
                            <div class="bakeshop-field">
                                <label for="usage-from">From Date</label>
                                <input id="usage-from" name="from_date" type="date" value="" data-report-scope="from_date">
                            </div>
                            <div class="bakeshop-field">
                                <label for="usage-to">To Date</label>
                                <input id="usage-to" name="to_date" type="date" value="" data-report-scope="to_date">
                            </div>
                            <div class="bakeshop-field">
                                <label for="usage-horizon-days">Projection Horizon</label>
                                <input id="usage-horizon-days" name="horizon_days" type="number" min="1" max="31" step="1" value="7">
                            </div>
                            <div class="bakeshop-form-actions" style="grid-column: 1 / -1;">
                                <span class="bakeshop-help">These filters mirror any applied dashboard summary filters and drive the printable inventory summary. DR projection uses the same scope plus the projection horizon.</span>
                                <div class="bakeshop-actions">
                                    <a class="bakeshop-button print" id="bakeshop-dr-projection-print-link" href="http://cmsnew.testtests/bakeshop_supervisor_settings_panel_test.php/admin/bakeshop/print/dr-projection" target="_blank" rel="noopener">Open DR Projection Print</a>
                                    <button class="bakeshop-button" type="submit">Refresh Usage</button>
                                </div>
                            </div>
                        </form>

                        <div class="bakeshop-grid-3">
                            <div class="bakeshop-stat">
                                <strong id="usage-total-delivered">0.00</strong>
                                <span>Delivered By Unit</span>
                            </div>
                            <div class="bakeshop-stat">
                                <strong id="usage-total-consumed">0.00</strong>
                                <span>Consumed By Unit</span>
                            </div>
                            <div class="bakeshop-stat">
                                <strong id="usage-total-variance">0.00</strong>
                                <span>Variance By Unit</span>
                            </div>
                        </div>

                        <div class="bakeshop-stats">
                            <div class="bakeshop-stat">
                                <strong id="usage-factual-ingredients">0</strong>
                                <span>Tracked Ingredients</span>
                            </div>
                            <div class="bakeshop-stat">
                                <strong id="usage-factual-deliveries">0</strong>
                                <span>Delivery Lines</span>
                            </div>
                            <div class="bakeshop-stat">
                                <strong id="usage-factual-runs">0</strong>
                                <span>Saved Batches</span>
                            </div>
                        </div>

                        <div class="bakeshop-field">
                            <label for="usage-filter">Find Usage Row</label>
                            <input id="usage-filter" type="search" placeholder="Search by branch, ingredient, date, or unit">
                        </div>

                        <div class="bakeshop-table-wrap">
                            <table class="bakeshop-table" id="usage-table">
                                <thead>
                                    <tr>
                                        <th>Branch</th>
                                        <th>Date</th>
                                        <th>Ingredient</th>
                                        <th>Unit</th>
                                        <th>Delivered</th>
                                        <th>Consumed</th>
                                        <th>Variance</th>
                                    </tr>
                                </thead>
                                <tbody></tbody>
                            </table>
                        </div>

                        <section class="bakeshop-panel" style="box-shadow:none; margin-top: 16px;">
                            <div class="bakeshop-panel-head">
                                <h3>DR Projection</h3>
                                <p>Extend the observed delivery window into a future demand projection: ingredients are dailyized from DR coverage, while products use strict branch daily targets.</p>
                            </div>
                            <div class="bakeshop-panel-body">
                                <div class="bakeshop-form-actions">
                                    <span class="bakeshop-help" id="dr-projection-summary">Choose a branch and a scoped date range, then refresh usage to compute projected ingredient and product requirements.</span>
                                    <div class="bakeshop-actions">
                                        <a class="bakeshop-button print" href="http://cmsnew.testtests/bakeshop_supervisor_settings_panel_test.php/admin/bakeshop/print/dr-projection" id="bakeshop-dr-projection-inline-print-link" target="_blank" rel="noopener">Print This Projection</a>
                                    </div>
                                </div>

                                <div class="bakeshop-grid-2">
                                    <section>
                                        <div class="bakeshop-field">
                                            <label for="dr-projection-ingredients-filter">Find Projected Ingredient</label>
                                            <input id="dr-projection-ingredients-filter" type="search" placeholder="Search by ingredient, unit, or pack">
                                        </div>
                                        <div class="bakeshop-table-wrap">
                                            <table class="bakeshop-table" id="dr-projection-ingredients-table">
                                                <thead>
                                                    <tr>
                                                        <th>Ingredient</th>
                                                        <th>Observed Qty</th>
                                                        <th>Coverage</th>
                                                        <th>Daily Qty</th>
                                                        <th>Projected Qty</th>
                                                        <th>Per Pack</th>
                                                    </tr>
                                                </thead>
                                                <tbody></tbody>
                                            </table>
                                        </div>
                                    </section>

                                    <section>
                                        <div class="bakeshop-field">
                                            <label for="dr-projection-products-filter">Find Projected Product</label>
                                            <input id="dr-projection-products-filter" type="search" placeholder="Search by product, category, or unit">
                                        </div>
                                        <div class="bakeshop-table-wrap">
                                            <table class="bakeshop-table" id="dr-projection-products-table">
                                                <thead>
                                                    <tr>
                                                        <th>Product</th>
                                                        <th>Daily Target</th>
                                                        <th>Days Produced</th>
                                                        <th>Missing Days</th>
                                                        <th>Projected Qty</th>
                                                    </tr>
                                                </thead>
                                                <tbody></tbody>
                                            </table>
                                        </div>
                                    </section>
                                </div>
                            </div>
                        </section>

                        <section class="bakeshop-panel" style="box-shadow:none;">
                            <div class="bakeshop-panel-head">
                                <h3>Ingredient Inventory As Of Scope End</h3>
                                <p>Shows net stock up to the selected end date. The branch filter always applies, and if only a from date is set it is used as the as-of date.</p>
                            </div>
                            <div class="bakeshop-panel-body">
                                <div class="bakeshop-grid-2">
                                    <div class="bakeshop-stat">
                                        <strong id="inventory-total-on-hand">0.00</strong>
                                        <span>On-Hand By Unit At Scope End</span>
                                    </div>
                                    <div class="bakeshop-stat">
                                        <strong id="inventory-total-lines">0</strong>
                                        <span>Tracked Ingredient Lines</span>
                                    </div>
                                </div>

                                <div class="bakeshop-field">
                                    <label for="inventory-filter">Find Inventory Row</label>
                                    <input id="inventory-filter" type="search" placeholder="Search by branch, ingredient, or unit">
                                </div>

                                <div class="bakeshop-table-wrap">
                                    <table class="bakeshop-table" id="inventory-table">
                                        <thead>
                                            <tr>
                                                <th>Branch</th>
                                                <th>Ingredient</th>
                                                <th>Unit</th>
                                                <th>Received To Date</th>
                                                <th>Consumed To Date</th>
                                                <th>On Hand</th>
                                            </tr>
                                        </thead>
                                        <tbody></tbody>
                                    </table>
                                </div>
                            </div>
                        </section>
                    </div>
                </section>
            </section>
        </div>
    </section>

</div>

<script>
document.addEventListener('DOMContentLoaded', () => {
    const csrfToken = '7de2463e22f2cc74fd547e2d1a0160e3e8769de21ab0ab258c06b084db96271b';
    const baseUrl = 'http://cmsnew.testtests/bakeshop_supervisor_settings_panel_test.php';

    function normalizePathPrefix(value) {
        if (!value) {
            return '';
        }

        let pathname = String(value || '').trim();
        if (pathname === '') {
            return '';
        }

        try {
            pathname = new URL(pathname, window.location.origin).pathname || '';
        } catch (error) {
            pathname = String(value || '').trim();
        }

        pathname = pathname.replace(/\/+$/, '');
        if (pathname === '/' || pathname === '.') {
            return '';
        }

        return pathname;
    }

    function bakeshopAppBasePath() {
        const candidates = [window.location.pathname, baseUrl];
        for (const candidate of candidates) {
            const normalized = normalizePathPrefix(candidate);
            if (normalized === '') {
                continue;
            }

            const match = normalized.match(/^(.*?)(\/admin\/bakeshop(?:\/.*)?|\/bakeshop(?:\/.*)?)$/);
            if (match) {
                return match[1] || '';
            }

            if (!normalized.startsWith('/api/')) {
                return normalized;
            }
        }

        return '';
    }

    function bakeshopApiPath(path) {
        return bakeshopAppBasePath() + String(path || '');
    }

    function normalizedRowId(kind, row) {
        if (!row || typeof row !== 'object') {
            return 0;
        }

        const candidates = [row.id];
        if (kind === 'product') {
            candidates.push(row.product_id);
        } else if (kind === 'ingredient') {
            candidates.push(row.ingredient_id);
        } else if (kind === 'branch') {
            candidates.push(row.branch_id);
        }

        for (const candidate of candidates) {
            const numericId = Number(candidate);
            if (Number.isFinite(numericId) && numericId > 0) {
                return numericId;
            }
        }

        return 0;
    }

    function normalizeMaintenanceRows(kind, rows) {
        if (!Array.isArray(rows)) {
            return [];
        }

        return rows.map((row) => {
            if (!row || typeof row !== 'object') {
                return row;
            }

            const resolvedId = normalizedRowId(kind, row);
            return {
                ...row,
                id: resolvedId > 0 ? resolvedId : row.id
            };
        });
    }

    const api = {
        branches: bakeshopApiPath('/api/v1/bakeshop/branches'),
        units: bakeshopApiPath('/api/v1/bakeshop/units'),
        products: bakeshopApiPath('/api/v1/bakeshop/products'),
        productStatus: bakeshopApiPath('/api/v1/bakeshop/products/[id]/status'),
        productsBatchDelete: bakeshopApiPath('/api/v1/bakeshop/products/batch-delete'),
        productsDelete: bakeshopApiPath('/api/v1/bakeshop/products/delete'),
        ingredients: bakeshopApiPath('/api/v1/bakeshop/ingredients'),
        ingredientStatus: bakeshopApiPath('/api/v1/bakeshop/ingredients/[id]/status'),
        ingredientsBatchDelete: bakeshopApiPath('/api/v1/bakeshop/ingredients/batch-delete'),
        ingredientsDelete: bakeshopApiPath('/api/v1/bakeshop/ingredients/delete'),
        recipes: bakeshopApiPath('/api/v1/bakeshop/recipes'),
        recipesDelete: bakeshopApiPath('/api/v1/bakeshop/recipes/delete'),
        deliveries: bakeshopApiPath('/api/v1/bakeshop/deliveries'),
        deliveriesBatchDelete: bakeshopApiPath('/api/v1/bakeshop/deliveries/batch-delete'),
        deliveriesDelete: bakeshopApiPath('/api/v1/bakeshop/deliveries/delete'),
        productTargets: bakeshopApiPath('/api/v1/bakeshop/product-targets'),
        productTargetsDelete: bakeshopApiPath('/api/v1/bakeshop/product-targets/delete'),
        production: bakeshopApiPath('/api/v1/bakeshop/production'),
        productionVoid: bakeshopApiPath('/api/v1/bakeshop/production/void'),
        permissionsSettings: bakeshopApiPath('/api/v1/bakeshop/settings/permissions'),
        usage: bakeshopApiPath('/api/v1/bakeshop/usage'),
        drProjection: bakeshopApiPath('/api/v1/bakeshop/reports/dr-projection')
    };

    api.branchStatus = bakeshopApiPath('/api/v1/bakeshop/branches/[id]/status');

    const canManageSettings = true;
    const canManageWorkspace = true;
    const allowProductionGuardOverride = true;
    const defaultUsageDecimalPlaces = Number('2');
    const defaultDrCoverageDays = Number('3');
    const productRecipesEnabled = true;
    const productionRequiresRecipe = false;
    const searchParams = new URLSearchParams(window.location.search);
    const focusState = {
        kind: searchParams.get('focus_kind') || '',
        id: Number(searchParams.get('focus_id') || '0'),
        applied: false
    };

    const state = {
        branches: [],
        units: [],
        products: [],
        productListView: 'active',
        selectedProductIds: new Set(),
        productionDraftQuantities: {},
        productionDraftSaveState: {},
        productionGuardOverride: false,
        deliverySectionTab: 'receive',
        productionSectionTab: 'record',
        lastSavedProductionId: 0,
        lastSavedProductionSummary: null,
        ingredients: [],
        ingredientListView: 'active',
        selectedIngredientIds: new Set(),
        recipes: [],
        activeProductId: 0,
        deliveries: [],
        expandedDeliveryId: 0,
        selectedDeliveryIds: new Set(),
        productTargets: [],
        productTargetBranchId: 0,
        production: [],
        usage: [],
        drProjection: {
            filters: null,
            branch: null,
            window_days: 0,
            ingredients: [],
            products: [],
            error: ''
        },
        drProjectionScopeKey: '',
        inventorySnapshot: [],
        usageDecimalPlaces: Number.isFinite(defaultUsageDecimalPlaces) ? defaultUsageDecimalPlaces : 2,
        usageTotals: {
            delivered_qty_base: '0.00',
            consumed_qty_base: '0.00',
            variance_qty_base: '0.00',
            delivered_display: '0.00',
            consumed_display: '0.00',
            variance_display: '0.00'
        },
        factualSummary: {
            ingredient_count: 0,
            delivery_item_count: 0,
            production_run_count: 0,
            inventory_on_hand_qty_base: '0.00',
            inventory_on_hand_display: '0.00'
        },
        inventoryTotals: {
            on_hand_qty_base: '0.00',
            on_hand_display: '0.00',
            item_count: 0
        },
        loaded: {
            branches: false,
            units: false,
            products: false,
            ingredients: false,
            recipes: false,
            deliveries: false,
            'product-targets': false,
            production: false,
            'dr-projection': false
        }
    };

    const $ = (selector) => document.querySelector(selector);
    const banner = $('#bakeshop-banner');
    const deleteConfirm = $('#bakeshop-delete-confirm');
    const deleteConfirmTitle = $('#bakeshop-delete-confirm-title');
    const deleteConfirmMessage = $('#bakeshop-delete-confirm-message');
    const deleteConfirmImpact = $('#bakeshop-delete-confirm-impact');
    const deleteConfirmList = $('#bakeshop-delete-confirm-list');
    const deleteConfirmOverflow = $('#bakeshop-delete-confirm-overflow');
    const deleteConfirmCancel = $('#bakeshop-delete-confirm-cancel');
    const deleteConfirmSubmit = $('#bakeshop-delete-confirm-submit');
    const printLink = $('#bakeshop-print-link');
    const drProjectionPrintLink = $('#bakeshop-dr-projection-print-link');
    const drProjectionInlinePrintLink = $('#bakeshop-dr-projection-inline-print-link');
    const productionGuardToggle = $('#production-guard-toggle');
    const productionGuardNote = $('#production-guard-note');
    const productionLastSaved = $('#production-last-saved');
    const productionLastSavedSummary = $('#production-last-saved-summary');
    const productionReviewLastSaved = $('#production-review-last-saved');
    const productionEditLastSaved = $('#production-edit-last-saved');
    const deliverySectionTabs = document.querySelectorAll('[data-delivery-section-tab]');
    const deliverySectionPanels = document.querySelectorAll('[data-delivery-section-panel]');
    const productionSectionTabs = document.querySelectorAll('[data-production-section-tab]');
    const productionSectionPanels = document.querySelectorAll('[data-production-section-panel]');
    const deliveryLines = $('#delivery-lines');
    const deliveryCsvFile = $('#delivery-csv-file');
    const permissionsForm = $('#permissions-form');
    const branchForm = $('#branch-form');
    const productForm = $('#product-form');
    const ingredientForm = $('#ingredient-form');
    const recipeForm = $('#recipe-form');
    const productTargetForm = $('#product-target-form');
    const productionForm = $('#production-form');
    const manageRequiredForms = document.querySelectorAll('[data-manage-required="true"]');
    const setupTabs = document.querySelectorAll('[data-tab]');
    const setupPanels = document.querySelectorAll('[data-tab-panel]');
    const focusedWorkspaceMode = false;
    const pageTitle = document.getElementById('bakeshop-page-title');
    const pageIntro = document.getElementById('bakeshop-page-intro');
    const defaultWorkspaceTitle = pageTitle ? pageTitle.textContent : '';
    const defaultWorkspaceIntro = pageIntro ? pageIntro.textContent : '';
    const defaultTab = 'branches';
    const isDashboardPage = 'dashboard' === 'dashboard';
    let pendingDeleteConfirmResolve = null;

    function resolveTabName(candidate) {
        if (!candidate) {
            return defaultTab;
        }

        return Array.from(setupTabs).some((button) => button.getAttribute('data-tab') === candidate)
            ? candidate
            : defaultTab;
    }

    function currentTabName() {
        const activeButton = Array.from(setupTabs).find((button) => button.classList.contains('active'));
        return resolveTabName(activeButton ? activeButton.getAttribute('data-tab') : window.location.hash.slice(1));
    }

    function tabRequirementsFor(tabName) {
        const tabRequirements = {
            branches: ['branches'],
            catalog: ['units', 'products', 'ingredients', 'recipes'],
            ingredients: ['units', 'ingredients'],
            deliveries: ['branches', 'ingredients', 'deliveries'],
            production: ['branches', 'units', 'products', 'product-targets', 'production'],
            usage: ['branches', 'usage', 'dr-projection']
        };

        return tabRequirements[resolveTabName(tabName)] || [];
    }

    function datasetLoaders() {
        return {
            branches: loadBranches,
            units: loadUnits,
            products: loadProducts,
            ingredients: loadIngredients,
            recipes: loadRecipes,
            deliveries: loadDeliveries,
            'product-targets': loadProductTargets,
            production: loadProduction,
            usage: loadUsage,
            'dr-projection': loadDrProjection
        };
    }

    function normalizeCacheInvalidations(values) {
        if (!Array.isArray(values)) {
            return [];
        }

        return Array.from(new Set(values
            .map((value) => String(value || '').trim().toLowerCase())
            .filter(Boolean)));
    }

    function invalidateCachedDatasets(values) {
        normalizeCacheInvalidations(values).forEach((dataset) => {
            if (Object.prototype.hasOwnProperty.call(state.loaded, dataset)) {
                state.loaded[dataset] = false;
            }
        });
    }

    async function applyCacheInvalidations(values, options = {}) {
        const invalidations = normalizeCacheInvalidations(values);
        if (!invalidations.length) {
            return;
        }

        invalidateCachedDatasets(invalidations);

        if (options.refreshCurrentTab === false) {
            return;
        }

        const currentTab = currentTabName();
        const requirements = tabRequirementsFor(currentTab);
        const refreshCurrentTab = invalidations.some((dataset) => dataset === 'usage'
            ? currentTab === 'usage'
            : requirements.includes(dataset));

        if (refreshCurrentTab) {
            await ensureTabData(currentTab, { force: true });
        }
    }

    function syncFocusedWorkspaceHeader(tabName) {
        if (!focusedWorkspaceMode || !pageTitle || !pageIntro) {
            return;
        }

        const activeButton = Array.from(setupTabs).find((button) => button.getAttribute('data-tab') === tabName);
        if (!activeButton) {
            pageTitle.textContent = defaultWorkspaceTitle;
            pageIntro.textContent = defaultWorkspaceIntro;
            return;
        }

        pageTitle.textContent = activeButton.getAttribute('data-workspace-title') || defaultWorkspaceTitle;
        pageIntro.textContent = activeButton.getAttribute('data-workspace-intro') || defaultWorkspaceIntro;
    }

    async function activateTab(tabName, options = {}) {
        const updateHash = options.updateHash !== false;
        const resolvedTab = resolveTabName(tabName);
        setupTabs.forEach((button) => {
            const isActive = button.getAttribute('data-tab') === resolvedTab;
            button.classList.toggle('active', isActive);
            button.setAttribute('aria-selected', isActive ? 'true' : 'false');
        });
        setupPanels.forEach((panel) => {
            panel.classList.toggle('active', panel.getAttribute('data-tab-panel') === resolvedTab);
        });
        syncFocusedWorkspaceHeader(resolvedTab);

        if (updateHash && window.location.hash.slice(1) !== resolvedTab) {
            history.replaceState(null, '', '#' + resolvedTab);
        }

        await ensureTabData(resolvedTab, { force: options.force === true });
    }

    setupTabs.forEach((button) => {
        button.addEventListener('click', async (event) => {
            const tabName = button.getAttribute('data-tab');
            let targetUrl = null;
            try {
                targetUrl = new URL(button.getAttribute('href') || '', window.location.origin);
            } catch (error) {
                targetUrl = null;
            }

            if (targetUrl && targetUrl.pathname === window.location.pathname && targetUrl.search === window.location.search) {
                event.preventDefault();
                try {
                    await activateTab(tabName);
                } catch (error) {
                    showBanner(error.message || 'Unable to open this work area.', false);
                }
            }
        });
    });

    window.addEventListener('hashchange', () => {
        activateTab(window.location.hash.slice(1), { updateHash: false }).catch((error) => {
            showBanner(error.message || 'Unable to open this work area.', false);
        });
    });

    if (window.location.hash) {
        activateTab(window.location.hash.slice(1)).catch((error) => {
            showBanner(error.message || 'Unable to open this work area.', false);
        });
    } else {
        activateTab(defaultTab, { updateHash: true }).catch((error) => {
            showBanner(error.message || 'Unable to open this work area.', false);
        });
    }

    function rowStatusChip(isActive) {
        return '<span class="bakeshop-chip ' + (Number(isActive) === 0 ? 'inactive' : 'active') + '">' + (Number(isActive) === 0 ? 'Archived' : 'Active') + '</span>';
    }

    function rowActionButtons(kind, row) {
        const rowId = normalizedRowId(kind, row);
        const actionId = rowId > 0 ? String(rowId) : '';
        if (!canManageWorkspace) {
            return '<span class="bakeshop-inline-note">View only</span>';
        }

        let deleteAction = '';
        if (kind === 'product') {
            deleteAction = Number(row.can_delete) === 1
                ? '<button type="button" class="bakeshop-link-button warn" data-kind="' + escapeHtml(kind) + '" data-action="delete" data-id="' + escapeHtml(actionId) + '">Delete</button>'
                : '<span class="bakeshop-inline-note">In use, archive instead</span>';
        }
        if (kind === 'ingredient') {
            deleteAction = Number(row.can_delete) === 1
                ? '<button type="button" class="bakeshop-link-button warn" data-kind="' + escapeHtml(kind) + '" data-action="delete" data-id="' + escapeHtml(actionId) + '">Delete</button>'
                : '<span class="bakeshop-inline-note">In use, archive instead</span>';
        }

        return '<div class="bakeshop-row-actions">'
            + '<button type="button" class="bakeshop-link-button" data-kind="' + escapeHtml(kind) + '" data-action="edit" data-id="' + escapeHtml(actionId) + '">Edit</button>'
            + deleteAction
            + '<button type="button" class="bakeshop-link-button ' + (Number(row.is_active) === 0 ? '' : 'warn') + '" data-kind="' + escapeHtml(kind) + '" data-action="toggle-active" data-id="' + escapeHtml(actionId) + '"' + (rowId > 0 ? '' : ' disabled') + '>' + (Number(row.is_active) === 0 ? 'Restore' : 'Archive') + '</button>'
            + '</div>';
    }

    function findUnitById(unitId) {
        return state.units.find((row) => Number(row.id) === Number(unitId)) || null;
    }

    function unitOptionLabel(row) {
        return [row.code, row.name].filter(Boolean).join(' — ');
    }

    function formatIngredientPack(row) {
        const packLabel = String(row.pack_label || '').trim();
        const packQty = row.pack_qty !== null && row.pack_qty !== undefined && String(row.pack_qty).trim() !== ''
            ? String(row.pack_qty)
            : '';
        const packUnitCode = String(row.pack_unit_code || '').trim();

        if (packLabel === '' || packQty === '' || packUnitCode === '') {
            return '—';
        }

        return packLabel + ' · ' + packQty + ' ' + packUnitCode;
    }

    function activeBranchRows() {
        return state.branches.filter((row) => Number(row.is_active) !== 0);
    }

    function activeProductRows() {
        return state.products.filter((row) => Number(row.is_active) !== 0);
    }

    function currentProductTargetBranchId() {
        const branchSelect = $('#product-target-branch');
        const selectedBranchId = Number(branchSelect ? branchSelect.value : state.productTargetBranchId || 0);
        if (selectedBranchId > 0) {
            return selectedBranchId;
        }

        const firstBranch = activeBranchRows()[0] || null;
        return Number(firstBranch ? firstBranch.id : 0);
    }

    function currentDrProjectionScope() {
        return {
            ...currentReportScope(),
            horizon_days: $('#usage-horizon-days') ? $('#usage-horizon-days').value : '7'
        };
    }

    function drProjectionScopeKey(scope) {
        return [scope.branch_id || '', scope.from_date || '', scope.to_date || '', scope.horizon_days || ''].join('|');
    }

    function canLoadDrProjection(scope) {
        return String(scope.branch_id || '').trim() !== ''
            && String(scope.from_date || '').trim() !== ''
            && String(scope.to_date || '').trim() !== '';
    }

    function activeProductRecord() {
        return state.products.find((row) => Number(row.id) === Number(state.activeProductId)) || null;
    }

    function selectedProductionProductRecord() {
        if (!productionForm) {
            return null;
        }

        const productId = Number(productionForm.elements.namedItem('product_id').value || '0');
        if (productId <= 0) {
            return null;
        }

        return state.products.find((row) => Number(row.id) === productId) || null;
    }

    function productionDraftEntries() {
        return Object.entries(state.productionDraftQuantities || {})
            .map(([productId, qty]) => {
                const numericProductId = Number(productId);
                const normalizedQty = String(qty || '').trim();
                const numericQty = Number.parseFloat(normalizedQty);
                return {
                    productId: numericProductId,
                    qty: normalizedQty,
                    numericQty,
                    product: state.products.find((row) => Number(row.id) === numericProductId) || null
                };
            })
            .filter((entry) => Number.isFinite(entry.productId) && entry.productId > 0 && Number.isFinite(entry.numericQty) && entry.numericQty > 0);
    }

    function normalizeOptionalTwoDecimalQuantity(value) {
        const normalized = String(value ?? '').trim();
        if (normalized === '') {
            return '';
        }

        const numeric = Number.parseFloat(normalized);
        if (!Number.isFinite(numeric) || numeric <= 0) {
            return '';
        }

        return numeric.toFixed(2);
    }

    function productionRowBlockedReason(row) {
        if (!row) {
            return 'Product not found.';
        }

        if (!Number.isFinite(Number(row.default_yield_qty)) || Number(row.default_yield_qty) <= 0) {
            return 'Set the standard batch size first.';
        }

        if (productionRequiresRecipe && Number(row.recipe_item_count || 0) <= 0) {
            return 'Add ingredients for this item first.';
        }

        return '';
    }

    function productionGuardOverrideActive() {
        return allowProductionGuardOverride && state.productionGuardOverride === true;
    }

    function activateDeliverySectionTab(tabName, options = {}) {
        const resolvedTab = tabName === 'saved' ? 'saved' : 'receive';
        state.deliverySectionTab = resolvedTab;

        deliverySectionTabs.forEach((button) => {
            const isActive = button.getAttribute('data-delivery-section-tab') === resolvedTab;
            button.classList.toggle('active', isActive);
            button.setAttribute('aria-selected', isActive ? 'true' : 'false');
        });
        deliverySectionPanels.forEach((panel) => {
            panel.classList.toggle('active', panel.getAttribute('data-delivery-section-panel') === resolvedTab);
        });

        if (resolvedTab === 'saved' && options.scrollToFocused === true) {
            const focusedRow = document.querySelector('#deliveries-table tbody tr.bakeshop-row-focus');
            if (focusedRow) {
                focusedRow.scrollIntoView({ behavior: 'smooth', block: 'nearest' });
            }
        }
    }

    function activateProductionSectionTab(tabName, options = {}) {
        const resolvedTab = tabName === 'saved' ? 'saved' : 'record';
        state.productionSectionTab = resolvedTab;

        productionSectionTabs.forEach((button) => {
            const isActive = button.getAttribute('data-production-section-tab') === resolvedTab;
            button.classList.toggle('active', isActive);
            button.setAttribute('aria-selected', isActive ? 'true' : 'false');
        });
        productionSectionPanels.forEach((panel) => {
            panel.classList.toggle('active', panel.getAttribute('data-production-section-panel') === resolvedTab);
        });

        if (resolvedTab === 'saved' && options.scrollToRecent === true) {
            const recentRow = document.querySelector('#production-table tbody tr.bakeshop-row-recent');
            if (recentRow) {
                recentRow.scrollIntoView({ behavior: 'smooth', block: 'nearest' });
            }
        }
    }

    function formatProductionLastSavedSummary(summary) {
        if (!summary) {
            return '';
        }

        const parts = [];
        if (summary.product_name) {
            parts.push(summary.product_name + ' · ' + displayTwoDecimalQuantity(summary.qty_produced) + ' ' + (summary.default_yield_unit_code || '').trim());
        }
        if (summary.branch_name) {
            parts.push('Branch: ' + summary.branch_name);
        }
        if (summary.produced_at) {
            parts.push('Finished: ' + summary.produced_at);
        }
        if (summary.produced_by) {
            parts.push('Made by: ' + summary.produced_by);
        }
        if (summary.notes) {
            parts.push('Note: ' + summary.notes);
        }

        return parts.join(' | ');
    }

    function syncProductionLastSavedCard() {
        if (!productionLastSaved || !productionLastSavedSummary) {
            return;
        }

        const summary = state.lastSavedProductionSummary;
        if (!summary || Number(state.lastSavedProductionId || 0) <= 0) {
            productionLastSaved.hidden = true;
            productionLastSavedSummary.textContent = 'The next saved batch will appear here so it can be reviewed right away.';
            return;
        }

        productionLastSaved.hidden = false;
        productionLastSavedSummary.textContent = formatProductionLastSavedSummary(summary);
    }

    function rememberLastSavedProduction(row) {
        const rowId = Number(row && row.id ? row.id : 0);
        if (rowId <= 0) {
            return;
        }

        state.lastSavedProductionId = rowId;
        state.lastSavedProductionSummary = {
            id: rowId,
            branch_name: row.branch_name || '',
            product_name: row.product_name || row.name || '',
            produced_at: row.produced_at || '',
            qty_produced: row.qty_produced || '0',
            default_yield_unit_code: row.default_yield_unit_code || '',
            produced_by: row.produced_by || '',
            notes: row.notes || ''
        };
        syncProductionLastSavedCard();
    }

    function syncProductionGuardOverrideControls() {
        if (!productionGuardToggle) {
            return;
        }

        const active = productionGuardOverrideActive();
        productionGuardToggle.textContent = active ? 'Testing Override: On' : 'Testing Override: Off';
        productionGuardToggle.classList.toggle('warn', active);

        if (productionGuardNote) {
            if (!productionRequiresRecipe) {
                productionGuardNote.textContent = active
                    ? 'Recipe mode is optional. Testing override remains on for incomplete setup cases such as missing standard batch size.'
                    : 'Recipe mode is optional. Testing override is only needed for incomplete setup cases such as missing standard batch size.';
            } else {
                productionGuardNote.textContent = active
                    ? 'Temporary non-production testing override is on. Saved entries will still be recorded even if the item setup is incomplete.'
                    : 'Temporary non-production testing override. When enabled, an entry can still be saved even if the item setup is incomplete.';
            }
        }
    }

    function setProductionDraftSaveState(productId, kind, message = '') {
        state.productionDraftSaveState[String(productId)] = {
            kind,
            message
        };
    }

    function productionDraftSaveStateFor(productId) {
        return state.productionDraftSaveState[String(productId)] || null;
    }

    function productionMetadataEditActive() {
        if (!productionForm) {
            return false;
        }

        return Number(productionForm.elements.namedItem('id').value || '0') > 0;
    }

    function productionDateTimeInputValue(value) {
        const normalized = String(value || '').trim();
        if (normalized === '') {
            return nowLocalDateTime();
        }

        return normalized.replace(' ', 'T').slice(0, 16);
    }

    function syncProductionProductSelection() {
        if (!productionForm) {
            return;
        }

        const note = $('#production-product-note');
        const productField = productionForm.elements.namedItem('product_id');
        const qtyField = productionForm.elements.namedItem('qty_produced');
        const draftEntries = productionDraftEntries();
        const selected = productionMetadataEditActive()
            ? selectedProductionProductRecord()
            : (draftEntries.length === 1 ? draftEntries[0].product : null);
        const draftProductIds = new Set(draftEntries.map((entry) => Number(entry.productId)));

        if (!note || !productField || !qtyField) {
            return;
        }

        if (!productionMetadataEditActive()) {
            productField.value = '';
            qtyField.value = '';
        }

        if (productionMetadataEditActive() && selected) {
            note.textContent = 'Reviewing the saved entry for ' + (selected.name || 'item') + '. Branch, item, amount made, and ingredients used stay locked here.';
        } else if (draftEntries.length === 0) {
            note.textContent = productionRequiresRecipe
                ? 'Choose the branch, finished time, and who made it. Then enter the amount made in the item list below. Leave a box blank if nothing was made for that item.'
                : 'Choose the branch, finished time, and who made it. Then enter the amount made in the item list below. Leave a box blank if nothing was made for that item. Products without recipes can still save as output-only entries.';
        } else if (draftEntries.length === 1 && selected) {
            note.textContent = 'Ready to save ' + (selected.name || 'item') + ' · Standard batch ' + displayTwoDecimalQuantity(selected.default_yield_qty) + ' ' + (selected.default_yield_unit_code || 'unit') + ' · Amount made ' + draftEntries[0].qty + '.';
        } else {
            note.textContent = 'Amounts will save as you leave each box.';
        }

        if (productionGuardOverrideActive()) {
            note.textContent += ' Testing override is on.';
        }

        document.querySelectorAll('#production-products-table tbody tr[data-row-kind="production-product"]').forEach((rowElement) => {
            const rowId = Number(rowElement.getAttribute('data-row-id') || '0');
            const isSelected = productionMetadataEditActive()
                ? Boolean(selected && rowId === Number(selected.id || 0))
                : draftProductIds.has(rowId);
            rowElement.classList.toggle('bakeshop-row-editing', isSelected);
            rowElement.classList.toggle('bakeshop-row-selectable', canManageWorkspace && !productionMetadataEditActive());
        });
    }

    async function autosaveProductionDraft(productId, qtyValue, qtyInput) {
        if (!productionForm || productionMetadataEditActive()) {
            return;
        }

        const normalizedQty = normalizeOptionalTwoDecimalQuantity(qtyValue);
        if (normalizedQty === '') {
            delete state.productionDraftQuantities[String(productId)];
            delete state.productionDraftSaveState[String(productId)];
            syncProductionProductSelection();
            if (qtyInput instanceof HTMLInputElement) {
                qtyInput.value = '';
            }
            renderCatalogTables();
            return;
        }

        const row = state.products.find((item) => Number(item.id) === Number(productId) && Number(item.is_active) !== 0);
        if (!row) {
            setProductionDraftSaveState(productId, 'error', 'This item could not be found.');
            renderCatalogTables();
            showBanner('That item could not be found.', false);
            return;
        }

        const blockedReason = productionRowBlockedReason(row);
        if (blockedReason !== '' && !productionGuardOverrideActive()) {
            setProductionDraftSaveState(productId, 'error', blockedReason);
            renderCatalogTables();
            showBanner(blockedReason, false);
            return;
        }

        if (!productionForm.elements.namedItem('branch_id').value) {
            setProductionDraftSaveState(productId, 'error', 'Choose a branch first.');
            renderCatalogTables();
            showBanner('Choose a branch before entering the amount made.', false);
            return;
        }
        if (!productionForm.elements.namedItem('produced_at').value) {
            setProductionDraftSaveState(productId, 'error', 'Set the finished time first.');
            renderCatalogTables();
            showBanner('Set the finished time before entering the amount made.', false);
            return;
        }

        state.productionDraftQuantities[String(productId)] = normalizedQty;
        setProductionDraftSaveState(productId, 'saving', 'Saving entry...');
        syncProductionProductSelection();
        renderCatalogTables();

        if (qtyInput instanceof HTMLInputElement) {
            qtyInput.value = normalizedQty;
            qtyInput.disabled = true;
        }

        const result = await submitJson(api.production, {
            branch_id: productionForm.elements.namedItem('branch_id').value,
            product_id: String(productId),
            produced_at: productionForm.elements.namedItem('produced_at').value,
            qty_produced: normalizedQty,
            produced_by: productionForm.elements.namedItem('produced_by').value,
            notes: productionForm.elements.namedItem('notes').value,
            relax_guards: productionGuardOverrideActive() ? '1' : '0'
        }, (row.name || 'Item') + ' was saved.', async (data) => {
            delete state.productionDraftQuantities[String(productId)];
            await loadProduction(true);
            const savedRow = state.production.find((item) => Number(item.id) === Number((data && data.item && data.item.id) || 0)) || (data ? data.item : null);
            if (savedRow) {
                rememberLastSavedProduction(savedRow);
            }
            setProductionDraftSaveState(productId, 'saved', productionGuardOverrideActive() && blockedReason !== '' ? 'Saved for testing review.' : 'Saved and ready to review.');
            renderCatalogTables();
            await loadUsage();
        });

        if (!result) {
            setProductionDraftSaveState(productId, 'error', 'Could not save. Try again.');
            renderCatalogTables();
            if (qtyInput instanceof HTMLInputElement) {
                qtyInput.disabled = false;
                qtyInput.value = normalizedQty;
            }
            return;
        }

        if (qtyInput instanceof HTMLInputElement && qtyInput.isConnected) {
            qtyInput.disabled = false;
            qtyInput.value = '';
        }
    }

    function focusProductionDraftInput(row) {
        if (!productionForm) {
            return;
        }

        if (!canManageWorkspace) {
            showBanner('Production entry is read only for your role.', false);
            return;
        }

        if (productionMetadataEditActive()) {
            showBanner('You are reviewing a saved entry. Cancel review mode to record a new batch.', false);
            return;
        }

        const qtyField = document.querySelector('[data-production-qty-input="' + String(row.id || '') + '"]');
        if (!(qtyField instanceof HTMLInputElement)) {
            return;
        }

        qtyField.focus();
        qtyField.select();
    }

    function syncIngredientPackUnitOptions(preferredValue = '') {
        const defaultUnitId = Number(ingredientForm?.elements.namedItem('default_unit_id')?.value || '0');
        const defaultUnit = findUnitById(defaultUnitId);
        const allowedUnits = defaultUnit && defaultUnit.dimension
            ? state.units.filter((row) => String(row.dimension || '') === String(defaultUnit.dimension || ''))
            : state.units;

        populateSelect('#ingredient-pack-unit', allowedUnits, (row) => ({ value: row.id, label: unitOptionLabel(row) }), 'No pack unit');

        const select = $('#ingredient-pack-unit');
        if (!select) {
            return;
        }

        const nextValue = String(preferredValue || select.value || '');
        if (nextValue && Array.from(select.options).some((option) => option.value === nextValue)) {
            select.value = nextValue;
        } else if (defaultUnitId > 0 && Array.from(select.options).some((option) => option.value === String(defaultUnitId))) {
            select.value = String(defaultUnitId);
        }
    }

    function syncProductTargetUnitOptions(preferredValue = '') {
        const productId = Number(productTargetForm?.elements.namedItem('product_id')?.value || '0');
        const product = state.products.find((row) => Number(row.id) === productId) || null;
        const defaultUnitId = Number(product ? product.default_yield_unit_id : 0);
        const defaultUnit = findUnitById(defaultUnitId);
        const allowedUnits = defaultUnit && defaultUnit.dimension
            ? state.units.filter((row) => String(row.dimension || '') === String(defaultUnit.dimension || ''))
            : state.units;

        populateSelect('#product-target-unit', allowedUnits, (row) => ({ value: row.id, label: unitOptionLabel(row) }), 'Select target unit');

        const select = $('#product-target-unit');
        if (!select) {
            return;
        }

        const nextValue = String(preferredValue || select.value || '');
        if (nextValue && Array.from(select.options).some((option) => option.value === nextValue)) {
            select.value = nextValue;
        } else if (defaultUnitId > 0 && Array.from(select.options).some((option) => option.value === String(defaultUnitId))) {
            select.value = String(defaultUnitId);
        }
    }

    function filteredProductTargetRows() {
        const branchId = currentProductTargetBranchId();
        const query = tableSearchQuery('#product-target-filter');

        return state.productTargets.filter((row) => Number(row.branch_id) === branchId)
            .filter((row) => rowMatchesSearch(query, [row.product_name, row.product_sku, row.product_category, row.unit_code, row.daily_qty]));
    }

    function renderProductTargetsTable() {
        const branchId = currentProductTargetBranchId();
        const branchSelect = $('#product-target-branch');
        if (branchSelect && branchId > 0 && String(branchSelect.value || '') !== String(branchId)) {
            branchSelect.value = String(branchId);
        }

        const rows = branchId > 0 ? filteredProductTargetRows() : [];
        renderTable('#product-targets-table', rows, [
            (row) => '<strong>' + escapeHtml(row.product_name || 'Product') + '</strong><div class="bakeshop-inline-note">' + escapeHtml(row.product_sku || 'No SKU') + '</div>',
            (row) => escapeHtml(row.product_category || '—'),
            (row) => '<strong>' + displayTwoDecimalQuantity(row.daily_qty) + '</strong>',
            (row) => escapeHtml(unitOptionLabel({ code: row.unit_code, name: row.unit_name }) || '—'),
            (row) => canManageWorkspace
                ? '<div class="bakeshop-row-actions"><button type="button" class="bakeshop-link-button" data-action="edit-product-target" data-id="' + escapeHtml(row.id) + '">Edit</button><button type="button" class="bakeshop-link-button warn" data-action="delete-product-target" data-id="' + escapeHtml(row.id) + '">Delete</button></div>'
                : '<span class="bakeshop-inline-note">View only</span>'
        ], branchId > 0 ? 'No branch targets saved for this branch yet.' : 'Select a branch to view product targets.');
    }

    function renderDrProjectionTables() {
        const summary = $('#dr-projection-summary');
        const report = state.drProjection || {};

        if (report.error) {
            if (summary) {
                summary.textContent = report.error;
            }
            renderTable('#dr-projection-ingredients-table', [], [() => '', () => '', () => '', () => '', () => '', () => ''], report.error);
            renderTable('#dr-projection-products-table', [], [() => '', () => '', () => '', () => '', () => ''], report.error);
            return;
        }

        if (!report.filters) {
            if (summary) {
                summary.textContent = 'Choose a branch and a scoped date range, then refresh usage to compute projected ingredient and product requirements.';
            }
            renderTable('#dr-projection-ingredients-table', [], [() => '', () => '', () => '', () => '', () => '', () => ''], 'No DR projection computed yet.');
            renderTable('#dr-projection-products-table', [], [() => '', () => '', () => '', () => '', () => ''], 'No DR projection computed yet.');
            return;
        }

        if (summary) {
            const branchName = report.branch && report.branch.name ? report.branch.name : 'Selected branch';
            summary.textContent = branchName + ' · Observed ' + String(report.filters.from_date || '') + ' to ' + String(report.filters.to_date || '') + ' · Projection horizon ' + String(report.filters.horizon_days || '') + ' day(s).';
        }

        const ingredientQuery = tableSearchQuery('#dr-projection-ingredients-filter');
        const ingredientRows = (report.ingredients || []).filter((row) => rowMatchesSearch(ingredientQuery, [row.ingredient_name, row.default_unit_code, row.pack_label, row.per_pack_display, row.projected_qty_display]));
        renderTable('#dr-projection-ingredients-table', ingredientRows, [
            (row) => '<strong>' + escapeHtml(row.ingredient_name || 'Ingredient') + '</strong><div class="bakeshop-inline-note">' + escapeHtml(row.default_unit_code || 'unit') + '</div>',
            (row) => escapeHtml(displayUsageQuantity((Number(row.default_unit_factor_to_base || 0) > 0 ? (Number(row.delivered_qty_base || 0) / Number(row.default_unit_factor_to_base || 1)) : Number(row.delivered_qty_base || 0))) + ' ' + String(row.default_unit_code || '')),
            (row) => escapeHtml(String(row.observed_coverage_days || 0) + ' day(s)'),
            (row) => escapeHtml(displayUsageQuantity((Number(row.default_unit_factor_to_base || 0) > 0 ? (Number(row.daily_qty_base || 0) / Number(row.default_unit_factor_to_base || 1)) : Number(row.daily_qty_base || 0))) + ' ' + String(row.default_unit_code || '')),
            (row) => '<strong>' + escapeHtml(String(row.projected_qty_display || displayUsageQuantity(row.projected_qty))) + ' ' + escapeHtml(row.default_unit_code || '') + '</strong>',
            (row) => escapeHtml(row.per_pack_display || '—')
        ], 'No projected ingredients matched the current scope.');

        const productQuery = tableSearchQuery('#dr-projection-products-filter');
        const productRows = (report.products || []).filter((row) => rowMatchesSearch(productQuery, [row.product_name, row.product_category, row.unit_code, row.projected_qty_display]));
        renderTable('#dr-projection-products-table', productRows, [
            (row) => '<strong>' + escapeHtml(row.product_name || 'Product') + '</strong><div class="bakeshop-inline-note">' + escapeHtml(row.product_category || '—') + '</div>',
            (row) => escapeHtml(displayTwoDecimalQuantity(row.daily_qty) + ' ' + String(row.unit_code || '')),
            (row) => escapeHtml(String(row.days_produced || 0) + ' / ' + String(row.window_days || 0)),
            (row) => Number(row.has_missing_days) === 1 || Number(row.missing_days || 0) > 0
                ? '<span class="bakeshop-inline-note error">' + escapeHtml(String(row.missing_days || 0) + ' day(s)') + '</span>'
                : '<span class="bakeshop-inline-note ok">None</span>',
            (row) => '<strong>' + escapeHtml(String(row.projected_qty_display || displayTwoDecimalQuantity(row.projected_qty))) + ' ' + escapeHtml(row.unit_code || '') + '</strong>'
        ], 'No projected products matched the current scope.');
    }

    function renderProductionProductsTable(rows) {
        const tbody = document.querySelector('#production-products-table tbody');
        if (!tbody) {
            return;
        }

        if (!rows.length) {
            tbody.innerHTML = '<tr><td colspan="4" class="bakeshop-muted">No active products available for production.</td></tr>';
            syncProductionProductSelection();
            return;
        }

        tbody.innerHTML = rows.map((row) => {
            const rowId = normalizedRowId('production-product', row);
            const draftQty = String((state.productionDraftQuantities && state.productionDraftQuantities[String(rowId)]) || '');
            const blockedReason = productionRowBlockedReason(row);
            const outputOnlyAllowed = !productionRequiresRecipe && Number(row.recipe_item_count || 0) <= 0;
            const inputDisabled = !canManageWorkspace || productionMetadataEditActive();
            const saveState = productionDraftSaveStateFor(rowId);
            const saveStateClass = blockedReason !== '' && !productionGuardOverrideActive()
                ? ' error'
                : (saveState && saveState.kind === 'saved'
                ? ' ok'
                : (saveState && saveState.kind === 'error' ? ' error' : ''));
            const saveStateMessage = blockedReason !== ''
                ? (productionGuardOverrideActive()
                    ? 'Testing override active. This will save without ingredient-use detail.'
                    : blockedReason)
                : (outputOnlyAllowed
                    ? 'Recipe optional. This saves as an output-only entry.'
                : (saveState && saveState.message
                    ? saveState.message
                    : 'Blank = no production'));
            return '<tr data-row-kind="production-product" data-row-id="' + escapeHtml(rowId) + '">'
                + '<td><strong>' + escapeHtml(row.name) + '</strong><div class="bakeshop-inline-note">' + escapeHtml(row.sku || 'No SKU') + '</div></td>'
                + '<td>' + escapeHtml(row.category || '—') + '</td>'
                + '<td>' + displayTwoDecimalQuantity(row.default_yield_qty) + ' ' + escapeHtml(row.default_yield_unit_code || '') + '</td>'
                + '<td><input class="bakeshop-table-input" type="number" min="0.01" step="0.01" placeholder="0.00" data-production-qty-input="' + escapeHtml(rowId) + '" value="' + escapeHtml(draftQty) + '"' + (inputDisabled ? ' disabled' : '') + '><div class="bakeshop-inline-note' + saveStateClass + '">' + escapeHtml(saveStateMessage) + '</div></td>'
                + '</tr>';
        }).join('');

        syncProductionProductSelection();
    }

    function currentReportScope() {
        const fromSummary = {
            branch_id: $('#summary-branch-filter') ? $('#summary-branch-filter').value : '',
            from_date: $('#summary-from-filter') ? $('#summary-from-filter').value : '',
            to_date: $('#summary-to-filter') ? $('#summary-to-filter').value : ''
        };
        const fromUsage = {
            branch_id: $('#usage-branch') ? $('#usage-branch').value : '',
            from_date: $('#usage-from') ? $('#usage-from').value : '',
            to_date: $('#usage-to') ? $('#usage-to').value : ''
        };

        return {
            branch_id: fromUsage.branch_id || fromSummary.branch_id,
            from_date: fromUsage.from_date || fromSummary.from_date,
            to_date: fromUsage.to_date || fromSummary.to_date
        };
    }

    function syncReportScopeInputs(sourcePrefix) {
        const source = {
            branch_id: $('#' + sourcePrefix + '-branch-filter') || $('#' + sourcePrefix + '-branch'),
            from_date: $('#' + sourcePrefix + '-from-filter') || $('#' + sourcePrefix + '-from'),
            to_date: $('#' + sourcePrefix + '-to-filter') || $('#' + sourcePrefix + '-to')
        };
        const usageTargets = {
            branch_id: $('#usage-branch'),
            from_date: $('#usage-from'),
            to_date: $('#usage-to')
        };

        Object.keys(usageTargets).forEach((key) => {
            if (source[key] && usageTargets[key]) {
                usageTargets[key].value = source[key].value || '';
            }
        });
    }

    function syncRecipePanel() {
        const empty = $('#recipe-panel-empty');
        const details = $('#recipe-panel-details');
        const title = $('#recipe-panel-title');
        const description = $('#recipe-form-description');
        const productEditorPanel = $('#product-editor-panel');
        const recipePanel = $('#recipe-panel');
        const product = activeProductRecord();

        if (!empty || !details || !title || !description || !productEditorPanel || !recipePanel) {
            return;
        }

        if (!productRecipesEnabled) {
            productEditorPanel.classList.remove('is-editing');
            recipePanel.classList.remove('is-editing');
            return;
        }

        if (!product) {
            empty.hidden = false;
            details.hidden = true;
            title.textContent = 'Recipe';
            description.textContent = 'Edit a product first to view and maintain its recipe lines.';
            productEditorPanel.classList.remove('is-editing');
            recipePanel.classList.remove('is-editing');
            return;
        }

        empty.hidden = true;
        details.hidden = false;
        title.textContent = 'Recipe for ' + (product.name || 'Product');
        description.textContent = 'Add or edit ingredient usage here.';
        recipeForm.elements.namedItem('product_id').value = String(product.id || '');
        productEditorPanel.classList.add('is-editing');
        recipePanel.classList.add('is-editing');
    }

    function showBanner(message, ok = true) {
        banner.textContent = message;
        banner.className = 'bakeshop-banner show ' + (ok ? 'ok' : 'error');
    }

    function clearBanner() {
        banner.className = 'bakeshop-banner';
        banner.textContent = '';
    }

    function filteredProductRows() {
        const showArchived = state.productListView === 'archived';
        return state.products.filter((row) => {
            const isArchived = Number(row.is_active) === 0;
            return showArchived === isArchived;
        });
    }

    function filteredDeliveryRows() {
        return state.deliveries.filter((row) => rowMatchesSearch(tableSearchQuery('#deliveries-filter'), [row.branch_name, row.delivered_at, row.reference, row.received_by, row.source_label, row.cost_basis_summary, row.item_count, row.total_quantity, row.total_amount]));
    }

    function pruneProductSelection() {
        const validIds = new Set(state.products
            .filter((row) => Number(row.can_delete) === 1)
            .map((row) => Number(row.id))
            .filter((id) => Number.isFinite(id) && id > 0));
        Array.from(state.selectedProductIds).forEach((id) => {
            if (!validIds.has(id)) {
                state.selectedProductIds.delete(id);
            }
        });
    }

    function escapeHtml(value) {
        return String(value ?? '')
            .replace(/&/g, '&amp;')
            .replace(/</g, '&lt;')
            .replace(/>/g, '&gt;')
            .replace(/"/g, '&quot;')
            .replace(/'/g, '&#039;');
    }

    function productDeletePreviewLabel(row, id) {
        const name = row && row.name ? row.name : ('Product #' + String(id));
        return row && row.sku ? (name + ' (' + row.sku + ')') : name;
    }

    function ingredientDeletePreviewLabel(row, id) {
        const name = row && row.name ? row.name : ('Ingredient #' + String(id));
        return row && row.sku ? (name + ' (' + row.sku + ')') : name;
    }

    function deliveryDeletePreviewLabel(row, id) {
        const reference = row && row.reference ? row.reference : ('Delivery #' + String(id));
        const branch = row && row.branch_name ? row.branch_name : '';
        const deliveredAt = row && row.delivered_at ? row.delivered_at : '';
        return [reference, branch, deliveredAt].filter(Boolean).join(' - ');
    }

    function pruneDeliverySelection() {
        const validIds = new Set(state.deliveries.map((row) => Number(row.id)).filter((id) => Number.isFinite(id) && id > 0));
        Array.from(state.selectedDeliveryIds).forEach((id) => {
            if (!validIds.has(id)) {
                state.selectedDeliveryIds.delete(id);
            }
        });
    }

    function syncSelectionControls(options) {
        const rows = options.rows || [];
        const selectedIds = options.selectedIds;
        const prefix = options.prefix;
        const noun = options.noun;
        const singular = options.singular || noun.replace(/s$/, '');
        const selectAll = $('#' + prefix + '-select-all');
        const summary = $('#' + prefix + '-selection-summary');
        const clearButton = $('#' + prefix + '-clear-selection');
        const deleteButton = $('#' + prefix + '-delete-selected');
        const selectVisibleButton = $('#' + prefix + '-select-visible');
        const visibleIds = rows.map((row) => Number(row.id)).filter((id) => Number.isFinite(id) && id > 0);
        const selectedCount = selectedIds.size;
        const visibleSelectedCount = visibleIds.filter((id) => selectedIds.has(id)).length;

        if (summary) {
            if (selectedCount === 0) {
                summary.textContent = 'No ' + noun + ' selected.';
            } else if (selectedCount === 1) {
                summary.textContent = '1 ' + singular + ' selected.';
            } else {
                summary.textContent = String(selectedCount) + ' ' + noun + ' selected.';
            }
        }

        if (selectAll) {
            selectAll.checked = visibleIds.length > 0 && visibleSelectedCount === visibleIds.length;
            selectAll.indeterminate = visibleSelectedCount > 0 && visibleSelectedCount < visibleIds.length;
            selectAll.disabled = !canManageWorkspace || visibleIds.length === 0;
        }
        if (selectVisibleButton) {
            selectVisibleButton.disabled = !canManageWorkspace || visibleIds.length === 0;
        }
        if (clearButton) {
            clearButton.hidden = selectedCount === 0;
            clearButton.disabled = !canManageWorkspace || selectedCount === 0;
        }
        if (deleteButton) {
            deleteButton.hidden = selectedCount === 0;
            deleteButton.disabled = !canManageWorkspace || selectedCount === 0;
            deleteButton.textContent = selectedCount > 1 ? 'Delete Selected (' + String(selectedCount) + ')' : 'Delete Selected';
        }
    }

    function productDeleteEligibleRows(rows = filteredProductRows()) {
        return rows.filter((row) => Number(row.can_delete) === 1);
    }

    function syncProductViewControls() {
        const activeButton = $('#products-view-active');
        const archivedButton = $('#products-view-archived');
        const summary = $('#products-view-summary');
        const activeCount = state.products.filter((row) => Number(row.is_active) !== 0).length;
        const archivedCount = state.products.filter((row) => Number(row.is_active) === 0).length;

        $('#products-active-count').textContent = String(activeCount);
        $('#products-archived-count').textContent = String(archivedCount);

        if (activeButton) {
            const isActiveView = state.productListView === 'active';
            activeButton.classList.toggle('active', isActiveView);
            activeButton.setAttribute('aria-selected', isActiveView ? 'true' : 'false');
        }
        if (archivedButton) {
            const isArchivedView = state.productListView === 'archived';
            archivedButton.classList.toggle('active', isArchivedView);
            archivedButton.setAttribute('aria-selected', isArchivedView ? 'true' : 'false');
        }
        if (summary) {
            summary.textContent = state.productListView === 'archived'
                ? 'Archived products stay out of batch recording until they are restored.'
                : 'View active products used for current batch recording.';
        }
    }

    function syncProductSelectionControls(rows = filteredProductRows()) {
        const selectAll = $('#products-select-all');
        const summary = $('#products-selection-summary');
        const clearButton = $('#products-clear-selection');
        const deleteButton = $('#products-delete-selected');
        const selectVisibleButton = $('#products-select-visible');
        const deletableRows = productDeleteEligibleRows(rows);
        const visibleIds = deletableRows.map((row) => Number(row.id)).filter((id) => Number.isFinite(id) && id > 0);
        const selectedCount = state.selectedProductIds.size;
        const visibleSelectedCount = visibleIds.filter((id) => state.selectedProductIds.has(id)).length;

        if (summary) {
            if (selectedCount === 0) {
                summary.textContent = rows.length > 0 && visibleIds.length === 0 ? 'Products already used in saved batches can be archived but not deleted.' : 'No products selected.';
            } else if (selectedCount === 1) {
                summary.textContent = '1 product selected.';
            } else {
                summary.textContent = String(selectedCount) + ' products selected.';
            }
        }

        if (selectAll) {
            selectAll.checked = visibleIds.length > 0 && visibleSelectedCount === visibleIds.length;
            selectAll.indeterminate = visibleSelectedCount > 0 && visibleSelectedCount < visibleIds.length;
            selectAll.disabled = !canManageWorkspace || visibleIds.length === 0;
        }

        if (selectVisibleButton) {
            selectVisibleButton.disabled = !canManageWorkspace || visibleIds.length === 0;
        }
        if (clearButton) {
            clearButton.hidden = selectedCount === 0;
            clearButton.disabled = !canManageWorkspace || selectedCount === 0;
        }
        if (deleteButton) {
            deleteButton.hidden = selectedCount === 0;
            deleteButton.disabled = !canManageWorkspace || selectedCount === 0;
            deleteButton.textContent = selectedCount > 1 ? 'Delete Selected (' + String(selectedCount) + ')' : 'Delete Selected';
        }
    }

    function syncDeliverySelectionControls(rows = filteredDeliveryRows()) {
        syncSelectionControls({ rows, selectedIds: state.selectedDeliveryIds, prefix: 'deliveries', noun: 'deliveries', singular: 'delivery' });
    }

    function normalizeTwoDecimalQuantity(value, fallback = '1.00') {
        const numeric = Number.parseFloat(String(value ?? '').trim());
        if (!Number.isFinite(numeric) || numeric <= 0) {
            return fallback;
        }
        return numeric.toFixed(2);
    }

    function displayTwoDecimalQuantity(value, fallback = '0.00') {
        const numeric = Number.parseFloat(String(value ?? '').trim());
        if (!Number.isFinite(numeric)) {
            return fallback;
        }
        return numeric.toFixed(2);
    }

    function displayUsageQuantity(value, fallback = null) {
        const numeric = Number.parseFloat(String(value ?? '').trim());
        if (!Number.isFinite(numeric)) {
            return fallback === null ? (0).toFixed(state.usageDecimalPlaces) : fallback;
        }

        return numeric.toFixed(state.usageDecimalPlaces);
    }

    function formatCurrencyDisplay(value, fallback = 'PHP 0.00') {
        const numeric = Number.parseFloat(String(value ?? '').trim());
        if (!Number.isFinite(numeric)) {
            return fallback;
        }
        return 'PHP ' + numeric.toFixed(2);
    }

    function renderProductsTable(rows) {
        const tbody = document.querySelector('#products-table tbody');
        if (!tbody) {
            return;
        }

        const totalColumns = productRecipesEnabled ? 7 : 6;
        const recipeCellStyle = productRecipesEnabled ? '' : ' style="display:none;"';

        if (!rows.length) {
            tbody.innerHTML = '<tr><td colspan="' + String(totalColumns) + '" class="bakeshop-muted">' + escapeHtml(state.productListView === 'archived' ? 'No archived products yet.' : 'No active products yet.') + '</td></tr>';
            syncProductViewControls();
            syncProductSelectionControls(rows);
            return;
        }

        tbody.innerHTML = rows.map((row) => {
            const resolvedRowId = normalizedRowId('product', row);
            const selected = resolvedRowId > 0 && state.selectedProductIds.has(resolvedRowId);
            const selectionCell = canManageWorkspace && resolvedRowId > 0 && Number(row.can_delete) === 1
                ? '<td class="bakeshop-checkbox-cell"><input class="bakeshop-checkbox" type="checkbox" data-product-select="' + escapeHtml(resolvedRowId) + '" aria-label="Select product ' + escapeHtml(row.name || String(resolvedRowId)) + '"' + (selected ? ' checked' : '') + '></td>'
                : '<td class="bakeshop-checkbox-cell"></td>';

            const dependencyNote = Number(row.production_reference_count) > 0
                ? '<div class="bakeshop-inline-note">Used by ' + escapeHtml(String(row.production_reference_count)) + ' saved batch' + (Number(row.production_reference_count) === 1 ? '' : 'es') + '.</div>'
                : '';

            return '<tr data-row-kind="product" data-row-id="' + escapeHtml(resolvedRowId) + '">'
                + selectionCell
                + '<td><strong>' + escapeHtml(row.name) + '</strong><div class="bakeshop-inline-note">' + escapeHtml(row.sku || 'No SKU') + '</div>' + dependencyNote + '</td>'
                + '<td>' + escapeHtml(row.category || '—') + '</td>'
                + '<td>' + displayTwoDecimalQuantity(row.default_yield_qty) + ' ' + escapeHtml(row.default_yield_unit_code || '') + '</td>'
                + '<td' + recipeCellStyle + '>' + escapeHtml(row.recipe_item_count) + '</td>'
                + '<td>' + rowStatusChip(row.is_active) + '</td>'
                + '<td>' + rowActionButtons('product', row) + '</td>'
                + '</tr>';
        }).join('');

        syncProductViewControls();
        syncProductSelectionControls(rows);
    }

    function renderDeliveryDetail(row) {
        const items = Array.isArray(row.items) ? row.items : [];
        return '<div class="bakeshop-detail-stack">'
            + '<strong>' + escapeHtml(row.source_label || 'Commissary') + '</strong>'
            + '<span class="bakeshop-inline-note">' + escapeHtml(row.received_by || 'Receiver not recorded') + (row.cost_basis_summary ? ' · ' + escapeHtml(row.cost_basis_summary) : '') + '</span>'
            + '<span class="bakeshop-inline-note">Coverage: ' + escapeHtml(String(row.coverage_days || 1)) + ' day(s)</span>'
            + '<span class="bakeshop-inline-note">' + escapeHtml(String(row.item_count || items.length || 0)) + ' lines · ' + escapeHtml(String(row.total_quantity || '0')) + ' total qty · ' + formatCurrencyDisplay(row.total_amount) + ' total amount</span>'
            + renderDetailList(items, (item) => escapeHtml(item.ingredient_name || 'Ingredient') + ': ' + escapeHtml(String(item.qty || '0')) + ' ' + escapeHtml(item.unit_code || '') + ((item.unit_cost !== null && item.unit_cost !== undefined && item.unit_cost !== '') ? (' @ ' + formatCurrencyDisplay(item.unit_cost)) : '') + ' · ' + escapeHtml(item.cost_basis_label || 'Delivery Source'), 'No delivery line detail loaded.')
            + '</div>';
    }

    function renderProductionSnapshotDetail(row) {
        const items = Array.isArray(row.items) ? row.items : [];
        return '<div class="bakeshop-detail-stack">'
            + '<strong>' + escapeHtml(String(row.consumed_item_count || items.length || 0)) + ' ingredient line(s)</strong>'
            + '<span class="bakeshop-inline-note">' + escapeHtml(String(row.total_consumed_qty || '0')) + ' total ingredient quantity</span>'
            + renderDetailList(items, (item) => escapeHtml(item.ingredient_name || 'Ingredient') + ': ' + escapeHtml(String(item.qty_used || '0')) + ' ' + escapeHtml(item.unit_code || ''), 'No ingredient-use detail was saved for this entry.')
            + '</div>';
    }

    function nowLocalDateTime() {
        const date = new Date();
        const pad = (value) => String(value).padStart(2, '0');
        return [date.getFullYear(), pad(date.getMonth() + 1), pad(date.getDate())].join('-') + 'T' + [pad(date.getHours()), pad(date.getMinutes())].join(':');
    }

    function nowLocalDate() {
        return nowLocalDateTime().slice(0, 10);
    }

    function syncDeliverySourceField() {
        const sourceType = $('#delivery-source-type');
        const sourceNameField = $('#delivery-source-name-field');
        const sourceNameInput = $('#delivery-source-name');
        if (!sourceType || !sourceNameField || !sourceNameInput) {
            return;
        }

        const isOther = sourceType.value === 'other';
        sourceNameField.hidden = !isOther;
        sourceNameInput.disabled = !isOther;
        if (!isOther) {
            sourceNameInput.value = '';
        }
    }

    function apiUrl(base, params = {}) {
        const url = new URL(base, window.location.origin);
        Object.entries(params).forEach(([key, value]) => {
            if (value !== null && value !== undefined && value !== '') {
                url.searchParams.set(key, value);
            }
        });
        return url.toString();
    }

    async function request(url, options = {}) {
        const requestUrl = new URL(String(url || ''), window.location.origin).toString();
        const response = await fetch(requestUrl, {
            headers: {
                'Accept': 'application/json',
                ...(options.body ? { 'Content-Type': 'application/json' } : {}),
                ...((options.method || 'GET').toUpperCase() !== 'GET' ? { 'X-CSRF-Token': csrfToken } : {}),
                ...(options.headers || {})
            },
            credentials: 'same-origin',
            ...options
        });

        const payload = await response.json().catch(() => ({ ok: false, error: 'Invalid server response' }));
        if (!response.ok || payload.ok === false) {
            throw new Error(payload.error || 'Request failed');
        }

        return payload.data || {};
    }

    function populateSelect(selector, items, mapFn, includeBlankLabel = '') {
        const select = $(selector);
        if (!select) {
            return;
        }

        const currentValue = select.value;
        const options = [];
        if (includeBlankLabel !== null) {
            options.push('<option value="">' + escapeHtml(includeBlankLabel) + '</option>');
        }
        items.forEach((item) => {
            const mapped = mapFn(item);
            options.push('<option value="' + escapeHtml(mapped.value) + '">' + escapeHtml(mapped.label) + '</option>');
        });
        select.innerHTML = options.join('');

        if (currentValue && Array.from(select.options).some((option) => option.value === currentValue)) {
            select.value = currentValue;
        }
    }

    function applyWorkspaceAccessMode() {
        if (canManageWorkspace) {
            return;
        }

        manageRequiredForms.forEach((form) => {
            form.querySelectorAll('input, select, textarea, button').forEach((field) => {
                if (field instanceof HTMLElement && field.getAttribute('type') === 'hidden') {
                    return;
                }
                field.disabled = true;
            });
        });
    }

    function tableSearchQuery(selector) {
        const input = $(selector);
        return input ? String(input.value || '').trim().toLowerCase() : '';
    }

    function rowMatchesSearch(query, values) {
        if (query === '') {
            return true;
        }

        return values
            .map((value) => String(value || '').toLowerCase())
            .join(' ')
            .includes(query);
    }

    function renderDetailList(items, renderItem, emptyMessage = 'No detail loaded.') {
        const listItems = Array.isArray(items) ? items : [];
        if (!listItems.length) {
            return '<div class="bakeshop-detail-list"><span>' + escapeHtml(emptyMessage) + '</span></div>';
        }

        return '<div class="bakeshop-detail-list">'
            + listItems.map((item) => '<span>' + renderItem(item) + '</span>').join('')
            + '</div>';
    }

    function renderTable(selector, rows, columns, emptyMessage = 'No rows yet.', rowKind = '') {
        const tbody = document.querySelector(selector + ' tbody');
        if (!tbody) {
            return;
        }

        if (!rows.length) {
            tbody.innerHTML = '<tr><td colspan="' + columns.length + '" class="bakeshop-muted">' + escapeHtml(emptyMessage) + '</td></tr>';
            return;
        }

        tbody.innerHTML = rows.map((row) => {
            const cells = columns.map((column) => '<td>' + column(row) + '</td>').join('');
            const resolvedRowId = rowKind ? normalizedRowId(rowKind, row) : Number(row && row.id ? row.id : 0);
            const rowAttrs = rowKind && resolvedRowId > 0
                ? ' data-row-kind="' + escapeHtml(rowKind) + '" data-row-id="' + escapeHtml(resolvedRowId) + '"'
                : '';
            return '<tr' + rowAttrs + '>' + cells + '</tr>';
        }).join('');
    }

    function clearFocusSearch() {
        const url = new URL(window.location.href);
        url.searchParams.delete('focus_kind');
        url.searchParams.delete('focus_id');
        const next = url.pathname + (url.search ? url.search : '') + (url.hash ? url.hash : '');
        history.replaceState(null, '', next);
    }

    function setFocusNote(selector, message) {
        const element = $(selector);
        if (!element) {
            return;
        }

        element.hidden = !message;
        element.textContent = message || '';
    }

    function openFocusedEditor(kind, row) {
        if (kind === 'branch') {
            editBranch(row, 'history');
            return true;
        }
        if (kind === 'product') {
            editProduct(row, 'history');
            return true;
        }
        if (kind === 'ingredient') {
            editIngredient(row, 'history');
            return true;
        }
        if (kind === 'delivery') {
            state.expandedDeliveryId = Number(row.id || 0);
            renderOperationalTables();
            return false;
        }
        if (kind === 'recipe') {
            editRecipe(row, 'history');
            return true;
        }
        if (kind === 'production') {
            editProduction(row, 'history');
            return true;
        }
        return false;
    }

    function applyFocusedRow(selector, kind, rows, label) {
        if (focusState.applied || focusState.kind !== kind || !Number.isFinite(focusState.id) || focusState.id <= 0) {
            return;
        }

        const match = rows.find((row) => Number(row.id) === focusState.id);
        if (!match) {
            return;
        }

        const tableRow = document.querySelector(selector + ' tbody tr[data-row-kind="' + kind + '"][data-row-id="' + focusState.id + '"]');
        if (!tableRow) {
            return;
        }

        tableRow.classList.add('bakeshop-row-focus');
        if (openFocusedEditor(kind, match)) {
            showBanner(label + ' record opened from activity history for review.', true);
        } else {
            tableRow.scrollIntoView({ behavior: 'smooth', block: 'center' });
            showBanner(label + ' record opened from activity history.', true);
        }
        focusState.applied = true;
        clearFocusSearch();
    }

    function updateStats() {
        $('#stat-branches').textContent = String(state.branches.length);
        $('#stat-products').textContent = String(state.products.length);
        $('#stat-ingredients').textContent = String(state.ingredients.length);
        const recipeStat = $('#stat-recipes');
        if (recipeStat) {
            recipeStat.textContent = String(state.recipes.length);
        }
    }

    function filteredIngredientRows() {
        const ingredientQuery = tableSearchQuery('#ingredients-filter');
        const showArchived = state.ingredientListView === 'archived';
        return state.ingredients.filter((row) => {
            const isArchived = Number(row.is_active) === 0;
            if (showArchived !== isArchived) {
                return false;
            }

            return rowMatchesSearch(ingredientQuery, [row.name, row.sku, row.default_unit_code, row.default_unit_name]);
        });
    }

    function syncIngredientViewControls() {
        const activeButton = $('#ingredients-view-active');
        const archivedButton = $('#ingredients-view-archived');
        const summary = $('#ingredients-view-summary');
        const activeCount = state.ingredients.filter((row) => Number(row.is_active) !== 0).length;
        const archivedCount = state.ingredients.filter((row) => Number(row.is_active) === 0).length;

        $('#ingredients-active-count').textContent = String(activeCount);
        $('#ingredients-archived-count').textContent = String(archivedCount);

        if (activeButton) {
            const isActiveView = state.ingredientListView === 'active';
            activeButton.classList.toggle('active', isActiveView);
            activeButton.setAttribute('aria-selected', isActiveView ? 'true' : 'false');
        }
        if (archivedButton) {
            const isArchivedView = state.ingredientListView === 'archived';
            archivedButton.classList.toggle('active', isArchivedView);
            archivedButton.setAttribute('aria-selected', isArchivedView ? 'true' : 'false');
        }
        if (summary) {
            summary.textContent = state.ingredientListView === 'archived'
                ? 'Archived ingredients stay out of delivery and recipe pickers until they are restored.'
                : 'View active ingredients used in current operations.';
        }
    }

    function ingredientDeleteEligibleRows(rows = filteredIngredientRows()) {
        return rows.filter((row) => Number(row.can_delete) === 1);
    }

    function pruneIngredientSelection() {
        const validIds = new Set(state.ingredients
            .filter((row) => Number(row.can_delete) === 1)
            .map((row) => Number(row.id))
            .filter((id) => Number.isFinite(id) && id > 0));
        Array.from(state.selectedIngredientIds).forEach((id) => {
            if (!validIds.has(id)) {
                state.selectedIngredientIds.delete(id);
            }
        });
    }

    function syncIngredientSelectionControls(rows = filteredIngredientRows()) {
        const selectAll = $('#ingredients-select-all');
        const summary = $('#ingredients-selection-summary');
        const clearButton = $('#ingredients-clear-selection');
        const deleteButton = $('#ingredients-delete-selected');
        const selectVisibleButton = $('#ingredients-select-visible');
        const deletableRows = ingredientDeleteEligibleRows(rows);
        const visibleIds = deletableRows.map((row) => Number(row.id)).filter((id) => Number.isFinite(id) && id > 0);
        const selectedCount = state.selectedIngredientIds.size;
        const visibleSelectedCount = visibleIds.filter((id) => state.selectedIngredientIds.has(id)).length;

        if (summary) {
            if (selectedCount === 0) {
                summary.textContent = rows.length > 0 && visibleIds.length === 0 ? 'Ingredients already in use can be archived but not deleted.' : 'No ingredients selected.';
            } else if (selectedCount === 1) {
                summary.textContent = '1 ingredient selected.';
            } else {
                summary.textContent = String(selectedCount) + ' ingredients selected.';
            }
        }

        if (selectAll) {
            selectAll.checked = visibleIds.length > 0 && visibleSelectedCount === visibleIds.length;
            selectAll.indeterminate = visibleSelectedCount > 0 && visibleSelectedCount < visibleIds.length;
            selectAll.disabled = !canManageWorkspace || visibleIds.length === 0;
        }

        if (selectVisibleButton) {
            selectVisibleButton.disabled = !canManageWorkspace || visibleIds.length === 0;
        }
        if (clearButton) {
            clearButton.hidden = selectedCount === 0;
            clearButton.disabled = !canManageWorkspace || selectedCount === 0;
        }
        if (deleteButton) {
            deleteButton.hidden = selectedCount === 0;
            deleteButton.disabled = !canManageWorkspace || selectedCount === 0;
            deleteButton.textContent = selectedCount > 1 ? 'Delete Selected (' + String(selectedCount) + ')' : 'Delete Selected';
        }
    }

    function renderIngredientsTable(rows) {
        const tbody = document.querySelector('#ingredients-table tbody');
        if (!tbody) {
            return;
        }

        if (!rows.length) {
            tbody.innerHTML = '<tr><td colspan="7" class="bakeshop-muted">' + escapeHtml(state.ingredientListView === 'archived' ? 'No archived ingredients yet.' : 'No active ingredients yet.') + '</td></tr>';
            syncIngredientViewControls();
            syncIngredientSelectionControls(rows);
            return;
        }

        tbody.innerHTML = rows.map((row) => {
            const resolvedRowId = normalizedRowId('ingredient', row);
            const selected = resolvedRowId > 0 && state.selectedIngredientIds.has(resolvedRowId);
            const selectionCell = canManageWorkspace && resolvedRowId > 0 && Number(row.can_delete) === 1
                ? '<td class="bakeshop-checkbox-cell"><input class="bakeshop-checkbox" type="checkbox" data-ingredient-select="' + escapeHtml(resolvedRowId) + '" aria-label="Select ingredient ' + escapeHtml(row.name || String(resolvedRowId)) + '"' + (selected ? ' checked' : '') + '></td>'
                : '<td class="bakeshop-checkbox-cell"></td>';

            const dependencyNotes = [];
            if (Number(row.recipe_reference_count) > 0) {
                dependencyNotes.push(String(row.recipe_reference_count) + ' recipe line(s)');
            }
            if (Number(row.delivery_reference_count) > 0) {
                dependencyNotes.push(String(row.delivery_reference_count) + ' delivery line(s)');
            }
            if (Number(row.production_reference_count) > 0) {
                dependencyNotes.push(String(row.production_reference_count) + ' production snapshot line(s)');
            }
            if (Number(row.usage_reference_count) > 0) {
                dependencyNotes.push(String(row.usage_reference_count) + ' usage record(s)');
            }
            const dependencyNote = dependencyNotes.length > 0
                ? '<div class="bakeshop-inline-note">In use by ' + escapeHtml(dependencyNotes.join(' · ')) + '.</div>'
                : '';

            return '<tr data-row-kind="ingredient" data-row-id="' + escapeHtml(resolvedRowId) + '">'
                + selectionCell
                + '<td><strong>' + escapeHtml(row.name) + '</strong>' + dependencyNote + '</td>'
                + '<td>' + escapeHtml(row.sku || '—') + '</td>'
                + '<td>' + escapeHtml([row.default_unit_code, row.default_unit_name].filter(Boolean).join(' — ') || '—') + '</td>'
                + '<td>' + escapeHtml(formatIngredientPack(row)) + '</td>'
                + '<td>' + rowStatusChip(row.is_active) + '</td>'
                + '<td>' + rowActionButtons('ingredient', row) + '</td>'
                + '</tr>';
        }).join('');

        syncIngredientViewControls();
        syncIngredientSelectionControls(rows);
    }

    function renderDeliveriesTable(rows) {
        const tbody = document.querySelector('#deliveries-table tbody');
        if (!tbody) {
            return;
        }

        if (!rows.length) {
            tbody.innerHTML = '<tr><td colspan="6" class="bakeshop-muted">No deliveries yet.</td></tr>';
            syncDeliverySelectionControls(rows);
            return;
        }

        tbody.innerHTML = rows.map((row) => {
            const resolvedRowId = normalizedRowId('delivery', row);
            const selected = resolvedRowId > 0 && state.selectedDeliveryIds.has(resolvedRowId);
            const expanded = resolvedRowId > 0 && Number(state.expandedDeliveryId || 0) === resolvedRowId;
            const selectionCell = canManageWorkspace && resolvedRowId > 0
                ? '<td class="bakeshop-checkbox-cell"><input class="bakeshop-checkbox" type="checkbox" data-delivery-select="' + escapeHtml(resolvedRowId) + '" aria-label="Select delivery ' + escapeHtml(row.reference || String(resolvedRowId)) + '"' + (selected ? ' checked' : '') + '></td>'
                : '<td class="bakeshop-checkbox-cell"></td>';
            const actionButtons = [
                '<button type="button" class="bakeshop-link-button" data-action="toggle-delivery-detail" data-id="' + escapeHtml(row.id) + '">' + (expanded ? 'Hide Details' : 'View Details') + '</button>'
            ];
            if (canManageWorkspace) {
                actionButtons.push('<button type="button" class="bakeshop-link-button warn" data-action="delete-delivery" data-id="' + escapeHtml(row.id) + '">Delete</button>');
            }

            return '<tr data-row-kind="delivery" data-row-id="' + escapeHtml(resolvedRowId) + '">'
                + selectionCell
                + '<td><strong>' + escapeHtml(row.branch_name || '—') + '</strong><div class="bakeshop-inline-note">' + escapeHtml(row.source_label || 'Delivery source not set') + '</div></td>'
                + '<td>' + escapeHtml(row.delivered_at || '—') + '</td>'
                + '<td>' + escapeHtml(row.reference || '—') + '<div class="bakeshop-inline-note">' + escapeHtml(row.received_by || 'Receiver not set') + '</div></td>'
                + '<td><div class="bakeshop-detail-stack"><span>' + escapeHtml(row.item_count || 0) + ' item(s)</span><span>' + escapeHtml(row.total_quantity || '0') + ' total qty</span><span>' + escapeHtml(String(row.coverage_days || 1)) + ' day coverage</span><span>' + escapeHtml(row.cost_basis_summary || 'Cost basis pending') + '</span></div></td>'
                + '<td><div class="bakeshop-row-actions">' + actionButtons.join('') + '</div></td>'
                + '</tr>'
                + (expanded
                    ? '<tr class="bakeshop-row-focus"><td colspan="6">' + renderDeliveryDetail(row) + '</td></tr>'
                    : '');
        }).join('');

        syncDeliverySelectionControls(rows);
    }

    function renderBranchTables() {
        const filteredBranches = state.branches.filter((row) => rowMatchesSearch(tableSearchQuery('#branches-filter'), [row.code, row.name, row.address]));

        renderTable('#branches-table', filteredBranches, [
            (row) => escapeHtml(row.code),
            (row) => escapeHtml(row.name),
            (row) => escapeHtml(row.address || '—'),
            (row) => rowStatusChip(row.is_active),
            (row) => rowActionButtons('branch', row)
        ], 'No branches yet.', 'branch');
        applyFocusedRow('#branches-table', 'branch', filteredBranches, 'Branch');

        const activeBranches = activeBranchRows();
        populateSelect('#delivery-branch', activeBranches, (row) => ({ value: row.id, label: row.code + ' — ' + row.name }), 'Select branch');
        populateSelect('#production-branch', activeBranches, (row) => ({ value: row.id, label: row.code + ' — ' + row.name }), 'Select branch');
        populateSelect('#product-target-branch', activeBranches, (row) => ({ value: row.id, label: row.code + ' — ' + row.name }), 'Select branch');
        populateSelect('#usage-branch', state.branches, (row) => ({ value: row.id, label: row.code + ' — ' + row.name }), 'All branches');

        if (state.productTargetBranchId <= 0 && activeBranches[0]) {
            state.productTargetBranchId = Number(activeBranches[0].id || 0);
        }

        renderProductTargetsTable();
    }

    function renderCatalogTables() {
        const activeProductId = Number(state.activeProductId || 0);
        const recipeQuery = tableSearchQuery('#recipes-filter');
        if (focusState.kind === 'product' && !focusState.applied) {
            const focusedProduct = state.products.find((row) => Number(row.id) === focusState.id);
            if (focusedProduct) {
                state.productListView = Number(focusedProduct.is_active) === 0 ? 'archived' : 'active';
            }
        }
        if (focusState.kind === 'ingredient' && !focusState.applied) {
            const focusedIngredient = state.ingredients.find((row) => Number(row.id) === focusState.id);
            if (focusedIngredient) {
                state.ingredientListView = Number(focusedIngredient.is_active) === 0 ? 'archived' : 'active';
            }
        }
        const filteredProducts = filteredProductRows();
        const filteredIngredients = filteredIngredientRows();
        const filteredRecipes = activeProductId > 0
            ? state.recipes.filter((row) => Number(row.product_id) === activeProductId && rowMatchesSearch(recipeQuery, [row.ingredient_name, row.unit_code, row.notes]))
            : [];

        renderProductsTable(filteredProducts);

        renderIngredientsTable(filteredIngredients);

        renderTable('#recipes-table', filteredRecipes, [
            (row) => escapeHtml(row.ingredient_name),
            (row) => displayTwoDecimalQuantity(row.qty),
            (row) => escapeHtml(row.unit_code),
            (row) => escapeHtml(row.notes || '—'),
            (row) => canManageWorkspace
                ? '<div class="bakeshop-row-actions"><button type="button" class="bakeshop-link-button" data-action="edit-recipe" data-id="' + escapeHtml(row.id) + '">Edit</button><button type="button" class="bakeshop-link-button warn" data-action="delete-recipe" data-id="' + escapeHtml(row.id) + '">Delete</button></div>'
                : '<span class="bakeshop-inline-note">View only</span>'
        ], activeProductId > 0 ? 'No recipe lines yet for this product.' : 'Edit a product to view its recipe lines.', 'recipe');
        applyFocusedRow('#products-table', 'product', filteredProducts, 'Product');
        applyFocusedRow('#ingredients-table', 'ingredient', filteredIngredients, 'Ingredient');
        applyFocusedRow('#recipes-table', 'recipe', filteredRecipes, 'Recipe line');

        if (activeProductId > 0) {
            const activeProductRow = document.querySelector('#products-table tbody tr[data-row-kind="product"][data-row-id="' + activeProductId + '"]');
            if (activeProductRow) {
                activeProductRow.classList.add('bakeshop-row-editing');
            }
        }

        populateSelect('#product-yield-unit', state.units, (row) => ({ value: row.id, label: row.code + ' — ' + row.name }), 'Select yield unit');
        populateSelect('#ingredient-unit', state.units, (row) => ({ value: row.id, label: row.code + ' — ' + row.name }), 'Select default unit');
        populateSelect('#recipe-unit', state.units, (row) => ({ value: row.id, label: row.code + ' — ' + row.name }), 'Select unit');
        const activeProducts = state.products.filter((row) => Number(row.is_active) !== 0);
        const activeIngredients = state.ingredients.filter((row) => Number(row.is_active) !== 0);
        populateSelect('#product-target-product', activeProducts, (row) => ({ value: row.id, label: row.name + (row.default_yield_unit_code ? (' — ' + row.default_yield_unit_code) : '') }), 'Select product');
        syncIngredientPackUnitOptions(ingredientForm?.elements.namedItem('pack_unit_id')?.value || '');
        syncProductTargetUnitOptions(productTargetForm?.elements.namedItem('unit_id')?.value || '');
        const filteredProductionProducts = activeProducts.filter((row) => rowMatchesSearch(tableSearchQuery('#production-products-filter'), [row.name, row.sku, row.category, row.default_yield_unit_code]));
        renderProductionProductsTable(filteredProductionProducts);
        renderProductTargetsTable();
        populateSelect('#recipe-ingredient', activeIngredients, (row) => ({ value: row.id, label: row.name }), 'Select ingredient');
        syncRecipePanel();
    }

    function renderOperationalTables() {
        const filteredDeliveries = filteredDeliveryRows();
        const filteredProduction = state.production.filter((row) => rowMatchesSearch(tableSearchQuery('#production-filter'), [row.branch_name, row.product_name, row.produced_at, row.produced_by, row.notes, row.qty_produced, row.default_yield_unit_code, row.consumed_item_count, row.total_consumed_qty]));

        if (focusState.kind === 'delivery' && !focusState.applied) {
            activateDeliverySectionTab('saved');
        }

        renderDeliveriesTable(filteredDeliveries);

        renderTable('#production-table', filteredProduction, [
            (row) => escapeHtml(row.branch_name),
            (row) => escapeHtml(row.product_name) + (Number(row.id || 0) === Number(state.lastSavedProductionId || 0) ? ' <span class="bakeshop-chip recent">Recent</span>' : ''),
            (row) => escapeHtml(row.produced_at),
            (row) => escapeHtml(row.qty_produced) + ' ' + escapeHtml(row.default_yield_unit_code || ''),
            (row) => renderProductionSnapshotDetail(row),
            (row) => canManageWorkspace
                ? '<div class="bakeshop-row-actions"><button type="button" class="bakeshop-link-button" data-action="edit-production" data-id="' + escapeHtml(row.id) + '">Edit Details</button><button type="button" class="bakeshop-link-button warn" data-action="void-production" data-id="' + escapeHtml(row.id) + '">Void Entry</button></div>'
                : '<span class="bakeshop-inline-note">View only</span>'
        ], 'No saved entries yet.', 'production');
        document.querySelectorAll('#production-table tbody tr[data-row-kind="production"]').forEach((rowElement) => {
            const rowId = Number(rowElement.getAttribute('data-row-id') || '0');
            rowElement.classList.toggle('bakeshop-row-recent', rowId > 0 && rowId === Number(state.lastSavedProductionId || 0));
        });
        const productionSavedCount = $('#production-saved-count');
        const productionSavedLatestItem = $('#production-saved-latest-item');
        const productionSavedLatestBranch = $('#production-saved-latest-branch');
        if (productionSavedCount) {
            productionSavedCount.textContent = String(filteredProduction.length || 0);
        }
        if (productionSavedLatestItem) {
            productionSavedLatestItem.textContent = state.lastSavedProductionSummary && state.lastSavedProductionSummary.product_name
                ? state.lastSavedProductionSummary.product_name
                : 'None yet';
        }
        if (productionSavedLatestBranch) {
            productionSavedLatestBranch.textContent = state.lastSavedProductionSummary && state.lastSavedProductionSummary.branch_name
                ? state.lastSavedProductionSummary.branch_name
                : 'No branch yet';
        }
        applyFocusedRow('#deliveries-table', 'delivery', filteredDeliveries, 'Delivery');
        applyFocusedRow('#production-table', 'production', filteredProduction, 'Saved entry');
    }

    function renderUsage() {
        const filteredUsage = state.usage.filter((row) => rowMatchesSearch(tableSearchQuery('#usage-filter'), [row.branch_name, row.period_date, row.ingredient_name, row.unit_code || row.dimension, row.delivered_qty_base, row.consumed_qty_base, row.variance_qty_base]));
        const filteredInventory = state.inventorySnapshot.filter((row) => rowMatchesSearch(tableSearchQuery('#inventory-filter'), [row.branch_name, row.ingredient_name, row.unit_code || row.dimension, row.delivered_qty_base, row.consumed_qty_base, row.on_hand_qty_base]));

        renderTable('#usage-table', filteredUsage, [
            (row) => escapeHtml(row.branch_name),
            (row) => escapeHtml(row.period_date),
            (row) => escapeHtml(row.ingredient_name),
            (row) => escapeHtml(row.unit_code || row.dimension || 'unit'),
            (row) => escapeHtml(row.delivered_qty_base),
            (row) => escapeHtml(row.consumed_qty_base),
            (row) => escapeHtml(row.variance_qty_base)
        ], 'No usage rows matched the selected filters.');

        const usageZeroValue = (0).toFixed(state.usageDecimalPlaces);
        $('#usage-total-delivered').textContent = state.usageTotals.delivered_display || state.usageTotals.delivered_qty_base || usageZeroValue;
        $('#usage-total-consumed').textContent = state.usageTotals.consumed_display || state.usageTotals.consumed_qty_base || usageZeroValue;
        $('#usage-total-variance').textContent = state.usageTotals.variance_display || state.usageTotals.variance_qty_base || usageZeroValue;
        $('#usage-factual-ingredients').textContent = String(state.factualSummary.ingredient_count || 0);
        $('#usage-factual-deliveries').textContent = String(state.factualSummary.delivery_item_count || 0);
        $('#usage-factual-runs').textContent = String(state.factualSummary.production_run_count || 0);

        renderTable('#inventory-table', filteredInventory, [
            (row) => escapeHtml(row.branch_name),
            (row) => escapeHtml(row.ingredient_name),
            (row) => escapeHtml(row.unit_code || row.dimension || 'unit'),
            (row) => escapeHtml(row.delivered_qty_base),
            (row) => escapeHtml(row.consumed_qty_base),
            (row) => '<strong>' + escapeHtml(row.on_hand_qty_base) + '</strong>'
        ], 'No inventory snapshot rows are available for the selected branch yet.');
        $('#inventory-total-on-hand').textContent = state.inventoryTotals.on_hand_display || state.inventoryTotals.on_hand_qty_base || usageZeroValue;
        $('#inventory-total-lines').textContent = String(state.inventoryTotals.item_count || state.inventorySnapshot.length || 0);
        renderDrProjectionTables();
    }

    function syncPrintLink() {
        const scope = currentReportScope();
        const drScope = currentDrProjectionScope();

        if (printLink) {
            printLink.href = apiUrl('/admin/bakeshop/print', scope);
        }

        [drProjectionPrintLink, drProjectionInlinePrintLink].forEach((link) => {
            if (!link) {
                return;
            }

            link.href = apiUrl('/admin/bakeshop/print/dr-projection', drScope);
            link.setAttribute('aria-disabled', canLoadDrProjection(drScope) ? 'false' : 'true');
        });
    }

    function collectDeliveryItems() {
        return Array.from(deliveryLines.querySelectorAll('tr[data-ingredient-id]')).map((row) => ({
            ingredient_id: row.getAttribute('data-ingredient-id') || '',
            unit_id: row.getAttribute('data-unit-id') || '',
            qty: row.querySelector('[data-field="qty"]').value,
            unit_cost: row.querySelector('[data-field="unit_cost"]').value,
            cost_basis: row.querySelector('[data-field="cost_basis"]').value
        })).filter((item) => {
            const parsedQty = Number(item.qty);
            return Number.isFinite(parsedQty) && parsedQty > 0;
        });
    }

    function clearDeliverySheetValues() {
        deliveryLines.querySelectorAll('[data-field="qty"], [data-field="unit_cost"]').forEach((input) => {
            input.value = '';
        });
        deliveryLines.querySelectorAll('[data-field="cost_basis"]').forEach((input) => {
            input.value = '';
        });
        deliveryLines.querySelectorAll('tr').forEach((row) => row.classList.remove('is-imported'));
        if (deliveryCsvFile) {
            deliveryCsvFile.value = '';
        }
    }

    function renderDeliverySheet() {
        const activeIngredients = state.ingredients.filter((row) => Number(row.is_active) !== 0);
        if (!deliveryLines) {
            return;
        }

        if (!activeIngredients.length) {
            deliveryLines.innerHTML = '<tr><td colspan="6" class="bakeshop-muted">Add active ingredients in Products + Recipes before recording daily deliveries.</td></tr>';
            return;
        }

        deliveryLines.innerHTML = activeIngredients.map((row) => {
            const unitLabel = [row.default_unit_code, row.default_unit_name].filter(Boolean).join(' — ');
            const searchText = [row.name, row.sku || '', row.default_unit_code || ''].join(' ').toLowerCase();
            const disabledAttr = canManageWorkspace ? '' : ' disabled';
            return '<tr data-ingredient-id="' + escapeHtml(row.id) + '" data-unit-id="' + escapeHtml(row.default_unit_id) + '" data-search="' + escapeHtml(searchText) + '">'
                + '<td><strong>' + escapeHtml(row.name) + '</strong></td>'
                + '<td>' + escapeHtml(row.sku || '—') + '</td>'
                + '<td>' + escapeHtml(unitLabel || '—') + '</td>'
                + '<td><input data-field="qty" type="number" min="0" step="0.0001" placeholder="0.0000"' + disabledAttr + '></td>'
                + '<td><input data-field="unit_cost" type="number" min="0" step="0.0001" placeholder="Optional"' + disabledAttr + '></td>'
                + '<td><select data-field="cost_basis" class="bakeshop-table-input"' + disabledAttr + '><option value="">Delivery Source</option><option value="receipt">Receipt</option><option value="price_list">Price List</option><option value="manual">Manual</option></select></td>'
                + '</tr>';
        }).join('');
    }

    function filterDeliverySheet() {
        const query = ($('#delivery-sheet-filter').value || '').trim().toLowerCase();
        deliveryLines.querySelectorAll('tr[data-ingredient-id]').forEach((row) => {
            const haystack = row.getAttribute('data-search') || '';
            row.hidden = query !== '' && !haystack.includes(query);
        });
    }

    function parseCsvRows(text) {
        const rows = [];
        let current = '';
        let row = [];
        let inQuotes = false;

        for (let index = 0; index < text.length; index += 1) {
            const char = text[index];
            const next = text[index + 1] || '';

            if (char === '"') {
                if (inQuotes && next === '"') {
                    current += '"';
                    index += 1;
                } else {
                    inQuotes = !inQuotes;
                }
                continue;
            }

            if (char === ',' && !inQuotes) {
                row.push(current);
                current = '';
                continue;
            }

            if ((char === '\n' || char === '\r') && !inQuotes) {
                if (char === '\r' && next === '\n') {
                    index += 1;
                }
                row.push(current);
                if (row.some((cell) => cell.trim() !== '')) {
                    rows.push(row);
                }
                row = [];
                current = '';
                continue;
            }

            current += char;
        }

        row.push(current);
        if (row.some((cell) => cell.trim() !== '')) {
            rows.push(row);
        }

        return rows;
    }

    function importDeliveryCsv(text) {
        const rows = parseCsvRows(text);
        if (rows.length < 2) {
            throw new Error('CSV import needs a header row and at least one data row.');
        }

        const normalizeHeader = (value) => value.trim().toLowerCase().replace(/[^a-z0-9]+/g, '_');
        const headers = rows[0].map(normalizeHeader);
        const skuIndex = headers.findIndex((header) => ['sku', 'ingredient_sku'].includes(header));
        const ingredientIndex = headers.findIndex((header) => ['ingredient', 'ingredient_name', 'name'].includes(header));
        const qtyIndex = headers.findIndex((header) => ['qty', 'quantity', 'delivered_qty'].includes(header));
        const unitCostIndex = headers.findIndex((header) => ['unit_cost', 'cost', 'unit_price'].includes(header));
        const costBasisIndex = headers.findIndex((header) => ['cost_basis', 'basis', 'cost_source'].includes(header));

        if (qtyIndex === -1 || (skuIndex === -1 && ingredientIndex === -1)) {
            throw new Error('CSV import needs `sku` or `ingredient`, plus `qty` headers.');
        }

        const rowByLookup = new Map();
        deliveryLines.querySelectorAll('tr[data-ingredient-id]').forEach((row) => {
            const cells = row.querySelectorAll('td');
            const ingredientName = (cells[0]?.textContent || '').trim().toLowerCase();
            const sku = (cells[1]?.textContent || '').trim().toLowerCase();
            if (ingredientName !== '') {
                rowByLookup.set(ingredientName, row);
            }
            if (sku !== '' && sku !== '—') {
                rowByLookup.set(sku, row);
            }
            row.classList.remove('is-imported');
        });

        let matched = 0;
        const unmatched = [];
        rows.slice(1).forEach((row) => {
            const lookupValue = String((skuIndex !== -1 ? row[skuIndex] : row[ingredientIndex]) || '').trim().toLowerCase();
            const qtyValue = String(row[qtyIndex] || '').trim();
            const unitCostValue = unitCostIndex !== -1 ? String(row[unitCostIndex] || '').trim() : '';
            const costBasisValue = costBasisIndex !== -1
                ? String(row[costBasisIndex] || '').trim().toLowerCase().replace(/[^a-z]+/g, '_')
                : '';

            if (lookupValue === '' || qtyValue === '') {
                return;
            }

            const targetRow = rowByLookup.get(lookupValue);
            if (!targetRow) {
                unmatched.push(lookupValue);
                return;
            }

            targetRow.querySelector('[data-field="qty"]').value = qtyValue;
            targetRow.querySelector('[data-field="unit_cost"]').value = unitCostValue;
            targetRow.querySelector('[data-field="cost_basis"]').value = ['receipt', 'price_list', 'manual'].includes(costBasisValue) ? costBasisValue : '';
            targetRow.classList.add('is-imported');
            matched += 1;
        });

        filterDeliverySheet();

        if (!matched) {
            throw new Error('No CSV rows matched the listed ingredients. Use SKU or exact ingredient names.');
        }

        if (unmatched.length) {
            showBanner('Imported ' + matched + ' ingredient rows. Unmatched rows: ' + unmatched.slice(0, 5).join(', ') + (unmatched.length > 5 ? '…' : '') + '.', true);
            return;
        }

        showBanner('Imported ' + matched + ' ingredient rows from CSV.', true);
    }

    function downloadDeliveryCsvTemplate() {
        const activeIngredients = state.ingredients.filter((row) => Number(row.is_active) !== 0);
        const lines = ['sku,ingredient,qty,unit_cost,cost_basis'];
        activeIngredients.forEach((row) => {
            lines.push([
                '"' + String(row.sku || '').replace(/"/g, '""') + '"',
                '"' + String(row.name || '').replace(/"/g, '""') + '"',
                '',
                '',
                ''
            ].join(','));
        });

        const blob = new Blob([lines.join('\n')], { type: 'text/csv;charset=utf-8' });
        const link = document.createElement('a');
        const objectUrl = URL.createObjectURL(blob);
        link.href = objectUrl;
        link.download = 'bakeshop-daily-deliveries-template.csv';
        document.body.appendChild(link);
        link.click();
        document.body.removeChild(link);
        URL.revokeObjectURL(objectUrl);
    }

    async function loadBranches(force = false) {
        if (!force && state.loaded.branches) {
            renderBranchTables();
            return;
        }
        const data = await request(api.branches);
        state.branches = normalizeMaintenanceRows('branch', data.items || []);
        state.loaded.branches = true;
        renderBranchTables();
    }

    async function loadUnits(force = false) {
        if (!force && state.loaded.units) {
            renderCatalogTables();
            return;
        }
        const data = await request(api.units);
        state.units = data.items || [];
        state.loaded.units = true;
        renderCatalogTables();
    }

    async function loadProducts(force = false) {
        if (!force && state.loaded.products) {
            renderCatalogTables();
            updateStats();
            return;
        }
        const data = await request(api.products);
        state.products = normalizeMaintenanceRows('product', data.items || []);
        state.loaded.products = true;
        pruneProductSelection();
        renderCatalogTables();
        updateStats();
    }

    async function loadIngredients(force = false) {
        if (!force && state.loaded.ingredients) {
            renderCatalogTables();
            renderDeliverySheet();
            filterDeliverySheet();
            updateStats();
            return;
        }
        const data = await request(api.ingredients);
        state.ingredients = normalizeMaintenanceRows('ingredient', data.items || []);
        state.loaded.ingredients = true;
        pruneIngredientSelection();
        renderCatalogTables();
        renderDeliverySheet();
        filterDeliverySheet();
        updateStats();
    }

    async function loadRecipes(force = false) {
        if (!productRecipesEnabled) {
            state.recipes = [];
            state.loaded.recipes = true;
            renderCatalogTables();
            updateStats();
            return;
        }

        if (!force && state.loaded.recipes) {
            renderCatalogTables();
            updateStats();
            return;
        }
        const data = await request(api.recipes);
        state.recipes = data.items || [];
        state.loaded.recipes = true;
        renderCatalogTables();
        updateStats();
    }

    async function loadDeliveries(force = false) {
        if (!force && state.loaded.deliveries) {
            renderOperationalTables();
            return;
        }
        const data = await request(api.deliveries);
        state.deliveries = data.items || [];
        state.loaded.deliveries = true;
        pruneDeliverySelection();
        renderOperationalTables();
    }

    async function loadProductTargets(force = false) {
        if (!force && state.loaded['product-targets']) {
            renderProductTargetsTable();
            return;
        }

        const data = await request(api.productTargets);
        state.productTargets = data.items || [];
        state.loaded['product-targets'] = true;
        renderProductTargetsTable();
    }

    async function loadProduction(force = false) {
        if (!force && state.loaded.production) {
            renderOperationalTables();
            return;
        }
        const data = await request(api.production);
        state.production = data.items || [];
        state.loaded.production = true;
        renderOperationalTables();
    }

    async function loadUsage() {
        syncPrintLink();
        const scope = currentReportScope();
        const usageBranch = $('#usage-branch');
        const usageFrom = $('#usage-from');
        const usageTo = $('#usage-to');
        if (usageBranch) {
            usageBranch.value = scope.branch_id || '';
        }
        if (usageFrom) {
            usageFrom.value = scope.from_date || '';
        }
        if (usageTo) {
            usageTo.value = scope.to_date || '';
        }
        const data = await request(apiUrl(api.usage, scope));
        if (data.settings && Number.isFinite(Number(data.settings.usage_decimal_places))) {
            state.usageDecimalPlaces = Number(data.settings.usage_decimal_places);
        }
        state.usage = data.items || [];
        state.usageTotals = data.totals || state.usageTotals;
        state.factualSummary = data.factual_summary || state.factualSummary;
        state.inventorySnapshot = (data.inventory && data.inventory.items) || [];
        state.inventoryTotals = (data.inventory && data.inventory.totals) || state.inventoryTotals;
        renderUsage();
    }

    async function loadDrProjection(force = false) {
        const scope = currentDrProjectionScope();
        const scopeKey = drProjectionScopeKey(scope);

        if (!canLoadDrProjection(scope)) {
            state.drProjection = {
                filters: null,
                branch: null,
                window_days: 0,
                ingredients: [],
                products: [],
                error: ''
            };
            state.drProjectionScopeKey = '';
            state.loaded['dr-projection'] = false;
            renderDrProjectionTables();
            return;
        }

        if (!force && state.loaded['dr-projection'] && state.drProjectionScopeKey === scopeKey) {
            renderDrProjectionTables();
            return;
        }

        const data = await request(apiUrl(api.drProjection, scope));
        const report = data.report || {};
        if (report.settings && Number.isFinite(Number(report.settings.usage_decimal_places))) {
            state.usageDecimalPlaces = Number(report.settings.usage_decimal_places);
        }
        state.drProjection = {
            filters: report.filters || null,
            branch: report.branch || null,
            window_days: Number(report.window_days || 0),
            ingredients: report.ingredients || [],
            products: report.products || [],
            error: ''
        };
        state.drProjectionScopeKey = scopeKey;
        state.loaded['dr-projection'] = true;
        renderDrProjectionTables();
    }

    async function ensureTabData(tabName, options = {}) {
        const force = options.force === true;
        const resolvedTab = resolveTabName(tabName);
        const loaders = datasetLoaders();

        for (const requirement of tabRequirementsFor(resolvedTab)) {
            await loaders[requirement](force);
        }
    }

    async function submitJson(url, payload, successMessage, after) {
        try {
            const data = await request(url, {
                method: 'POST',
                body: JSON.stringify({ _token: csrfToken, ...payload })
            });
            showBanner(successMessage, true);
            if (typeof after === 'function') {
                await after(data);
            }
            await applyCacheInvalidations(data.cache_invalidate || [], {
                refreshCurrentTab: typeof after !== 'function'
            });
            return data;
        } catch (error) {
            showBanner(error.message || 'Request failed.', false);
            return null;
        }
    }

    function confirmDelete(message) {
        return window.confirm(message);
    }

    function closeDeleteConfirm(confirmed) {
        if (deleteConfirm) {
            deleteConfirm.hidden = true;
        }
        document.body.classList.remove('bakeshop-confirm-open');

        if (typeof pendingDeleteConfirmResolve === 'function') {
            const resolve = pendingDeleteConfirmResolve;
            pendingDeleteConfirmResolve = null;
            resolve(confirmed === true);
        }
    }

    function confirmBulkDelete(options = {}) {
        const previewItems = Array.from(new Set((options.items || []).map((item) => String(item || '').trim()).filter(Boolean)));
        const previewLimit = 5;

        if (!deleteConfirm || !deleteConfirmTitle || !deleteConfirmMessage || !deleteConfirmImpact || !deleteConfirmList || !deleteConfirmOverflow || !deleteConfirmSubmit) {
            const fallbackMessage = [
                options.message || 'Delete the selected records?',
                previewItems.length ? previewItems.slice(0, previewLimit).map((item) => '- ' + item).join('\n') : '',
                previewItems.length > previewLimit ? ('+' + String(previewItems.length - previewLimit) + ' more') : ''
            ].filter(Boolean).join('\n\n');
            return Promise.resolve(window.confirm(fallbackMessage));
        }

        if (typeof pendingDeleteConfirmResolve === 'function') {
            closeDeleteConfirm(false);
        }

        deleteConfirmTitle.textContent = options.title || 'Delete selected records?';
        deleteConfirmMessage.textContent = options.message || 'Review the selected items before confirming this delete.';

        const impactMessage = String(options.impact || '').trim();
        deleteConfirmImpact.textContent = impactMessage;
        deleteConfirmImpact.hidden = impactMessage === '';

        deleteConfirmList.innerHTML = previewItems.slice(0, previewLimit)
            .map((item) => '<li>' + escapeHtml(item) + '</li>')
            .join('');
        deleteConfirmList.hidden = previewItems.length === 0;

        if (previewItems.length > previewLimit) {
            deleteConfirmOverflow.textContent = '+' + String(previewItems.length - previewLimit) + ' more selected item(s)';
            deleteConfirmOverflow.hidden = false;
        } else {
            deleteConfirmOverflow.textContent = '';
            deleteConfirmOverflow.hidden = true;
        }

        deleteConfirmSubmit.textContent = options.confirmLabel || 'Delete Selected';
        deleteConfirm.hidden = false;
        document.body.classList.add('bakeshop-confirm-open');

        return new Promise((resolve) => {
            pendingDeleteConfirmResolve = resolve;
            deleteConfirmCancel?.focus();
        });
    }

    function promptRequiredValue(message, defaultValue = '') {
        const value = window.prompt(message, defaultValue);
        if (value === null) {
            return null;
        }

        const normalized = String(value).trim();
        if (normalized === '') {
            showBanner('A reason is required to void a saved entry.', false);
            return null;
        }

        return normalized;
    }

    function syncEditorActionButtons(options) {
        const addButton = options.addSelector ? $(options.addSelector) : null;
        const cancelButton = options.cancelSelector ? $(options.cancelSelector) : null;
        const editing = options.editing === true;

        if (addButton) {
            addButton.disabled = !canManageWorkspace || editing;
        }

        if (cancelButton) {
            cancelButton.hidden = !editing;
            cancelButton.disabled = !canManageWorkspace || !editing;
        }
    }

    function resetBranchForm() {
        branchForm.reset();
        branchForm.elements.namedItem('id').value = '';
        branchForm.elements.namedItem('is_active').value = '1';
        setFocusNote('#branch-focus-note', '');
        $('#branch-submit').textContent = 'Save Branch';
        syncEditorActionButtons({ cancelSelector: '#branch-cancel', editing: false });
    }

    function editBranch(row, source = 'table') {
        branchForm.elements.namedItem('id').value = String(row.id || '');
        branchForm.elements.namedItem('is_active').value = String(Number(row.is_active) === 0 ? 0 : 1);
        branchForm.elements.namedItem('code').value = row.code || '';
        branchForm.elements.namedItem('name').value = row.name || '';
        branchForm.elements.namedItem('address').value = row.address || '';
        setFocusNote('#branch-focus-note', source === 'history' ? 'Reviewing this branch from activity history. Confirm the details below before saving changes.' : '');
        $('#branch-submit').textContent = 'Update Branch';
        syncEditorActionButtons({ cancelSelector: '#branch-cancel', editing: true });
        branchForm.scrollIntoView({ behavior: 'smooth', block: 'nearest' });
    }

    function resetProductionForm() {
        productionForm.reset();
        state.productionDraftQuantities = {};
        state.productionDraftSaveState = {};
        state.productionGuardOverride = false;
        productionForm.elements.namedItem('id').value = '';
        productionForm.elements.namedItem('product_id').value = '';
        productionForm.elements.namedItem('qty_produced').value = '';
        productionForm.elements.namedItem('branch_id').disabled = false;
        $('#production-products-filter').disabled = false;
        setFocusNote('#production-focus-note', '');
        $('#production-submit').textContent = 'Update Saved Entry';
        $('#production-submit').hidden = true;
        syncEditorActionButtons({ cancelSelector: '#production-cancel', editing: false });
        productionForm.elements.namedItem('produced_at').value = nowLocalDateTime();
        syncProductionGuardOverrideControls();
        activateProductionSectionTab('record');
        syncProductionLastSavedCard();
        syncProductionProductSelection();
        renderCatalogTables();
    }

    function editProduction(row, source = 'table') {
        state.productionDraftQuantities = {
            [String(row.product_id || '')]: String(row.qty_produced || '')
        };
        state.productionDraftSaveState = {
            [String(row.product_id || '')]: {
                kind: 'saved',
                message: 'Saved entry selected for review.'
            }
        };
        productionForm.elements.namedItem('id').value = String(row.id || '');
        productionForm.elements.namedItem('branch_id').value = String(row.branch_id || '');
        productionForm.elements.namedItem('branch_id').disabled = true;
        productionForm.elements.namedItem('product_id').value = String(row.product_id || '');
        productionForm.elements.namedItem('qty_produced').value = String(row.qty_produced || '');
        productionForm.elements.namedItem('produced_at').value = productionDateTimeInputValue(row.produced_at || '');
        productionForm.elements.namedItem('produced_by').value = row.produced_by || '';
        productionForm.elements.namedItem('notes').value = row.notes || '';
        $('#production-products-filter').disabled = true;
        setFocusNote('#production-focus-note', source === 'history'
            ? 'Reviewing this saved entry from activity history. Only the finished time, staff name, and note can be updated here.'
            : 'Reviewing a saved entry. Branch, item, amount made, and ingredients used stay unchanged.');
        $('#production-submit').textContent = 'Update Saved Entry';
        $('#production-submit').hidden = false;
        syncEditorActionButtons({ cancelSelector: '#production-cancel', editing: true });
        syncProductionGuardOverrideControls();
        rememberLastSavedProduction(row);
        activateProductionSectionTab('record');
        renderCatalogTables();
        syncProductionProductSelection();
        productionForm.scrollIntoView({ behavior: 'smooth', block: 'nearest' });
    }

    function resetProductForm() {
        productForm.reset();
        state.activeProductId = 0;
        productForm.elements.namedItem('id').value = '';
        productForm.elements.namedItem('is_active').value = '1';
        productForm.elements.namedItem('default_yield_qty').value = '1.00';
        const _pft = $('#product-form-title'); if (_pft) _pft.textContent = 'New Product';
        const _pfd = $('#product-form-description'); if (_pfd) _pfd.textContent = 'Finished goods for production.';
        setFocusNote('#product-focus-note', '');
        $('#product-submit').textContent = 'Save Product';
        syncEditorActionButtons({ addSelector: '#product-add', cancelSelector: '#product-cancel', editing: false });
        resetRecipeForm();
        renderCatalogTables();
    }

    function editProduct(row, source = 'table') {
        state.activeProductId = Number(row.id || 0);
        state.productListView = Number(row.is_active) === 0 ? 'archived' : 'active';
        productForm.elements.namedItem('id').value = String(row.id || '');
        productForm.elements.namedItem('is_active').value = String(Number(row.is_active) === 0 ? 0 : 1);
        productForm.elements.namedItem('name').value = row.name || '';
        productForm.elements.namedItem('sku').value = row.sku || '';
        productForm.elements.namedItem('category').value = row.category || '';
        productForm.elements.namedItem('default_yield_qty').value = normalizeTwoDecimalQuantity(row.default_yield_qty, '1.00');
        productForm.elements.namedItem('default_yield_unit_id').value = row.default_yield_unit_id || '';
        const _pft2 = $('#product-form-title'); if (_pft2) _pft2.textContent = 'Edit Product';
        const _pfd2 = $('#product-form-description'); if (_pfd2) _pfd2.textContent = 'Update this finished good without leaving the catalog workspace.';
        setFocusNote('#product-focus-note', source === 'history' ? 'Reviewing this product from activity history. Confirm the product details and yield before saving.' : '');
        $('#product-submit').textContent = 'Update Product';
        syncEditorActionButtons({ addSelector: '#product-add', cancelSelector: '#product-cancel', editing: true });
        resetRecipeForm();
        renderCatalogTables();
        productForm.scrollIntoView({ behavior: 'smooth', block: 'nearest' });
    }

    function resetIngredientForm() {
        ingredientForm.reset();
        ingredientForm.elements.namedItem('id').value = '';
        ingredientForm.elements.namedItem('is_active').value = '1';
        ingredientForm.elements.namedItem('pack_label').value = '';
        ingredientForm.elements.namedItem('pack_qty').value = '';
        const _ift = $('#ingredient-form-title'); if (_ift) _ift.textContent = 'New Ingredient';
        const _ifd = $('#ingredient-form-description'); if (_ifd) _ifd.textContent = 'Raw materials received into branch inventory through deliveries.';
        setFocusNote('#ingredient-focus-note', '');
        $('#ingredient-submit').textContent = 'Save Ingredient';
        syncEditorActionButtons({ addSelector: '#ingredient-add', cancelSelector: '#ingredient-cancel', editing: false });
        syncIngredientPackUnitOptions('');
    }

    function editIngredient(row, source = 'table') {
        ingredientForm.elements.namedItem('id').value = String(row.id || '');
        ingredientForm.elements.namedItem('is_active').value = String(Number(row.is_active) === 0 ? 0 : 1);
        ingredientForm.elements.namedItem('name').value = row.name || '';
        ingredientForm.elements.namedItem('sku').value = row.sku || '';
        ingredientForm.elements.namedItem('default_unit_id').value = row.default_unit_id || '';
        ingredientForm.elements.namedItem('pack_label').value = row.pack_label || '';
        ingredientForm.elements.namedItem('pack_qty').value = row.pack_qty || '';
        const _ift2 = $('#ingredient-form-title'); if (_ift2) _ift2.textContent = 'Edit Ingredient';
        const _ifd2 = $('#ingredient-form-description'); if (_ifd2) _ifd2.textContent = 'Update this raw material without leaving the catalog workspace.';
        setFocusNote('#ingredient-focus-note', source === 'history' ? 'Reviewing this ingredient from activity history. Confirm the stock unit and identity details before saving.' : '');
        $('#ingredient-submit').textContent = 'Update Ingredient';
        syncEditorActionButtons({ addSelector: '#ingredient-add', cancelSelector: '#ingredient-cancel', editing: true });
        syncIngredientPackUnitOptions(row.pack_unit_id || '');
        ingredientForm.scrollIntoView({ behavior: 'smooth', block: 'nearest' });
    }

    function resetProductTargetForm() {
        if (!productTargetForm) {
            return;
        }

        const branchId = currentProductTargetBranchId();
        productTargetForm.reset();
        productTargetForm.elements.namedItem('id').value = '';
        productTargetForm.elements.namedItem('is_active').value = '1';
        if (branchId > 0) {
            productTargetForm.elements.namedItem('branch_id').value = String(branchId);
        }
        productTargetForm.elements.namedItem('daily_qty').value = '1.00';
        setFocusNote('#product-target-focus-note', '');
        $('#product-target-submit').textContent = 'Save Target';
        syncEditorActionButtons({ addSelector: '#product-target-add', cancelSelector: '#product-target-cancel', editing: false });
        syncProductTargetUnitOptions('');
    }

    function editProductTarget(row) {
        if (!productTargetForm) {
            return;
        }

        state.productTargetBranchId = Number(row.branch_id || 0);
        productTargetForm.elements.namedItem('id').value = String(row.id || '');
        productTargetForm.elements.namedItem('is_active').value = String(Number(row.is_active) === 0 ? 0 : 1);
        productTargetForm.elements.namedItem('branch_id').value = String(row.branch_id || '');
        productTargetForm.elements.namedItem('product_id').value = String(row.product_id || '');
        productTargetForm.elements.namedItem('daily_qty').value = normalizeTwoDecimalQuantity(row.daily_qty, '1.00');
        setFocusNote('#product-target-focus-note', 'Reviewing this branch target. Confirm the branch, product, target quantity, and unit before saving.');
        $('#product-target-submit').textContent = 'Update Target';
        syncEditorActionButtons({ addSelector: '#product-target-add', cancelSelector: '#product-target-cancel', editing: true });
        syncProductTargetUnitOptions(row.unit_id || '');
        productTargetForm.scrollIntoView({ behavior: 'smooth', block: 'nearest' });
    }

    async function deleteProductTarget(row) {
        if (!confirmDelete('Delete this branch target? This cannot be undone.')) {
            return;
        }

        await submitJson(api.productTargetsDelete, {
            id: row.id
        }, 'Branch target deleted.', async () => {
            if (productTargetForm && productTargetForm.elements.namedItem('id').value === String(row.id)) {
                resetProductTargetForm();
            }
            await loadProductTargets(true);
        });
    }

    function resetRecipeForm() {
        recipeForm.reset();
        recipeForm.dataset.recipeId = '';
        recipeForm.elements.namedItem('qty').value = '1.00';
        if (state.activeProductId > 0) {
            recipeForm.elements.namedItem('product_id').value = String(state.activeProductId);
        }
        setFocusNote('#recipe-focus-note', '');
        $('#recipe-submit').textContent = 'Save Recipe Line';
        syncEditorActionButtons({ cancelSelector: '#recipe-cancel', editing: false });
        syncRecipePanel();
    }

    function editRecipe(row, source = 'table') {
        if (Number(row.product_id) > 0 && Number(state.activeProductId) !== Number(row.product_id)) {
            state.activeProductId = Number(row.product_id);
            renderCatalogTables();
        }
        recipeForm.dataset.recipeId = String(row.id || '');
        recipeForm.elements.namedItem('product_id').value = row.product_id || '';
        recipeForm.elements.namedItem('ingredient_id').value = row.ingredient_id || '';
        recipeForm.elements.namedItem('unit_id').value = row.unit_id || '';
        recipeForm.elements.namedItem('qty').value = normalizeTwoDecimalQuantity(row.qty, '1.00');
        recipeForm.elements.namedItem('notes').value = row.notes || '';
        setFocusNote('#recipe-focus-note', source === 'history' ? 'Reviewing this recipe line from activity history. Confirm the product, ingredient, and quantity before saving.' : '');
        $('#recipe-submit').textContent = 'Update Recipe Line';
        syncEditorActionButtons({ cancelSelector: '#recipe-cancel', editing: true });
        syncRecipePanel();
        recipeForm.scrollIntoView({ behavior: 'smooth', block: 'nearest' });
    }

    async function deleteRecipe(row) {
        if (!confirmDelete('Delete this recipe line? This cannot be undone.')) {
            return;
        }

        await submitJson(api.recipesDelete, {
            id: row.id
        }, 'Recipe line deleted.', async () => {
            if (recipeForm.dataset.recipeId === String(row.id)) {
                resetRecipeForm();
            }
            await loadRecipes(true);
            await loadProducts(true);
        });
    }

    async function deleteProductsByIds(ids) {
        const normalizedIds = Array.from(new Set((ids || []).map((id) => Number(id)).filter((id) => Number.isFinite(id) && id > 0)));
        if (!normalizedIds.length) {
            return;
        }

        const message = normalizedIds.length === 1
            ? (productRecipesEnabled
                ? 'Delete this product? Its recipe lines will also be deleted. This cannot be undone.'
                : 'Delete this product? This cannot be undone.')
            : (productRecipesEnabled
                ? 'Delete ' + String(normalizedIds.length) + ' selected products? Their recipe lines will also be deleted. This cannot be undone.'
                : 'Delete ' + String(normalizedIds.length) + ' selected products? This cannot be undone.');
        const shouldDelete = normalizedIds.length === 1
            ? confirmDelete(message)
            : await confirmBulkDelete({
                title: 'Delete selected products?',
                message,
                impact: productRecipesEnabled ? 'Each selected product also removes its recipe lines.' : 'Selected products are removed permanently.',
                items: normalizedIds.map((id) => productDeletePreviewLabel(findStateRow('product', id), id)),
                confirmLabel: 'Delete Products'
            });
        if (!shouldDelete) {
            return;
        }

        const data = await submitJson(api.productsBatchDelete, {
            ids: normalizedIds
        }, normalizedIds.length === 1 ? 'Product deleted.' : ('Deleted ' + String(normalizedIds.length) + ' products.'));
        if (!data) {
            return;
        }

        normalizedIds.forEach((id) => {
            state.selectedProductIds.delete(id);
            if (productForm.elements.namedItem('id').value === String(id) || Number(state.activeProductId) === id) {
                resetProductForm();
            }
        });

        await loadProducts(true);
        await loadRecipes(true);
    }

    async function deleteProduct(row) {
        await deleteProductsByIds([row.id]);
    }

    async function deleteIngredientsByIds(ids) {
        const normalizedIds = Array.from(new Set((ids || []).map((id) => Number(id)).filter((id) => Number.isFinite(id) && id > 0)));
        if (!normalizedIds.length) {
            return;
        }

        const message = normalizedIds.length === 1
            ? 'Delete this ingredient? This cannot be undone.'
            : 'Delete ' + String(normalizedIds.length) + ' selected ingredients? This cannot be undone.';
        const shouldDelete = normalizedIds.length === 1
            ? confirmDelete(message)
            : await confirmBulkDelete({
                title: 'Delete selected ingredients?',
                message,
                impact: 'Deleting ingredients removes them from the active master list immediately.',
                items: normalizedIds.map((id) => ingredientDeletePreviewLabel(findStateRow('ingredient', id), id)),
                confirmLabel: 'Delete Ingredients'
            });
        if (!shouldDelete) {
            return;
        }

        const data = await submitJson(api.ingredientsBatchDelete, {
            ids: normalizedIds
        }, normalizedIds.length === 1 ? 'Ingredient deleted.' : ('Deleted ' + String(normalizedIds.length) + ' ingredients.'));
        if (!data) {
            return;
        }

        normalizedIds.forEach((id) => {
            state.selectedIngredientIds.delete(id);
            if (ingredientForm.elements.namedItem('id').value === String(id)) {
                resetIngredientForm();
            }
        });

        await loadIngredients(true);
        await loadRecipes(true);
    }

    async function deleteIngredient(row) {
        await deleteIngredientsByIds([row.id]);
    }

    async function deleteDeliveriesByIds(ids) {
        const normalizedIds = Array.from(new Set((ids || []).map((id) => Number(id)).filter((id) => Number.isFinite(id) && id > 0)));
        if (!normalizedIds.length) {
            return;
        }

        const message = normalizedIds.length === 1
            ? 'Delete this delivery and its item lines? This cannot be undone.'
            : 'Delete ' + String(normalizedIds.length) + ' selected deliveries and their item lines? This cannot be undone.';
        const shouldDelete = normalizedIds.length === 1
            ? confirmDelete(message)
            : await confirmBulkDelete({
                title: 'Delete selected deliveries?',
                message,
                impact: 'Each selected delivery also removes its received ingredient lines from daily receiving history.',
                items: normalizedIds.map((id) => deliveryDeletePreviewLabel(findStateRow('delivery', id), id)),
                confirmLabel: 'Delete Deliveries'
            });
        if (!shouldDelete) {
            return;
        }

        const data = await submitJson(api.deliveriesBatchDelete, {
            ids: normalizedIds
        }, normalizedIds.length === 1 ? 'Delivery deleted.' : ('Deleted ' + String(normalizedIds.length) + ' deliveries.'));
        if (!data) {
            return;
        }

        normalizedIds.forEach((id) => {
            state.selectedDeliveryIds.delete(id);
            if (Number(state.expandedDeliveryId || 0) === id) {
                state.expandedDeliveryId = 0;
            }
        });

        await loadDeliveries(true);
        await loadUsage();
    }

    async function deleteDelivery(row) {
        await deleteDeliveriesByIds([row.id]);
    }

    async function voidProductionRun(row) {
        if (!confirmDelete('Void this saved entry and remove its ingredient use from usage and inventory?')) {
            return;
        }

        const voidReason = promptRequiredValue('Why is this saved entry being voided?', 'Duplicate or incorrect entry');
        if (voidReason === null) {
            return;
        }

        await submitJson(api.productionVoid, {
            id: row.id,
            void_reason: voidReason
        }, 'Saved entry voided.', async () => {
            await loadProduction(true);
            await loadUsage();
        });
    }

    async function toggleActive(kind, row) {
        const rowId = normalizedRowId(kind, row);
        if (!Number.isFinite(rowId) || rowId <= 0) {
            showBanner('Selected ' + String(kind || 'record') + ' could not be resolved.', false);
            return;
        }

        const nextActive = Number(row.is_active) === 0 ? 1 : 0;
        if (kind === 'branch') {
            await submitJson(api.branchStatus.replace('[id]', encodeURIComponent(String(rowId))), {
                is_active: nextActive
            }, nextActive === 1 ? 'Branch restored.' : 'Branch archived.', async () => {
                if (branchForm.elements.namedItem('id').value === String(row.id)) {
                    resetBranchForm();
                }
                await loadBranches(true);
            });
            return;
        }

        if (kind === 'product') {
            await submitJson(api.productStatus.replace('[id]', encodeURIComponent(String(rowId))), {
                is_active: nextActive
            }, nextActive === 1 ? 'Product restored.' : 'Product archived.', async () => {
                if (productForm.elements.namedItem('id').value === String(row.id)) {
                    resetProductForm();
                }
                await loadProducts(true);
                await loadRecipes(true);
            });
            return;
        }

        if (kind === 'ingredient') {
            await submitJson(api.ingredientStatus.replace('[id]', encodeURIComponent(String(rowId))), {
                is_active: nextActive
            }, nextActive === 1 ? 'Ingredient restored.' : 'Ingredient archived.', async () => {
                if (ingredientForm.elements.namedItem('id').value === String(row.id)) {
                    resetIngredientForm();
                }
                await loadIngredients(true);
                await loadRecipes(true);
            });
        }
    }

    function findStateRow(kind, id) {
        const numericId = Number(id);
        if (kind === 'branch') {
            return state.branches.find((row) => Number(row.id) === numericId) || null;
        }
        if (kind === 'product') {
            return state.products.find((row) => Number(row.id) === numericId) || null;
        }
        if (kind === 'ingredient') {
            return state.ingredients.find((row) => Number(row.id) === numericId) || null;
        }
        if (kind === 'recipe') {
            return state.recipes.find((row) => Number(row.id) === numericId) || null;
        }
        if (kind === 'delivery') {
            return state.deliveries.find((row) => Number(row.id) === numericId) || null;
        }
        if (kind === 'production') {
            return state.production.find((row) => Number(row.id) === numericId) || null;
        }
        if (kind === 'product-target') {
            return state.productTargets.find((row) => Number(row.id) === numericId) || null;
        }
        return null;
    }

    function bindMaintenanceActions(selector) {
        $(selector).addEventListener('click', async (event) => {
            const button = event.target.closest('[data-action]');
            if (!button) {
                return;
            }

            if (!canManageWorkspace) {
                showBanner('This work area is read only for your role.', false);
                return;
            }

            const kind = button.getAttribute('data-kind');
            const buttonRowId = Number(button.getAttribute('data-id') || '0');
            if (!Number.isFinite(buttonRowId) || buttonRowId <= 0) {
                showBanner('Selected record could not be resolved.', false);
                return;
            }

            const row = findStateRow(kind, buttonRowId);
            if (!row) {
                showBanner('Selected record could not be found.', false);
                return;
            }

            if (button.getAttribute('data-action') === 'edit') {
                if (kind === 'branch') {
                    editBranch(row);
                } else if (kind === 'product') {
                    editProduct(row);
                } else if (kind === 'ingredient') {
                    editIngredient(row);
                }
                clearBanner();
                return;
            }

            if (button.getAttribute('data-action') === 'delete') {
                if (kind === 'product') {
                    await deleteProduct(row);
                    return;
                }
                if (kind === 'ingredient') {
                    await deleteIngredient(row);
                    return;
                }
            }

            await toggleActive(kind, row);
        });
    }

    $('#branch-form').addEventListener('submit', async (event) => {
        event.preventDefault();
        const form = event.currentTarget;
        await submitJson(api.branches, {
            id: form.elements.namedItem('id').value,
            is_active: form.elements.namedItem('is_active').value,
            code: form.elements.namedItem('code').value,
            name: form.elements.namedItem('name').value,
            address: form.elements.namedItem('address').value
        }, form.elements.namedItem('id').value ? 'Branch updated.' : 'Branch saved.', async () => {
            resetBranchForm();
            await loadBranches();
        });
    });

    $('#product-form').addEventListener('submit', async (event) => {
        event.preventDefault();
        const form = event.currentTarget;
        await submitJson(api.products, {
            id: form.elements.namedItem('id').value,
            is_active: form.elements.namedItem('is_active').value,
            name: form.elements.namedItem('name').value,
            sku: form.elements.namedItem('sku').value,
            category: form.elements.namedItem('category').value,
            default_yield_qty: normalizeTwoDecimalQuantity(form.elements.namedItem('default_yield_qty').value, '1.00'),
            default_yield_unit_id: form.elements.namedItem('default_yield_unit_id').value
        }, form.elements.namedItem('id').value ? 'Product updated.' : 'Product saved.', async () => {
            const savedProductId = Number(form.elements.namedItem('id').value || 0);
            await loadProducts(true);
            await loadRecipes(true);
            if (savedProductId > 0) {
                const savedRow = state.products.find((row) => Number(row.id) === savedProductId);
                if (savedRow) {
                    editProduct(savedRow);
                    return;
                }
            }
            resetProductForm();
        });
    });

    $('#ingredient-form').addEventListener('submit', async (event) => {
        event.preventDefault();
        const form = event.currentTarget;
        await submitJson(api.ingredients, {
            id: form.elements.namedItem('id').value,
            is_active: form.elements.namedItem('is_active').value,
            name: form.elements.namedItem('name').value,
            sku: form.elements.namedItem('sku').value,
            default_unit_id: form.elements.namedItem('default_unit_id').value,
            pack_label: form.elements.namedItem('pack_label').value,
            pack_qty: form.elements.namedItem('pack_qty').value,
            pack_unit_id: form.elements.namedItem('pack_unit_id').value
        }, form.elements.namedItem('id').value ? 'Ingredient updated.' : 'Ingredient saved.', async () => {
            resetIngredientForm();
            await loadIngredients(true);
            await loadRecipes(true);
        });
    });

    $('#product-target-form')?.addEventListener('submit', async (event) => {
        event.preventDefault();
        const form = event.currentTarget;
        await submitJson(api.productTargets, {
            id: form.elements.namedItem('id').value,
            is_active: form.elements.namedItem('is_active').value,
            branch_id: form.elements.namedItem('branch_id').value,
            product_id: form.elements.namedItem('product_id').value,
            daily_qty: normalizeTwoDecimalQuantity(form.elements.namedItem('daily_qty').value, '1.00'),
            unit_id: form.elements.namedItem('unit_id').value
        }, form.elements.namedItem('id').value ? 'Branch target updated.' : 'Branch target saved.', async () => {
            state.productTargetBranchId = Number(form.elements.namedItem('branch_id').value || 0);
            resetProductTargetForm();
            await loadProductTargets(true);
            await loadDrProjection(true);
        });
    });

    $('#branch-cancel').addEventListener('click', resetBranchForm);
    $('#product-add').addEventListener('click', () => {
        resetProductForm();
        productForm.elements.namedItem('name').focus();
    });
    $('#product-cancel').addEventListener('click', resetProductForm);
    deleteConfirmCancel?.addEventListener('click', () => {
        closeDeleteConfirm(false);
    });
    deleteConfirmSubmit?.addEventListener('click', () => {
        closeDeleteConfirm(true);
    });
    deleteConfirm?.addEventListener('click', (event) => {
        if (event.target === deleteConfirm) {
            closeDeleteConfirm(false);
        }
    });
    document.addEventListener('keydown', (event) => {
        if (event.key === 'Escape' && deleteConfirm && !deleteConfirm.hidden) {
            event.preventDefault();
            closeDeleteConfirm(false);
        }
    });
    $('#products-select-visible')?.addEventListener('click', () => {
        productDeleteEligibleRows().forEach((row) => {
            const rowId = Number(row.id);
            if (Number.isFinite(rowId) && rowId > 0) {
                state.selectedProductIds.add(rowId);
            }
        });
        renderCatalogTables();
    });
    $('#products-clear-selection')?.addEventListener('click', () => {
        state.selectedProductIds.clear();
        renderCatalogTables();
    });
    $('#products-delete-selected')?.addEventListener('click', async () => {
        await deleteProductsByIds(Array.from(state.selectedProductIds));
    });
    $('#products-select-all')?.addEventListener('change', (event) => {
        const checked = event.currentTarget.checked;
        productDeleteEligibleRows().forEach((row) => {
            const rowId = Number(row.id);
            if (!Number.isFinite(rowId) || rowId <= 0) {
                return;
            }
            if (checked) {
                state.selectedProductIds.add(rowId);
            } else {
                state.selectedProductIds.delete(rowId);
            }
        });
        renderCatalogTables();
    });
    $('#products-table')?.addEventListener('change', (event) => {
        const checkbox = event.target.closest('[data-product-select]');
        if (!checkbox) {
            return;
        }

        const rowId = Number(checkbox.getAttribute('data-product-select') || '0');
        if (!Number.isFinite(rowId) || rowId <= 0) {
            return;
        }

        if (checkbox.checked) {
            state.selectedProductIds.add(rowId);
        } else {
            state.selectedProductIds.delete(rowId);
        }
        syncProductSelectionControls(filteredProductRows());
    });
    document.querySelectorAll('[data-product-view]').forEach((button) => {
        button.addEventListener('click', () => {
            const nextView = button.getAttribute('data-product-view') === 'archived' ? 'archived' : 'active';
            if (state.productListView === nextView) {
                return;
            }

            state.productListView = nextView;
            state.selectedProductIds.clear();
            if (state.activeProductId > 0) {
                const activeProduct = state.products.find((row) => Number(row.id) === Number(state.activeProductId));
                if (activeProduct && ((nextView === 'archived') !== (Number(activeProduct.is_active) === 0))) {
                    resetProductForm();
                    return;
                }
            }
            renderCatalogTables();
        });
    });
    $('#ingredient-add').addEventListener('click', () => {
        resetIngredientForm();
        ingredientForm.elements.namedItem('name').focus();
    });
    $('#ingredient-cancel').addEventListener('click', resetIngredientForm);
    $('#product-target-add')?.addEventListener('click', () => {
        resetProductTargetForm();
        productTargetForm?.elements.namedItem('product_id')?.focus();
    });
    $('#product-target-cancel')?.addEventListener('click', resetProductTargetForm);
    document.querySelectorAll('[data-ingredient-view]').forEach((button) => {
        button.addEventListener('click', () => {
            const nextView = button.getAttribute('data-ingredient-view') === 'archived' ? 'archived' : 'active';
            if (state.ingredientListView === nextView) {
                return;
            }

            state.ingredientListView = nextView;
            state.selectedIngredientIds.clear();
            renderCatalogTables();
        });
    });
    $('#ingredients-select-visible')?.addEventListener('click', () => {
        ingredientDeleteEligibleRows().forEach((row) => {
            const rowId = Number(row.id);
            if (Number.isFinite(rowId) && rowId > 0) {
                state.selectedIngredientIds.add(rowId);
            }
        });
        renderCatalogTables();
    });
    $('#ingredients-clear-selection')?.addEventListener('click', () => {
        state.selectedIngredientIds.clear();
        renderCatalogTables();
    });
    $('#ingredients-delete-selected')?.addEventListener('click', async () => {
        await deleteIngredientsByIds(Array.from(state.selectedIngredientIds));
    });
    $('#ingredients-select-all')?.addEventListener('change', (event) => {
        const checked = event.currentTarget.checked;
        ingredientDeleteEligibleRows().forEach((row) => {
            const rowId = Number(row.id);
            if (!Number.isFinite(rowId) || rowId <= 0) {
                return;
            }
            if (checked) {
                state.selectedIngredientIds.add(rowId);
            } else {
                state.selectedIngredientIds.delete(rowId);
            }
        });
        renderCatalogTables();
    });
    $('#ingredients-table')?.addEventListener('change', (event) => {
        const checkbox = event.target.closest('[data-ingredient-select]');
        if (!checkbox) {
            return;
        }

        const rowId = Number(checkbox.getAttribute('data-ingredient-select') || '0');
        if (!Number.isFinite(rowId) || rowId <= 0) {
            return;
        }

        if (checkbox.checked) {
            state.selectedIngredientIds.add(rowId);
        } else {
            state.selectedIngredientIds.delete(rowId);
        }
        syncIngredientSelectionControls(filteredIngredientRows());
    });
    $('#product-target-branch')?.addEventListener('change', (event) => {
        state.productTargetBranchId = Number(event.currentTarget.value || '0');
        renderProductTargetsTable();
    });
    $('#product-target-product')?.addEventListener('change', () => {
        syncProductTargetUnitOptions('');
    });
    $('#ingredient-unit')?.addEventListener('change', () => {
        syncIngredientPackUnitOptions('');
    });
    $('#recipe-cancel').addEventListener('click', resetRecipeForm);

    $('#recipe-form').addEventListener('submit', async (event) => {
        event.preventDefault();
        const form = event.currentTarget;
        await submitJson(api.recipes, {
            product_id: form.product_id.value,
            ingredient_id: form.ingredient_id.value,
            unit_id: form.unit_id.value,
            qty: normalizeTwoDecimalQuantity(form.qty.value, '1.00'),
            notes: form.notes.value
        }, form.dataset.recipeId ? 'Recipe line updated.' : 'Recipe line saved.', async () => {
            resetRecipeForm();
            await loadRecipes(true);
            await loadProducts(true);
        });
    });

    $('#delivery-sheet-filter').addEventListener('input', filterDeliverySheet);
    ['#branches-filter'].forEach((selector) => {
        const input = $(selector);
        if (input) {
            input.addEventListener('input', renderBranchTables);
        }
    });
    ['#recipes-filter', '#ingredients-filter', '#production-products-filter'].forEach((selector) => {
        const input = $(selector);
        if (input) {
            input.addEventListener('input', renderCatalogTables);
        }
    });
    ['#product-target-filter'].forEach((selector) => {
        const input = $(selector);
        if (input) {
            input.addEventListener('input', renderProductTargetsTable);
        }
    });
    ['#deliveries-filter', '#production-filter'].forEach((selector) => {
        const input = $(selector);
        if (input) {
            input.addEventListener('input', renderOperationalTables);
        }
    });
    ['#usage-filter', '#inventory-filter'].forEach((selector) => {
        const input = $(selector);
        if (input) {
            input.addEventListener('input', renderUsage);
        }
    });
    ['#dr-projection-ingredients-filter', '#dr-projection-products-filter'].forEach((selector) => {
        const input = $(selector);
        if (input) {
            input.addEventListener('input', renderDrProjectionTables);
        }
    });
    $('#delivery-sheet-clear').addEventListener('click', () => {
        clearDeliverySheetValues();
        showBanner('Daily delivery sheet cleared.', true);
    });
    $('#delivery-csv-template').addEventListener('click', downloadDeliveryCsvTemplate);
    deliveryCsvFile.addEventListener('change', async (event) => {
        const file = event.currentTarget.files && event.currentTarget.files[0];
        if (!file) {
            return;
        }

        try {
            const text = await file.text();
            importDeliveryCsv(text);
        } catch (error) {
            showBanner(error.message || 'Unable to import CSV.', false);
        }
    });

    $('#delivery-form').addEventListener('submit', async (event) => {
        event.preventDefault();
        const form = event.currentTarget;
        const items = collectDeliveryItems();
        if (!items.length) {
            showBanner('Enter at least one received quantity or import a CSV before saving.', false);
            return;
        }

        const preservedBranch = form.branch_id.value;
        const preservedDeliveredAt = form.delivered_at.value;
        const preservedCoverageDays = form.coverage_days.value;
        const preservedReceivedBy = form.received_by.value;
        const preservedSourceType = form.source_type.value;
        const preservedSourceName = form.source_name.value;
        await submitJson(api.deliveries, {
            branch_id: form.branch_id.value,
            delivered_at: form.delivered_at.value,
            coverage_days: form.coverage_days.value,
            reference: form.reference.value,
            source_type: form.source_type.value,
            source_name: form.source_name.value,
            received_by: form.received_by.value,
            notes: form.notes.value,
            items: items
        }, 'Delivery saved.', async () => {
            form.reference.value = '';
            form.notes.value = '';
            form.branch_id.value = preservedBranch;
            form.delivered_at.value = preservedDeliveredAt || nowLocalDate();
            form.coverage_days.value = preservedCoverageDays || String(defaultDrCoverageDays || 1);
            form.received_by.value = preservedReceivedBy;
            form.source_type.value = preservedSourceType || 'commissary';
            form.source_name.value = preservedSourceName;
            syncDeliverySourceField();
            clearDeliverySheetValues();
            await loadDeliveries(true);
            await loadUsage();
            await loadDrProjection(true);
        });
    });
    $('#deliveries-select-visible')?.addEventListener('click', () => {
        filteredDeliveryRows().forEach((row) => {
            const rowId = Number(row.id);
            if (Number.isFinite(rowId) && rowId > 0) {
                state.selectedDeliveryIds.add(rowId);
            }
        });
        renderOperationalTables();
    });
    $('#deliveries-clear-selection')?.addEventListener('click', () => {
        state.selectedDeliveryIds.clear();
        renderOperationalTables();
    });
    $('#deliveries-delete-selected')?.addEventListener('click', async () => {
        await deleteDeliveriesByIds(Array.from(state.selectedDeliveryIds));
    });
    $('#deliveries-select-all')?.addEventListener('change', (event) => {
        const checked = event.currentTarget.checked;
        filteredDeliveryRows().forEach((row) => {
            const rowId = Number(row.id);
            if (!Number.isFinite(rowId) || rowId <= 0) {
                return;
            }
            if (checked) {
                state.selectedDeliveryIds.add(rowId);
            } else {
                state.selectedDeliveryIds.delete(rowId);
            }
        });
        renderOperationalTables();
    });
    $('#deliveries-table')?.addEventListener('change', (event) => {
        const checkbox = event.target.closest('[data-delivery-select]');
        if (!checkbox) {
            return;
        }

        const rowId = Number(checkbox.getAttribute('data-delivery-select') || '0');
        if (!Number.isFinite(rowId) || rowId <= 0) {
            return;
        }

        if (checkbox.checked) {
            state.selectedDeliveryIds.add(rowId);
        } else {
            state.selectedDeliveryIds.delete(rowId);
        }
        syncDeliverySelectionControls(filteredDeliveryRows());
    });

    $('#production-products-table').addEventListener('click', (event) => {
        const qtyInput = event.target.closest('[data-production-qty-input]');
        if (qtyInput) {
            return;
        }

        const rowElement = event.target.closest('tr[data-row-kind="production-product"]');
        if (!rowElement) {
            return;
        }

        const row = state.products.find((item) => Number(item.id) === Number(rowElement.getAttribute('data-row-id') || '0') && Number(item.is_active) !== 0);
        if (!row) {
            showBanner('Selected product could not be found.', false);
            return;
        }

        focusProductionDraftInput(row);
    });

    $('#production-products-table').addEventListener('input', (event) => {
        const qtyInput = event.target.closest('[data-production-qty-input]');
        if (!(qtyInput instanceof HTMLInputElement)) {
            return;
        }

        const productId = Number(qtyInput.getAttribute('data-production-qty-input') || '0');
        if (!Number.isFinite(productId) || productId <= 0) {
            return;
        }

        const rawValue = String(qtyInput.value || '').trim();
        const numericValue = Number.parseFloat(rawValue);
        if (rawValue === '' || !Number.isFinite(numericValue) || numericValue <= 0) {
            delete state.productionDraftQuantities[String(productId)];
        } else {
            state.productionDraftQuantities[String(productId)] = rawValue;
        }

        syncProductionProductSelection();
    });

    $('#production-products-table').addEventListener('change', async (event) => {
        const qtyInput = event.target.closest('[data-production-qty-input]');
        if (!(qtyInput instanceof HTMLInputElement)) {
            return;
        }

        const productId = Number(qtyInput.getAttribute('data-production-qty-input') || '0');
        if (!Number.isFinite(productId) || productId <= 0) {
            return;
        }

        await autosaveProductionDraft(productId, qtyInput.value, qtyInput);
    });

    $('#production-products-table').addEventListener('keydown', (event) => {
        const qtyInput = event.target.closest('[data-production-qty-input]');
        if (!(qtyInput instanceof HTMLInputElement)) {
            return;
        }

        if (event.key === 'Enter') {
            event.preventDefault();
            qtyInput.blur();
        }
    });

    $('#production-form').addEventListener('submit', async (event) => {
        event.preventDefault();
        const form = event.currentTarget;
        const productionRunId = Number(form.elements.namedItem('id').value || '0');
        if (productionRunId > 0) {
            await submitJson(api.production, {
                id: productionRunId,
                produced_at: form.produced_at.value,
                produced_by: form.produced_by.value,
                notes: form.notes.value
            }, 'Saved entry updated.', async (data) => {
                await loadProduction(true);
                const updatedId = Number((data && data.item && data.item.id) || productionRunId || 0);
                const updatedSavedRow = state.production.find((row) => Number(row.id) === updatedId);
                if (updatedSavedRow) {
                    rememberLastSavedProduction(updatedSavedRow);
                }
                await loadUsage();
                const updatedRow = state.production.find((row) => Number(row.id) === productionRunId);
                if (updatedRow) {
                    editProduction(updatedRow);
                    return;
                }
                resetProductionForm();
            });
            return;
        }

        showBanner('Enter the amount made in the item list. Each row saves when you leave the box.', false);
    });

    if (permissionsForm && canManageSettings) {
        permissionsForm.addEventListener('submit', async (event) => {
            event.preventDefault();
            await submitJson(api.permissionsSettings, {
                role_permissions: {
                    supervisor: [
                        permissionsForm.elements.namedItem('supervisor_read').checked ? 'bakeshop.read' : '',
                        permissionsForm.elements.namedItem('supervisor_manage').checked ? 'bakeshop.manage' : ''
                    ].filter(Boolean)
                }
            }, 'Access settings updated.');
        });
    }

    $('#usage-form').addEventListener('submit', async (event) => {
        event.preventDefault();
        try {
            await ensureTabData('usage', { force: true });
            showBanner('Usage summary refreshed.', true);
        } catch (error) {
            showBanner(error.message || 'Unable to load usage summary.', false);
        }
    });

    $('#bakeshop-refresh').addEventListener('click', async () => {
        try {
            await ensureTabData(window.location.hash.slice(1) || defaultTab, { force: true });
            showBanner('The current work area has been refreshed.', true);
        } catch (error) {
            showBanner(error.message || 'Unable to refresh data.', false);
        }
    });

    ['#usage-branch', '#usage-from', '#usage-to', '#usage-horizon-days', '#summary-branch-filter', '#summary-from-filter', '#summary-to-filter'].forEach((selector) => {
        $(selector).addEventListener('change', () => {
            if (selector.startsWith('#summary-')) {
                syncReportScopeInputs('summary');
            }
            syncPrintLink();
        });
    });

    bindMaintenanceActions('#branches-table');
    bindMaintenanceActions('#products-table');
    bindMaintenanceActions('#ingredients-table');
    $('#product-targets-table')?.addEventListener('click', async (event) => {
        const button = event.target.closest('[data-action]');
        if (!button) {
            return;
        }

        const row = findStateRow('product-target', button.getAttribute('data-id') || '0');
        if (!row) {
            showBanner('Selected branch target could not be found.', false);
            return;
        }

        if (button.getAttribute('data-action') === 'edit-product-target') {
            if (!canManageWorkspace) {
                showBanner('This work area is read only for your role.', false);
                return;
            }

            editProductTarget(row);
            clearBanner();
            return;
        }

        if (button.getAttribute('data-action') === 'delete-product-target') {
            if (!canManageWorkspace) {
                showBanner('This work area is read only for your role.', false);
                return;
            }

            await deleteProductTarget(row);
        }
    });
    $('#recipes-table').addEventListener('click', async (event) => {
        const button = event.target.closest('[data-action]');
        if (!button) {
            return;
        }

        if (!canManageWorkspace) {
            showBanner('This work area is read only for your role.', false);
            return;
        }

        const row = findStateRow('recipe', button.getAttribute('data-id'));
        if (!row) {
            showBanner('Selected recipe line could not be found.', false);
            return;
        }

        if (button.getAttribute('data-action') === 'edit-recipe') {
            editRecipe(row);
            clearBanner();
            return;
        }

        await deleteRecipe(row);
    });

    $('#deliveries-table').addEventListener('click', async (event) => {
        const detailButton = event.target.closest('[data-action="toggle-delivery-detail"]');
        if (detailButton) {
            const row = findStateRow('delivery', detailButton.getAttribute('data-id'));
            if (!row) {
                showBanner('Selected delivery could not be found.', false);
                return;
            }

            const rowId = Number(row.id || 0);
            state.expandedDeliveryId = Number(state.expandedDeliveryId || 0) === rowId ? 0 : rowId;
            renderOperationalTables();
            return;
        }

        const button = event.target.closest('[data-action="delete-delivery"]');
        if (!button) {
            return;
        }

        if (!canManageWorkspace) {
            showBanner('This work area is read only for your role.', false);
            return;
        }

        const row = findStateRow('delivery', button.getAttribute('data-id'));
        if (!row) {
            showBanner('Selected delivery could not be found.', false);
            return;
        }

        await deleteDelivery(row);
    });

    $('#production-table').addEventListener('click', async (event) => {
        if (!canManageWorkspace) {
            const readonlyButton = event.target.closest('[data-action="edit-production"], [data-action="void-production"]');
            if (readonlyButton) {
                showBanner('This work area is read only for your role.', false);
            }
            return;
        }

        const editButton = event.target.closest('[data-action="edit-production"]');
        if (editButton) {
            const editRow = findStateRow('production', editButton.getAttribute('data-id'));
            if (!editRow) {
                showBanner('That saved entry could not be found.', false);
                return;
            }

            activateProductionSectionTab('record');
            editProduction(editRow);
            return;
        }

        const button = event.target.closest('[data-action="void-production"]');
        if (!button) {
            return;
        }

        const row = findStateRow('production', button.getAttribute('data-id'));
        if (!row) {
            showBanner('That saved entry could not be found.', false);
            return;
        }

        await voidProductionRun(row);
    });

    $('#delivery-at').value = nowLocalDate();
    $('#delivery-coverage-days').value = String(defaultDrCoverageDays || 1);
    $('#delivery-source-type').value = 'commissary';
    syncDeliverySourceField();
    applyWorkspaceAccessMode();
    syncEditorActionButtons({ cancelSelector: '#branch-cancel', editing: false });
    syncEditorActionButtons({ addSelector: '#product-add', cancelSelector: '#product-cancel', editing: false });
    syncEditorActionButtons({ addSelector: '#ingredient-add', cancelSelector: '#ingredient-cancel', editing: false });
    syncEditorActionButtons({ addSelector: '#product-target-add', cancelSelector: '#product-target-cancel', editing: false });
    syncEditorActionButtons({ cancelSelector: '#recipe-cancel', editing: false });
    syncEditorActionButtons({ cancelSelector: '#production-cancel', editing: false });
    resetProductTargetForm();
    $('#delivery-source-type').addEventListener('change', syncDeliverySourceField);
    deliverySectionTabs.forEach((button) => {
        button.addEventListener('click', () => {
            activateDeliverySectionTab(button.getAttribute('data-delivery-section-tab') || 'receive');
        });
    });
    $('#production-cancel').addEventListener('click', resetProductionForm);
    productionSectionTabs.forEach((button) => {
        button.addEventListener('click', () => {
            activateProductionSectionTab(button.getAttribute('data-production-section-tab') || 'record');
        });
    });
    productionGuardToggle?.addEventListener('click', () => {
        if (productionMetadataEditActive()) {
            showBanner('Testing override is only available while recording a new batch.', false);
            return;
        }

        state.productionGuardOverride = !state.productionGuardOverride;
        syncProductionGuardOverrideControls();
        syncProductionProductSelection();
        renderCatalogTables();
    });
    productionReviewLastSaved?.addEventListener('click', () => {
        activateProductionSectionTab('saved', { scrollToRecent: true });
    });
    productionEditLastSaved?.addEventListener('click', () => {
        const row = state.production.find((item) => Number(item.id) === Number(state.lastSavedProductionId || 0));
        if (!row) {
            showBanner('The last saved entry could not be found. Refresh the list and try again.', false);
            return;
        }

        editProduction(row);
    });
    resetProductionForm();
    resetBranchForm();
    resetProductForm();
    resetIngredientForm();
    resetRecipeForm();
    syncReportScopeInputs('summary');
    syncPrintLink();

    if (searchParams.get('onboarding') === 'bootstrap') {
        showBanner('Bootstrap onboarding is still active. You can review live workspace data here while finishing the staff handoff.', true);
    }

    ensureTabData(window.location.hash.slice(1) || defaultTab).catch((error) => {
        showBanner(error.message || 'Unable to load initial bakeshop data.', false);
    });
});
</script>

                </div>
            </main>
        </div>
    </div>
    
    <script>
    (() => {
        const submenuLinks = Array.from(document.querySelectorAll('[data-workspace-submenu="true"]'));
        if (!submenuLinks.length) {
            return;
        }

        function syncWorkspaceSubmenu() {
            const hash = window.location.hash.replace(/^#/, '');
            submenuLinks.forEach((link) => {
                const serverActive = link.getAttribute('data-server-active') === 'true';
                const shouldBeActive = hash !== ''
                    ? link.getAttribute('data-tab-target') === hash
                    : serverActive;
                link.classList.toggle('active', shouldBeActive);
                if (shouldBeActive) {
                    link.setAttribute('aria-current', 'page');
                } else {
                    link.removeAttribute('aria-current');
                }
            });
        }

        syncWorkspaceSubmenu();
        window.addEventListener('hashchange', syncWorkspaceSubmenu);
    })();
    </script>
    
    
</body>
</html>
    • shell sidebar renders configured logo: <!DOCTYPE html>
<html lang="en">
<head>
    <meta charset="UTF-8">
    <meta name="viewport" content="width=device-width, initial-scale=1.0">
    <title>Bakeshop Operations</title>
    <link rel="icon" href="/uploads/bakeshop/north-oven.png">
    <link rel="preconnect" href="https://fonts.googleapis.com">
    <link rel="preconnect" href="https://fonts.gstatic.com" crossorigin>
    <link href="https://fonts.googleapis.com/css2?family=Inter:wght@400;500;600;700;800&display=swap" rel="stylesheet">
    <style>
        :root {
            --page-bg: linear-gradient(180deg, #eef5ff 0%, #e0ecff 48%, #d6e6ff 100%);
            --surface-color: rgba(248, 251, 255, 0.98);
            --surface-strong: #ffffff;
            --surface-soft: #edf4ff;
            --border-color: #c8d7f2;
            --sidebar-bg: linear-gradient(180deg, #153b7a 0%, #0f2851 100%);
            --sidebar-border: rgba(255, 255, 255, 0.08);
            --sidebar-text: rgba(239, 246, 255, 0.84);
            --sidebar-text-strong: #f8fbff;
            --accent: #2563eb;
            --accent-strong: #1d4ed8;
            --accent-soft: rgba(37, 99, 235, 0.14);
            --text-color: #111827;
            --text-muted: #374151;
            --shadow-lg: 0 24px 60px rgba(30, 64, 175, 0.12);
            --shadow-sm: 0 12px 26px rgba(30, 64, 175, 0.08);
            --font-body: 'Inter', system-ui, -apple-system, BlinkMacSystemFont, 'Segoe UI', sans-serif;
            --font-size-h2: clamp(1.6rem, 2vw, 2rem);
            --radius-card: 14px;
            --radius-control: 10px;
        }

        * { box-sizing: border-box; }
        html, body { margin: 0; min-height: 100%; }
        body {
            font-family: var(--font-body);
            color: var(--text-color);
            background: var(--page-bg);
        }

        a { color: inherit; }
        button, input, select, textarea { font: inherit; }

        .bakeshop-sidebar-toggle {
            position: absolute;
            opacity: 0;
            pointer-events: none;
        }

        .bakeshop-mobile-overlay,
        .bakeshop-mobile-nav-button,
        .bakeshop-sidebar-close {
            display: none;
        }

        .bakeshop-admin-shell {
            min-height: 100vh;
            display: grid;
            grid-template-columns: minmax(238px, 272px) minmax(0, 1fr);
        }

        .sidebar {
            background: var(--sidebar-bg);
            color: var(--sidebar-text);
            padding: 24px 18px 20px;
            display: grid;
            gap: 22px;
            align-content: start;
            border-right: 1px solid var(--sidebar-border);
            position: sticky;
            top: 0;
            min-height: 100vh;
            overflow-y: auto;
        }

        .bakeshop-sidebar-close {
            align-items: center;
            justify-content: center;
            align-self: flex-end;
            border-radius: 999px;
            border: 1px solid rgba(255, 255, 255, 0.16);
            padding: 8px 12px;
            font-size: 0.8rem;
            font-weight: 700;
            letter-spacing: 0.04em;
            text-transform: uppercase;
            color: var(--sidebar-text-strong);
            background: rgba(255, 255, 255, 0.08);
            cursor: pointer;
        }

        .bakeshop-brand {
            display: grid;
            grid-template-columns: auto minmax(0, 1fr);
            align-items: start;
            gap: 10px;
            padding: 6px 10px 0;
        }

        .bakeshop-brand-mark {
            width: 52px;
            height: 52px;
            border-radius: var(--radius-card);
            background: linear-gradient(145deg, rgba(96, 165, 250, 0.24), rgba(37, 99, 235, 0.38));
            display: inline-flex;
            align-items: center;
            justify-content: center;
            font-family: var(--font-body);
            font-weight: 800;
            font-size: 1.45rem;
            color: var(--sidebar-text-strong);
            border: 1px solid rgba(255, 255, 255, 0.08);
            box-shadow: inset 0 1px 0 rgba(255, 255, 255, 0.08);
            overflow: hidden;
        }

        .bakeshop-brand-mark img {
            width: 100%;
            height: 100%;
            object-fit: contain;
            display: block;
            padding: 5px;
            background: #ffffff;
        }

        .bakeshop-brand h1 {
            margin: 0;
            font-size: 1.45rem;
            font-weight: 800;
            line-height: 1.05;
            color: var(--sidebar-text-strong);
        }

        .bakeshop-brand p {
            margin: 0;
            font-size: 0.92rem;
            line-height: 1.55;
        }

        .bakeshop-nav {
            display: grid;
            gap: 14px;
        }

        .bakeshop-nav-group {
            display: grid;
            gap: 8px;
        }

        .bakeshop-nav-label {
            padding: 0 10px;
            font-size: 0.72rem;
            font-weight: 700;
            letter-spacing: 0.12em;
            text-transform: uppercase;
            color: rgba(255, 247, 237, 0.5);
        }

        .bakeshop-nav a {
            display: flex;
            align-items: center;
            gap: 12px;
            border-radius: var(--radius-control);
            padding: 13px 14px;
            text-decoration: none;
            color: var(--sidebar-text);
            border: 1px solid transparent;
            background: transparent;
            transition: background-color 0.16s ease, border-color 0.16s ease, transform 0.16s ease;
        }

        .bakeshop-nav a:hover {
            background: rgba(255, 255, 255, 0.06);
            border-color: rgba(255, 255, 255, 0.07);
            transform: translateX(1px);
        }

        .bakeshop-nav a.active {
            background: linear-gradient(145deg, rgba(96, 165, 250, 0.2), rgba(37, 99, 235, 0.22));
            border-color: rgba(147, 197, 253, 0.24);
            color: var(--sidebar-text-strong);
            box-shadow: inset 0 1px 0 rgba(255, 255, 255, 0.05);
        }

        .bakeshop-nav-title {
            display: grid;
            gap: 2px;
        }

        .bakeshop-nav-title strong {
            font-size: 0.93rem;
            font-weight: 600;
            color: inherit;
        }

        .bakeshop-nav-title span {
            font-size: 0.79rem;
            color: inherit;
            opacity: 0.82;
        }

        .bakeshop-nav-submenu {
            display: grid;
            gap: 4px;
            padding-left: 12px;
        }

        .bakeshop-nav-submenu a {
            padding: 9px 12px;
            border-radius: 12px;
            font-size: 0.84rem;
            color: rgba(255, 247, 237, 0.82);
            border-color: transparent;
        }

        .bakeshop-nav-submenu a:hover {
            transform: none;
            background: rgba(255, 255, 255, 0.05);
        }

        .bakeshop-nav-submenu a.active {
            background: rgba(255, 255, 255, 0.12);
            border-color: rgba(147, 197, 253, 0.18);
            color: var(--sidebar-text-strong);
            box-shadow: none;
        }

        .bakeshop-sidebar-card {
            margin-top: auto;
            border-radius: var(--radius-card);
            border: 1px solid rgba(255, 255, 255, 0.08);
            background: rgba(255, 255, 255, 0.05);
            padding: 16px;
            display: grid;
            gap: 10px;
        }

        .bakeshop-sidebar-card h2 {
            margin: 0;
            font-size: 0.98rem;
            color: var(--sidebar-text-strong);
        }

        .bakeshop-sidebar-card p {
            margin: 0;
            font-size: 0.84rem;
            line-height: 1.55;
        }

        .bakeshop-main {
            min-width: 0;
            display: flex;
            flex-direction: column;
        }

        .topbar {
            display: grid;
            grid-template-columns: auto minmax(0, 1fr) auto;
            align-items: start;
            gap: 18px;
            padding: 22px 28px 16px;
        }

        .bakeshop-topbar-actions {
            display: flex;
            align-items: center;
            justify-content: flex-start;
            width: fit-content;
        }

        .bakeshop-topbar-user-tools {
            display: flex;
            align-items: center;
            justify-content: flex-end;
            flex-wrap: wrap;
            gap: 12px;
            min-width: 0;
        }

        .bakeshop-topbar-signout {
            margin: 0;
        }

        .bakeshop-title-stack {
            display: grid;
            gap: 6px;
            min-width: 0;
        }

        .bakeshop-kicker {
            font-size: 0.75rem;
            font-weight: 700;
            letter-spacing: 0.14em;
            text-transform: uppercase;
            color: var(--accent-strong);
        }

        .bakeshop-title-stack h2 {
            margin: 0;
            font-size: clamp(1.5rem, 2.2vw, 2.2rem);
            font-weight: 800;
            line-height: 1.05;
        }

        .bakeshop-title-stack p {
            margin: 0;
            color: var(--text-muted);
            font-size: 0.92rem;
        }

        .bakeshop-user-card {
            border-radius: var(--radius-card);
            padding: 14px 16px;
            background: rgba(255, 252, 247, 0.82);
            border: 1px solid var(--border-color);
            box-shadow: var(--shadow-sm);
            display: grid;
            gap: 4px;
            width: fit-content;
            max-width: min(100%, 32rem);
            min-width: min(220px, 100%);
            justify-self: end;
        }

        .bakeshop-user-card strong { font-size: 0.96rem; }
        .bakeshop-user-card span,
        .bakeshop-user-card small { color: var(--text-muted); }
        .bakeshop-user-card strong,
        .bakeshop-user-card span,
        .bakeshop-user-card small {
            overflow-wrap: anywhere;
        }
        .bakeshop-user-role {
            display: inline-flex;
            align-items: center;
            width: fit-content;
            padding: 4px 9px;
            border-radius: 999px;
            background: var(--accent-soft);
            color: var(--accent-strong);
            font-size: 0.72rem;
            font-weight: 700;
            letter-spacing: 0.05em;
            text-transform: uppercase;
        }

        .bakeshop-mobile-nav-button {
            align-items: center;
            justify-content: center;
            gap: 8px;
            width: fit-content;
            min-height: 44px;
            border-radius: 999px;
            padding: 0 16px;
            border: 1px solid rgba(37, 99, 235, 0.18);
            background: rgba(255, 255, 255, 0.92);
            box-shadow: var(--shadow-sm);
            color: var(--accent-strong);
            font-size: 0.9rem;
            font-weight: 700;
            letter-spacing: 0.03em;
            cursor: pointer;
        }

        .bakeshop-content {
            padding: 0 28px 28px;
        }

        .bakeshop-content-inner {
            background: rgba(255, 255, 255, 0.9);
            border: 1px solid rgba(200, 215, 242, 0.85);
            border-radius: 20px;
            padding: 22px;
            box-shadow: var(--shadow-lg);
        }

        .bakeshop-shell-note {
            margin-top: 14px;
            display: inline-flex;
            align-items: center;
            gap: 8px;
            border-radius: 999px;
            padding: 8px 12px;
            background: rgba(219, 234, 254, 0.12);
            border: 1px solid rgba(219, 234, 254, 0.16);
            color: var(--sidebar-text-strong);
            font-size: 0.8rem;
        }

        .bakeshop-onboarding-checklist {
            display: grid;
            gap: 12px;
        }

        .bakeshop-onboarding-step {
            display: grid;
            gap: 10px;
            padding: 14px 16px;
            border-radius: 14px;
            border: 1px solid rgba(180, 83, 9, 0.16);
            background: rgba(255, 255, 255, 0.82);
        }

        .bakeshop-onboarding-step.current {
            border-color: rgba(217, 119, 6, 0.42);
            box-shadow: 0 0 0 2px rgba(245, 158, 11, 0.1);
        }

        .bakeshop-onboarding-step.done {
            border-color: rgba(22, 101, 52, 0.18);
            background: rgba(240, 253, 244, 0.82);
        }

        .bakeshop-onboarding-step-head {
            display: flex;
            align-items: center;
            justify-content: space-between;
            gap: 10px;
            flex-wrap: wrap;
        }

        .bakeshop-onboarding-step h4 {
            margin: 0;
            font-size: 0.95rem;
        }

        .bakeshop-onboarding-step p {
            margin: 0;
            line-height: 1.6;
        }

        .bakeshop-step-status {
            display: inline-flex;
            align-items: center;
            width: fit-content;
            border-radius: 999px;
            padding: 4px 10px;
            font-size: 0.72rem;
            font-weight: 700;
            letter-spacing: 0.05em;
            text-transform: uppercase;
        }

        .bakeshop-step-status.done {
            background: rgba(22, 101, 52, 0.12);
            color: #166534;
        }

        .bakeshop-step-status.current {
            background: rgba(217, 119, 6, 0.12);
            color: #b45309;
        }

        .bakeshop-step-status.pending {
            background: rgba(71, 85, 105, 0.12);
            color: #475569;
        }

        .bakeshop-step-action {
            display: inline-flex;
            align-items: center;
            justify-content: center;
            width: fit-content;
            gap: 8px;
            padding: 9px 14px;
            border-radius: 10px;
            border: 1px solid rgba(180, 83, 9, 0.2);
            background: #ffffff;
            color: #92400e;
            font-weight: 700;
            text-decoration: none;
        }

        .bakeshop-step-action:hover {
            background: #fff7ed;
        }

        .bakeshop-sidebar-link {
            display: inline-flex;
            align-items: center;
            justify-content: center;
            gap: 8px;
            padding: 10px 14px;
            border-radius: 2px;
            border: 1px solid #d1d5db;
            background: #ffffff;
            color: #111827;
            text-decoration: none;
            font-weight: 600;
            cursor: pointer;
            transition: background-color 0.16s ease, border-color 0.16s ease, box-shadow 0.16s ease, transform 0.16s ease;
        }

        .bakeshop-sidebar-inline-form {
            margin: 0;
        }

        .bakeshop-sidebar-link:hover {
            background: #eff6ff;
            border-color: #93c5fd;
            box-shadow: 0 10px 22px rgba(37, 99, 235, 0.12);
            transform: translateY(-1px);
        }

        @media (max-width: 980px) {
            .bakeshop-admin-shell {
                grid-template-columns: 1fr;
            }

            .bakeshop-mobile-overlay {
                display: block;
                position: fixed;
                inset: 0;
                background: rgba(15, 23, 42, 0.52);
                opacity: 0;
                pointer-events: none;
                transition: opacity 0.18s ease;
                z-index: 39;
            }

            .sidebar {
                position: fixed;
                top: 0;
                left: 0;
                bottom: 0;
                width: min(86vw, 320px);
                min-height: 100vh;
                z-index: 40;
                box-shadow: 0 28px 64px rgba(15, 23, 42, 0.3);
                transform: translateX(calc(-100% - 18px));
                transition: transform 0.22s ease;
            }

            .bakeshop-sidebar-close,
            .bakeshop-mobile-nav-button {
                display: inline-flex;
            }

            .bakeshop-sidebar-toggle:checked ~ .bakeshop-mobile-overlay {
                opacity: 1;
                pointer-events: auto;
            }

            .bakeshop-sidebar-toggle:checked ~ .bakeshop-admin-shell .sidebar {
                transform: translateX(0);
            }

            .topbar {
                padding-top: 18px;
                flex-direction: column;
                align-items: flex-start;
                grid-template-columns: 1fr;
            }

            .bakeshop-topbar-actions {
                position: sticky;
                top: 0;
                z-index: 30;
                justify-content: flex-start;
                width: 100%;
                padding: 10px 0 6px;
                background: linear-gradient(180deg, rgba(238, 245, 255, 0.98) 0%, rgba(238, 245, 255, 0.92) 78%, rgba(238, 245, 255, 0) 100%);
            }

            .bakeshop-topbar-user-tools {
                width: 100%;
                justify-content: space-between;
            }

            .bakeshop-user-card {
                width: 100%;
                min-width: 0;
            }
        }

        @media (max-width: 640px) {
            .topbar,
            .bakeshop-content {
                padding-left: 16px;
                padding-right: 16px;
            }

            .bakeshop-content-inner {
                padding: 16px;
                border-radius: 16px;
            }
        }
    </style>
    
<style>
    .bakeshop-shell { display: grid; gap: 24px; }
    .bakeshop-header { display: flex; flex-wrap: wrap; align-items: end; justify-content: space-between; gap: 16px; }
    .bakeshop-header h2 { font-size: var(--font-size-h2); font-weight: 700; margin-bottom: 6px; }
    .bakeshop-header p { color: var(--text-muted); margin: 0; max-width: 56rem; }
    .bakeshop-actions { display: flex; gap: 10px; flex-wrap: wrap; }
    .bakeshop-shell,
    .bakeshop-shell * {
        color: var(--text-color);
    }
    .bakeshop-flow {
        display: grid;
        gap: 14px;
        grid-template-columns: repeat(auto-fit, minmax(180px, 1fr));
    }
    .bakeshop-flow-step {
        border: 1px solid var(--border-color);
        border-radius: 14px;
        background: linear-gradient(180deg, #f7faff 0%, #ffffff 100%);
        padding: 18px;
        box-shadow: 0 10px 24px rgba(37, 99, 235, 0.05);
    }
    .bakeshop-flow-step strong {
        display: inline-flex;
        align-items: center;
        justify-content: center;
        width: 32px;
        height: 32px;
        border-radius: 999px;
        background: var(--accent);
        color: #fff;
        font-size: 0.86rem;
        margin-bottom: 10px;
    }
    .bakeshop-flow-step h3 {
        margin: 0 0 8px;
        font-size: 0.98rem;
    }
    .bakeshop-flow-step p {
        margin: 0;
        color: var(--text-muted);
        font-size: 0.9rem;
        line-height: 1.5;
    }
    .bakeshop-button,
    .bakeshop-shell button,
    .bakeshop-shell input,
    .bakeshop-shell select,
    .bakeshop-shell textarea { font: inherit; }
    .bakeshop-button {
        display: inline-flex;
        align-items: center;
        justify-content: center;
        gap: 8px;
        border-radius: 2px;
        border: 1px solid #1d4ed8;
        background: #2563eb;
        color: #ffffff;
        padding: 10px 16px;
        text-decoration: none;
        font-size: 0.92rem;
        cursor: pointer;
    }
    .bakeshop-button:hover {
        background: #1d4ed8;
    }
    .bakeshop-button.secondary {
        background: #2563eb;
        color: #ffffff;
        border-color: #1d4ed8;
    }
    .bakeshop-button.secondary:hover {
        background: #1d4ed8;
    }
    .bakeshop-button.print {
        background: #6b7280;
        border-color: #6b7280;
        color: #ffffff;
    }
    .bakeshop-button.print:hover {
        background: #4b5563;
    }
    .bakeshop-button.staff {
        background: #eab308;
        border-color: #ca8a04;
        color: #111827;
    }
    .bakeshop-button.staff:hover {
        background: #ca8a04;
        color: #111827;
    }
    .bakeshop-button.refresh {
        background: #f97316;
        border-color: #ea580c;
        color: #ffffff;
    }
    .bakeshop-button.refresh:hover {
        background: #ea580c;
    }
    .bakeshop-button.success {
        background: #16a34a;
        border-color: #15803d;
        color: #ffffff;
    }
    .bakeshop-button.success:hover {
        background: #15803d;
    }
    .bakeshop-button.danger {
        background: #dc2626;
        border-color: #b91c1c;
        color: #ffffff;
    }
    .bakeshop-button.danger:hover {
        background: #b91c1c;
    }
    .bakeshop-button:disabled,
    .bakeshop-button.secondary:disabled,
    .bakeshop-button.print:disabled,
    .bakeshop-button.staff:disabled,
    .bakeshop-button.refresh:disabled,
    .bakeshop-button.success:disabled,
    .bakeshop-button.danger:disabled {
        background: #d1d5db;
        border-color: #cbd5e1;
        color: #6b7280;
        cursor: not-allowed;
        box-shadow: none;
        opacity: 0.72;
        pointer-events: none;
    }
    .bakeshop-button:disabled:hover,
    .bakeshop-button.secondary:disabled:hover,
    .bakeshop-button.print:disabled:hover,
    .bakeshop-button.staff:disabled:hover,
    .bakeshop-button.refresh:disabled:hover,
    .bakeshop-button.success:disabled:hover,
    .bakeshop-button.danger:disabled:hover {
        background: #d1d5db;
        border-color: #cbd5e1;
        color: #6b7280;
    }
    .bakeshop-banner {
        display: none;
        padding: 14px 16px;
        border-radius: 14px;
        border: 1px solid transparent;
        font-size: 0.92rem;
    }
    .bakeshop-banner.show { display: block; }
    .bakeshop-banner.ok { background: #eff6ff; border-color: #bfdbfe; color: #1d4ed8; }
    .bakeshop-banner.error { background: #fff3f2; border-color: #fecaca; color: #991b1b; }
    .bakeshop-readonly-note {
        padding: 14px 16px;
        border-radius: 14px;
        border: 1px solid #fde68a;
        background: #fffbeb;
        color: #92400e;
        line-height: 1.55;
    }
    .bakeshop-onboarding {
        display: grid;
        gap: 10px;
        padding: 16px 18px;
        border-radius: 14px;
        border: 1px solid #f3d7a5;
        background: linear-gradient(135deg, #fff7ed, #fffbeb);
        box-shadow: 0 14px 30px rgba(180, 83, 9, 0.08);
    }
    .bakeshop-onboarding h3 { margin: 0; }
    .bakeshop-onboarding p { margin: 0; color: #7c5a32; line-height: 1.6; }
    .bakeshop-onboarding strong { color: #92400e; }
    .bakeshop-stats { display: grid; gap: 14px; grid-template-columns: repeat(auto-fit, minmax(150px, 1fr)); }
    .bakeshop-stat {
        border: 1px solid var(--border-color);
        border-radius: 14px;
        padding: 18px;
        background: linear-gradient(180deg, #ffffff 0%, #f3f8ff 100%);
    }
    .bakeshop-stat strong { display: block; font-size: 1.7rem; line-height: 1; }
    .bakeshop-stat span { display: block; margin-top: 8px; color: var(--text-muted); font-size: 0.8rem; text-transform: uppercase; letter-spacing: 0.06em; }
    .bakeshop-layout { display: grid; gap: 20px; grid-template-columns: minmax(0, 1fr); }
    .bakeshop-column { display: grid; gap: 20px; align-content: start; }
    .bakeshop-panel {
        border: 1px solid var(--border-color);
        border-radius: 14px;
        background: var(--surface-color, #fff);
        overflow: hidden;
        box-shadow: 0 14px 32px rgba(37, 99, 235, 0.05);
        transition: background 160ms ease, border-color 160ms ease, box-shadow 160ms ease;
    }
    .bakeshop-panel-subdued {
        box-shadow: none;
        border: 1px dashed var(--border-color);
        margin-top: 8px;
    }
    .bakeshop-panel.is-editing {
        border-color: #93c5fd;
        background: linear-gradient(180deg, #f7fbff 0%, #eef6ff 100%);
        box-shadow: 0 18px 40px rgba(37, 99, 235, 0.12);
    }
    .bakeshop-panel.is-editing .bakeshop-panel-head {
        background: linear-gradient(180deg, rgba(219, 234, 254, 0.7) 0%, rgba(239, 246, 255, 0.25) 100%);
    }
    .bakeshop-panel.is-editing .bakeshop-panel-body {
        background: linear-gradient(180deg, rgba(255, 255, 255, 0.55) 0%, rgba(239, 246, 255, 0.85) 100%);
    }
    .bakeshop-panel-head {
        padding: 18px 20px 12px;
        border-bottom: 1px solid color-mix(in srgb, var(--border-color) 85%, transparent);
    }
    .bakeshop-panel-head h3 { margin: 0 0 6px; font-size: 1rem; }
    .bakeshop-panel-head p { margin: 0; color: var(--text-muted); font-size: 0.9rem; }
    .bakeshop-panel-body { padding: 18px 20px 20px; display: grid; gap: 16px; }
    .bakeshop-grid-2 { display: grid; gap: 12px; grid-template-columns: repeat(2, minmax(0, 1fr)); }
    .bakeshop-grid-3 { display: grid; gap: 12px; grid-template-columns: repeat(3, minmax(0, 1fr)); }
    .bakeshop-field { display: grid; gap: 6px; }
    .bakeshop-field label { font-size: 0.78rem; font-weight: 600; text-transform: uppercase; letter-spacing: 0.05em; color: var(--text-muted); }
    .bakeshop-field input,
    .bakeshop-field select,
    .bakeshop-field textarea {
        width: 100%;
        border-radius: 2px;
        border: 1px solid #d1d5db;
        background: #fff;
        color: #111827;
        padding: 11px 12px;
    }
    .bakeshop-field textarea { min-height: 92px; resize: vertical; }
    .bakeshop-form-actions { display: flex; justify-content: space-between; align-items: center; gap: 12px; flex-wrap: wrap; }
    .bakeshop-form-actions.bakeshop-view-tabs { justify-content: flex-start; align-items: center; gap: 14px; }
    .bakeshop-view-tabs .bakeshop-help { margin: 0; }
    .bakeshop-help { font-size: 0.82rem; color: var(--text-muted); }
    .bakeshop-setup-shell { display: grid; gap: 18px; }
    .bakeshop-tabs {
        display: flex;
        gap: 10px;
        flex-wrap: wrap;
        padding: 8px;
        border-radius: 14px;
        background: #eef4ff;
        border: 1px solid #d6e4ff;
    }
    .bakeshop-tab {
        border: 1px solid transparent;
        background: transparent;
        color: #35517a;
        border-radius: 10px;
        padding: 10px 14px;
        font-weight: 600;
        cursor: pointer;
    }
    .bakeshop-tab.active {
        background: #ffffff;
        border-color: #bfd5ff;
        color: var(--accent-strong);
        box-shadow: 0 8px 20px rgba(37, 99, 235, 0.08);
    }
    .bakeshop-tab-panel { display: none; }
    .bakeshop-tab-panel.active { display: block; }
    .bakeshop-section-tabs {
        display: flex;
        gap: 10px;
        flex-wrap: wrap;
        padding: 8px;
        border-radius: 14px;
        background: linear-gradient(180deg, #ecfdf3 0%, #f8fffb 100%);
        border: 1px solid #b7e4c7;
        box-shadow: inset 0 1px 0 rgba(255, 255, 255, 0.8);
    }
    .bakeshop-section-tab {
        border: 1px solid #a7d7b5;
        background: linear-gradient(180deg, #f4fff7 0%, #e8f8ee 100%);
        color: #21543a;
        border-radius: 10px;
        padding: 10px 16px;
        font-weight: 700;
        box-shadow: 0 4px 12px rgba(22, 101, 52, 0.08);
        cursor: pointer;
        transition: transform 120ms ease, box-shadow 120ms ease, background 120ms ease, border-color 120ms ease, color 120ms ease;
    }
    .bakeshop-section-tab:hover,
    .bakeshop-section-tab:focus-visible {
        border-color: #63b37d;
        box-shadow: 0 10px 22px rgba(22, 101, 52, 0.14);
        transform: translateY(-1px);
        outline: none;
    }
    .bakeshop-section-tab.active {
        background: linear-gradient(180deg, #2563eb 0%, #1d4ed8 100%);
        border-color: #1d4ed8;
        color: #ffffff;
        box-shadow: 0 12px 26px rgba(37, 99, 235, 0.24);
    }
    .bakeshop-section-panel { display: none; }
    .bakeshop-section-panel.active { display: grid; gap: 16px; }
    .bakeshop-tab-summary {
        display: grid;
        gap: 6px;
        padding: 0 2px;
    }
    .bakeshop-tab-summary h3 {
        margin: 0;
        font-size: 1.02rem;
    }
    .bakeshop-tab-summary p {
        margin: 0;
        color: var(--text-muted);
        max-width: 58rem;
    }
    .bakeshop-table-wrap { overflow: auto; }
    .bakeshop-table { width: 100%; border-collapse: collapse; font-size: 0.92rem; }
    .bakeshop-table th,
    .bakeshop-table td { padding: 10px 12px; border-bottom: 1px solid var(--border-color); text-align: left; vertical-align: top; }
    .bakeshop-table th { font-size: 0.78rem; text-transform: uppercase; letter-spacing: 0.05em; color: var(--text-muted); }
    .bakeshop-table th.bakeshop-checkbox-cell,
    .bakeshop-table td.bakeshop-checkbox-cell { width: 44px; padding-right: 8px; padding-left: 12px; text-align: center; }
    .bakeshop-table tr:last-child td { border-bottom: none; }
    .bakeshop-table tr.bakeshop-row-selectable { cursor: pointer; }
    .bakeshop-table tr.bakeshop-row-selectable:hover td {
        background: #f8fbff;
    }
    .bakeshop-table-input {
        width: 100%;
        min-width: 110px;
        border-radius: 2px;
        border: 1px solid #d1d5db;
        background: #fff;
        color: #111827;
        padding: 8px 10px;
        font: inherit;
    }
    .bakeshop-table tr.bakeshop-row-focus td {
        background: #fff8db;
        box-shadow: inset 0 0 0 1px rgba(234, 179, 8, 0.22);
    }
    .bakeshop-table tr.bakeshop-row-editing td {
        background: #eef6ff;
        box-shadow: inset 0 0 0 1px rgba(37, 99, 235, 0.18);
    }
    .bakeshop-table tr.bakeshop-row-recent td {
        background: linear-gradient(180deg, rgba(220, 252, 231, 0.95) 0%, rgba(240, 253, 244, 0.75) 100%);
    }
    .bakeshop-muted { color: var(--text-muted); }
    .bakeshop-delivery-sheet input[type="number"] { min-width: 110px; }
    .bakeshop-delivery-sheet tr.is-imported td { background: #effaf4; }
    .bakeshop-inline-note { font-size: 0.82rem; color: var(--text-muted); }
    .bakeshop-inline-note.ok { color: #15803d; }
    .bakeshop-inline-note.error { color: #b91c1c; }
    .bakeshop-review-card {
        display: grid;
        gap: 10px;
        padding: 16px 18px;
        border-radius: 14px;
        border: 1px solid #bbf7d0;
        background: linear-gradient(180deg, #f0fdf4 0%, #ffffff 100%);
    }
    .bakeshop-review-card strong {
        display: block;
        margin-bottom: 4px;
    }
    .bakeshop-review-card p {
        margin: 0;
        color: var(--text-muted);
        line-height: 1.5;
    }
    .bakeshop-detail-stack { display: grid; gap: 6px; }
    .bakeshop-detail-list { display: grid; gap: 4px; margin-top: 2px; }
    .bakeshop-detail-list span { display: block; color: var(--text-muted); font-size: 0.82rem; }
    .bakeshop-row-actions { display: flex; gap: 8px; flex-wrap: wrap; }
    .bakeshop-checkbox {
        width: 16px;
        height: 16px;
        cursor: pointer;
        accent-color: #2563eb;
    }
    .bakeshop-bulk-actions {
        display: flex;
        align-items: center;
        justify-content: space-between;
        gap: 12px;
        flex-wrap: wrap;
    }
    .bakeshop-bulk-actions .bakeshop-help { margin: 0; }
    .bakeshop-inline-tabs {
        display: inline-flex;
        flex-wrap: wrap;
        gap: 8px;
        padding: 8px;
        border-radius: 14px;
        background: linear-gradient(180deg, #ecfdf3 0%, #f8fffb 100%);
        border: 1px solid #b7e4c7;
        box-shadow: inset 0 1px 0 rgba(255, 255, 255, 0.8);
    }
    .bakeshop-inline-tab {
        border: 1px solid #a7d7b5;
        background: linear-gradient(180deg, #f4fff7 0%, #e8f8ee 100%);
        color: #21543a;
        border-radius: 10px;
        padding: 9px 14px;
        font-weight: 700;
        box-shadow: 0 4px 12px rgba(22, 101, 52, 0.08);
        cursor: pointer;
        transition: transform 120ms ease, box-shadow 120ms ease, background 120ms ease, border-color 120ms ease, color 120ms ease;
    }
    .bakeshop-inline-tab:hover,
    .bakeshop-inline-tab:focus-visible {
        border-color: #63b37d;
        box-shadow: 0 10px 22px rgba(22, 101, 52, 0.14);
        transform: translateY(-1px);
        outline: none;
    }
    .bakeshop-inline-tab.active {
        background: linear-gradient(180deg, #2563eb 0%, #1d4ed8 100%);
        border-color: #1d4ed8;
        color: #ffffff;
        box-shadow: 0 12px 26px rgba(37, 99, 235, 0.24);
    }
    .bakeshop-inline-tab-count {
        color: var(--text-muted);
        font-weight: 500;
        margin-left: 6px;
    }
    .bakeshop-inline-tab.active .bakeshop-inline-tab-count {
        color: rgba(255, 255, 255, 0.88);
    }
    body.bakeshop-confirm-open { overflow: hidden; }
    .bakeshop-confirm-backdrop {
        position: fixed;
        inset: 0;
        z-index: 80;
        display: grid;
        place-items: center;
        padding: 24px;
        background: rgba(15, 23, 42, 0.46);
    }
    .bakeshop-confirm-backdrop[hidden] {
        display: none;
    }
    .bakeshop-confirm-panel {
        width: min(100%, 560px);
        display: grid;
        gap: 16px;
        border-radius: 16px;
        border: 1px solid rgba(248, 113, 113, 0.35);
        background: #ffffff;
        box-shadow: 0 28px 70px rgba(15, 23, 42, 0.28);
        padding: 22px;
    }
    .bakeshop-confirm-panel h3 {
        margin: 0;
        font-size: 1.08rem;
    }
    .bakeshop-confirm-panel p {
        margin: 0;
        color: var(--text-muted);
        line-height: 1.55;
    }
    .bakeshop-confirm-impact {
        padding: 10px 12px;
        border-radius: 12px;
        background: #fff7ed;
        border: 1px solid #fed7aa;
        color: #9a3412;
        font-size: 0.86rem;
    }
    .bakeshop-confirm-list {
        margin: 0;
        padding: 0;
        list-style: none;
        display: grid;
        gap: 8px;
    }
    .bakeshop-confirm-list li {
        padding: 10px 12px;
        border-radius: 12px;
        border: 1px solid var(--border-color);
        background: #f8fafc;
        color: #0f172a;
        font-size: 0.9rem;
    }
    .bakeshop-confirm-overflow {
        font-size: 0.84rem;
        color: var(--text-muted);
    }
    .bakeshop-link-button {
        border: none;
        background: transparent;
        color: var(--accent-strong);
        cursor: pointer;
        padding: 0;
        font: inherit;
    }
    .bakeshop-link-button.warn { color: #b91c1c; }
    .bakeshop-chip {
        display: inline-flex;
        align-items: center;
        padding: 4px 9px;
        border-radius: 999px;
        font-size: 0.74rem;
        font-weight: 600;
        letter-spacing: 0.04em;
        text-transform: uppercase;
    }
    .bakeshop-chip.active { background: #eff6ff; color: #1d4ed8; }
    .bakeshop-chip.inactive { background: #eef2f7; color: #51627b; }
    .bakeshop-chip.recent { background: #dcfce7; color: #166534; }
    .bakeshop-focus-note {
        padding: 10px 12px;
        border-radius: 12px;
        background: #fff8db;
        color: #854d0e;
        font-size: 0.85rem;
    }
    .bakeshop-summary-meta { display: grid; gap: 12px; grid-template-columns: repeat(auto-fit, minmax(160px, 1fr)); }
    .bakeshop-summary-meta div { border: 1px solid var(--border-color); border-radius: 12px; padding: 12px; background: #fff; }
    .bakeshop-summary-note {
        padding: 12px 14px;
        border: 1px solid var(--border-color);
        border-radius: 12px;
        background: #fff;
        color: var(--text-muted);
        line-height: 1.55;
    }
    .bakeshop-summary-groups { display: grid; gap: 16px; }
    .bakeshop-summary-group {
        border: 1px solid var(--border-color);
        border-radius: 12px;
        background: #fff;
        overflow: hidden;
    }
    .bakeshop-summary-group-head {
        padding: 14px 16px 10px;
        border-bottom: 1px solid var(--border-color);
        display: grid;
        gap: 4px;
    }
    .bakeshop-summary-group-head h4 {
        margin: 0;
        font-size: 1rem;
    }
    .bakeshop-summary-group-head p {
        margin: 0;
        color: var(--text-muted);
        font-size: 0.88rem;
    }
    .bakeshop-summary-ingredient strong {
        display: block;
    }
    .bakeshop-summary-ingredient span {
        color: var(--text-muted);
        font-size: 0.84rem;
    }
    .bakeshop-summary-meta p { margin: 6px 0 0; color: var(--text-muted); }
    .bakeshop-empty {
        padding: 18px;
        border: 1px dashed var(--border-color);
        border-radius: 12px;
        color: var(--text-muted);
        background: #fff;
    }
    @media (max-width: 1100px) {
        .bakeshop-layout { grid-template-columns: 1fr; }
    }
    @media (max-width: 760px) {
        .bakeshop-tabs { display: grid; grid-template-columns: 1fr; }
        .bakeshop-grid-2,
        .bakeshop-grid-3,
        .bakeshop-delivery-line { grid-template-columns: 1fr; }
    }
</style>

</head>
<body>
    <input class="bakeshop-sidebar-toggle" type="checkbox" id="bakeshop-sidebar-toggle" aria-hidden="true">
    <label class="bakeshop-mobile-overlay" for="bakeshop-sidebar-toggle" aria-hidden="true"></label>
    <div class="bakeshop-admin-shell">
        <aside class="sidebar">
            <label class="bakeshop-sidebar-close" for="bakeshop-sidebar-toggle">Close</label>
            <div class="bakeshop-brand">
                <div class="bakeshop-brand-mark"><img src="/uploads/bakeshop/north-oven.png" alt="North Oven Bakery logo"></div>
                <div>
                    <h1>North Oven Bakery</h1>
                    <p>Projection printouts for branch planning.</p>
                </div>
            </div>

            <nav class="bakeshop-nav">
                <div class="bakeshop-nav-group">
                    <div class="bakeshop-nav-label">Daily Work</div>
                    <a href="http://cmsnew.testtests/bakeshop_supervisor_settings_panel_test.php/admin/bakeshop" class="active">
                        <span class="bakeshop-nav-title">
                            <strong>Operations Workspace</strong>
                            <span>Overview plus focused views for branches, products, ingredients, deliveries, production, and usage</span>
                        </span>
                    </a>
                    
                    <div class="bakeshop-nav-submenu" aria-label="Focused work areas">
                        <a href="http://cmsnew.testtests/bakeshop_supervisor_settings_panel_test.php/admin/bakeshop?view=workspace#branches" class="" data-workspace-submenu="true" data-tab-target="branches" data-server-active="false">Branches</a>
                        <a href="http://cmsnew.testtests/bakeshop_supervisor_settings_panel_test.php/admin/bakeshop?view=workspace#catalog" class="" data-workspace-submenu="true" data-tab-target="catalog" data-server-active="false">Products</a>
                        <a href="http://cmsnew.testtests/bakeshop_supervisor_settings_panel_test.php/admin/bakeshop?view=workspace#ingredients" class="" data-workspace-submenu="true" data-tab-target="ingredients" data-server-active="false">Ingredients</a>
                        <a href="http://cmsnew.testtests/bakeshop_supervisor_settings_panel_test.php/admin/bakeshop?view=workspace#deliveries" class="" data-workspace-submenu="true" data-tab-target="deliveries" data-server-active="false">Ingredient Deliveries</a>
                        <a href="http://cmsnew.testtests/bakeshop_supervisor_settings_panel_test.php/admin/bakeshop?view=workspace#production" class="" data-workspace-submenu="true" data-tab-target="production" data-server-active="false">Production Runs</a>
                        <a href="http://cmsnew.testtests/bakeshop_supervisor_settings_panel_test.php/admin/bakeshop?view=workspace#usage" class="" data-workspace-submenu="true" data-tab-target="usage" data-server-active="false">Usage Summary</a>
                    </div>
                    
                </div>

                <div class="bakeshop-nav-group">
                    <div class="bakeshop-nav-label">Reports</div>
                    <a href="http://cmsnew.testtests/bakeshop_supervisor_settings_panel_test.php/admin/bakeshop/print" target="_blank" rel="noopener">
                        <span class="bakeshop-nav-title">
                            <strong>Print Summary</strong>
                            <span>Open the clean branch usage report</span>
                        </span>
                    </a>
                </div>

                <div class="bakeshop-nav-group">
                    <div class="bakeshop-nav-label">Administration</div>
                    
                    <a href="http://cmsnew.testtests/bakeshop_supervisor_settings_panel_test.php/admin/bakeshop/history" class="">
                        <span class="bakeshop-nav-title">
                            <strong>Activity History</strong>
                            <span>Changes to staff, settings, and operations</span>
                        </span>
                    </a>
                    
                    
                    <a href="http://cmsnew.testtests/bakeshop_supervisor_settings_panel_test.php/admin/bakeshop/users" class="">
                        <span class="bakeshop-nav-title">
                            <strong>Staff</strong>
                            <span>Admins, supervisors, onboarding</span>
                        </span>
                    </a>
                    
                    
                    <a href="http://cmsnew.testtests/bakeshop_supervisor_settings_panel_test.php/admin/bakeshop/settings" class="">
                        <span class="bakeshop-nav-title">
                            <strong>Settings</strong>
                            <span>Access rules and module defaults</span>
                        </span>
                    </a>
                    
                </div>

                <div class="bakeshop-nav-group">
                    <div class="bakeshop-nav-label">Account</div>
                    <a href="http://cmsnew.testtests/bakeshop_supervisor_settings_panel_test.php/admin/bakeshop/account" class="">
                        <span class="bakeshop-nav-title">
                            <strong>My Account</strong>
                            <span>Password and account details</span>
                        </span>
                    </a>
                </div>
            </nav>

            <div class="bakeshop-sidebar-card">
                <h2>Recommended Order</h2>
                <p>Open the operations workspace once, then move across the tabs in order: branches, ingredients, products, deliveries, production, and usage review.</p>
                
            </div>
        </aside>

        <div class="bakeshop-main">
            <header class="topbar">
                <div class="bakeshop-topbar-actions">
                    <label class="bakeshop-mobile-nav-button" for="bakeshop-sidebar-toggle">Menu</label>
                </div>
                <div class="bakeshop-title-stack">
                    <span class="bakeshop-kicker">Bakeshop Module</span>
                    <h2 id="bakeshop-page-title">Bakeshop Operations</h2>
                    <p id="bakeshop-page-intro">One operations workspace for branch setup, ingredients, products, deliveries, production, and usage. The sections below are grouped so non-technical staff can work in the order they actually do the day.</p>
                </div>

                <div class="bakeshop-topbar-user-tools">
                    <div class="bakeshop-user-card">
                        <strong>Administrator</strong>
                        <span>test-debug@example.com</span>
                        <span class="bakeshop-user-role">admin</span>
                    </div>
                    <form class="bakeshop-topbar-signout" method="post" action="http://cmsnew.testtests/bakeshop_supervisor_settings_panel_test.php/bakeshop/logout">
                        <input type="hidden" name="_token" value="7de2463e22f2cc74fd547e2d1a0160e3e8769de21ab0ab258c06b084db96271b">
                        <button class="bakeshop-sidebar-link" type="submit">Sign Out</button>
                    </form>
                </div>
            </header>

            <main class="bakeshop-content">
                <div class="bakeshop-content-inner">
                    
<div class="bakeshop-shell">
    <div class="bakeshop-header" style="justify-content:flex-end;">
        <div class="bakeshop-actions">
            
            <a class="bakeshop-button staff" href="http://cmsnew.testtests/bakeshop_supervisor_settings_panel_test.php/admin/bakeshop/users">Manage Staff</a>
            
            <a class="bakeshop-button print" id="bakeshop-print-link" href="http://cmsnew.testtests/bakeshop_supervisor_settings_panel_test.php/admin/bakeshop/print" target="_blank" rel="noopener">Open Print Summary</a>
            <button class="bakeshop-button refresh" type="button" id="bakeshop-refresh">Refresh Data</button>
        </div>
    </div>

    <div class="bakeshop-banner" id="bakeshop-banner"></div>

    <div class="bakeshop-confirm-backdrop" id="bakeshop-delete-confirm" hidden>
        <div class="bakeshop-confirm-panel" role="dialog" aria-modal="true" aria-labelledby="bakeshop-delete-confirm-title" aria-describedby="bakeshop-delete-confirm-message">
            <div class="bakeshop-shell" style="gap: 12px;">
                <h3 id="bakeshop-delete-confirm-title">Delete selected records?</h3>
                <p id="bakeshop-delete-confirm-message">Review the selected items before confirming this delete.</p>
                <div class="bakeshop-confirm-impact" id="bakeshop-delete-confirm-impact" hidden></div>
                <ul class="bakeshop-confirm-list" id="bakeshop-delete-confirm-list" hidden></ul>
                <p class="bakeshop-confirm-overflow" id="bakeshop-delete-confirm-overflow" hidden></p>
            </div>
            <div class="bakeshop-actions" style="justify-content: flex-end;">
                <button class="bakeshop-button secondary" type="button" id="bakeshop-delete-confirm-cancel">Cancel</button>
                <button class="bakeshop-button danger" type="button" id="bakeshop-delete-confirm-submit">Delete Selected</button>
            </div>
        </div>
    </div>

    

    

    <div class="bakeshop-stats" style="">
        <div class="bakeshop-stat">
            <strong id="stat-branches">1</strong>
            <span>Active Branches</span>
        </div>
        <div class="bakeshop-stat">
            <strong id="stat-products">1</strong>
            <span>Products</span>
        </div>
        <div class="bakeshop-stat">
            <strong id="stat-ingredients">3</strong>
            <span>Ingredients</span>
        </div>
        <div class="bakeshop-stat" >
            <strong id="stat-recipes">0</strong>
            <span>Recipe Lines</span>
        </div>
    </div>

    <section class="bakeshop-panel" style="">
        <div class="bakeshop-panel-head">
            <h3>Start Here</h3>
            <p>Follow this order so first-time setup stays predictable and the daily routine is easy to repeat.</p>
        </div>
        <div class="bakeshop-panel-body">
            <div class="bakeshop-flow">
                <article class="bakeshop-flow-step">
                    <strong>1</strong>
                    <h3>Set up branches</h3>
                    <p>Create the store locations you report against. Everything else connects back to these branches.</p>
                </article>
                <article class="bakeshop-flow-step">
                    <strong>2</strong>
                    <h3>Define products and recipes</h3>
                    <p>Add your finished goods and ingredient recipe lines before you record actual stock movement.</p>
                </article>
                <article class="bakeshop-flow-step">
                    <strong>3</strong>
                    <h3>Receive inventory and record production</h3>
                    <p>Use the same workspace for incoming ingredient inventory and production output so stock-in and stock-out stay connected.</p>
                </article>
                <article class="bakeshop-flow-step">
                    <strong>4</strong>
                    <h3>Review usage and print</h3>
                    <p>Check the branch usage summary, then open the printable report when you need a clean handoff.</p>
                </article>
            </div>
        </div>
    </section>

    <section class="bakeshop-panel" style="">
        <div class="bakeshop-panel-head">
            <h3>Summary Report</h3>
            <p>Branch ingredient balance summary for handoff: beginning stock, delivery source, total delivery, production usage, and remaining balance.</p>
        </div>
        <div class="bakeshop-panel-body bakeshop-setup-shell">
            <form class="bakeshop-shell" method="get" action="http://cmsnew.testtests/bakeshop_supervisor_settings_panel_test.php/admin/bakeshop" style="gap: 12px;">
                <div class="bakeshop-grid-3">
                    <div class="bakeshop-field">
                        <label for="summary-branch-filter">Branch</label>
                        <select id="summary-branch-filter" name="branch_id">
                            <option value="">All branches</option>
                            
                            <option value="398">DPE7723E5D - Projection Branch E7723E5D</option>
                            
                        </select>
                    </div>
                    <div class="bakeshop-field">
                        <label for="summary-from-filter">From</label>
                        <input id="summary-from-filter" name="from_date" type="date" value="">
                    </div>
                    <div class="bakeshop-field">
                        <label for="summary-to-filter">To</label>
                        <input id="summary-to-filter" name="to_date" type="date" value="">
                    </div>
                </div>
                <div class="bakeshop-form-actions">
                    <span class="bakeshop-help">Filters you apply here also carry into the usage work area and printable report.</span>
                    <div class="bakeshop-actions">
                        
                        <a class="bakeshop-button print" href="http://cmsnew.testtests/bakeshop_supervisor_settings_panel_test.php/admin/bakeshop/print" target="_blank" rel="noopener">Open Print View</a>
                        <button class="bakeshop-button" type="submit">Apply Filters</button>
                    </div>
                </div>
            </form>

            <div class="bakeshop-summary-meta">
                <div>
                    <strong>Branch</strong>
                    <p>DPE7723E5D - Projection Branch E7723E5D</p>
                </div>
                <div>
                    <strong>From</strong>
                    <p>2026-05-01</p>
                </div>
                <div>
                    <strong>To</strong>
                    <p>2026-05-01</p>
                </div>
            </div>

            <div class="bakeshop-stats">
                <div class="bakeshop-stat">
                    <strong>1</strong>
                    <span>Tracked Ingredients</span>
                </div>
                <div class="bakeshop-stat">
                    <strong>1</strong>
                    <span>Delivery Lines</span>
                </div>
                <div class="bakeshop-stat">
                    <strong>5</strong>
                    <span>Saved Batches</span>
                </div>
                <div class="bakeshop-stat">
                    <strong>75.00 kg</strong>
                    <span>On Hand At Scope End</span>
                </div>
            </div>

            <div class="bakeshop-summary-note">
                Beginning balance reflects stock before the first visible report date. Usage comes from saved ingredient snapshots attached to production runs, and all displayed values follow the configured 2-decimal output setting.
            </div>

            
            <div class="bakeshop-summary-groups">
                
                <section class="bakeshop-summary-group">
                    <div class="bakeshop-summary-group-head">
                        <h4>DPE7723E5D - Projection Branch E7723E5D</h4>
                        <p>Ingredient movement summary for this branch.</p>
                    </div>
                    <div class="bakeshop-table-wrap">
                        <table class="bakeshop-table">
                            <thead>
                                <tr>
                                    <th>Ingredient</th>
                                    <th>Unit</th>
                                    <th>Beginning Balance</th>
                                    <th>Delivery Source</th>
                                    <th>Total Delivery</th>
                                    <th>Usage</th>
                                    <th>Remaining Balance</th>
                                </tr>
                            </thead>
                            <tbody>
                                
                                <tr>
                                    <td class="bakeshop-summary-ingredient">
                                        <strong>Projection Flour E7723E5D</strong>
                                        <span>mass</span>
                                    </td>
                                    <td>kg</td>
                                    <td>0.00</td>
                                    <td>Commissary</td>
                                    <td>75.00</td>
                                    <td>0.00</td>
                                    <td>75.00</td>
                                </tr>
                                
                                <tr>
                                    <td colspan="2"><strong>Branch Totals</strong></td>
                                    <td><strong>0.00</strong></td>
                                    <td><strong>—</strong></td>
                                    <td><strong>75.00</strong></td>
                                    <td><strong>0.00</strong></td>
                                    <td><strong>75.00</strong></td>
                                </tr>
                            </tbody>
                        </table>
                    </div>
                </section>
                
            </div>
            
        </div>
    </section>

    <section class="bakeshop-panel" style="" id="work-areas-panel">
        <div class="bakeshop-panel-head" style="">
            <h3>Work Areas</h3>
            <p>Use one work area at a time so setup, receiving, production, and reporting stay separate instead of competing for attention on one long page.</p>
            
        </div>
        <div class="bakeshop-panel-body bakeshop-setup-shell">
            <div class="bakeshop-tabs" role="tablist" aria-label="Bakeshop setup sections" style="">
                <a class="bakeshop-tab active" href="http://cmsnew.testtests/bakeshop_supervisor_settings_panel_test.php/admin/bakeshop#branches" data-tab="branches" data-workspace-title="Branch Setup" data-workspace-intro="Create and maintain the branch locations that every delivery, production run, and usage report will reference." role="tab" aria-selected="true">Branches</a>
                <a class="bakeshop-tab" href="http://cmsnew.testtests/bakeshop_supervisor_settings_panel_test.php/admin/bakeshop#catalog" data-tab="catalog" data-workspace-title="Products" data-workspace-intro="Define finished goods first, then maintain each product&#039;s recipe lines in the same work area." role="tab" aria-selected="false">Products</a>
                <a class="bakeshop-tab" href="http://cmsnew.testtests/bakeshop_supervisor_settings_panel_test.php/admin/bakeshop#ingredients" data-tab="ingredients" data-workspace-title="Ingredients" data-workspace-intro="Maintain the raw-material catalog separately from products so receiving and recipe setup stay clear." role="tab" aria-selected="false">Ingredients</a>
                <a class="bakeshop-tab" href="http://cmsnew.testtests/bakeshop_supervisor_settings_panel_test.php/admin/bakeshop#deliveries" data-tab="deliveries" data-workspace-title="Ingredient Deliveries" data-workspace-intro="Receive ingredient stock by branch in one place so incoming materials are recorded cleanly before production." role="tab" aria-selected="false">Ingredient Deliveries</a>
                <a class="bakeshop-tab" href="http://cmsnew.testtests/bakeshop_supervisor_settings_panel_test.php/admin/bakeshop#production" data-tab="production" data-workspace-title="Baking Log" data-workspace-intro="Record what was baked, then review saved batches by branch, item, and time." role="tab" aria-selected="false">Baking Log</a>
                <a class="bakeshop-tab" href="http://cmsnew.testtests/bakeshop_supervisor_settings_panel_test.php/admin/bakeshop#usage" data-tab="usage" data-workspace-title="Usage Summary" data-workspace-intro="Review delivered versus consumed ingredients and refresh the usage summary before opening the printable report." role="tab" aria-selected="false">Usage Summary</a>
            </div>

            <section class="bakeshop-tab-panel active" data-tab-panel="branches">
                <div class="bakeshop-panel">
                    <div class="bakeshop-panel-body">
                        <form id="branch-form" class="bakeshop-grid-3" data-manage-required="true">
                            <div class="bakeshop-focus-note" id="branch-focus-note" style="grid-column: 1 / -1;" hidden></div>
                            <input type="hidden" name="id" value="">
                            <input type="hidden" name="is_active" value="1">
                            <div class="bakeshop-field">
                                <label for="branch-code">Code</label>
                                <input id="branch-code" name="code" placeholder="MAIN">
                            </div>
                            <div class="bakeshop-field">
                                <label for="branch-name">Name</label>
                                <input id="branch-name" name="name" placeholder="Main Branch">
                            </div>
                            <div class="bakeshop-field">
                                <label for="branch-address">Address</label>
                                <input id="branch-address" name="address" placeholder="Branch address">
                            </div>
                            <div class="bakeshop-form-actions" style="grid-column: 1 / -1;">
                                <span class="bakeshop-help">Branch IDs are owned by this module. No ecommerce or WMS bridge is wired in v1.</span>
                                <div class="bakeshop-actions">
                                    <button class="bakeshop-button danger" type="button" id="branch-cancel" hidden disabled>Cancel Edit</button>
                                    <button class="bakeshop-button" type="submit" id="branch-submit">Save Branch</button>
                                </div>
                            </div>
                        </form>

                        <div class="bakeshop-field">
                            <label for="branches-filter">Find Branch</label>
                            <input id="branches-filter" type="search" placeholder="Search by branch code, name, or address">
                        </div>

                        <div class="bakeshop-table-wrap">
                            <table class="bakeshop-table" id="branches-table">
                                <thead>
                                    <tr>
                                        <th>Code</th>
                                        <th>Name</th>
                                        <th>Address</th>
                                        <th>Status</th>
                                        <th>Actions</th>
                                    </tr>
                                </thead>
                                <tbody></tbody>
                            </table>
                        </div>
                    </div>
                </div>
            </section>

            <section class="bakeshop-tab-panel" data-tab-panel="catalog">
                <div class="bakeshop-column">
                    <section class="bakeshop-panel" id="product-editor-panel">
                        <div class="bakeshop-panel-head">
                            <p>Define your finished goods. Click a product row to edit it; its recipe lines appear in the sub-section below.</p>
                        </div>
                        <div class="bakeshop-panel-body">
                            <form id="product-form" class="bakeshop-shell" style="gap: 16px;" data-manage-required="true">
                                <div class="bakeshop-focus-note" id="product-focus-note" hidden></div>
                                <input type="hidden" name="id" value="">
                                <input type="hidden" name="is_active" value="1">
                                <div class="bakeshop-grid-3">
                                    <div class="bakeshop-field">
                                        <label for="product-name">Name</label>
                                        <input id="product-name" name="name" placeholder="Pandesal">
                                    </div>
                                    <div class="bakeshop-field">
                                        <label for="product-sku">SKU</label>
                                        <input id="product-sku" name="sku" placeholder="PRD-001">
                                    </div>
                                    <div class="bakeshop-field">
                                        <label for="product-category">Category</label>
                                        <input id="product-category" name="category" placeholder="Bread">
                                    </div>
                                    <div class="bakeshop-field">
                                        <label for="product-yield-qty">Default Yield Qty</label>
                                        <input id="product-yield-qty" name="default_yield_qty" type="number" min="0.01" step="0.01" value="1.00">
                                    </div>
                                    <div class="bakeshop-field" style="grid-column: span 2;">
                                        <label for="product-yield-unit">Default Yield Unit</label>
                                        <select id="product-yield-unit" name="default_yield_unit_id"></select>
                                    </div>
                                </div>
                                <div class="bakeshop-form-actions">
                                    <span class="bakeshop-help">Default yield drives recipe-backed ingredient scaling for saved batch records.</span>
                                    <div class="bakeshop-actions">
                                            <button class="bakeshop-button success" type="button" id="product-add">Add Product</button>
                                        <button class="bakeshop-button danger" type="button" id="product-cancel" hidden disabled>Cancel Edit</button>
                                        <button class="bakeshop-button" type="submit" id="product-submit">Save Product</button>
                                    </div>
                                </div>
                            </form>

                            <div class="bakeshop-grid-2" >
                                <div class="bakeshop-field" style="grid-column: 2 / 3;">
                                    <label for="recipes-filter">Find Recipe Line</label>
                                    <input id="recipes-filter" type="search" placeholder="Search by ingredient, unit, or notes">
                                </div>
                            </div>

                            

                            <section class="bakeshop-panel bakeshop-panel-subdued" id="recipe-panel" >
                                <div class="bakeshop-panel-head">
                                    <h3 id="recipe-panel-title">Recipe</h3>
                                    <p id="recipe-form-description">Edit a product first to view and maintain its recipe lines.</p>
                                </div>
                                <div class="bakeshop-panel-body">
                                    <div id="recipe-panel-empty" class="bakeshop-muted">Select Edit on a product to open that product's recipe.</div>
                                    <div id="recipe-panel-details" hidden>
                                    <form id="recipe-form" class="bakeshop-grid-3" data-manage-required="true">
                                        <div class="bakeshop-focus-note" id="recipe-focus-note" style="grid-column: 1 / -1;" hidden></div>
                                        <input id="recipe-product" name="product_id" type="hidden" value="">
                                        <div class="bakeshop-field">
                                            <label for="recipe-ingredient">Ingredient</label>
                                            <select id="recipe-ingredient" name="ingredient_id"></select>
                                        </div>
                                        <div class="bakeshop-field">
                                            <label for="recipe-unit">Unit</label>
                                            <select id="recipe-unit" name="unit_id"></select>
                                        </div>
                                        <div class="bakeshop-field">
                                            <label for="recipe-qty">Quantity</label>
                                            <input id="recipe-qty" name="qty" type="number" min="0.01" step="0.01" value="1.00">
                                        </div>
                                        <div class="bakeshop-field" style="grid-column: span 2;">
                                            <label for="recipe-notes">Notes</label>
                                            <input id="recipe-notes" name="notes" placeholder="Optional preparation note">
                                        </div>
                                        <div class="bakeshop-form-actions" style="grid-column: 1 / -1;">
                                            <span class="bakeshop-help">Update the ingredient usage for this product.</span>
                                            <div class="bakeshop-actions">
                                                <button class="bakeshop-button danger" type="button" id="recipe-cancel" hidden disabled>Cancel Edit</button>
                                                <button class="bakeshop-button" type="submit" id="recipe-submit">Save Recipe Line</button>
                                            </div>
                                        </div>
                                    </form>

                                    <div class="bakeshop-table-wrap">
                                        <table class="bakeshop-table" id="recipes-table">
                                            <thead>
                                                <tr>
                                                    <th>Ingredient</th>
                                                    <th>Qty</th>
                                                    <th>Unit</th>
                                                    <th>Notes</th>
                                                    <th>Actions</th>
                                                </tr>
                                            </thead>
                                            <tbody></tbody>
                                        </table>
                                    </div>
                                    </div>
                                </div>
                            </section>

                            <div class="bakeshop-form-actions bakeshop-view-tabs">
                                <div class="bakeshop-inline-tabs" role="tablist" aria-label="Product status views">
                                    <button class="bakeshop-inline-tab active" type="button" id="products-view-active" data-product-view="active" aria-selected="true">Active <span class="bakeshop-inline-tab-count" id="products-active-count">0</span></button>
                                    <button class="bakeshop-inline-tab" type="button" id="products-view-archived" data-product-view="archived" aria-selected="false">Archived <span class="bakeshop-inline-tab-count" id="products-archived-count">0</span></button>
                                </div>
                                <span class="bakeshop-help" id="products-view-summary">View active products used for current batch recording.</span>
                            </div>

                            <div class="bakeshop-form-actions bakeshop-bulk-actions">
                                <span class="bakeshop-help" id="products-selection-summary">No products selected.</span>
                                
                                <div class="bakeshop-actions">
                                    <button class="bakeshop-button secondary" type="button" id="products-select-visible">Select Visible</button>
                                    <button class="bakeshop-button secondary" type="button" id="products-clear-selection" hidden>Clear Selection</button>
                                    <button class="bakeshop-button danger" type="button" id="products-delete-selected" hidden>Delete Selected</button>
                                </div>
                                
                            </div>

                            <div class="bakeshop-table-wrap">
                                <table class="bakeshop-table" id="products-table">
                                    <thead>
                                        <tr>
                                            <th class="bakeshop-checkbox-cell"><input class="bakeshop-checkbox" id="products-select-all" type="checkbox" aria-label="Select visible products"></th>
                                            <th>Product</th>
                                            <th>Category</th>
                                            <th>Yield</th>
                                            <th >Recipe Lines</th>
                                            <th>Status</th>
                                            <th>Actions</th>
                                        </tr>
                                    </thead>
                                    <tbody></tbody>
                                </table>
                            </div>
                        </div>
                    </section>

                </div>
            </section>

            <section class="bakeshop-tab-panel" data-tab-panel="ingredients">
                <div class="bakeshop-column">
                    <section class="bakeshop-panel">
                        <div class="bakeshop-panel-head">
                            <p>Maintain the ingredient master list and its base unit before using items in deliveries, usage reporting, and recipe-backed batches.</p>
                        </div>
                        <div class="bakeshop-panel-body">
                            <form id="ingredient-form" class="bakeshop-shell" style="gap: 16px;" data-manage-required="true">
                                <div class="bakeshop-focus-note" id="ingredient-focus-note" hidden></div>
                                <input type="hidden" name="id" value="">
                                <input type="hidden" name="is_active" value="1">
                                <div class="bakeshop-grid-3">
                                    <div class="bakeshop-field">
                                        <label for="ingredient-name">Name</label>
                                        <input id="ingredient-name" name="name" placeholder="Flour">
                                    </div>
                                    <div class="bakeshop-field">
                                        <label for="ingredient-sku">SKU</label>
                                        <input id="ingredient-sku" name="sku" placeholder="ING-001">
                                    </div>
                                    <div class="bakeshop-field">
                                        <label for="ingredient-unit">Default Unit</label>
                                        <select id="ingredient-unit" name="default_unit_id"></select>
                                    </div>
                                </div>
                                <div class="bakeshop-grid-3">
                                    <div class="bakeshop-field">
                                        <label for="ingredient-pack-label">Pack Label</label>
                                        <input id="ingredient-pack-label" name="pack_label" placeholder="Bag">
                                    </div>
                                    <div class="bakeshop-field">
                                        <label for="ingredient-pack-qty">Pack Qty</label>
                                        <input id="ingredient-pack-qty" name="pack_qty" type="number" min="0" step="0.0001" placeholder="25.0000">
                                    </div>
                                    <div class="bakeshop-field">
                                        <label for="ingredient-pack-unit">Pack Unit</label>
                                        <select id="ingredient-pack-unit" name="pack_unit_id"></select>
                                    </div>
                                </div>
                                <div class="bakeshop-form-actions">
                                    <span class="bakeshop-help">Units are seeded globally as `kg`, `g`, `L`, `mL`, `pc`, and `pack`. Pack metadata is optional, but when set it must match the ingredient unit dimension.</span>
                                    <div class="bakeshop-actions">
                                            <button class="bakeshop-button success" type="button" id="ingredient-add">Add Ingredient</button>
                                        <button class="bakeshop-button danger" type="button" id="ingredient-cancel" hidden disabled>Cancel Edit</button>
                                        <button class="bakeshop-button" type="submit" id="ingredient-submit">Save Ingredient</button>
                                    </div>
                                </div>
                            </form>

                            <div class="bakeshop-field">
                                <label for="ingredients-filter">Find Ingredient</label>
                                <input id="ingredients-filter" type="search" placeholder="Search by ingredient, SKU, or unit">
                            </div>

                            <div class="bakeshop-form-actions bakeshop-view-tabs">
                                <div class="bakeshop-inline-tabs" role="tablist" aria-label="Ingredient status views">
                                    <button class="bakeshop-inline-tab active" type="button" id="ingredients-view-active" data-ingredient-view="active" aria-selected="true">Active <span class="bakeshop-inline-tab-count" id="ingredients-active-count">0</span></button>
                                    <button class="bakeshop-inline-tab" type="button" id="ingredients-view-archived" data-ingredient-view="archived" aria-selected="false">Archived <span class="bakeshop-inline-tab-count" id="ingredients-archived-count">0</span></button>
                                </div>
                                <span class="bakeshop-help" id="ingredients-view-summary">View active ingredients used in current operations.</span>
                            </div>

                            <div class="bakeshop-form-actions bakeshop-bulk-actions">
                                <span class="bakeshop-help" id="ingredients-selection-summary">No ingredients selected.</span>
                                
                                <div class="bakeshop-actions">
                                    <button class="bakeshop-button secondary" type="button" id="ingredients-select-visible">Select Visible</button>
                                    <button class="bakeshop-button secondary" type="button" id="ingredients-clear-selection" hidden>Clear Selection</button>
                                    <button class="bakeshop-button danger" type="button" id="ingredients-delete-selected" hidden>Delete Selected</button>
                                </div>
                                
                            </div>

                            <div class="bakeshop-table-wrap">
                                <table class="bakeshop-table" id="ingredients-table">
                                    <thead>
                                        <tr>
                                            <th class="bakeshop-checkbox-cell"><input class="bakeshop-checkbox" id="ingredients-select-all" type="checkbox" aria-label="Select visible ingredients"></th>
                                            <th>Ingredient</th>
                                            <th>SKU</th>
                                            <th>Default Unit</th>
                                            <th>Pack</th>
                                            <th>Status</th>
                                            <th>Actions</th>
                                        </tr>
                                    </thead>
                                    <tbody></tbody>
                                </table>
                            </div>
                        </div>
                    </section>
                </div>
            </section>

            <section class="bakeshop-tab-panel" data-tab-panel="deliveries">
                <section class="bakeshop-panel">
                    <div class="bakeshop-panel-head">
                        <p>Set the day's received quantities for one branch at a time. Every ingredient is listed below so encoding stays predictable.</p>
                    </div>
                    <div class="bakeshop-panel-body">
                        <div class="bakeshop-section-panel active" data-delivery-section-panel="receive">
                        <form id="delivery-form" class="bakeshop-shell" style="gap: 16px;" data-manage-required="true">
                            <div class="bakeshop-grid-2">
                                <div class="bakeshop-field">
                                    <label for="delivery-branch">Branch</label>
                                    <select id="delivery-branch" name="branch_id"></select>
                                </div>
                                <div class="bakeshop-field">
                                    <label for="delivery-at">Delivery Date</label>
                                    <input id="delivery-at" name="delivered_at" type="date">
                                </div>
                                <div class="bakeshop-field">
                                    <label for="delivery-coverage-days">Coverage Days</label>
                                    <input id="delivery-coverage-days" name="coverage_days" type="number" min="1" max="31" step="1" value="3">
                                </div>
                                <div class="bakeshop-field">
                                    <label for="delivery-reference">Reference</label>
                                    <input id="delivery-reference" name="reference" placeholder="DR-2026-001">
                                </div>
                                <div class="bakeshop-field">
                                    <label for="delivery-received-by">Received By</label>
                                    <input id="delivery-received-by" name="received_by" placeholder="Supervisor name">
                                </div>
                            </div>
                            <div class="bakeshop-grid-2">
                                <div class="bakeshop-field">
                                    <label for="delivery-source-type">Delivery Source</label>
                                    <select id="delivery-source-type" name="source_type">
                                        <option value="commissary">Commissary</option>
                                        <option value="other">Other Supplier</option>
                                    </select>
                                </div>
                                <div class="bakeshop-field" id="delivery-source-name-field" hidden>
                                    <label for="delivery-source-name">Other Supplier Name</label>
                                    <input id="delivery-source-name" name="source_name" placeholder="Specify supplier name">
                                </div>
                            </div>
                            <div class="bakeshop-field">
                                <label for="delivery-notes">Notes</label>
                                <textarea id="delivery-notes" name="notes" placeholder="Optional receiving note"></textarea>
                            </div>
                            <div class="bakeshop-grid-2">
                                <div class="bakeshop-field">
                                    <label for="delivery-sheet-filter">Find Ingredient</label>
                                    <input id="delivery-sheet-filter" type="search" placeholder="Search by ingredient or SKU">
                                </div>
                                <div class="bakeshop-field">
                                    <label for="delivery-csv-file">Import CSV</label>
                                    <input id="delivery-csv-file" type="file" accept=".csv,text/csv">
                                </div>
                            </div>
                            <div>
                                <div class="bakeshop-form-actions bakeshop-view-tabs" style="margin-bottom: 10px;">
                                    <div class="bakeshop-section-tabs" role="tablist" aria-label="Delivery sections">
                                        <button class="bakeshop-section-tab active" type="button" data-delivery-section-tab="receive" role="tab" aria-selected="true">Daily Receiving</button>
                                        <button class="bakeshop-section-tab" type="button" data-delivery-section-tab="saved" role="tab" aria-selected="false">Saved Receipts</button>
                                    </div>
                                    <span class="bakeshop-help">Set one branch's received quantities for the day and save a single receipt.</span>
                                </div>
                                <div class="bakeshop-form-actions" style="margin-bottom: 10px;">
                                    <span class="bakeshop-help">Every ingredient is listed below in its default unit. Enter received quantities directly, or import a CSV with `sku` or `ingredient`, `qty`, optional `unit_cost`, and optional `cost_basis` columns.</span>
                                    <div class="bakeshop-actions">
                                        <button class="bakeshop-button secondary" type="button" id="delivery-csv-template">Download CSV Template</button>
                                        <button class="bakeshop-button secondary" type="button" id="delivery-sheet-clear">Clear Quantities</button>
                                    </div>
                                </div>
                                <div class="bakeshop-table-wrap bakeshop-delivery-sheet">
                                    <table class="bakeshop-table">
                                        <thead>
                                            <tr>
                                                <th>Ingredient</th>
                                                <th>SKU</th>
                                                <th>Default Unit</th>
                                                <th>Qty Received</th>
                                                <th>Unit Cost</th>
                                                <th>Cost Basis</th>
                                            </tr>
                                        </thead>
                                        <tbody id="delivery-lines"></tbody>
                                    </table>
                                </div>
                            </div>
                            <div class="bakeshop-form-actions">
                                <span class="bakeshop-help">Saving posts one branch receipt and includes only ingredients with a quantity greater than zero. Coverage days lets one DR represent a multi-day delivery window.</span>
                                <button class="bakeshop-button" type="submit">Save Delivery</button>
                            </div>
                        </form>
                        </div>

                        <div class="bakeshop-section-panel" data-delivery-section-panel="saved">
                        <div class="bakeshop-form-actions bakeshop-view-tabs">
                            <div class="bakeshop-section-tabs" role="tablist" aria-label="Delivery sections">
                                <button class="bakeshop-section-tab" type="button" data-delivery-section-tab="receive" role="tab" aria-selected="false">Daily Receiving</button>
                                <button class="bakeshop-section-tab active" type="button" data-delivery-section-tab="saved" role="tab" aria-selected="true">Saved Receipts</button>
                            </div>
                            <span class="bakeshop-help">Review saved branch receipts by date, source, receiver, and delivery detail.</span>
                        </div>
                        <div class="bakeshop-field">
                            <label for="deliveries-filter">Find Delivery</label>
                            <input id="deliveries-filter" type="search" placeholder="Search by branch, source, reference, receiver, or date">
                        </div>

                        <div class="bakeshop-form-actions bakeshop-bulk-actions">
                            <span class="bakeshop-help" id="deliveries-selection-summary">No deliveries selected.</span>
                            
                            <div class="bakeshop-actions">
                                <button class="bakeshop-button secondary" type="button" id="deliveries-select-visible">Select Visible</button>
                                <button class="bakeshop-button secondary" type="button" id="deliveries-clear-selection" hidden>Clear Selection</button>
                                <button class="bakeshop-button danger" type="button" id="deliveries-delete-selected" hidden>Delete Selected</button>
                            </div>
                            
                        </div>

                        <div class="bakeshop-table-wrap">
                            <table class="bakeshop-table" id="deliveries-table">
                                <thead>
                                    <tr>
                                        <th class="bakeshop-checkbox-cell"><input class="bakeshop-checkbox" id="deliveries-select-all" type="checkbox" aria-label="Select visible deliveries"></th>
                                        <th>Branch</th>
                                        <th>Delivered At</th>
                                        <th>Reference</th>
                                        <th>Delivery Detail</th>
                                        <th>Actions</th>
                                    </tr>
                                </thead>
                                <tbody></tbody>
                            </table>
                        </div>
                        </div>
                    </div>
                </section>
            </section>

            <section class="bakeshop-tab-panel" data-tab-panel="production">
                <section class="bakeshop-panel">
                    <div class="bakeshop-panel-head">
                        <p>Record what was made, keep saved entries easy to review, and preserve the ingredient-use detail that belonged to each finished batch.</p>
                    </div>
                    <div class="bakeshop-panel-body">
                        <section class="bakeshop-panel" style="box-shadow:none; margin-bottom: 16px;">
                            <div class="bakeshop-panel-head">
                                <h3>Branch Product Daily Targets</h3>
                                <p>Store each branch's strict daily output target. Targets must use the same unit dimension as the product's standard yield.</p>
                            </div>
                            <div class="bakeshop-panel-body">
                                <form id="product-target-form" class="bakeshop-shell" style="gap: 16px;" data-manage-required="true">
                                    <div class="bakeshop-focus-note" id="product-target-focus-note" hidden></div>
                                    <input type="hidden" name="id" value="">
                                    <input type="hidden" name="is_active" value="1">
                                    <div class="bakeshop-grid-2">
                                        <div class="bakeshop-field">
                                            <label for="product-target-branch">Branch</label>
                                            <select id="product-target-branch" name="branch_id"></select>
                                        </div>
                                        <div class="bakeshop-field">
                                            <label for="product-target-product">Product</label>
                                            <select id="product-target-product" name="product_id"></select>
                                        </div>
                                        <div class="bakeshop-field">
                                            <label for="product-target-daily-qty">Daily Target Qty</label>
                                            <input id="product-target-daily-qty" name="daily_qty" type="number" min="0.01" step="0.01" placeholder="0.00">
                                        </div>
                                        <div class="bakeshop-field">
                                            <label for="product-target-unit">Target Unit</label>
                                            <select id="product-target-unit" name="unit_id"></select>
                                        </div>
                                    </div>
                                    <div class="bakeshop-form-actions">
                                        <span class="bakeshop-help">Targets drive the DR projection report in the Usage workspace. Missing production days reduce the projected total proportionally.</span>
                                        <div class="bakeshop-actions">
                                            <button class="bakeshop-button success" type="button" id="product-target-add">Add Target</button>
                                            <button class="bakeshop-button danger" type="button" id="product-target-cancel" hidden disabled>Cancel Edit</button>
                                            <button class="bakeshop-button" type="submit" id="product-target-submit">Save Target</button>
                                        </div>
                                    </div>
                                </form>

                                <div class="bakeshop-field">
                                    <label for="product-target-filter">Find Target</label>
                                    <input id="product-target-filter" type="search" placeholder="Search by product, category, or unit">
                                </div>

                                <div class="bakeshop-table-wrap">
                                    <table class="bakeshop-table" id="product-targets-table">
                                        <thead>
                                            <tr>
                                                <th>Product</th>
                                                <th>Category</th>
                                                <th>Daily Target</th>
                                                <th>Unit</th>
                                                <th>Actions</th>
                                            </tr>
                                        </thead>
                                        <tbody></tbody>
                                    </table>
                                </div>
                            </div>
                        </section>

                        <div class="bakeshop-section-panel active" data-production-section-panel="record">
                        <form id="production-form" class="bakeshop-grid-2" data-manage-required="true">
                            <input name="id" type="hidden" value="">
                            <input id="production-product" name="product_id" type="hidden" value="">
                            <input id="production-qty-produced" name="qty_produced" type="hidden" value="">
                            <div class="bakeshop-field">
                                <label for="production-branch">Branch</label>
                                <select id="production-branch" name="branch_id"></select>
                            </div>
                            <div class="bakeshop-field">
                                <label for="production-at">Finished At</label>
                                <input id="production-at" name="produced_at" type="datetime-local">
                            </div>
                            <div class="bakeshop-field">
                                <label for="production-by">Made By</label>
                                <input id="production-by" name="produced_by" placeholder="Baker or supervisor name">
                            </div>
                            <div class="bakeshop-field">
                                <label for="production-notes">Batch Note</label>
                                <input id="production-notes" name="notes" placeholder="Optional note for this saved entry">
                            </div>
                            <div style="grid-column: 1 / -1; display: grid; gap: 10px;">
                                <div class="bakeshop-form-actions bakeshop-view-tabs">
                                    <div class="bakeshop-section-tabs" role="tablist" aria-label="Production sections">
                                        <button class="bakeshop-section-tab active" type="button" data-production-section-tab="record" role="tab" aria-selected="true">Record Batch</button>
                                        <button class="bakeshop-section-tab" type="button" data-production-section-tab="saved" role="tab" aria-selected="false">Saved Entries</button>
                                    </div>
                                    <span class="bakeshop-help">Record batches one item at a time and keep the latest saved entry ready to review.</span>
                                </div>
                                <div class="bakeshop-form-actions">
                                    <span class="bakeshop-help" id="production-focus-note" hidden></span>
                                    <span class="bakeshop-help" id="production-product-note">Choose the branch, finished time, and who made it. Then enter the amount made in the item list below. Leaving a box blank means nothing was made for that item.</span>
                                </div>
                                
                                <div class="bakeshop-form-actions">
                                    <span class="bakeshop-help" id="production-guard-note">Temporary non-production testing override. When enabled, an entry can still be saved even if the item setup is incomplete.</span>
                                    <button class="bakeshop-button secondary" type="button" id="production-guard-toggle">Testing Override: Off</button>
                                </div>
                                
                                <div class="bakeshop-field">
                                    <label for="production-products-filter">Find Item To Record</label>
                                    <input id="production-products-filter" type="search" placeholder="Search by item, SKU, or category">
                                </div>
                                <div class="bakeshop-table-wrap">
                                    <table class="bakeshop-table" id="production-products-table">
                                        <thead>
                                            <tr>
                                                <th>Item</th>
                                                <th>Category</th>
                                                <th>Standard Batch</th>
                                                <th>Amount Made</th>
                                            </tr>
                                        </thead>
                                        <tbody></tbody>
                                    </table>
                                </div>
                            </div>
                            <div class="bakeshop-form-actions" style="grid-column: 1 / -1;">
                                <span class="bakeshop-help">When you review a saved entry later, only the time, person, and note can be updated from this form.</span>
                                <button class="bakeshop-button" type="submit" id="production-submit" hidden>Update Saved Entry</button>
                                <button class="bakeshop-button secondary" type="button" id="production-cancel" hidden disabled>Cancel</button>
                            </div>
                        </form>

                        <div class="bakeshop-review-card" id="production-last-saved" hidden>
                            <div>
                                <strong>Last Saved Entry</strong>
                                <p id="production-last-saved-summary">The next saved batch will appear here so it can be reviewed right away.</p>
                            </div>
                            <div class="bakeshop-actions">
                                <button class="bakeshop-button secondary" type="button" id="production-review-last-saved">Review In Saved Entries</button>
                                <button class="bakeshop-button secondary" type="button" id="production-edit-last-saved">Edit This Entry</button>
                            </div>
                        </div>
                        </div>

                        <div class="bakeshop-section-panel" data-production-section-panel="saved">
                        <div class="bakeshop-form-actions bakeshop-view-tabs">
                            <div class="bakeshop-section-tabs" role="tablist" aria-label="Production sections">
                                <button class="bakeshop-section-tab" type="button" data-production-section-tab="record" role="tab" aria-selected="false">Record Batch</button>
                                <button class="bakeshop-section-tab active" type="button" data-production-section-tab="saved" role="tab" aria-selected="true">Saved Entries</button>
                            </div>
                            <span class="bakeshop-help">Review saved batch entries by branch, item, time, and ingredient-use detail.</span>
                        </div>
                        <div class="bakeshop-stats" id="production-saved-summary">
                            <div class="bakeshop-stat">
                                <strong id="production-saved-count">0</strong>
                                <span>Visible Saved Entries</span>
                            </div>
                            <div class="bakeshop-stat">
                                <strong id="production-saved-latest-item">None yet</strong>
                                <span>Last Saved Item</span>
                            </div>
                            <div class="bakeshop-stat">
                                <strong id="production-saved-latest-branch">No branch yet</strong>
                                <span>Last Saved Branch</span>
                            </div>
                        </div>
                        <div class="bakeshop-field">
                            <label for="production-filter">Find Saved Entry</label>
                            <input id="production-filter" type="search" placeholder="Search by branch, item, finished time, person, or note">
                        </div>

                        <div class="bakeshop-table-wrap">
                            <table class="bakeshop-table" id="production-table">
                                <thead>
                                    <tr>
                                        <th>Branch</th>
                                        <th>Item</th>
                                        <th>Finished At</th>
                                        <th>Amount Made</th>
                                        <th>Ingredients Used</th>
                                        <th>Actions</th>
                                    </tr>
                                </thead>
                                <tbody></tbody>
                            </table>
                        </div>
                        </div>
                    </div>
                </section>
            </section>

            <section class="bakeshop-tab-panel" data-tab-panel="usage">
                <section class="bakeshop-panel">
                    <div class="bakeshop-panel-head">
                        <p>Read the inventory movement view: received deliveries minus recipe-based production consumption, grouped by branch, ingredient, and date.</p>
                    </div>
                    <div class="bakeshop-panel-body">
                        <form id="usage-form" class="bakeshop-grid-3">
                            <div class="bakeshop-field">
                                <label for="usage-branch">Branch</label>
                                <select id="usage-branch" name="branch_id" data-report-scope="branch_id"></select>
                            </div>
                            <div class="bakeshop-field">
                                <label for="usage-from">From Date</label>
                                <input id="usage-from" name="from_date" type="date" value="" data-report-scope="from_date">
                            </div>
                            <div class="bakeshop-field">
                                <label for="usage-to">To Date</label>
                                <input id="usage-to" name="to_date" type="date" value="" data-report-scope="to_date">
                            </div>
                            <div class="bakeshop-field">
                                <label for="usage-horizon-days">Projection Horizon</label>
                                <input id="usage-horizon-days" name="horizon_days" type="number" min="1" max="31" step="1" value="7">
                            </div>
                            <div class="bakeshop-form-actions" style="grid-column: 1 / -1;">
                                <span class="bakeshop-help">These filters mirror any applied dashboard summary filters and drive the printable inventory summary. DR projection uses the same scope plus the projection horizon.</span>
                                <div class="bakeshop-actions">
                                    <a class="bakeshop-button print" id="bakeshop-dr-projection-print-link" href="http://cmsnew.testtests/bakeshop_supervisor_settings_panel_test.php/admin/bakeshop/print/dr-projection" target="_blank" rel="noopener">Open DR Projection Print</a>
                                    <button class="bakeshop-button" type="submit">Refresh Usage</button>
                                </div>
                            </div>
                        </form>

                        <div class="bakeshop-grid-3">
                            <div class="bakeshop-stat">
                                <strong id="usage-total-delivered">0.00</strong>
                                <span>Delivered By Unit</span>
                            </div>
                            <div class="bakeshop-stat">
                                <strong id="usage-total-consumed">0.00</strong>
                                <span>Consumed By Unit</span>
                            </div>
                            <div class="bakeshop-stat">
                                <strong id="usage-total-variance">0.00</strong>
                                <span>Variance By Unit</span>
                            </div>
                        </div>

                        <div class="bakeshop-stats">
                            <div class="bakeshop-stat">
                                <strong id="usage-factual-ingredients">0</strong>
                                <span>Tracked Ingredients</span>
                            </div>
                            <div class="bakeshop-stat">
                                <strong id="usage-factual-deliveries">0</strong>
                                <span>Delivery Lines</span>
                            </div>
                            <div class="bakeshop-stat">
                                <strong id="usage-factual-runs">0</strong>
                                <span>Saved Batches</span>
                            </div>
                        </div>

                        <div class="bakeshop-field">
                            <label for="usage-filter">Find Usage Row</label>
                            <input id="usage-filter" type="search" placeholder="Search by branch, ingredient, date, or unit">
                        </div>

                        <div class="bakeshop-table-wrap">
                            <table class="bakeshop-table" id="usage-table">
                                <thead>
                                    <tr>
                                        <th>Branch</th>
                                        <th>Date</th>
                                        <th>Ingredient</th>
                                        <th>Unit</th>
                                        <th>Delivered</th>
                                        <th>Consumed</th>
                                        <th>Variance</th>
                                    </tr>
                                </thead>
                                <tbody></tbody>
                            </table>
                        </div>

                        <section class="bakeshop-panel" style="box-shadow:none; margin-top: 16px;">
                            <div class="bakeshop-panel-head">
                                <h3>DR Projection</h3>
                                <p>Extend the observed delivery window into a future demand projection: ingredients are dailyized from DR coverage, while products use strict branch daily targets.</p>
                            </div>
                            <div class="bakeshop-panel-body">
                                <div class="bakeshop-form-actions">
                                    <span class="bakeshop-help" id="dr-projection-summary">Choose a branch and a scoped date range, then refresh usage to compute projected ingredient and product requirements.</span>
                                    <div class="bakeshop-actions">
                                        <a class="bakeshop-button print" href="http://cmsnew.testtests/bakeshop_supervisor_settings_panel_test.php/admin/bakeshop/print/dr-projection" id="bakeshop-dr-projection-inline-print-link" target="_blank" rel="noopener">Print This Projection</a>
                                    </div>
                                </div>

                                <div class="bakeshop-grid-2">
                                    <section>
                                        <div class="bakeshop-field">
                                            <label for="dr-projection-ingredients-filter">Find Projected Ingredient</label>
                                            <input id="dr-projection-ingredients-filter" type="search" placeholder="Search by ingredient, unit, or pack">
                                        </div>
                                        <div class="bakeshop-table-wrap">
                                            <table class="bakeshop-table" id="dr-projection-ingredients-table">
                                                <thead>
                                                    <tr>
                                                        <th>Ingredient</th>
                                                        <th>Observed Qty</th>
                                                        <th>Coverage</th>
                                                        <th>Daily Qty</th>
                                                        <th>Projected Qty</th>
                                                        <th>Per Pack</th>
                                                    </tr>
                                                </thead>
                                                <tbody></tbody>
                                            </table>
                                        </div>
                                    </section>

                                    <section>
                                        <div class="bakeshop-field">
                                            <label for="dr-projection-products-filter">Find Projected Product</label>
                                            <input id="dr-projection-products-filter" type="search" placeholder="Search by product, category, or unit">
                                        </div>
                                        <div class="bakeshop-table-wrap">
                                            <table class="bakeshop-table" id="dr-projection-products-table">
                                                <thead>
                                                    <tr>
                                                        <th>Product</th>
                                                        <th>Daily Target</th>
                                                        <th>Days Produced</th>
                                                        <th>Missing Days</th>
                                                        <th>Projected Qty</th>
                                                    </tr>
                                                </thead>
                                                <tbody></tbody>
                                            </table>
                                        </div>
                                    </section>
                                </div>
                            </div>
                        </section>

                        <section class="bakeshop-panel" style="box-shadow:none;">
                            <div class="bakeshop-panel-head">
                                <h3>Ingredient Inventory As Of Scope End</h3>
                                <p>Shows net stock up to the selected end date. The branch filter always applies, and if only a from date is set it is used as the as-of date.</p>
                            </div>
                            <div class="bakeshop-panel-body">
                                <div class="bakeshop-grid-2">
                                    <div class="bakeshop-stat">
                                        <strong id="inventory-total-on-hand">0.00</strong>
                                        <span>On-Hand By Unit At Scope End</span>
                                    </div>
                                    <div class="bakeshop-stat">
                                        <strong id="inventory-total-lines">0</strong>
                                        <span>Tracked Ingredient Lines</span>
                                    </div>
                                </div>

                                <div class="bakeshop-field">
                                    <label for="inventory-filter">Find Inventory Row</label>
                                    <input id="inventory-filter" type="search" placeholder="Search by branch, ingredient, or unit">
                                </div>

                                <div class="bakeshop-table-wrap">
                                    <table class="bakeshop-table" id="inventory-table">
                                        <thead>
                                            <tr>
                                                <th>Branch</th>
                                                <th>Ingredient</th>
                                                <th>Unit</th>
                                                <th>Received To Date</th>
                                                <th>Consumed To Date</th>
                                                <th>On Hand</th>
                                            </tr>
                                        </thead>
                                        <tbody></tbody>
                                    </table>
                                </div>
                            </div>
                        </section>
                    </div>
                </section>
            </section>
        </div>
    </section>

</div>

<script>
document.addEventListener('DOMContentLoaded', () => {
    const csrfToken = '7de2463e22f2cc74fd547e2d1a0160e3e8769de21ab0ab258c06b084db96271b';
    const baseUrl = 'http://cmsnew.testtests/bakeshop_supervisor_settings_panel_test.php';

    function normalizePathPrefix(value) {
        if (!value) {
            return '';
        }

        let pathname = String(value || '').trim();
        if (pathname === '') {
            return '';
        }

        try {
            pathname = new URL(pathname, window.location.origin).pathname || '';
        } catch (error) {
            pathname = String(value || '').trim();
        }

        pathname = pathname.replace(/\/+$/, '');
        if (pathname === '/' || pathname === '.') {
            return '';
        }

        return pathname;
    }

    function bakeshopAppBasePath() {
        const candidates = [window.location.pathname, baseUrl];
        for (const candidate of candidates) {
            const normalized = normalizePathPrefix(candidate);
            if (normalized === '') {
                continue;
            }

            const match = normalized.match(/^(.*?)(\/admin\/bakeshop(?:\/.*)?|\/bakeshop(?:\/.*)?)$/);
            if (match) {
                return match[1] || '';
            }

            if (!normalized.startsWith('/api/')) {
                return normalized;
            }
        }

        return '';
    }

    function bakeshopApiPath(path) {
        return bakeshopAppBasePath() + String(path || '');
    }

    function normalizedRowId(kind, row) {
        if (!row || typeof row !== 'object') {
            return 0;
        }

        const candidates = [row.id];
        if (kind === 'product') {
            candidates.push(row.product_id);
        } else if (kind === 'ingredient') {
            candidates.push(row.ingredient_id);
        } else if (kind === 'branch') {
            candidates.push(row.branch_id);
        }

        for (const candidate of candidates) {
            const numericId = Number(candidate);
            if (Number.isFinite(numericId) && numericId > 0) {
                return numericId;
            }
        }

        return 0;
    }

    function normalizeMaintenanceRows(kind, rows) {
        if (!Array.isArray(rows)) {
            return [];
        }

        return rows.map((row) => {
            if (!row || typeof row !== 'object') {
                return row;
            }

            const resolvedId = normalizedRowId(kind, row);
            return {
                ...row,
                id: resolvedId > 0 ? resolvedId : row.id
            };
        });
    }

    const api = {
        branches: bakeshopApiPath('/api/v1/bakeshop/branches'),
        units: bakeshopApiPath('/api/v1/bakeshop/units'),
        products: bakeshopApiPath('/api/v1/bakeshop/products'),
        productStatus: bakeshopApiPath('/api/v1/bakeshop/products/[id]/status'),
        productsBatchDelete: bakeshopApiPath('/api/v1/bakeshop/products/batch-delete'),
        productsDelete: bakeshopApiPath('/api/v1/bakeshop/products/delete'),
        ingredients: bakeshopApiPath('/api/v1/bakeshop/ingredients'),
        ingredientStatus: bakeshopApiPath('/api/v1/bakeshop/ingredients/[id]/status'),
        ingredientsBatchDelete: bakeshopApiPath('/api/v1/bakeshop/ingredients/batch-delete'),
        ingredientsDelete: bakeshopApiPath('/api/v1/bakeshop/ingredients/delete'),
        recipes: bakeshopApiPath('/api/v1/bakeshop/recipes'),
        recipesDelete: bakeshopApiPath('/api/v1/bakeshop/recipes/delete'),
        deliveries: bakeshopApiPath('/api/v1/bakeshop/deliveries'),
        deliveriesBatchDelete: bakeshopApiPath('/api/v1/bakeshop/deliveries/batch-delete'),
        deliveriesDelete: bakeshopApiPath('/api/v1/bakeshop/deliveries/delete'),
        productTargets: bakeshopApiPath('/api/v1/bakeshop/product-targets'),
        productTargetsDelete: bakeshopApiPath('/api/v1/bakeshop/product-targets/delete'),
        production: bakeshopApiPath('/api/v1/bakeshop/production'),
        productionVoid: bakeshopApiPath('/api/v1/bakeshop/production/void'),
        permissionsSettings: bakeshopApiPath('/api/v1/bakeshop/settings/permissions'),
        usage: bakeshopApiPath('/api/v1/bakeshop/usage'),
        drProjection: bakeshopApiPath('/api/v1/bakeshop/reports/dr-projection')
    };

    api.branchStatus = bakeshopApiPath('/api/v1/bakeshop/branches/[id]/status');

    const canManageSettings = true;
    const canManageWorkspace = true;
    const allowProductionGuardOverride = true;
    const defaultUsageDecimalPlaces = Number('2');
    const defaultDrCoverageDays = Number('3');
    const productRecipesEnabled = true;
    const productionRequiresRecipe = false;
    const searchParams = new URLSearchParams(window.location.search);
    const focusState = {
        kind: searchParams.get('focus_kind') || '',
        id: Number(searchParams.get('focus_id') || '0'),
        applied: false
    };

    const state = {
        branches: [],
        units: [],
        products: [],
        productListView: 'active',
        selectedProductIds: new Set(),
        productionDraftQuantities: {},
        productionDraftSaveState: {},
        productionGuardOverride: false,
        deliverySectionTab: 'receive',
        productionSectionTab: 'record',
        lastSavedProductionId: 0,
        lastSavedProductionSummary: null,
        ingredients: [],
        ingredientListView: 'active',
        selectedIngredientIds: new Set(),
        recipes: [],
        activeProductId: 0,
        deliveries: [],
        expandedDeliveryId: 0,
        selectedDeliveryIds: new Set(),
        productTargets: [],
        productTargetBranchId: 0,
        production: [],
        usage: [],
        drProjection: {
            filters: null,
            branch: null,
            window_days: 0,
            ingredients: [],
            products: [],
            error: ''
        },
        drProjectionScopeKey: '',
        inventorySnapshot: [],
        usageDecimalPlaces: Number.isFinite(defaultUsageDecimalPlaces) ? defaultUsageDecimalPlaces : 2,
        usageTotals: {
            delivered_qty_base: '0.00',
            consumed_qty_base: '0.00',
            variance_qty_base: '0.00',
            delivered_display: '0.00',
            consumed_display: '0.00',
            variance_display: '0.00'
        },
        factualSummary: {
            ingredient_count: 0,
            delivery_item_count: 0,
            production_run_count: 0,
            inventory_on_hand_qty_base: '0.00',
            inventory_on_hand_display: '0.00'
        },
        inventoryTotals: {
            on_hand_qty_base: '0.00',
            on_hand_display: '0.00',
            item_count: 0
        },
        loaded: {
            branches: false,
            units: false,
            products: false,
            ingredients: false,
            recipes: false,
            deliveries: false,
            'product-targets': false,
            production: false,
            'dr-projection': false
        }
    };

    const $ = (selector) => document.querySelector(selector);
    const banner = $('#bakeshop-banner');
    const deleteConfirm = $('#bakeshop-delete-confirm');
    const deleteConfirmTitle = $('#bakeshop-delete-confirm-title');
    const deleteConfirmMessage = $('#bakeshop-delete-confirm-message');
    const deleteConfirmImpact = $('#bakeshop-delete-confirm-impact');
    const deleteConfirmList = $('#bakeshop-delete-confirm-list');
    const deleteConfirmOverflow = $('#bakeshop-delete-confirm-overflow');
    const deleteConfirmCancel = $('#bakeshop-delete-confirm-cancel');
    const deleteConfirmSubmit = $('#bakeshop-delete-confirm-submit');
    const printLink = $('#bakeshop-print-link');
    const drProjectionPrintLink = $('#bakeshop-dr-projection-print-link');
    const drProjectionInlinePrintLink = $('#bakeshop-dr-projection-inline-print-link');
    const productionGuardToggle = $('#production-guard-toggle');
    const productionGuardNote = $('#production-guard-note');
    const productionLastSaved = $('#production-last-saved');
    const productionLastSavedSummary = $('#production-last-saved-summary');
    const productionReviewLastSaved = $('#production-review-last-saved');
    const productionEditLastSaved = $('#production-edit-last-saved');
    const deliverySectionTabs = document.querySelectorAll('[data-delivery-section-tab]');
    const deliverySectionPanels = document.querySelectorAll('[data-delivery-section-panel]');
    const productionSectionTabs = document.querySelectorAll('[data-production-section-tab]');
    const productionSectionPanels = document.querySelectorAll('[data-production-section-panel]');
    const deliveryLines = $('#delivery-lines');
    const deliveryCsvFile = $('#delivery-csv-file');
    const permissionsForm = $('#permissions-form');
    const branchForm = $('#branch-form');
    const productForm = $('#product-form');
    const ingredientForm = $('#ingredient-form');
    const recipeForm = $('#recipe-form');
    const productTargetForm = $('#product-target-form');
    const productionForm = $('#production-form');
    const manageRequiredForms = document.querySelectorAll('[data-manage-required="true"]');
    const setupTabs = document.querySelectorAll('[data-tab]');
    const setupPanels = document.querySelectorAll('[data-tab-panel]');
    const focusedWorkspaceMode = false;
    const pageTitle = document.getElementById('bakeshop-page-title');
    const pageIntro = document.getElementById('bakeshop-page-intro');
    const defaultWorkspaceTitle = pageTitle ? pageTitle.textContent : '';
    const defaultWorkspaceIntro = pageIntro ? pageIntro.textContent : '';
    const defaultTab = 'branches';
    const isDashboardPage = 'dashboard' === 'dashboard';
    let pendingDeleteConfirmResolve = null;

    function resolveTabName(candidate) {
        if (!candidate) {
            return defaultTab;
        }

        return Array.from(setupTabs).some((button) => button.getAttribute('data-tab') === candidate)
            ? candidate
            : defaultTab;
    }

    function currentTabName() {
        const activeButton = Array.from(setupTabs).find((button) => button.classList.contains('active'));
        return resolveTabName(activeButton ? activeButton.getAttribute('data-tab') : window.location.hash.slice(1));
    }

    function tabRequirementsFor(tabName) {
        const tabRequirements = {
            branches: ['branches'],
            catalog: ['units', 'products', 'ingredients', 'recipes'],
            ingredients: ['units', 'ingredients'],
            deliveries: ['branches', 'ingredients', 'deliveries'],
            production: ['branches', 'units', 'products', 'product-targets', 'production'],
            usage: ['branches', 'usage', 'dr-projection']
        };

        return tabRequirements[resolveTabName(tabName)] || [];
    }

    function datasetLoaders() {
        return {
            branches: loadBranches,
            units: loadUnits,
            products: loadProducts,
            ingredients: loadIngredients,
            recipes: loadRecipes,
            deliveries: loadDeliveries,
            'product-targets': loadProductTargets,
            production: loadProduction,
            usage: loadUsage,
            'dr-projection': loadDrProjection
        };
    }

    function normalizeCacheInvalidations(values) {
        if (!Array.isArray(values)) {
            return [];
        }

        return Array.from(new Set(values
            .map((value) => String(value || '').trim().toLowerCase())
            .filter(Boolean)));
    }

    function invalidateCachedDatasets(values) {
        normalizeCacheInvalidations(values).forEach((dataset) => {
            if (Object.prototype.hasOwnProperty.call(state.loaded, dataset)) {
                state.loaded[dataset] = false;
            }
        });
    }

    async function applyCacheInvalidations(values, options = {}) {
        const invalidations = normalizeCacheInvalidations(values);
        if (!invalidations.length) {
            return;
        }

        invalidateCachedDatasets(invalidations);

        if (options.refreshCurrentTab === false) {
            return;
        }

        const currentTab = currentTabName();
        const requirements = tabRequirementsFor(currentTab);
        const refreshCurrentTab = invalidations.some((dataset) => dataset === 'usage'
            ? currentTab === 'usage'
            : requirements.includes(dataset));

        if (refreshCurrentTab) {
            await ensureTabData(currentTab, { force: true });
        }
    }

    function syncFocusedWorkspaceHeader(tabName) {
        if (!focusedWorkspaceMode || !pageTitle || !pageIntro) {
            return;
        }

        const activeButton = Array.from(setupTabs).find((button) => button.getAttribute('data-tab') === tabName);
        if (!activeButton) {
            pageTitle.textContent = defaultWorkspaceTitle;
            pageIntro.textContent = defaultWorkspaceIntro;
            return;
        }

        pageTitle.textContent = activeButton.getAttribute('data-workspace-title') || defaultWorkspaceTitle;
        pageIntro.textContent = activeButton.getAttribute('data-workspace-intro') || defaultWorkspaceIntro;
    }

    async function activateTab(tabName, options = {}) {
        const updateHash = options.updateHash !== false;
        const resolvedTab = resolveTabName(tabName);
        setupTabs.forEach((button) => {
            const isActive = button.getAttribute('data-tab') === resolvedTab;
            button.classList.toggle('active', isActive);
            button.setAttribute('aria-selected', isActive ? 'true' : 'false');
        });
        setupPanels.forEach((panel) => {
            panel.classList.toggle('active', panel.getAttribute('data-tab-panel') === resolvedTab);
        });
        syncFocusedWorkspaceHeader(resolvedTab);

        if (updateHash && window.location.hash.slice(1) !== resolvedTab) {
            history.replaceState(null, '', '#' + resolvedTab);
        }

        await ensureTabData(resolvedTab, { force: options.force === true });
    }

    setupTabs.forEach((button) => {
        button.addEventListener('click', async (event) => {
            const tabName = button.getAttribute('data-tab');
            let targetUrl = null;
            try {
                targetUrl = new URL(button.getAttribute('href') || '', window.location.origin);
            } catch (error) {
                targetUrl = null;
            }

            if (targetUrl && targetUrl.pathname === window.location.pathname && targetUrl.search === window.location.search) {
                event.preventDefault();
                try {
                    await activateTab(tabName);
                } catch (error) {
                    showBanner(error.message || 'Unable to open this work area.', false);
                }
            }
        });
    });

    window.addEventListener('hashchange', () => {
        activateTab(window.location.hash.slice(1), { updateHash: false }).catch((error) => {
            showBanner(error.message || 'Unable to open this work area.', false);
        });
    });

    if (window.location.hash) {
        activateTab(window.location.hash.slice(1)).catch((error) => {
            showBanner(error.message || 'Unable to open this work area.', false);
        });
    } else {
        activateTab(defaultTab, { updateHash: true }).catch((error) => {
            showBanner(error.message || 'Unable to open this work area.', false);
        });
    }

    function rowStatusChip(isActive) {
        return '<span class="bakeshop-chip ' + (Number(isActive) === 0 ? 'inactive' : 'active') + '">' + (Number(isActive) === 0 ? 'Archived' : 'Active') + '</span>';
    }

    function rowActionButtons(kind, row) {
        const rowId = normalizedRowId(kind, row);
        const actionId = rowId > 0 ? String(rowId) : '';
        if (!canManageWorkspace) {
            return '<span class="bakeshop-inline-note">View only</span>';
        }

        let deleteAction = '';
        if (kind === 'product') {
            deleteAction = Number(row.can_delete) === 1
                ? '<button type="button" class="bakeshop-link-button warn" data-kind="' + escapeHtml(kind) + '" data-action="delete" data-id="' + escapeHtml(actionId) + '">Delete</button>'
                : '<span class="bakeshop-inline-note">In use, archive instead</span>';
        }
        if (kind === 'ingredient') {
            deleteAction = Number(row.can_delete) === 1
                ? '<button type="button" class="bakeshop-link-button warn" data-kind="' + escapeHtml(kind) + '" data-action="delete" data-id="' + escapeHtml(actionId) + '">Delete</button>'
                : '<span class="bakeshop-inline-note">In use, archive instead</span>';
        }

        return '<div class="bakeshop-row-actions">'
            + '<button type="button" class="bakeshop-link-button" data-kind="' + escapeHtml(kind) + '" data-action="edit" data-id="' + escapeHtml(actionId) + '">Edit</button>'
            + deleteAction
            + '<button type="button" class="bakeshop-link-button ' + (Number(row.is_active) === 0 ? '' : 'warn') + '" data-kind="' + escapeHtml(kind) + '" data-action="toggle-active" data-id="' + escapeHtml(actionId) + '"' + (rowId > 0 ? '' : ' disabled') + '>' + (Number(row.is_active) === 0 ? 'Restore' : 'Archive') + '</button>'
            + '</div>';
    }

    function findUnitById(unitId) {
        return state.units.find((row) => Number(row.id) === Number(unitId)) || null;
    }

    function unitOptionLabel(row) {
        return [row.code, row.name].filter(Boolean).join(' — ');
    }

    function formatIngredientPack(row) {
        const packLabel = String(row.pack_label || '').trim();
        const packQty = row.pack_qty !== null && row.pack_qty !== undefined && String(row.pack_qty).trim() !== ''
            ? String(row.pack_qty)
            : '';
        const packUnitCode = String(row.pack_unit_code || '').trim();

        if (packLabel === '' || packQty === '' || packUnitCode === '') {
            return '—';
        }

        return packLabel + ' · ' + packQty + ' ' + packUnitCode;
    }

    function activeBranchRows() {
        return state.branches.filter((row) => Number(row.is_active) !== 0);
    }

    function activeProductRows() {
        return state.products.filter((row) => Number(row.is_active) !== 0);
    }

    function currentProductTargetBranchId() {
        const branchSelect = $('#product-target-branch');
        const selectedBranchId = Number(branchSelect ? branchSelect.value : state.productTargetBranchId || 0);
        if (selectedBranchId > 0) {
            return selectedBranchId;
        }

        const firstBranch = activeBranchRows()[0] || null;
        return Number(firstBranch ? firstBranch.id : 0);
    }

    function currentDrProjectionScope() {
        return {
            ...currentReportScope(),
            horizon_days: $('#usage-horizon-days') ? $('#usage-horizon-days').value : '7'
        };
    }

    function drProjectionScopeKey(scope) {
        return [scope.branch_id || '', scope.from_date || '', scope.to_date || '', scope.horizon_days || ''].join('|');
    }

    function canLoadDrProjection(scope) {
        return String(scope.branch_id || '').trim() !== ''
            && String(scope.from_date || '').trim() !== ''
            && String(scope.to_date || '').trim() !== '';
    }

    function activeProductRecord() {
        return state.products.find((row) => Number(row.id) === Number(state.activeProductId)) || null;
    }

    function selectedProductionProductRecord() {
        if (!productionForm) {
            return null;
        }

        const productId = Number(productionForm.elements.namedItem('product_id').value || '0');
        if (productId <= 0) {
            return null;
        }

        return state.products.find((row) => Number(row.id) === productId) || null;
    }

    function productionDraftEntries() {
        return Object.entries(state.productionDraftQuantities || {})
            .map(([productId, qty]) => {
                const numericProductId = Number(productId);
                const normalizedQty = String(qty || '').trim();
                const numericQty = Number.parseFloat(normalizedQty);
                return {
                    productId: numericProductId,
                    qty: normalizedQty,
                    numericQty,
                    product: state.products.find((row) => Number(row.id) === numericProductId) || null
                };
            })
            .filter((entry) => Number.isFinite(entry.productId) && entry.productId > 0 && Number.isFinite(entry.numericQty) && entry.numericQty > 0);
    }

    function normalizeOptionalTwoDecimalQuantity(value) {
        const normalized = String(value ?? '').trim();
        if (normalized === '') {
            return '';
        }

        const numeric = Number.parseFloat(normalized);
        if (!Number.isFinite(numeric) || numeric <= 0) {
            return '';
        }

        return numeric.toFixed(2);
    }

    function productionRowBlockedReason(row) {
        if (!row) {
            return 'Product not found.';
        }

        if (!Number.isFinite(Number(row.default_yield_qty)) || Number(row.default_yield_qty) <= 0) {
            return 'Set the standard batch size first.';
        }

        if (productionRequiresRecipe && Number(row.recipe_item_count || 0) <= 0) {
            return 'Add ingredients for this item first.';
        }

        return '';
    }

    function productionGuardOverrideActive() {
        return allowProductionGuardOverride && state.productionGuardOverride === true;
    }

    function activateDeliverySectionTab(tabName, options = {}) {
        const resolvedTab = tabName === 'saved' ? 'saved' : 'receive';
        state.deliverySectionTab = resolvedTab;

        deliverySectionTabs.forEach((button) => {
            const isActive = button.getAttribute('data-delivery-section-tab') === resolvedTab;
            button.classList.toggle('active', isActive);
            button.setAttribute('aria-selected', isActive ? 'true' : 'false');
        });
        deliverySectionPanels.forEach((panel) => {
            panel.classList.toggle('active', panel.getAttribute('data-delivery-section-panel') === resolvedTab);
        });

        if (resolvedTab === 'saved' && options.scrollToFocused === true) {
            const focusedRow = document.querySelector('#deliveries-table tbody tr.bakeshop-row-focus');
            if (focusedRow) {
                focusedRow.scrollIntoView({ behavior: 'smooth', block: 'nearest' });
            }
        }
    }

    function activateProductionSectionTab(tabName, options = {}) {
        const resolvedTab = tabName === 'saved' ? 'saved' : 'record';
        state.productionSectionTab = resolvedTab;

        productionSectionTabs.forEach((button) => {
            const isActive = button.getAttribute('data-production-section-tab') === resolvedTab;
            button.classList.toggle('active', isActive);
            button.setAttribute('aria-selected', isActive ? 'true' : 'false');
        });
        productionSectionPanels.forEach((panel) => {
            panel.classList.toggle('active', panel.getAttribute('data-production-section-panel') === resolvedTab);
        });

        if (resolvedTab === 'saved' && options.scrollToRecent === true) {
            const recentRow = document.querySelector('#production-table tbody tr.bakeshop-row-recent');
            if (recentRow) {
                recentRow.scrollIntoView({ behavior: 'smooth', block: 'nearest' });
            }
        }
    }

    function formatProductionLastSavedSummary(summary) {
        if (!summary) {
            return '';
        }

        const parts = [];
        if (summary.product_name) {
            parts.push(summary.product_name + ' · ' + displayTwoDecimalQuantity(summary.qty_produced) + ' ' + (summary.default_yield_unit_code || '').trim());
        }
        if (summary.branch_name) {
            parts.push('Branch: ' + summary.branch_name);
        }
        if (summary.produced_at) {
            parts.push('Finished: ' + summary.produced_at);
        }
        if (summary.produced_by) {
            parts.push('Made by: ' + summary.produced_by);
        }
        if (summary.notes) {
            parts.push('Note: ' + summary.notes);
        }

        return parts.join(' | ');
    }

    function syncProductionLastSavedCard() {
        if (!productionLastSaved || !productionLastSavedSummary) {
            return;
        }

        const summary = state.lastSavedProductionSummary;
        if (!summary || Number(state.lastSavedProductionId || 0) <= 0) {
            productionLastSaved.hidden = true;
            productionLastSavedSummary.textContent = 'The next saved batch will appear here so it can be reviewed right away.';
            return;
        }

        productionLastSaved.hidden = false;
        productionLastSavedSummary.textContent = formatProductionLastSavedSummary(summary);
    }

    function rememberLastSavedProduction(row) {
        const rowId = Number(row && row.id ? row.id : 0);
        if (rowId <= 0) {
            return;
        }

        state.lastSavedProductionId = rowId;
        state.lastSavedProductionSummary = {
            id: rowId,
            branch_name: row.branch_name || '',
            product_name: row.product_name || row.name || '',
            produced_at: row.produced_at || '',
            qty_produced: row.qty_produced || '0',
            default_yield_unit_code: row.default_yield_unit_code || '',
            produced_by: row.produced_by || '',
            notes: row.notes || ''
        };
        syncProductionLastSavedCard();
    }

    function syncProductionGuardOverrideControls() {
        if (!productionGuardToggle) {
            return;
        }

        const active = productionGuardOverrideActive();
        productionGuardToggle.textContent = active ? 'Testing Override: On' : 'Testing Override: Off';
        productionGuardToggle.classList.toggle('warn', active);

        if (productionGuardNote) {
            if (!productionRequiresRecipe) {
                productionGuardNote.textContent = active
                    ? 'Recipe mode is optional. Testing override remains on for incomplete setup cases such as missing standard batch size.'
                    : 'Recipe mode is optional. Testing override is only needed for incomplete setup cases such as missing standard batch size.';
            } else {
                productionGuardNote.textContent = active
                    ? 'Temporary non-production testing override is on. Saved entries will still be recorded even if the item setup is incomplete.'
                    : 'Temporary non-production testing override. When enabled, an entry can still be saved even if the item setup is incomplete.';
            }
        }
    }

    function setProductionDraftSaveState(productId, kind, message = '') {
        state.productionDraftSaveState[String(productId)] = {
            kind,
            message
        };
    }

    function productionDraftSaveStateFor(productId) {
        return state.productionDraftSaveState[String(productId)] || null;
    }

    function productionMetadataEditActive() {
        if (!productionForm) {
            return false;
        }

        return Number(productionForm.elements.namedItem('id').value || '0') > 0;
    }

    function productionDateTimeInputValue(value) {
        const normalized = String(value || '').trim();
        if (normalized === '') {
            return nowLocalDateTime();
        }

        return normalized.replace(' ', 'T').slice(0, 16);
    }

    function syncProductionProductSelection() {
        if (!productionForm) {
            return;
        }

        const note = $('#production-product-note');
        const productField = productionForm.elements.namedItem('product_id');
        const qtyField = productionForm.elements.namedItem('qty_produced');
        const draftEntries = productionDraftEntries();
        const selected = productionMetadataEditActive()
            ? selectedProductionProductRecord()
            : (draftEntries.length === 1 ? draftEntries[0].product : null);
        const draftProductIds = new Set(draftEntries.map((entry) => Number(entry.productId)));

        if (!note || !productField || !qtyField) {
            return;
        }

        if (!productionMetadataEditActive()) {
            productField.value = '';
            qtyField.value = '';
        }

        if (productionMetadataEditActive() && selected) {
            note.textContent = 'Reviewing the saved entry for ' + (selected.name || 'item') + '. Branch, item, amount made, and ingredients used stay locked here.';
        } else if (draftEntries.length === 0) {
            note.textContent = productionRequiresRecipe
                ? 'Choose the branch, finished time, and who made it. Then enter the amount made in the item list below. Leave a box blank if nothing was made for that item.'
                : 'Choose the branch, finished time, and who made it. Then enter the amount made in the item list below. Leave a box blank if nothing was made for that item. Products without recipes can still save as output-only entries.';
        } else if (draftEntries.length === 1 && selected) {
            note.textContent = 'Ready to save ' + (selected.name || 'item') + ' · Standard batch ' + displayTwoDecimalQuantity(selected.default_yield_qty) + ' ' + (selected.default_yield_unit_code || 'unit') + ' · Amount made ' + draftEntries[0].qty + '.';
        } else {
            note.textContent = 'Amounts will save as you leave each box.';
        }

        if (productionGuardOverrideActive()) {
            note.textContent += ' Testing override is on.';
        }

        document.querySelectorAll('#production-products-table tbody tr[data-row-kind="production-product"]').forEach((rowElement) => {
            const rowId = Number(rowElement.getAttribute('data-row-id') || '0');
            const isSelected = productionMetadataEditActive()
                ? Boolean(selected && rowId === Number(selected.id || 0))
                : draftProductIds.has(rowId);
            rowElement.classList.toggle('bakeshop-row-editing', isSelected);
            rowElement.classList.toggle('bakeshop-row-selectable', canManageWorkspace && !productionMetadataEditActive());
        });
    }

    async function autosaveProductionDraft(productId, qtyValue, qtyInput) {
        if (!productionForm || productionMetadataEditActive()) {
            return;
        }

        const normalizedQty = normalizeOptionalTwoDecimalQuantity(qtyValue);
        if (normalizedQty === '') {
            delete state.productionDraftQuantities[String(productId)];
            delete state.productionDraftSaveState[String(productId)];
            syncProductionProductSelection();
            if (qtyInput instanceof HTMLInputElement) {
                qtyInput.value = '';
            }
            renderCatalogTables();
            return;
        }

        const row = state.products.find((item) => Number(item.id) === Number(productId) && Number(item.is_active) !== 0);
        if (!row) {
            setProductionDraftSaveState(productId, 'error', 'This item could not be found.');
            renderCatalogTables();
            showBanner('That item could not be found.', false);
            return;
        }

        const blockedReason = productionRowBlockedReason(row);
        if (blockedReason !== '' && !productionGuardOverrideActive()) {
            setProductionDraftSaveState(productId, 'error', blockedReason);
            renderCatalogTables();
            showBanner(blockedReason, false);
            return;
        }

        if (!productionForm.elements.namedItem('branch_id').value) {
            setProductionDraftSaveState(productId, 'error', 'Choose a branch first.');
            renderCatalogTables();
            showBanner('Choose a branch before entering the amount made.', false);
            return;
        }
        if (!productionForm.elements.namedItem('produced_at').value) {
            setProductionDraftSaveState(productId, 'error', 'Set the finished time first.');
            renderCatalogTables();
            showBanner('Set the finished time before entering the amount made.', false);
            return;
        }

        state.productionDraftQuantities[String(productId)] = normalizedQty;
        setProductionDraftSaveState(productId, 'saving', 'Saving entry...');
        syncProductionProductSelection();
        renderCatalogTables();

        if (qtyInput instanceof HTMLInputElement) {
            qtyInput.value = normalizedQty;
            qtyInput.disabled = true;
        }

        const result = await submitJson(api.production, {
            branch_id: productionForm.elements.namedItem('branch_id').value,
            product_id: String(productId),
            produced_at: productionForm.elements.namedItem('produced_at').value,
            qty_produced: normalizedQty,
            produced_by: productionForm.elements.namedItem('produced_by').value,
            notes: productionForm.elements.namedItem('notes').value,
            relax_guards: productionGuardOverrideActive() ? '1' : '0'
        }, (row.name || 'Item') + ' was saved.', async (data) => {
            delete state.productionDraftQuantities[String(productId)];
            await loadProduction(true);
            const savedRow = state.production.find((item) => Number(item.id) === Number((data && data.item && data.item.id) || 0)) || (data ? data.item : null);
            if (savedRow) {
                rememberLastSavedProduction(savedRow);
            }
            setProductionDraftSaveState(productId, 'saved', productionGuardOverrideActive() && blockedReason !== '' ? 'Saved for testing review.' : 'Saved and ready to review.');
            renderCatalogTables();
            await loadUsage();
        });

        if (!result) {
            setProductionDraftSaveState(productId, 'error', 'Could not save. Try again.');
            renderCatalogTables();
            if (qtyInput instanceof HTMLInputElement) {
                qtyInput.disabled = false;
                qtyInput.value = normalizedQty;
            }
            return;
        }

        if (qtyInput instanceof HTMLInputElement && qtyInput.isConnected) {
            qtyInput.disabled = false;
            qtyInput.value = '';
        }
    }

    function focusProductionDraftInput(row) {
        if (!productionForm) {
            return;
        }

        if (!canManageWorkspace) {
            showBanner('Production entry is read only for your role.', false);
            return;
        }

        if (productionMetadataEditActive()) {
            showBanner('You are reviewing a saved entry. Cancel review mode to record a new batch.', false);
            return;
        }

        const qtyField = document.querySelector('[data-production-qty-input="' + String(row.id || '') + '"]');
        if (!(qtyField instanceof HTMLInputElement)) {
            return;
        }

        qtyField.focus();
        qtyField.select();
    }

    function syncIngredientPackUnitOptions(preferredValue = '') {
        const defaultUnitId = Number(ingredientForm?.elements.namedItem('default_unit_id')?.value || '0');
        const defaultUnit = findUnitById(defaultUnitId);
        const allowedUnits = defaultUnit && defaultUnit.dimension
            ? state.units.filter((row) => String(row.dimension || '') === String(defaultUnit.dimension || ''))
            : state.units;

        populateSelect('#ingredient-pack-unit', allowedUnits, (row) => ({ value: row.id, label: unitOptionLabel(row) }), 'No pack unit');

        const select = $('#ingredient-pack-unit');
        if (!select) {
            return;
        }

        const nextValue = String(preferredValue || select.value || '');
        if (nextValue && Array.from(select.options).some((option) => option.value === nextValue)) {
            select.value = nextValue;
        } else if (defaultUnitId > 0 && Array.from(select.options).some((option) => option.value === String(defaultUnitId))) {
            select.value = String(defaultUnitId);
        }
    }

    function syncProductTargetUnitOptions(preferredValue = '') {
        const productId = Number(productTargetForm?.elements.namedItem('product_id')?.value || '0');
        const product = state.products.find((row) => Number(row.id) === productId) || null;
        const defaultUnitId = Number(product ? product.default_yield_unit_id : 0);
        const defaultUnit = findUnitById(defaultUnitId);
        const allowedUnits = defaultUnit && defaultUnit.dimension
            ? state.units.filter((row) => String(row.dimension || '') === String(defaultUnit.dimension || ''))
            : state.units;

        populateSelect('#product-target-unit', allowedUnits, (row) => ({ value: row.id, label: unitOptionLabel(row) }), 'Select target unit');

        const select = $('#product-target-unit');
        if (!select) {
            return;
        }

        const nextValue = String(preferredValue || select.value || '');
        if (nextValue && Array.from(select.options).some((option) => option.value === nextValue)) {
            select.value = nextValue;
        } else if (defaultUnitId > 0 && Array.from(select.options).some((option) => option.value === String(defaultUnitId))) {
            select.value = String(defaultUnitId);
        }
    }

    function filteredProductTargetRows() {
        const branchId = currentProductTargetBranchId();
        const query = tableSearchQuery('#product-target-filter');

        return state.productTargets.filter((row) => Number(row.branch_id) === branchId)
            .filter((row) => rowMatchesSearch(query, [row.product_name, row.product_sku, row.product_category, row.unit_code, row.daily_qty]));
    }

    function renderProductTargetsTable() {
        const branchId = currentProductTargetBranchId();
        const branchSelect = $('#product-target-branch');
        if (branchSelect && branchId > 0 && String(branchSelect.value || '') !== String(branchId)) {
            branchSelect.value = String(branchId);
        }

        const rows = branchId > 0 ? filteredProductTargetRows() : [];
        renderTable('#product-targets-table', rows, [
            (row) => '<strong>' + escapeHtml(row.product_name || 'Product') + '</strong><div class="bakeshop-inline-note">' + escapeHtml(row.product_sku || 'No SKU') + '</div>',
            (row) => escapeHtml(row.product_category || '—'),
            (row) => '<strong>' + displayTwoDecimalQuantity(row.daily_qty) + '</strong>',
            (row) => escapeHtml(unitOptionLabel({ code: row.unit_code, name: row.unit_name }) || '—'),
            (row) => canManageWorkspace
                ? '<div class="bakeshop-row-actions"><button type="button" class="bakeshop-link-button" data-action="edit-product-target" data-id="' + escapeHtml(row.id) + '">Edit</button><button type="button" class="bakeshop-link-button warn" data-action="delete-product-target" data-id="' + escapeHtml(row.id) + '">Delete</button></div>'
                : '<span class="bakeshop-inline-note">View only</span>'
        ], branchId > 0 ? 'No branch targets saved for this branch yet.' : 'Select a branch to view product targets.');
    }

    function renderDrProjectionTables() {
        const summary = $('#dr-projection-summary');
        const report = state.drProjection || {};

        if (report.error) {
            if (summary) {
                summary.textContent = report.error;
            }
            renderTable('#dr-projection-ingredients-table', [], [() => '', () => '', () => '', () => '', () => '', () => ''], report.error);
            renderTable('#dr-projection-products-table', [], [() => '', () => '', () => '', () => '', () => ''], report.error);
            return;
        }

        if (!report.filters) {
            if (summary) {
                summary.textContent = 'Choose a branch and a scoped date range, then refresh usage to compute projected ingredient and product requirements.';
            }
            renderTable('#dr-projection-ingredients-table', [], [() => '', () => '', () => '', () => '', () => '', () => ''], 'No DR projection computed yet.');
            renderTable('#dr-projection-products-table', [], [() => '', () => '', () => '', () => '', () => ''], 'No DR projection computed yet.');
            return;
        }

        if (summary) {
            const branchName = report.branch && report.branch.name ? report.branch.name : 'Selected branch';
            summary.textContent = branchName + ' · Observed ' + String(report.filters.from_date || '') + ' to ' + String(report.filters.to_date || '') + ' · Projection horizon ' + String(report.filters.horizon_days || '') + ' day(s).';
        }

        const ingredientQuery = tableSearchQuery('#dr-projection-ingredients-filter');
        const ingredientRows = (report.ingredients || []).filter((row) => rowMatchesSearch(ingredientQuery, [row.ingredient_name, row.default_unit_code, row.pack_label, row.per_pack_display, row.projected_qty_display]));
        renderTable('#dr-projection-ingredients-table', ingredientRows, [
            (row) => '<strong>' + escapeHtml(row.ingredient_name || 'Ingredient') + '</strong><div class="bakeshop-inline-note">' + escapeHtml(row.default_unit_code || 'unit') + '</div>',
            (row) => escapeHtml(displayUsageQuantity((Number(row.default_unit_factor_to_base || 0) > 0 ? (Number(row.delivered_qty_base || 0) / Number(row.default_unit_factor_to_base || 1)) : Number(row.delivered_qty_base || 0))) + ' ' + String(row.default_unit_code || '')),
            (row) => escapeHtml(String(row.observed_coverage_days || 0) + ' day(s)'),
            (row) => escapeHtml(displayUsageQuantity((Number(row.default_unit_factor_to_base || 0) > 0 ? (Number(row.daily_qty_base || 0) / Number(row.default_unit_factor_to_base || 1)) : Number(row.daily_qty_base || 0))) + ' ' + String(row.default_unit_code || '')),
            (row) => '<strong>' + escapeHtml(String(row.projected_qty_display || displayUsageQuantity(row.projected_qty))) + ' ' + escapeHtml(row.default_unit_code || '') + '</strong>',
            (row) => escapeHtml(row.per_pack_display || '—')
        ], 'No projected ingredients matched the current scope.');

        const productQuery = tableSearchQuery('#dr-projection-products-filter');
        const productRows = (report.products || []).filter((row) => rowMatchesSearch(productQuery, [row.product_name, row.product_category, row.unit_code, row.projected_qty_display]));
        renderTable('#dr-projection-products-table', productRows, [
            (row) => '<strong>' + escapeHtml(row.product_name || 'Product') + '</strong><div class="bakeshop-inline-note">' + escapeHtml(row.product_category || '—') + '</div>',
            (row) => escapeHtml(displayTwoDecimalQuantity(row.daily_qty) + ' ' + String(row.unit_code || '')),
            (row) => escapeHtml(String(row.days_produced || 0) + ' / ' + String(row.window_days || 0)),
            (row) => Number(row.has_missing_days) === 1 || Number(row.missing_days || 0) > 0
                ? '<span class="bakeshop-inline-note error">' + escapeHtml(String(row.missing_days || 0) + ' day(s)') + '</span>'
                : '<span class="bakeshop-inline-note ok">None</span>',
            (row) => '<strong>' + escapeHtml(String(row.projected_qty_display || displayTwoDecimalQuantity(row.projected_qty))) + ' ' + escapeHtml(row.unit_code || '') + '</strong>'
        ], 'No projected products matched the current scope.');
    }

    function renderProductionProductsTable(rows) {
        const tbody = document.querySelector('#production-products-table tbody');
        if (!tbody) {
            return;
        }

        if (!rows.length) {
            tbody.innerHTML = '<tr><td colspan="4" class="bakeshop-muted">No active products available for production.</td></tr>';
            syncProductionProductSelection();
            return;
        }

        tbody.innerHTML = rows.map((row) => {
            const rowId = normalizedRowId('production-product', row);
            const draftQty = String((state.productionDraftQuantities && state.productionDraftQuantities[String(rowId)]) || '');
            const blockedReason = productionRowBlockedReason(row);
            const outputOnlyAllowed = !productionRequiresRecipe && Number(row.recipe_item_count || 0) <= 0;
            const inputDisabled = !canManageWorkspace || productionMetadataEditActive();
            const saveState = productionDraftSaveStateFor(rowId);
            const saveStateClass = blockedReason !== '' && !productionGuardOverrideActive()
                ? ' error'
                : (saveState && saveState.kind === 'saved'
                ? ' ok'
                : (saveState && saveState.kind === 'error' ? ' error' : ''));
            const saveStateMessage = blockedReason !== ''
                ? (productionGuardOverrideActive()
                    ? 'Testing override active. This will save without ingredient-use detail.'
                    : blockedReason)
                : (outputOnlyAllowed
                    ? 'Recipe optional. This saves as an output-only entry.'
                : (saveState && saveState.message
                    ? saveState.message
                    : 'Blank = no production'));
            return '<tr data-row-kind="production-product" data-row-id="' + escapeHtml(rowId) + '">'
                + '<td><strong>' + escapeHtml(row.name) + '</strong><div class="bakeshop-inline-note">' + escapeHtml(row.sku || 'No SKU') + '</div></td>'
                + '<td>' + escapeHtml(row.category || '—') + '</td>'
                + '<td>' + displayTwoDecimalQuantity(row.default_yield_qty) + ' ' + escapeHtml(row.default_yield_unit_code || '') + '</td>'
                + '<td><input class="bakeshop-table-input" type="number" min="0.01" step="0.01" placeholder="0.00" data-production-qty-input="' + escapeHtml(rowId) + '" value="' + escapeHtml(draftQty) + '"' + (inputDisabled ? ' disabled' : '') + '><div class="bakeshop-inline-note' + saveStateClass + '">' + escapeHtml(saveStateMessage) + '</div></td>'
                + '</tr>';
        }).join('');

        syncProductionProductSelection();
    }

    function currentReportScope() {
        const fromSummary = {
            branch_id: $('#summary-branch-filter') ? $('#summary-branch-filter').value : '',
            from_date: $('#summary-from-filter') ? $('#summary-from-filter').value : '',
            to_date: $('#summary-to-filter') ? $('#summary-to-filter').value : ''
        };
        const fromUsage = {
            branch_id: $('#usage-branch') ? $('#usage-branch').value : '',
            from_date: $('#usage-from') ? $('#usage-from').value : '',
            to_date: $('#usage-to') ? $('#usage-to').value : ''
        };

        return {
            branch_id: fromUsage.branch_id || fromSummary.branch_id,
            from_date: fromUsage.from_date || fromSummary.from_date,
            to_date: fromUsage.to_date || fromSummary.to_date
        };
    }

    function syncReportScopeInputs(sourcePrefix) {
        const source = {
            branch_id: $('#' + sourcePrefix + '-branch-filter') || $('#' + sourcePrefix + '-branch'),
            from_date: $('#' + sourcePrefix + '-from-filter') || $('#' + sourcePrefix + '-from'),
            to_date: $('#' + sourcePrefix + '-to-filter') || $('#' + sourcePrefix + '-to')
        };
        const usageTargets = {
            branch_id: $('#usage-branch'),
            from_date: $('#usage-from'),
            to_date: $('#usage-to')
        };

        Object.keys(usageTargets).forEach((key) => {
            if (source[key] && usageTargets[key]) {
                usageTargets[key].value = source[key].value || '';
            }
        });
    }

    function syncRecipePanel() {
        const empty = $('#recipe-panel-empty');
        const details = $('#recipe-panel-details');
        const title = $('#recipe-panel-title');
        const description = $('#recipe-form-description');
        const productEditorPanel = $('#product-editor-panel');
        const recipePanel = $('#recipe-panel');
        const product = activeProductRecord();

        if (!empty || !details || !title || !description || !productEditorPanel || !recipePanel) {
            return;
        }

        if (!productRecipesEnabled) {
            productEditorPanel.classList.remove('is-editing');
            recipePanel.classList.remove('is-editing');
            return;
        }

        if (!product) {
            empty.hidden = false;
            details.hidden = true;
            title.textContent = 'Recipe';
            description.textContent = 'Edit a product first to view and maintain its recipe lines.';
            productEditorPanel.classList.remove('is-editing');
            recipePanel.classList.remove('is-editing');
            return;
        }

        empty.hidden = true;
        details.hidden = false;
        title.textContent = 'Recipe for ' + (product.name || 'Product');
        description.textContent = 'Add or edit ingredient usage here.';
        recipeForm.elements.namedItem('product_id').value = String(product.id || '');
        productEditorPanel.classList.add('is-editing');
        recipePanel.classList.add('is-editing');
    }

    function showBanner(message, ok = true) {
        banner.textContent = message;
        banner.className = 'bakeshop-banner show ' + (ok ? 'ok' : 'error');
    }

    function clearBanner() {
        banner.className = 'bakeshop-banner';
        banner.textContent = '';
    }

    function filteredProductRows() {
        const showArchived = state.productListView === 'archived';
        return state.products.filter((row) => {
            const isArchived = Number(row.is_active) === 0;
            return showArchived === isArchived;
        });
    }

    function filteredDeliveryRows() {
        return state.deliveries.filter((row) => rowMatchesSearch(tableSearchQuery('#deliveries-filter'), [row.branch_name, row.delivered_at, row.reference, row.received_by, row.source_label, row.cost_basis_summary, row.item_count, row.total_quantity, row.total_amount]));
    }

    function pruneProductSelection() {
        const validIds = new Set(state.products
            .filter((row) => Number(row.can_delete) === 1)
            .map((row) => Number(row.id))
            .filter((id) => Number.isFinite(id) && id > 0));
        Array.from(state.selectedProductIds).forEach((id) => {
            if (!validIds.has(id)) {
                state.selectedProductIds.delete(id);
            }
        });
    }

    function escapeHtml(value) {
        return String(value ?? '')
            .replace(/&/g, '&amp;')
            .replace(/</g, '&lt;')
            .replace(/>/g, '&gt;')
            .replace(/"/g, '&quot;')
            .replace(/'/g, '&#039;');
    }

    function productDeletePreviewLabel(row, id) {
        const name = row && row.name ? row.name : ('Product #' + String(id));
        return row && row.sku ? (name + ' (' + row.sku + ')') : name;
    }

    function ingredientDeletePreviewLabel(row, id) {
        const name = row && row.name ? row.name : ('Ingredient #' + String(id));
        return row && row.sku ? (name + ' (' + row.sku + ')') : name;
    }

    function deliveryDeletePreviewLabel(row, id) {
        const reference = row && row.reference ? row.reference : ('Delivery #' + String(id));
        const branch = row && row.branch_name ? row.branch_name : '';
        const deliveredAt = row && row.delivered_at ? row.delivered_at : '';
        return [reference, branch, deliveredAt].filter(Boolean).join(' - ');
    }

    function pruneDeliverySelection() {
        const validIds = new Set(state.deliveries.map((row) => Number(row.id)).filter((id) => Number.isFinite(id) && id > 0));
        Array.from(state.selectedDeliveryIds).forEach((id) => {
            if (!validIds.has(id)) {
                state.selectedDeliveryIds.delete(id);
            }
        });
    }

    function syncSelectionControls(options) {
        const rows = options.rows || [];
        const selectedIds = options.selectedIds;
        const prefix = options.prefix;
        const noun = options.noun;
        const singular = options.singular || noun.replace(/s$/, '');
        const selectAll = $('#' + prefix + '-select-all');
        const summary = $('#' + prefix + '-selection-summary');
        const clearButton = $('#' + prefix + '-clear-selection');
        const deleteButton = $('#' + prefix + '-delete-selected');
        const selectVisibleButton = $('#' + prefix + '-select-visible');
        const visibleIds = rows.map((row) => Number(row.id)).filter((id) => Number.isFinite(id) && id > 0);
        const selectedCount = selectedIds.size;
        const visibleSelectedCount = visibleIds.filter((id) => selectedIds.has(id)).length;

        if (summary) {
            if (selectedCount === 0) {
                summary.textContent = 'No ' + noun + ' selected.';
            } else if (selectedCount === 1) {
                summary.textContent = '1 ' + singular + ' selected.';
            } else {
                summary.textContent = String(selectedCount) + ' ' + noun + ' selected.';
            }
        }

        if (selectAll) {
            selectAll.checked = visibleIds.length > 0 && visibleSelectedCount === visibleIds.length;
            selectAll.indeterminate = visibleSelectedCount > 0 && visibleSelectedCount < visibleIds.length;
            selectAll.disabled = !canManageWorkspace || visibleIds.length === 0;
        }
        if (selectVisibleButton) {
            selectVisibleButton.disabled = !canManageWorkspace || visibleIds.length === 0;
        }
        if (clearButton) {
            clearButton.hidden = selectedCount === 0;
            clearButton.disabled = !canManageWorkspace || selectedCount === 0;
        }
        if (deleteButton) {
            deleteButton.hidden = selectedCount === 0;
            deleteButton.disabled = !canManageWorkspace || selectedCount === 0;
            deleteButton.textContent = selectedCount > 1 ? 'Delete Selected (' + String(selectedCount) + ')' : 'Delete Selected';
        }
    }

    function productDeleteEligibleRows(rows = filteredProductRows()) {
        return rows.filter((row) => Number(row.can_delete) === 1);
    }

    function syncProductViewControls() {
        const activeButton = $('#products-view-active');
        const archivedButton = $('#products-view-archived');
        const summary = $('#products-view-summary');
        const activeCount = state.products.filter((row) => Number(row.is_active) !== 0).length;
        const archivedCount = state.products.filter((row) => Number(row.is_active) === 0).length;

        $('#products-active-count').textContent = String(activeCount);
        $('#products-archived-count').textContent = String(archivedCount);

        if (activeButton) {
            const isActiveView = state.productListView === 'active';
            activeButton.classList.toggle('active', isActiveView);
            activeButton.setAttribute('aria-selected', isActiveView ? 'true' : 'false');
        }
        if (archivedButton) {
            const isArchivedView = state.productListView === 'archived';
            archivedButton.classList.toggle('active', isArchivedView);
            archivedButton.setAttribute('aria-selected', isArchivedView ? 'true' : 'false');
        }
        if (summary) {
            summary.textContent = state.productListView === 'archived'
                ? 'Archived products stay out of batch recording until they are restored.'
                : 'View active products used for current batch recording.';
        }
    }

    function syncProductSelectionControls(rows = filteredProductRows()) {
        const selectAll = $('#products-select-all');
        const summary = $('#products-selection-summary');
        const clearButton = $('#products-clear-selection');
        const deleteButton = $('#products-delete-selected');
        const selectVisibleButton = $('#products-select-visible');
        const deletableRows = productDeleteEligibleRows(rows);
        const visibleIds = deletableRows.map((row) => Number(row.id)).filter((id) => Number.isFinite(id) && id > 0);
        const selectedCount = state.selectedProductIds.size;
        const visibleSelectedCount = visibleIds.filter((id) => state.selectedProductIds.has(id)).length;

        if (summary) {
            if (selectedCount === 0) {
                summary.textContent = rows.length > 0 && visibleIds.length === 0 ? 'Products already used in saved batches can be archived but not deleted.' : 'No products selected.';
            } else if (selectedCount === 1) {
                summary.textContent = '1 product selected.';
            } else {
                summary.textContent = String(selectedCount) + ' products selected.';
            }
        }

        if (selectAll) {
            selectAll.checked = visibleIds.length > 0 && visibleSelectedCount === visibleIds.length;
            selectAll.indeterminate = visibleSelectedCount > 0 && visibleSelectedCount < visibleIds.length;
            selectAll.disabled = !canManageWorkspace || visibleIds.length === 0;
        }

        if (selectVisibleButton) {
            selectVisibleButton.disabled = !canManageWorkspace || visibleIds.length === 0;
        }
        if (clearButton) {
            clearButton.hidden = selectedCount === 0;
            clearButton.disabled = !canManageWorkspace || selectedCount === 0;
        }
        if (deleteButton) {
            deleteButton.hidden = selectedCount === 0;
            deleteButton.disabled = !canManageWorkspace || selectedCount === 0;
            deleteButton.textContent = selectedCount > 1 ? 'Delete Selected (' + String(selectedCount) + ')' : 'Delete Selected';
        }
    }

    function syncDeliverySelectionControls(rows = filteredDeliveryRows()) {
        syncSelectionControls({ rows, selectedIds: state.selectedDeliveryIds, prefix: 'deliveries', noun: 'deliveries', singular: 'delivery' });
    }

    function normalizeTwoDecimalQuantity(value, fallback = '1.00') {
        const numeric = Number.parseFloat(String(value ?? '').trim());
        if (!Number.isFinite(numeric) || numeric <= 0) {
            return fallback;
        }
        return numeric.toFixed(2);
    }

    function displayTwoDecimalQuantity(value, fallback = '0.00') {
        const numeric = Number.parseFloat(String(value ?? '').trim());
        if (!Number.isFinite(numeric)) {
            return fallback;
        }
        return numeric.toFixed(2);
    }

    function displayUsageQuantity(value, fallback = null) {
        const numeric = Number.parseFloat(String(value ?? '').trim());
        if (!Number.isFinite(numeric)) {
            return fallback === null ? (0).toFixed(state.usageDecimalPlaces) : fallback;
        }

        return numeric.toFixed(state.usageDecimalPlaces);
    }

    function formatCurrencyDisplay(value, fallback = 'PHP 0.00') {
        const numeric = Number.parseFloat(String(value ?? '').trim());
        if (!Number.isFinite(numeric)) {
            return fallback;
        }
        return 'PHP ' + numeric.toFixed(2);
    }

    function renderProductsTable(rows) {
        const tbody = document.querySelector('#products-table tbody');
        if (!tbody) {
            return;
        }

        const totalColumns = productRecipesEnabled ? 7 : 6;
        const recipeCellStyle = productRecipesEnabled ? '' : ' style="display:none;"';

        if (!rows.length) {
            tbody.innerHTML = '<tr><td colspan="' + String(totalColumns) + '" class="bakeshop-muted">' + escapeHtml(state.productListView === 'archived' ? 'No archived products yet.' : 'No active products yet.') + '</td></tr>';
            syncProductViewControls();
            syncProductSelectionControls(rows);
            return;
        }

        tbody.innerHTML = rows.map((row) => {
            const resolvedRowId = normalizedRowId('product', row);
            const selected = resolvedRowId > 0 && state.selectedProductIds.has(resolvedRowId);
            const selectionCell = canManageWorkspace && resolvedRowId > 0 && Number(row.can_delete) === 1
                ? '<td class="bakeshop-checkbox-cell"><input class="bakeshop-checkbox" type="checkbox" data-product-select="' + escapeHtml(resolvedRowId) + '" aria-label="Select product ' + escapeHtml(row.name || String(resolvedRowId)) + '"' + (selected ? ' checked' : '') + '></td>'
                : '<td class="bakeshop-checkbox-cell"></td>';

            const dependencyNote = Number(row.production_reference_count) > 0
                ? '<div class="bakeshop-inline-note">Used by ' + escapeHtml(String(row.production_reference_count)) + ' saved batch' + (Number(row.production_reference_count) === 1 ? '' : 'es') + '.</div>'
                : '';

            return '<tr data-row-kind="product" data-row-id="' + escapeHtml(resolvedRowId) + '">'
                + selectionCell
                + '<td><strong>' + escapeHtml(row.name) + '</strong><div class="bakeshop-inline-note">' + escapeHtml(row.sku || 'No SKU') + '</div>' + dependencyNote + '</td>'
                + '<td>' + escapeHtml(row.category || '—') + '</td>'
                + '<td>' + displayTwoDecimalQuantity(row.default_yield_qty) + ' ' + escapeHtml(row.default_yield_unit_code || '') + '</td>'
                + '<td' + recipeCellStyle + '>' + escapeHtml(row.recipe_item_count) + '</td>'
                + '<td>' + rowStatusChip(row.is_active) + '</td>'
                + '<td>' + rowActionButtons('product', row) + '</td>'
                + '</tr>';
        }).join('');

        syncProductViewControls();
        syncProductSelectionControls(rows);
    }

    function renderDeliveryDetail(row) {
        const items = Array.isArray(row.items) ? row.items : [];
        return '<div class="bakeshop-detail-stack">'
            + '<strong>' + escapeHtml(row.source_label || 'Commissary') + '</strong>'
            + '<span class="bakeshop-inline-note">' + escapeHtml(row.received_by || 'Receiver not recorded') + (row.cost_basis_summary ? ' · ' + escapeHtml(row.cost_basis_summary) : '') + '</span>'
            + '<span class="bakeshop-inline-note">Coverage: ' + escapeHtml(String(row.coverage_days || 1)) + ' day(s)</span>'
            + '<span class="bakeshop-inline-note">' + escapeHtml(String(row.item_count || items.length || 0)) + ' lines · ' + escapeHtml(String(row.total_quantity || '0')) + ' total qty · ' + formatCurrencyDisplay(row.total_amount) + ' total amount</span>'
            + renderDetailList(items, (item) => escapeHtml(item.ingredient_name || 'Ingredient') + ': ' + escapeHtml(String(item.qty || '0')) + ' ' + escapeHtml(item.unit_code || '') + ((item.unit_cost !== null && item.unit_cost !== undefined && item.unit_cost !== '') ? (' @ ' + formatCurrencyDisplay(item.unit_cost)) : '') + ' · ' + escapeHtml(item.cost_basis_label || 'Delivery Source'), 'No delivery line detail loaded.')
            + '</div>';
    }

    function renderProductionSnapshotDetail(row) {
        const items = Array.isArray(row.items) ? row.items : [];
        return '<div class="bakeshop-detail-stack">'
            + '<strong>' + escapeHtml(String(row.consumed_item_count || items.length || 0)) + ' ingredient line(s)</strong>'
            + '<span class="bakeshop-inline-note">' + escapeHtml(String(row.total_consumed_qty || '0')) + ' total ingredient quantity</span>'
            + renderDetailList(items, (item) => escapeHtml(item.ingredient_name || 'Ingredient') + ': ' + escapeHtml(String(item.qty_used || '0')) + ' ' + escapeHtml(item.unit_code || ''), 'No ingredient-use detail was saved for this entry.')
            + '</div>';
    }

    function nowLocalDateTime() {
        const date = new Date();
        const pad = (value) => String(value).padStart(2, '0');
        return [date.getFullYear(), pad(date.getMonth() + 1), pad(date.getDate())].join('-') + 'T' + [pad(date.getHours()), pad(date.getMinutes())].join(':');
    }

    function nowLocalDate() {
        return nowLocalDateTime().slice(0, 10);
    }

    function syncDeliverySourceField() {
        const sourceType = $('#delivery-source-type');
        const sourceNameField = $('#delivery-source-name-field');
        const sourceNameInput = $('#delivery-source-name');
        if (!sourceType || !sourceNameField || !sourceNameInput) {
            return;
        }

        const isOther = sourceType.value === 'other';
        sourceNameField.hidden = !isOther;
        sourceNameInput.disabled = !isOther;
        if (!isOther) {
            sourceNameInput.value = '';
        }
    }

    function apiUrl(base, params = {}) {
        const url = new URL(base, window.location.origin);
        Object.entries(params).forEach(([key, value]) => {
            if (value !== null && value !== undefined && value !== '') {
                url.searchParams.set(key, value);
            }
        });
        return url.toString();
    }

    async function request(url, options = {}) {
        const requestUrl = new URL(String(url || ''), window.location.origin).toString();
        const response = await fetch(requestUrl, {
            headers: {
                'Accept': 'application/json',
                ...(options.body ? { 'Content-Type': 'application/json' } : {}),
                ...((options.method || 'GET').toUpperCase() !== 'GET' ? { 'X-CSRF-Token': csrfToken } : {}),
                ...(options.headers || {})
            },
            credentials: 'same-origin',
            ...options
        });

        const payload = await response.json().catch(() => ({ ok: false, error: 'Invalid server response' }));
        if (!response.ok || payload.ok === false) {
            throw new Error(payload.error || 'Request failed');
        }

        return payload.data || {};
    }

    function populateSelect(selector, items, mapFn, includeBlankLabel = '') {
        const select = $(selector);
        if (!select) {
            return;
        }

        const currentValue = select.value;
        const options = [];
        if (includeBlankLabel !== null) {
            options.push('<option value="">' + escapeHtml(includeBlankLabel) + '</option>');
        }
        items.forEach((item) => {
            const mapped = mapFn(item);
            options.push('<option value="' + escapeHtml(mapped.value) + '">' + escapeHtml(mapped.label) + '</option>');
        });
        select.innerHTML = options.join('');

        if (currentValue && Array.from(select.options).some((option) => option.value === currentValue)) {
            select.value = currentValue;
        }
    }

    function applyWorkspaceAccessMode() {
        if (canManageWorkspace) {
            return;
        }

        manageRequiredForms.forEach((form) => {
            form.querySelectorAll('input, select, textarea, button').forEach((field) => {
                if (field instanceof HTMLElement && field.getAttribute('type') === 'hidden') {
                    return;
                }
                field.disabled = true;
            });
        });
    }

    function tableSearchQuery(selector) {
        const input = $(selector);
        return input ? String(input.value || '').trim().toLowerCase() : '';
    }

    function rowMatchesSearch(query, values) {
        if (query === '') {
            return true;
        }

        return values
            .map((value) => String(value || '').toLowerCase())
            .join(' ')
            .includes(query);
    }

    function renderDetailList(items, renderItem, emptyMessage = 'No detail loaded.') {
        const listItems = Array.isArray(items) ? items : [];
        if (!listItems.length) {
            return '<div class="bakeshop-detail-list"><span>' + escapeHtml(emptyMessage) + '</span></div>';
        }

        return '<div class="bakeshop-detail-list">'
            + listItems.map((item) => '<span>' + renderItem(item) + '</span>').join('')
            + '</div>';
    }

    function renderTable(selector, rows, columns, emptyMessage = 'No rows yet.', rowKind = '') {
        const tbody = document.querySelector(selector + ' tbody');
        if (!tbody) {
            return;
        }

        if (!rows.length) {
            tbody.innerHTML = '<tr><td colspan="' + columns.length + '" class="bakeshop-muted">' + escapeHtml(emptyMessage) + '</td></tr>';
            return;
        }

        tbody.innerHTML = rows.map((row) => {
            const cells = columns.map((column) => '<td>' + column(row) + '</td>').join('');
            const resolvedRowId = rowKind ? normalizedRowId(rowKind, row) : Number(row && row.id ? row.id : 0);
            const rowAttrs = rowKind && resolvedRowId > 0
                ? ' data-row-kind="' + escapeHtml(rowKind) + '" data-row-id="' + escapeHtml(resolvedRowId) + '"'
                : '';
            return '<tr' + rowAttrs + '>' + cells + '</tr>';
        }).join('');
    }

    function clearFocusSearch() {
        const url = new URL(window.location.href);
        url.searchParams.delete('focus_kind');
        url.searchParams.delete('focus_id');
        const next = url.pathname + (url.search ? url.search : '') + (url.hash ? url.hash : '');
        history.replaceState(null, '', next);
    }

    function setFocusNote(selector, message) {
        const element = $(selector);
        if (!element) {
            return;
        }

        element.hidden = !message;
        element.textContent = message || '';
    }

    function openFocusedEditor(kind, row) {
        if (kind === 'branch') {
            editBranch(row, 'history');
            return true;
        }
        if (kind === 'product') {
            editProduct(row, 'history');
            return true;
        }
        if (kind === 'ingredient') {
            editIngredient(row, 'history');
            return true;
        }
        if (kind === 'delivery') {
            state.expandedDeliveryId = Number(row.id || 0);
            renderOperationalTables();
            return false;
        }
        if (kind === 'recipe') {
            editRecipe(row, 'history');
            return true;
        }
        if (kind === 'production') {
            editProduction(row, 'history');
            return true;
        }
        return false;
    }

    function applyFocusedRow(selector, kind, rows, label) {
        if (focusState.applied || focusState.kind !== kind || !Number.isFinite(focusState.id) || focusState.id <= 0) {
            return;
        }

        const match = rows.find((row) => Number(row.id) === focusState.id);
        if (!match) {
            return;
        }

        const tableRow = document.querySelector(selector + ' tbody tr[data-row-kind="' + kind + '"][data-row-id="' + focusState.id + '"]');
        if (!tableRow) {
            return;
        }

        tableRow.classList.add('bakeshop-row-focus');
        if (openFocusedEditor(kind, match)) {
            showBanner(label + ' record opened from activity history for review.', true);
        } else {
            tableRow.scrollIntoView({ behavior: 'smooth', block: 'center' });
            showBanner(label + ' record opened from activity history.', true);
        }
        focusState.applied = true;
        clearFocusSearch();
    }

    function updateStats() {
        $('#stat-branches').textContent = String(state.branches.length);
        $('#stat-products').textContent = String(state.products.length);
        $('#stat-ingredients').textContent = String(state.ingredients.length);
        const recipeStat = $('#stat-recipes');
        if (recipeStat) {
            recipeStat.textContent = String(state.recipes.length);
        }
    }

    function filteredIngredientRows() {
        const ingredientQuery = tableSearchQuery('#ingredients-filter');
        const showArchived = state.ingredientListView === 'archived';
        return state.ingredients.filter((row) => {
            const isArchived = Number(row.is_active) === 0;
            if (showArchived !== isArchived) {
                return false;
            }

            return rowMatchesSearch(ingredientQuery, [row.name, row.sku, row.default_unit_code, row.default_unit_name]);
        });
    }

    function syncIngredientViewControls() {
        const activeButton = $('#ingredients-view-active');
        const archivedButton = $('#ingredients-view-archived');
        const summary = $('#ingredients-view-summary');
        const activeCount = state.ingredients.filter((row) => Number(row.is_active) !== 0).length;
        const archivedCount = state.ingredients.filter((row) => Number(row.is_active) === 0).length;

        $('#ingredients-active-count').textContent = String(activeCount);
        $('#ingredients-archived-count').textContent = String(archivedCount);

        if (activeButton) {
            const isActiveView = state.ingredientListView === 'active';
            activeButton.classList.toggle('active', isActiveView);
            activeButton.setAttribute('aria-selected', isActiveView ? 'true' : 'false');
        }
        if (archivedButton) {
            const isArchivedView = state.ingredientListView === 'archived';
            archivedButton.classList.toggle('active', isArchivedView);
            archivedButton.setAttribute('aria-selected', isArchivedView ? 'true' : 'false');
        }
        if (summary) {
            summary.textContent = state.ingredientListView === 'archived'
                ? 'Archived ingredients stay out of delivery and recipe pickers until they are restored.'
                : 'View active ingredients used in current operations.';
        }
    }

    function ingredientDeleteEligibleRows(rows = filteredIngredientRows()) {
        return rows.filter((row) => Number(row.can_delete) === 1);
    }

    function pruneIngredientSelection() {
        const validIds = new Set(state.ingredients
            .filter((row) => Number(row.can_delete) === 1)
            .map((row) => Number(row.id))
            .filter((id) => Number.isFinite(id) && id > 0));
        Array.from(state.selectedIngredientIds).forEach((id) => {
            if (!validIds.has(id)) {
                state.selectedIngredientIds.delete(id);
            }
        });
    }

    function syncIngredientSelectionControls(rows = filteredIngredientRows()) {
        const selectAll = $('#ingredients-select-all');
        const summary = $('#ingredients-selection-summary');
        const clearButton = $('#ingredients-clear-selection');
        const deleteButton = $('#ingredients-delete-selected');
        const selectVisibleButton = $('#ingredients-select-visible');
        const deletableRows = ingredientDeleteEligibleRows(rows);
        const visibleIds = deletableRows.map((row) => Number(row.id)).filter((id) => Number.isFinite(id) && id > 0);
        const selectedCount = state.selectedIngredientIds.size;
        const visibleSelectedCount = visibleIds.filter((id) => state.selectedIngredientIds.has(id)).length;

        if (summary) {
            if (selectedCount === 0) {
                summary.textContent = rows.length > 0 && visibleIds.length === 0 ? 'Ingredients already in use can be archived but not deleted.' : 'No ingredients selected.';
            } else if (selectedCount === 1) {
                summary.textContent = '1 ingredient selected.';
            } else {
                summary.textContent = String(selectedCount) + ' ingredients selected.';
            }
        }

        if (selectAll) {
            selectAll.checked = visibleIds.length > 0 && visibleSelectedCount === visibleIds.length;
            selectAll.indeterminate = visibleSelectedCount > 0 && visibleSelectedCount < visibleIds.length;
            selectAll.disabled = !canManageWorkspace || visibleIds.length === 0;
        }

        if (selectVisibleButton) {
            selectVisibleButton.disabled = !canManageWorkspace || visibleIds.length === 0;
        }
        if (clearButton) {
            clearButton.hidden = selectedCount === 0;
            clearButton.disabled = !canManageWorkspace || selectedCount === 0;
        }
        if (deleteButton) {
            deleteButton.hidden = selectedCount === 0;
            deleteButton.disabled = !canManageWorkspace || selectedCount === 0;
            deleteButton.textContent = selectedCount > 1 ? 'Delete Selected (' + String(selectedCount) + ')' : 'Delete Selected';
        }
    }

    function renderIngredientsTable(rows) {
        const tbody = document.querySelector('#ingredients-table tbody');
        if (!tbody) {
            return;
        }

        if (!rows.length) {
            tbody.innerHTML = '<tr><td colspan="7" class="bakeshop-muted">' + escapeHtml(state.ingredientListView === 'archived' ? 'No archived ingredients yet.' : 'No active ingredients yet.') + '</td></tr>';
            syncIngredientViewControls();
            syncIngredientSelectionControls(rows);
            return;
        }

        tbody.innerHTML = rows.map((row) => {
            const resolvedRowId = normalizedRowId('ingredient', row);
            const selected = resolvedRowId > 0 && state.selectedIngredientIds.has(resolvedRowId);
            const selectionCell = canManageWorkspace && resolvedRowId > 0 && Number(row.can_delete) === 1
                ? '<td class="bakeshop-checkbox-cell"><input class="bakeshop-checkbox" type="checkbox" data-ingredient-select="' + escapeHtml(resolvedRowId) + '" aria-label="Select ingredient ' + escapeHtml(row.name || String(resolvedRowId)) + '"' + (selected ? ' checked' : '') + '></td>'
                : '<td class="bakeshop-checkbox-cell"></td>';

            const dependencyNotes = [];
            if (Number(row.recipe_reference_count) > 0) {
                dependencyNotes.push(String(row.recipe_reference_count) + ' recipe line(s)');
            }
            if (Number(row.delivery_reference_count) > 0) {
                dependencyNotes.push(String(row.delivery_reference_count) + ' delivery line(s)');
            }
            if (Number(row.production_reference_count) > 0) {
                dependencyNotes.push(String(row.production_reference_count) + ' production snapshot line(s)');
            }
            if (Number(row.usage_reference_count) > 0) {
                dependencyNotes.push(String(row.usage_reference_count) + ' usage record(s)');
            }
            const dependencyNote = dependencyNotes.length > 0
                ? '<div class="bakeshop-inline-note">In use by ' + escapeHtml(dependencyNotes.join(' · ')) + '.</div>'
                : '';

            return '<tr data-row-kind="ingredient" data-row-id="' + escapeHtml(resolvedRowId) + '">'
                + selectionCell
                + '<td><strong>' + escapeHtml(row.name) + '</strong>' + dependencyNote + '</td>'
                + '<td>' + escapeHtml(row.sku || '—') + '</td>'
                + '<td>' + escapeHtml([row.default_unit_code, row.default_unit_name].filter(Boolean).join(' — ') || '—') + '</td>'
                + '<td>' + escapeHtml(formatIngredientPack(row)) + '</td>'
                + '<td>' + rowStatusChip(row.is_active) + '</td>'
                + '<td>' + rowActionButtons('ingredient', row) + '</td>'
                + '</tr>';
        }).join('');

        syncIngredientViewControls();
        syncIngredientSelectionControls(rows);
    }

    function renderDeliveriesTable(rows) {
        const tbody = document.querySelector('#deliveries-table tbody');
        if (!tbody) {
            return;
        }

        if (!rows.length) {
            tbody.innerHTML = '<tr><td colspan="6" class="bakeshop-muted">No deliveries yet.</td></tr>';
            syncDeliverySelectionControls(rows);
            return;
        }

        tbody.innerHTML = rows.map((row) => {
            const resolvedRowId = normalizedRowId('delivery', row);
            const selected = resolvedRowId > 0 && state.selectedDeliveryIds.has(resolvedRowId);
            const expanded = resolvedRowId > 0 && Number(state.expandedDeliveryId || 0) === resolvedRowId;
            const selectionCell = canManageWorkspace && resolvedRowId > 0
                ? '<td class="bakeshop-checkbox-cell"><input class="bakeshop-checkbox" type="checkbox" data-delivery-select="' + escapeHtml(resolvedRowId) + '" aria-label="Select delivery ' + escapeHtml(row.reference || String(resolvedRowId)) + '"' + (selected ? ' checked' : '') + '></td>'
                : '<td class="bakeshop-checkbox-cell"></td>';
            const actionButtons = [
                '<button type="button" class="bakeshop-link-button" data-action="toggle-delivery-detail" data-id="' + escapeHtml(row.id) + '">' + (expanded ? 'Hide Details' : 'View Details') + '</button>'
            ];
            if (canManageWorkspace) {
                actionButtons.push('<button type="button" class="bakeshop-link-button warn" data-action="delete-delivery" data-id="' + escapeHtml(row.id) + '">Delete</button>');
            }

            return '<tr data-row-kind="delivery" data-row-id="' + escapeHtml(resolvedRowId) + '">'
                + selectionCell
                + '<td><strong>' + escapeHtml(row.branch_name || '—') + '</strong><div class="bakeshop-inline-note">' + escapeHtml(row.source_label || 'Delivery source not set') + '</div></td>'
                + '<td>' + escapeHtml(row.delivered_at || '—') + '</td>'
                + '<td>' + escapeHtml(row.reference || '—') + '<div class="bakeshop-inline-note">' + escapeHtml(row.received_by || 'Receiver not set') + '</div></td>'
                + '<td><div class="bakeshop-detail-stack"><span>' + escapeHtml(row.item_count || 0) + ' item(s)</span><span>' + escapeHtml(row.total_quantity || '0') + ' total qty</span><span>' + escapeHtml(String(row.coverage_days || 1)) + ' day coverage</span><span>' + escapeHtml(row.cost_basis_summary || 'Cost basis pending') + '</span></div></td>'
                + '<td><div class="bakeshop-row-actions">' + actionButtons.join('') + '</div></td>'
                + '</tr>'
                + (expanded
                    ? '<tr class="bakeshop-row-focus"><td colspan="6">' + renderDeliveryDetail(row) + '</td></tr>'
                    : '');
        }).join('');

        syncDeliverySelectionControls(rows);
    }

    function renderBranchTables() {
        const filteredBranches = state.branches.filter((row) => rowMatchesSearch(tableSearchQuery('#branches-filter'), [row.code, row.name, row.address]));

        renderTable('#branches-table', filteredBranches, [
            (row) => escapeHtml(row.code),
            (row) => escapeHtml(row.name),
            (row) => escapeHtml(row.address || '—'),
            (row) => rowStatusChip(row.is_active),
            (row) => rowActionButtons('branch', row)
        ], 'No branches yet.', 'branch');
        applyFocusedRow('#branches-table', 'branch', filteredBranches, 'Branch');

        const activeBranches = activeBranchRows();
        populateSelect('#delivery-branch', activeBranches, (row) => ({ value: row.id, label: row.code + ' — ' + row.name }), 'Select branch');
        populateSelect('#production-branch', activeBranches, (row) => ({ value: row.id, label: row.code + ' — ' + row.name }), 'Select branch');
        populateSelect('#product-target-branch', activeBranches, (row) => ({ value: row.id, label: row.code + ' — ' + row.name }), 'Select branch');
        populateSelect('#usage-branch', state.branches, (row) => ({ value: row.id, label: row.code + ' — ' + row.name }), 'All branches');

        if (state.productTargetBranchId <= 0 && activeBranches[0]) {
            state.productTargetBranchId = Number(activeBranches[0].id || 0);
        }

        renderProductTargetsTable();
    }

    function renderCatalogTables() {
        const activeProductId = Number(state.activeProductId || 0);
        const recipeQuery = tableSearchQuery('#recipes-filter');
        if (focusState.kind === 'product' && !focusState.applied) {
            const focusedProduct = state.products.find((row) => Number(row.id) === focusState.id);
            if (focusedProduct) {
                state.productListView = Number(focusedProduct.is_active) === 0 ? 'archived' : 'active';
            }
        }
        if (focusState.kind === 'ingredient' && !focusState.applied) {
            const focusedIngredient = state.ingredients.find((row) => Number(row.id) === focusState.id);
            if (focusedIngredient) {
                state.ingredientListView = Number(focusedIngredient.is_active) === 0 ? 'archived' : 'active';
            }
        }
        const filteredProducts = filteredProductRows();
        const filteredIngredients = filteredIngredientRows();
        const filteredRecipes = activeProductId > 0
            ? state.recipes.filter((row) => Number(row.product_id) === activeProductId && rowMatchesSearch(recipeQuery, [row.ingredient_name, row.unit_code, row.notes]))
            : [];

        renderProductsTable(filteredProducts);

        renderIngredientsTable(filteredIngredients);

        renderTable('#recipes-table', filteredRecipes, [
            (row) => escapeHtml(row.ingredient_name),
            (row) => displayTwoDecimalQuantity(row.qty),
            (row) => escapeHtml(row.unit_code),
            (row) => escapeHtml(row.notes || '—'),
            (row) => canManageWorkspace
                ? '<div class="bakeshop-row-actions"><button type="button" class="bakeshop-link-button" data-action="edit-recipe" data-id="' + escapeHtml(row.id) + '">Edit</button><button type="button" class="bakeshop-link-button warn" data-action="delete-recipe" data-id="' + escapeHtml(row.id) + '">Delete</button></div>'
                : '<span class="bakeshop-inline-note">View only</span>'
        ], activeProductId > 0 ? 'No recipe lines yet for this product.' : 'Edit a product to view its recipe lines.', 'recipe');
        applyFocusedRow('#products-table', 'product', filteredProducts, 'Product');
        applyFocusedRow('#ingredients-table', 'ingredient', filteredIngredients, 'Ingredient');
        applyFocusedRow('#recipes-table', 'recipe', filteredRecipes, 'Recipe line');

        if (activeProductId > 0) {
            const activeProductRow = document.querySelector('#products-table tbody tr[data-row-kind="product"][data-row-id="' + activeProductId + '"]');
            if (activeProductRow) {
                activeProductRow.classList.add('bakeshop-row-editing');
            }
        }

        populateSelect('#product-yield-unit', state.units, (row) => ({ value: row.id, label: row.code + ' — ' + row.name }), 'Select yield unit');
        populateSelect('#ingredient-unit', state.units, (row) => ({ value: row.id, label: row.code + ' — ' + row.name }), 'Select default unit');
        populateSelect('#recipe-unit', state.units, (row) => ({ value: row.id, label: row.code + ' — ' + row.name }), 'Select unit');
        const activeProducts = state.products.filter((row) => Number(row.is_active) !== 0);
        const activeIngredients = state.ingredients.filter((row) => Number(row.is_active) !== 0);
        populateSelect('#product-target-product', activeProducts, (row) => ({ value: row.id, label: row.name + (row.default_yield_unit_code ? (' — ' + row.default_yield_unit_code) : '') }), 'Select product');
        syncIngredientPackUnitOptions(ingredientForm?.elements.namedItem('pack_unit_id')?.value || '');
        syncProductTargetUnitOptions(productTargetForm?.elements.namedItem('unit_id')?.value || '');
        const filteredProductionProducts = activeProducts.filter((row) => rowMatchesSearch(tableSearchQuery('#production-products-filter'), [row.name, row.sku, row.category, row.default_yield_unit_code]));
        renderProductionProductsTable(filteredProductionProducts);
        renderProductTargetsTable();
        populateSelect('#recipe-ingredient', activeIngredients, (row) => ({ value: row.id, label: row.name }), 'Select ingredient');
        syncRecipePanel();
    }

    function renderOperationalTables() {
        const filteredDeliveries = filteredDeliveryRows();
        const filteredProduction = state.production.filter((row) => rowMatchesSearch(tableSearchQuery('#production-filter'), [row.branch_name, row.product_name, row.produced_at, row.produced_by, row.notes, row.qty_produced, row.default_yield_unit_code, row.consumed_item_count, row.total_consumed_qty]));

        if (focusState.kind === 'delivery' && !focusState.applied) {
            activateDeliverySectionTab('saved');
        }

        renderDeliveriesTable(filteredDeliveries);

        renderTable('#production-table', filteredProduction, [
            (row) => escapeHtml(row.branch_name),
            (row) => escapeHtml(row.product_name) + (Number(row.id || 0) === Number(state.lastSavedProductionId || 0) ? ' <span class="bakeshop-chip recent">Recent</span>' : ''),
            (row) => escapeHtml(row.produced_at),
            (row) => escapeHtml(row.qty_produced) + ' ' + escapeHtml(row.default_yield_unit_code || ''),
            (row) => renderProductionSnapshotDetail(row),
            (row) => canManageWorkspace
                ? '<div class="bakeshop-row-actions"><button type="button" class="bakeshop-link-button" data-action="edit-production" data-id="' + escapeHtml(row.id) + '">Edit Details</button><button type="button" class="bakeshop-link-button warn" data-action="void-production" data-id="' + escapeHtml(row.id) + '">Void Entry</button></div>'
                : '<span class="bakeshop-inline-note">View only</span>'
        ], 'No saved entries yet.', 'production');
        document.querySelectorAll('#production-table tbody tr[data-row-kind="production"]').forEach((rowElement) => {
            const rowId = Number(rowElement.getAttribute('data-row-id') || '0');
            rowElement.classList.toggle('bakeshop-row-recent', rowId > 0 && rowId === Number(state.lastSavedProductionId || 0));
        });
        const productionSavedCount = $('#production-saved-count');
        const productionSavedLatestItem = $('#production-saved-latest-item');
        const productionSavedLatestBranch = $('#production-saved-latest-branch');
        if (productionSavedCount) {
            productionSavedCount.textContent = String(filteredProduction.length || 0);
        }
        if (productionSavedLatestItem) {
            productionSavedLatestItem.textContent = state.lastSavedProductionSummary && state.lastSavedProductionSummary.product_name
                ? state.lastSavedProductionSummary.product_name
                : 'None yet';
        }
        if (productionSavedLatestBranch) {
            productionSavedLatestBranch.textContent = state.lastSavedProductionSummary && state.lastSavedProductionSummary.branch_name
                ? state.lastSavedProductionSummary.branch_name
                : 'No branch yet';
        }
        applyFocusedRow('#deliveries-table', 'delivery', filteredDeliveries, 'Delivery');
        applyFocusedRow('#production-table', 'production', filteredProduction, 'Saved entry');
    }

    function renderUsage() {
        const filteredUsage = state.usage.filter((row) => rowMatchesSearch(tableSearchQuery('#usage-filter'), [row.branch_name, row.period_date, row.ingredient_name, row.unit_code || row.dimension, row.delivered_qty_base, row.consumed_qty_base, row.variance_qty_base]));
        const filteredInventory = state.inventorySnapshot.filter((row) => rowMatchesSearch(tableSearchQuery('#inventory-filter'), [row.branch_name, row.ingredient_name, row.unit_code || row.dimension, row.delivered_qty_base, row.consumed_qty_base, row.on_hand_qty_base]));

        renderTable('#usage-table', filteredUsage, [
            (row) => escapeHtml(row.branch_name),
            (row) => escapeHtml(row.period_date),
            (row) => escapeHtml(row.ingredient_name),
            (row) => escapeHtml(row.unit_code || row.dimension || 'unit'),
            (row) => escapeHtml(row.delivered_qty_base),
            (row) => escapeHtml(row.consumed_qty_base),
            (row) => escapeHtml(row.variance_qty_base)
        ], 'No usage rows matched the selected filters.');

        const usageZeroValue = (0).toFixed(state.usageDecimalPlaces);
        $('#usage-total-delivered').textContent = state.usageTotals.delivered_display || state.usageTotals.delivered_qty_base || usageZeroValue;
        $('#usage-total-consumed').textContent = state.usageTotals.consumed_display || state.usageTotals.consumed_qty_base || usageZeroValue;
        $('#usage-total-variance').textContent = state.usageTotals.variance_display || state.usageTotals.variance_qty_base || usageZeroValue;
        $('#usage-factual-ingredients').textContent = String(state.factualSummary.ingredient_count || 0);
        $('#usage-factual-deliveries').textContent = String(state.factualSummary.delivery_item_count || 0);
        $('#usage-factual-runs').textContent = String(state.factualSummary.production_run_count || 0);

        renderTable('#inventory-table', filteredInventory, [
            (row) => escapeHtml(row.branch_name),
            (row) => escapeHtml(row.ingredient_name),
            (row) => escapeHtml(row.unit_code || row.dimension || 'unit'),
            (row) => escapeHtml(row.delivered_qty_base),
            (row) => escapeHtml(row.consumed_qty_base),
            (row) => '<strong>' + escapeHtml(row.on_hand_qty_base) + '</strong>'
        ], 'No inventory snapshot rows are available for the selected branch yet.');
        $('#inventory-total-on-hand').textContent = state.inventoryTotals.on_hand_display || state.inventoryTotals.on_hand_qty_base || usageZeroValue;
        $('#inventory-total-lines').textContent = String(state.inventoryTotals.item_count || state.inventorySnapshot.length || 0);
        renderDrProjectionTables();
    }

    function syncPrintLink() {
        const scope = currentReportScope();
        const drScope = currentDrProjectionScope();

        if (printLink) {
            printLink.href = apiUrl('/admin/bakeshop/print', scope);
        }

        [drProjectionPrintLink, drProjectionInlinePrintLink].forEach((link) => {
            if (!link) {
                return;
            }

            link.href = apiUrl('/admin/bakeshop/print/dr-projection', drScope);
            link.setAttribute('aria-disabled', canLoadDrProjection(drScope) ? 'false' : 'true');
        });
    }

    function collectDeliveryItems() {
        return Array.from(deliveryLines.querySelectorAll('tr[data-ingredient-id]')).map((row) => ({
            ingredient_id: row.getAttribute('data-ingredient-id') || '',
            unit_id: row.getAttribute('data-unit-id') || '',
            qty: row.querySelector('[data-field="qty"]').value,
            unit_cost: row.querySelector('[data-field="unit_cost"]').value,
            cost_basis: row.querySelector('[data-field="cost_basis"]').value
        })).filter((item) => {
            const parsedQty = Number(item.qty);
            return Number.isFinite(parsedQty) && parsedQty > 0;
        });
    }

    function clearDeliverySheetValues() {
        deliveryLines.querySelectorAll('[data-field="qty"], [data-field="unit_cost"]').forEach((input) => {
            input.value = '';
        });
        deliveryLines.querySelectorAll('[data-field="cost_basis"]').forEach((input) => {
            input.value = '';
        });
        deliveryLines.querySelectorAll('tr').forEach((row) => row.classList.remove('is-imported'));
        if (deliveryCsvFile) {
            deliveryCsvFile.value = '';
        }
    }

    function renderDeliverySheet() {
        const activeIngredients = state.ingredients.filter((row) => Number(row.is_active) !== 0);
        if (!deliveryLines) {
            return;
        }

        if (!activeIngredients.length) {
            deliveryLines.innerHTML = '<tr><td colspan="6" class="bakeshop-muted">Add active ingredients in Products + Recipes before recording daily deliveries.</td></tr>';
            return;
        }

        deliveryLines.innerHTML = activeIngredients.map((row) => {
            const unitLabel = [row.default_unit_code, row.default_unit_name].filter(Boolean).join(' — ');
            const searchText = [row.name, row.sku || '', row.default_unit_code || ''].join(' ').toLowerCase();
            const disabledAttr = canManageWorkspace ? '' : ' disabled';
            return '<tr data-ingredient-id="' + escapeHtml(row.id) + '" data-unit-id="' + escapeHtml(row.default_unit_id) + '" data-search="' + escapeHtml(searchText) + '">'
                + '<td><strong>' + escapeHtml(row.name) + '</strong></td>'
                + '<td>' + escapeHtml(row.sku || '—') + '</td>'
                + '<td>' + escapeHtml(unitLabel || '—') + '</td>'
                + '<td><input data-field="qty" type="number" min="0" step="0.0001" placeholder="0.0000"' + disabledAttr + '></td>'
                + '<td><input data-field="unit_cost" type="number" min="0" step="0.0001" placeholder="Optional"' + disabledAttr + '></td>'
                + '<td><select data-field="cost_basis" class="bakeshop-table-input"' + disabledAttr + '><option value="">Delivery Source</option><option value="receipt">Receipt</option><option value="price_list">Price List</option><option value="manual">Manual</option></select></td>'
                + '</tr>';
        }).join('');
    }

    function filterDeliverySheet() {
        const query = ($('#delivery-sheet-filter').value || '').trim().toLowerCase();
        deliveryLines.querySelectorAll('tr[data-ingredient-id]').forEach((row) => {
            const haystack = row.getAttribute('data-search') || '';
            row.hidden = query !== '' && !haystack.includes(query);
        });
    }

    function parseCsvRows(text) {
        const rows = [];
        let current = '';
        let row = [];
        let inQuotes = false;

        for (let index = 0; index < text.length; index += 1) {
            const char = text[index];
            const next = text[index + 1] || '';

            if (char === '"') {
                if (inQuotes && next === '"') {
                    current += '"';
                    index += 1;
                } else {
                    inQuotes = !inQuotes;
                }
                continue;
            }

            if (char === ',' && !inQuotes) {
                row.push(current);
                current = '';
                continue;
            }

            if ((char === '\n' || char === '\r') && !inQuotes) {
                if (char === '\r' && next === '\n') {
                    index += 1;
                }
                row.push(current);
                if (row.some((cell) => cell.trim() !== '')) {
                    rows.push(row);
                }
                row = [];
                current = '';
                continue;
            }

            current += char;
        }

        row.push(current);
        if (row.some((cell) => cell.trim() !== '')) {
            rows.push(row);
        }

        return rows;
    }

    function importDeliveryCsv(text) {
        const rows = parseCsvRows(text);
        if (rows.length < 2) {
            throw new Error('CSV import needs a header row and at least one data row.');
        }

        const normalizeHeader = (value) => value.trim().toLowerCase().replace(/[^a-z0-9]+/g, '_');
        const headers = rows[0].map(normalizeHeader);
        const skuIndex = headers.findIndex((header) => ['sku', 'ingredient_sku'].includes(header));
        const ingredientIndex = headers.findIndex((header) => ['ingredient', 'ingredient_name', 'name'].includes(header));
        const qtyIndex = headers.findIndex((header) => ['qty', 'quantity', 'delivered_qty'].includes(header));
        const unitCostIndex = headers.findIndex((header) => ['unit_cost', 'cost', 'unit_price'].includes(header));
        const costBasisIndex = headers.findIndex((header) => ['cost_basis', 'basis', 'cost_source'].includes(header));

        if (qtyIndex === -1 || (skuIndex === -1 && ingredientIndex === -1)) {
            throw new Error('CSV import needs `sku` or `ingredient`, plus `qty` headers.');
        }

        const rowByLookup = new Map();
        deliveryLines.querySelectorAll('tr[data-ingredient-id]').forEach((row) => {
            const cells = row.querySelectorAll('td');
            const ingredientName = (cells[0]?.textContent || '').trim().toLowerCase();
            const sku = (cells[1]?.textContent || '').trim().toLowerCase();
            if (ingredientName !== '') {
                rowByLookup.set(ingredientName, row);
            }
            if (sku !== '' && sku !== '—') {
                rowByLookup.set(sku, row);
            }
            row.classList.remove('is-imported');
        });

        let matched = 0;
        const unmatched = [];
        rows.slice(1).forEach((row) => {
            const lookupValue = String((skuIndex !== -1 ? row[skuIndex] : row[ingredientIndex]) || '').trim().toLowerCase();
            const qtyValue = String(row[qtyIndex] || '').trim();
            const unitCostValue = unitCostIndex !== -1 ? String(row[unitCostIndex] || '').trim() : '';
            const costBasisValue = costBasisIndex !== -1
                ? String(row[costBasisIndex] || '').trim().toLowerCase().replace(/[^a-z]+/g, '_')
                : '';

            if (lookupValue === '' || qtyValue === '') {
                return;
            }

            const targetRow = rowByLookup.get(lookupValue);
            if (!targetRow) {
                unmatched.push(lookupValue);
                return;
            }

            targetRow.querySelector('[data-field="qty"]').value = qtyValue;
            targetRow.querySelector('[data-field="unit_cost"]').value = unitCostValue;
            targetRow.querySelector('[data-field="cost_basis"]').value = ['receipt', 'price_list', 'manual'].includes(costBasisValue) ? costBasisValue : '';
            targetRow.classList.add('is-imported');
            matched += 1;
        });

        filterDeliverySheet();

        if (!matched) {
            throw new Error('No CSV rows matched the listed ingredients. Use SKU or exact ingredient names.');
        }

        if (unmatched.length) {
            showBanner('Imported ' + matched + ' ingredient rows. Unmatched rows: ' + unmatched.slice(0, 5).join(', ') + (unmatched.length > 5 ? '…' : '') + '.', true);
            return;
        }

        showBanner('Imported ' + matched + ' ingredient rows from CSV.', true);
    }

    function downloadDeliveryCsvTemplate() {
        const activeIngredients = state.ingredients.filter((row) => Number(row.is_active) !== 0);
        const lines = ['sku,ingredient,qty,unit_cost,cost_basis'];
        activeIngredients.forEach((row) => {
            lines.push([
                '"' + String(row.sku || '').replace(/"/g, '""') + '"',
                '"' + String(row.name || '').replace(/"/g, '""') + '"',
                '',
                '',
                ''
            ].join(','));
        });

        const blob = new Blob([lines.join('\n')], { type: 'text/csv;charset=utf-8' });
        const link = document.createElement('a');
        const objectUrl = URL.createObjectURL(blob);
        link.href = objectUrl;
        link.download = 'bakeshop-daily-deliveries-template.csv';
        document.body.appendChild(link);
        link.click();
        document.body.removeChild(link);
        URL.revokeObjectURL(objectUrl);
    }

    async function loadBranches(force = false) {
        if (!force && state.loaded.branches) {
            renderBranchTables();
            return;
        }
        const data = await request(api.branches);
        state.branches = normalizeMaintenanceRows('branch', data.items || []);
        state.loaded.branches = true;
        renderBranchTables();
    }

    async function loadUnits(force = false) {
        if (!force && state.loaded.units) {
            renderCatalogTables();
            return;
        }
        const data = await request(api.units);
        state.units = data.items || [];
        state.loaded.units = true;
        renderCatalogTables();
    }

    async function loadProducts(force = false) {
        if (!force && state.loaded.products) {
            renderCatalogTables();
            updateStats();
            return;
        }
        const data = await request(api.products);
        state.products = normalizeMaintenanceRows('product', data.items || []);
        state.loaded.products = true;
        pruneProductSelection();
        renderCatalogTables();
        updateStats();
    }

    async function loadIngredients(force = false) {
        if (!force && state.loaded.ingredients) {
            renderCatalogTables();
            renderDeliverySheet();
            filterDeliverySheet();
            updateStats();
            return;
        }
        const data = await request(api.ingredients);
        state.ingredients = normalizeMaintenanceRows('ingredient', data.items || []);
        state.loaded.ingredients = true;
        pruneIngredientSelection();
        renderCatalogTables();
        renderDeliverySheet();
        filterDeliverySheet();
        updateStats();
    }

    async function loadRecipes(force = false) {
        if (!productRecipesEnabled) {
            state.recipes = [];
            state.loaded.recipes = true;
            renderCatalogTables();
            updateStats();
            return;
        }

        if (!force && state.loaded.recipes) {
            renderCatalogTables();
            updateStats();
            return;
        }
        const data = await request(api.recipes);
        state.recipes = data.items || [];
        state.loaded.recipes = true;
        renderCatalogTables();
        updateStats();
    }

    async function loadDeliveries(force = false) {
        if (!force && state.loaded.deliveries) {
            renderOperationalTables();
            return;
        }
        const data = await request(api.deliveries);
        state.deliveries = data.items || [];
        state.loaded.deliveries = true;
        pruneDeliverySelection();
        renderOperationalTables();
    }

    async function loadProductTargets(force = false) {
        if (!force && state.loaded['product-targets']) {
            renderProductTargetsTable();
            return;
        }

        const data = await request(api.productTargets);
        state.productTargets = data.items || [];
        state.loaded['product-targets'] = true;
        renderProductTargetsTable();
    }

    async function loadProduction(force = false) {
        if (!force && state.loaded.production) {
            renderOperationalTables();
            return;
        }
        const data = await request(api.production);
        state.production = data.items || [];
        state.loaded.production = true;
        renderOperationalTables();
    }

    async function loadUsage() {
        syncPrintLink();
        const scope = currentReportScope();
        const usageBranch = $('#usage-branch');
        const usageFrom = $('#usage-from');
        const usageTo = $('#usage-to');
        if (usageBranch) {
            usageBranch.value = scope.branch_id || '';
        }
        if (usageFrom) {
            usageFrom.value = scope.from_date || '';
        }
        if (usageTo) {
            usageTo.value = scope.to_date || '';
        }
        const data = await request(apiUrl(api.usage, scope));
        if (data.settings && Number.isFinite(Number(data.settings.usage_decimal_places))) {
            state.usageDecimalPlaces = Number(data.settings.usage_decimal_places);
        }
        state.usage = data.items || [];
        state.usageTotals = data.totals || state.usageTotals;
        state.factualSummary = data.factual_summary || state.factualSummary;
        state.inventorySnapshot = (data.inventory && data.inventory.items) || [];
        state.inventoryTotals = (data.inventory && data.inventory.totals) || state.inventoryTotals;
        renderUsage();
    }

    async function loadDrProjection(force = false) {
        const scope = currentDrProjectionScope();
        const scopeKey = drProjectionScopeKey(scope);

        if (!canLoadDrProjection(scope)) {
            state.drProjection = {
                filters: null,
                branch: null,
                window_days: 0,
                ingredients: [],
                products: [],
                error: ''
            };
            state.drProjectionScopeKey = '';
            state.loaded['dr-projection'] = false;
            renderDrProjectionTables();
            return;
        }

        if (!force && state.loaded['dr-projection'] && state.drProjectionScopeKey === scopeKey) {
            renderDrProjectionTables();
            return;
        }

        const data = await request(apiUrl(api.drProjection, scope));
        const report = data.report || {};
        if (report.settings && Number.isFinite(Number(report.settings.usage_decimal_places))) {
            state.usageDecimalPlaces = Number(report.settings.usage_decimal_places);
        }
        state.drProjection = {
            filters: report.filters || null,
            branch: report.branch || null,
            window_days: Number(report.window_days || 0),
            ingredients: report.ingredients || [],
            products: report.products || [],
            error: ''
        };
        state.drProjectionScopeKey = scopeKey;
        state.loaded['dr-projection'] = true;
        renderDrProjectionTables();
    }

    async function ensureTabData(tabName, options = {}) {
        const force = options.force === true;
        const resolvedTab = resolveTabName(tabName);
        const loaders = datasetLoaders();

        for (const requirement of tabRequirementsFor(resolvedTab)) {
            await loaders[requirement](force);
        }
    }

    async function submitJson(url, payload, successMessage, after) {
        try {
            const data = await request(url, {
                method: 'POST',
                body: JSON.stringify({ _token: csrfToken, ...payload })
            });
            showBanner(successMessage, true);
            if (typeof after === 'function') {
                await after(data);
            }
            await applyCacheInvalidations(data.cache_invalidate || [], {
                refreshCurrentTab: typeof after !== 'function'
            });
            return data;
        } catch (error) {
            showBanner(error.message || 'Request failed.', false);
            return null;
        }
    }

    function confirmDelete(message) {
        return window.confirm(message);
    }

    function closeDeleteConfirm(confirmed) {
        if (deleteConfirm) {
            deleteConfirm.hidden = true;
        }
        document.body.classList.remove('bakeshop-confirm-open');

        if (typeof pendingDeleteConfirmResolve === 'function') {
            const resolve = pendingDeleteConfirmResolve;
            pendingDeleteConfirmResolve = null;
            resolve(confirmed === true);
        }
    }

    function confirmBulkDelete(options = {}) {
        const previewItems = Array.from(new Set((options.items || []).map((item) => String(item || '').trim()).filter(Boolean)));
        const previewLimit = 5;

        if (!deleteConfirm || !deleteConfirmTitle || !deleteConfirmMessage || !deleteConfirmImpact || !deleteConfirmList || !deleteConfirmOverflow || !deleteConfirmSubmit) {
            const fallbackMessage = [
                options.message || 'Delete the selected records?',
                previewItems.length ? previewItems.slice(0, previewLimit).map((item) => '- ' + item).join('\n') : '',
                previewItems.length > previewLimit ? ('+' + String(previewItems.length - previewLimit) + ' more') : ''
            ].filter(Boolean).join('\n\n');
            return Promise.resolve(window.confirm(fallbackMessage));
        }

        if (typeof pendingDeleteConfirmResolve === 'function') {
            closeDeleteConfirm(false);
        }

        deleteConfirmTitle.textContent = options.title || 'Delete selected records?';
        deleteConfirmMessage.textContent = options.message || 'Review the selected items before confirming this delete.';

        const impactMessage = String(options.impact || '').trim();
        deleteConfirmImpact.textContent = impactMessage;
        deleteConfirmImpact.hidden = impactMessage === '';

        deleteConfirmList.innerHTML = previewItems.slice(0, previewLimit)
            .map((item) => '<li>' + escapeHtml(item) + '</li>')
            .join('');
        deleteConfirmList.hidden = previewItems.length === 0;

        if (previewItems.length > previewLimit) {
            deleteConfirmOverflow.textContent = '+' + String(previewItems.length - previewLimit) + ' more selected item(s)';
            deleteConfirmOverflow.hidden = false;
        } else {
            deleteConfirmOverflow.textContent = '';
            deleteConfirmOverflow.hidden = true;
        }

        deleteConfirmSubmit.textContent = options.confirmLabel || 'Delete Selected';
        deleteConfirm.hidden = false;
        document.body.classList.add('bakeshop-confirm-open');

        return new Promise((resolve) => {
            pendingDeleteConfirmResolve = resolve;
            deleteConfirmCancel?.focus();
        });
    }

    function promptRequiredValue(message, defaultValue = '') {
        const value = window.prompt(message, defaultValue);
        if (value === null) {
            return null;
        }

        const normalized = String(value).trim();
        if (normalized === '') {
            showBanner('A reason is required to void a saved entry.', false);
            return null;
        }

        return normalized;
    }

    function syncEditorActionButtons(options) {
        const addButton = options.addSelector ? $(options.addSelector) : null;
        const cancelButton = options.cancelSelector ? $(options.cancelSelector) : null;
        const editing = options.editing === true;

        if (addButton) {
            addButton.disabled = !canManageWorkspace || editing;
        }

        if (cancelButton) {
            cancelButton.hidden = !editing;
            cancelButton.disabled = !canManageWorkspace || !editing;
        }
    }

    function resetBranchForm() {
        branchForm.reset();
        branchForm.elements.namedItem('id').value = '';
        branchForm.elements.namedItem('is_active').value = '1';
        setFocusNote('#branch-focus-note', '');
        $('#branch-submit').textContent = 'Save Branch';
        syncEditorActionButtons({ cancelSelector: '#branch-cancel', editing: false });
    }

    function editBranch(row, source = 'table') {
        branchForm.elements.namedItem('id').value = String(row.id || '');
        branchForm.elements.namedItem('is_active').value = String(Number(row.is_active) === 0 ? 0 : 1);
        branchForm.elements.namedItem('code').value = row.code || '';
        branchForm.elements.namedItem('name').value = row.name || '';
        branchForm.elements.namedItem('address').value = row.address || '';
        setFocusNote('#branch-focus-note', source === 'history' ? 'Reviewing this branch from activity history. Confirm the details below before saving changes.' : '');
        $('#branch-submit').textContent = 'Update Branch';
        syncEditorActionButtons({ cancelSelector: '#branch-cancel', editing: true });
        branchForm.scrollIntoView({ behavior: 'smooth', block: 'nearest' });
    }

    function resetProductionForm() {
        productionForm.reset();
        state.productionDraftQuantities = {};
        state.productionDraftSaveState = {};
        state.productionGuardOverride = false;
        productionForm.elements.namedItem('id').value = '';
        productionForm.elements.namedItem('product_id').value = '';
        productionForm.elements.namedItem('qty_produced').value = '';
        productionForm.elements.namedItem('branch_id').disabled = false;
        $('#production-products-filter').disabled = false;
        setFocusNote('#production-focus-note', '');
        $('#production-submit').textContent = 'Update Saved Entry';
        $('#production-submit').hidden = true;
        syncEditorActionButtons({ cancelSelector: '#production-cancel', editing: false });
        productionForm.elements.namedItem('produced_at').value = nowLocalDateTime();
        syncProductionGuardOverrideControls();
        activateProductionSectionTab('record');
        syncProductionLastSavedCard();
        syncProductionProductSelection();
        renderCatalogTables();
    }

    function editProduction(row, source = 'table') {
        state.productionDraftQuantities = {
            [String(row.product_id || '')]: String(row.qty_produced || '')
        };
        state.productionDraftSaveState = {
            [String(row.product_id || '')]: {
                kind: 'saved',
                message: 'Saved entry selected for review.'
            }
        };
        productionForm.elements.namedItem('id').value = String(row.id || '');
        productionForm.elements.namedItem('branch_id').value = String(row.branch_id || '');
        productionForm.elements.namedItem('branch_id').disabled = true;
        productionForm.elements.namedItem('product_id').value = String(row.product_id || '');
        productionForm.elements.namedItem('qty_produced').value = String(row.qty_produced || '');
        productionForm.elements.namedItem('produced_at').value = productionDateTimeInputValue(row.produced_at || '');
        productionForm.elements.namedItem('produced_by').value = row.produced_by || '';
        productionForm.elements.namedItem('notes').value = row.notes || '';
        $('#production-products-filter').disabled = true;
        setFocusNote('#production-focus-note', source === 'history'
            ? 'Reviewing this saved entry from activity history. Only the finished time, staff name, and note can be updated here.'
            : 'Reviewing a saved entry. Branch, item, amount made, and ingredients used stay unchanged.');
        $('#production-submit').textContent = 'Update Saved Entry';
        $('#production-submit').hidden = false;
        syncEditorActionButtons({ cancelSelector: '#production-cancel', editing: true });
        syncProductionGuardOverrideControls();
        rememberLastSavedProduction(row);
        activateProductionSectionTab('record');
        renderCatalogTables();
        syncProductionProductSelection();
        productionForm.scrollIntoView({ behavior: 'smooth', block: 'nearest' });
    }

    function resetProductForm() {
        productForm.reset();
        state.activeProductId = 0;
        productForm.elements.namedItem('id').value = '';
        productForm.elements.namedItem('is_active').value = '1';
        productForm.elements.namedItem('default_yield_qty').value = '1.00';
        const _pft = $('#product-form-title'); if (_pft) _pft.textContent = 'New Product';
        const _pfd = $('#product-form-description'); if (_pfd) _pfd.textContent = 'Finished goods for production.';
        setFocusNote('#product-focus-note', '');
        $('#product-submit').textContent = 'Save Product';
        syncEditorActionButtons({ addSelector: '#product-add', cancelSelector: '#product-cancel', editing: false });
        resetRecipeForm();
        renderCatalogTables();
    }

    function editProduct(row, source = 'table') {
        state.activeProductId = Number(row.id || 0);
        state.productListView = Number(row.is_active) === 0 ? 'archived' : 'active';
        productForm.elements.namedItem('id').value = String(row.id || '');
        productForm.elements.namedItem('is_active').value = String(Number(row.is_active) === 0 ? 0 : 1);
        productForm.elements.namedItem('name').value = row.name || '';
        productForm.elements.namedItem('sku').value = row.sku || '';
        productForm.elements.namedItem('category').value = row.category || '';
        productForm.elements.namedItem('default_yield_qty').value = normalizeTwoDecimalQuantity(row.default_yield_qty, '1.00');
        productForm.elements.namedItem('default_yield_unit_id').value = row.default_yield_unit_id || '';
        const _pft2 = $('#product-form-title'); if (_pft2) _pft2.textContent = 'Edit Product';
        const _pfd2 = $('#product-form-description'); if (_pfd2) _pfd2.textContent = 'Update this finished good without leaving the catalog workspace.';
        setFocusNote('#product-focus-note', source === 'history' ? 'Reviewing this product from activity history. Confirm the product details and yield before saving.' : '');
        $('#product-submit').textContent = 'Update Product';
        syncEditorActionButtons({ addSelector: '#product-add', cancelSelector: '#product-cancel', editing: true });
        resetRecipeForm();
        renderCatalogTables();
        productForm.scrollIntoView({ behavior: 'smooth', block: 'nearest' });
    }

    function resetIngredientForm() {
        ingredientForm.reset();
        ingredientForm.elements.namedItem('id').value = '';
        ingredientForm.elements.namedItem('is_active').value = '1';
        ingredientForm.elements.namedItem('pack_label').value = '';
        ingredientForm.elements.namedItem('pack_qty').value = '';
        const _ift = $('#ingredient-form-title'); if (_ift) _ift.textContent = 'New Ingredient';
        const _ifd = $('#ingredient-form-description'); if (_ifd) _ifd.textContent = 'Raw materials received into branch inventory through deliveries.';
        setFocusNote('#ingredient-focus-note', '');
        $('#ingredient-submit').textContent = 'Save Ingredient';
        syncEditorActionButtons({ addSelector: '#ingredient-add', cancelSelector: '#ingredient-cancel', editing: false });
        syncIngredientPackUnitOptions('');
    }

    function editIngredient(row, source = 'table') {
        ingredientForm.elements.namedItem('id').value = String(row.id || '');
        ingredientForm.elements.namedItem('is_active').value = String(Number(row.is_active) === 0 ? 0 : 1);
        ingredientForm.elements.namedItem('name').value = row.name || '';
        ingredientForm.elements.namedItem('sku').value = row.sku || '';
        ingredientForm.elements.namedItem('default_unit_id').value = row.default_unit_id || '';
        ingredientForm.elements.namedItem('pack_label').value = row.pack_label || '';
        ingredientForm.elements.namedItem('pack_qty').value = row.pack_qty || '';
        const _ift2 = $('#ingredient-form-title'); if (_ift2) _ift2.textContent = 'Edit Ingredient';
        const _ifd2 = $('#ingredient-form-description'); if (_ifd2) _ifd2.textContent = 'Update this raw material without leaving the catalog workspace.';
        setFocusNote('#ingredient-focus-note', source === 'history' ? 'Reviewing this ingredient from activity history. Confirm the stock unit and identity details before saving.' : '');
        $('#ingredient-submit').textContent = 'Update Ingredient';
        syncEditorActionButtons({ addSelector: '#ingredient-add', cancelSelector: '#ingredient-cancel', editing: true });
        syncIngredientPackUnitOptions(row.pack_unit_id || '');
        ingredientForm.scrollIntoView({ behavior: 'smooth', block: 'nearest' });
    }

    function resetProductTargetForm() {
        if (!productTargetForm) {
            return;
        }

        const branchId = currentProductTargetBranchId();
        productTargetForm.reset();
        productTargetForm.elements.namedItem('id').value = '';
        productTargetForm.elements.namedItem('is_active').value = '1';
        if (branchId > 0) {
            productTargetForm.elements.namedItem('branch_id').value = String(branchId);
        }
        productTargetForm.elements.namedItem('daily_qty').value = '1.00';
        setFocusNote('#product-target-focus-note', '');
        $('#product-target-submit').textContent = 'Save Target';
        syncEditorActionButtons({ addSelector: '#product-target-add', cancelSelector: '#product-target-cancel', editing: false });
        syncProductTargetUnitOptions('');
    }

    function editProductTarget(row) {
        if (!productTargetForm) {
            return;
        }

        state.productTargetBranchId = Number(row.branch_id || 0);
        productTargetForm.elements.namedItem('id').value = String(row.id || '');
        productTargetForm.elements.namedItem('is_active').value = String(Number(row.is_active) === 0 ? 0 : 1);
        productTargetForm.elements.namedItem('branch_id').value = String(row.branch_id || '');
        productTargetForm.elements.namedItem('product_id').value = String(row.product_id || '');
        productTargetForm.elements.namedItem('daily_qty').value = normalizeTwoDecimalQuantity(row.daily_qty, '1.00');
        setFocusNote('#product-target-focus-note', 'Reviewing this branch target. Confirm the branch, product, target quantity, and unit before saving.');
        $('#product-target-submit').textContent = 'Update Target';
        syncEditorActionButtons({ addSelector: '#product-target-add', cancelSelector: '#product-target-cancel', editing: true });
        syncProductTargetUnitOptions(row.unit_id || '');
        productTargetForm.scrollIntoView({ behavior: 'smooth', block: 'nearest' });
    }

    async function deleteProductTarget(row) {
        if (!confirmDelete('Delete this branch target? This cannot be undone.')) {
            return;
        }

        await submitJson(api.productTargetsDelete, {
            id: row.id
        }, 'Branch target deleted.', async () => {
            if (productTargetForm && productTargetForm.elements.namedItem('id').value === String(row.id)) {
                resetProductTargetForm();
            }
            await loadProductTargets(true);
        });
    }

    function resetRecipeForm() {
        recipeForm.reset();
        recipeForm.dataset.recipeId = '';
        recipeForm.elements.namedItem('qty').value = '1.00';
        if (state.activeProductId > 0) {
            recipeForm.elements.namedItem('product_id').value = String(state.activeProductId);
        }
        setFocusNote('#recipe-focus-note', '');
        $('#recipe-submit').textContent = 'Save Recipe Line';
        syncEditorActionButtons({ cancelSelector: '#recipe-cancel', editing: false });
        syncRecipePanel();
    }

    function editRecipe(row, source = 'table') {
        if (Number(row.product_id) > 0 && Number(state.activeProductId) !== Number(row.product_id)) {
            state.activeProductId = Number(row.product_id);
            renderCatalogTables();
        }
        recipeForm.dataset.recipeId = String(row.id || '');
        recipeForm.elements.namedItem('product_id').value = row.product_id || '';
        recipeForm.elements.namedItem('ingredient_id').value = row.ingredient_id || '';
        recipeForm.elements.namedItem('unit_id').value = row.unit_id || '';
        recipeForm.elements.namedItem('qty').value = normalizeTwoDecimalQuantity(row.qty, '1.00');
        recipeForm.elements.namedItem('notes').value = row.notes || '';
        setFocusNote('#recipe-focus-note', source === 'history' ? 'Reviewing this recipe line from activity history. Confirm the product, ingredient, and quantity before saving.' : '');
        $('#recipe-submit').textContent = 'Update Recipe Line';
        syncEditorActionButtons({ cancelSelector: '#recipe-cancel', editing: true });
        syncRecipePanel();
        recipeForm.scrollIntoView({ behavior: 'smooth', block: 'nearest' });
    }

    async function deleteRecipe(row) {
        if (!confirmDelete('Delete this recipe line? This cannot be undone.')) {
            return;
        }

        await submitJson(api.recipesDelete, {
            id: row.id
        }, 'Recipe line deleted.', async () => {
            if (recipeForm.dataset.recipeId === String(row.id)) {
                resetRecipeForm();
            }
            await loadRecipes(true);
            await loadProducts(true);
        });
    }

    async function deleteProductsByIds(ids) {
        const normalizedIds = Array.from(new Set((ids || []).map((id) => Number(id)).filter((id) => Number.isFinite(id) && id > 0)));
        if (!normalizedIds.length) {
            return;
        }

        const message = normalizedIds.length === 1
            ? (productRecipesEnabled
                ? 'Delete this product? Its recipe lines will also be deleted. This cannot be undone.'
                : 'Delete this product? This cannot be undone.')
            : (productRecipesEnabled
                ? 'Delete ' + String(normalizedIds.length) + ' selected products? Their recipe lines will also be deleted. This cannot be undone.'
                : 'Delete ' + String(normalizedIds.length) + ' selected products? This cannot be undone.');
        const shouldDelete = normalizedIds.length === 1
            ? confirmDelete(message)
            : await confirmBulkDelete({
                title: 'Delete selected products?',
                message,
                impact: productRecipesEnabled ? 'Each selected product also removes its recipe lines.' : 'Selected products are removed permanently.',
                items: normalizedIds.map((id) => productDeletePreviewLabel(findStateRow('product', id), id)),
                confirmLabel: 'Delete Products'
            });
        if (!shouldDelete) {
            return;
        }

        const data = await submitJson(api.productsBatchDelete, {
            ids: normalizedIds
        }, normalizedIds.length === 1 ? 'Product deleted.' : ('Deleted ' + String(normalizedIds.length) + ' products.'));
        if (!data) {
            return;
        }

        normalizedIds.forEach((id) => {
            state.selectedProductIds.delete(id);
            if (productForm.elements.namedItem('id').value === String(id) || Number(state.activeProductId) === id) {
                resetProductForm();
            }
        });

        await loadProducts(true);
        await loadRecipes(true);
    }

    async function deleteProduct(row) {
        await deleteProductsByIds([row.id]);
    }

    async function deleteIngredientsByIds(ids) {
        const normalizedIds = Array.from(new Set((ids || []).map((id) => Number(id)).filter((id) => Number.isFinite(id) && id > 0)));
        if (!normalizedIds.length) {
            return;
        }

        const message = normalizedIds.length === 1
            ? 'Delete this ingredient? This cannot be undone.'
            : 'Delete ' + String(normalizedIds.length) + ' selected ingredients? This cannot be undone.';
        const shouldDelete = normalizedIds.length === 1
            ? confirmDelete(message)
            : await confirmBulkDelete({
                title: 'Delete selected ingredients?',
                message,
                impact: 'Deleting ingredients removes them from the active master list immediately.',
                items: normalizedIds.map((id) => ingredientDeletePreviewLabel(findStateRow('ingredient', id), id)),
                confirmLabel: 'Delete Ingredients'
            });
        if (!shouldDelete) {
            return;
        }

        const data = await submitJson(api.ingredientsBatchDelete, {
            ids: normalizedIds
        }, normalizedIds.length === 1 ? 'Ingredient deleted.' : ('Deleted ' + String(normalizedIds.length) + ' ingredients.'));
        if (!data) {
            return;
        }

        normalizedIds.forEach((id) => {
            state.selectedIngredientIds.delete(id);
            if (ingredientForm.elements.namedItem('id').value === String(id)) {
                resetIngredientForm();
            }
        });

        await loadIngredients(true);
        await loadRecipes(true);
    }

    async function deleteIngredient(row) {
        await deleteIngredientsByIds([row.id]);
    }

    async function deleteDeliveriesByIds(ids) {
        const normalizedIds = Array.from(new Set((ids || []).map((id) => Number(id)).filter((id) => Number.isFinite(id) && id > 0)));
        if (!normalizedIds.length) {
            return;
        }

        const message = normalizedIds.length === 1
            ? 'Delete this delivery and its item lines? This cannot be undone.'
            : 'Delete ' + String(normalizedIds.length) + ' selected deliveries and their item lines? This cannot be undone.';
        const shouldDelete = normalizedIds.length === 1
            ? confirmDelete(message)
            : await confirmBulkDelete({
                title: 'Delete selected deliveries?',
                message,
                impact: 'Each selected delivery also removes its received ingredient lines from daily receiving history.',
                items: normalizedIds.map((id) => deliveryDeletePreviewLabel(findStateRow('delivery', id), id)),
                confirmLabel: 'Delete Deliveries'
            });
        if (!shouldDelete) {
            return;
        }

        const data = await submitJson(api.deliveriesBatchDelete, {
            ids: normalizedIds
        }, normalizedIds.length === 1 ? 'Delivery deleted.' : ('Deleted ' + String(normalizedIds.length) + ' deliveries.'));
        if (!data) {
            return;
        }

        normalizedIds.forEach((id) => {
            state.selectedDeliveryIds.delete(id);
            if (Number(state.expandedDeliveryId || 0) === id) {
                state.expandedDeliveryId = 0;
            }
        });

        await loadDeliveries(true);
        await loadUsage();
    }

    async function deleteDelivery(row) {
        await deleteDeliveriesByIds([row.id]);
    }

    async function voidProductionRun(row) {
        if (!confirmDelete('Void this saved entry and remove its ingredient use from usage and inventory?')) {
            return;
        }

        const voidReason = promptRequiredValue('Why is this saved entry being voided?', 'Duplicate or incorrect entry');
        if (voidReason === null) {
            return;
        }

        await submitJson(api.productionVoid, {
            id: row.id,
            void_reason: voidReason
        }, 'Saved entry voided.', async () => {
            await loadProduction(true);
            await loadUsage();
        });
    }

    async function toggleActive(kind, row) {
        const rowId = normalizedRowId(kind, row);
        if (!Number.isFinite(rowId) || rowId <= 0) {
            showBanner('Selected ' + String(kind || 'record') + ' could not be resolved.', false);
            return;
        }

        const nextActive = Number(row.is_active) === 0 ? 1 : 0;
        if (kind === 'branch') {
            await submitJson(api.branchStatus.replace('[id]', encodeURIComponent(String(rowId))), {
                is_active: nextActive
            }, nextActive === 1 ? 'Branch restored.' : 'Branch archived.', async () => {
                if (branchForm.elements.namedItem('id').value === String(row.id)) {
                    resetBranchForm();
                }
                await loadBranches(true);
            });
            return;
        }

        if (kind === 'product') {
            await submitJson(api.productStatus.replace('[id]', encodeURIComponent(String(rowId))), {
                is_active: nextActive
            }, nextActive === 1 ? 'Product restored.' : 'Product archived.', async () => {
                if (productForm.elements.namedItem('id').value === String(row.id)) {
                    resetProductForm();
                }
                await loadProducts(true);
                await loadRecipes(true);
            });
            return;
        }

        if (kind === 'ingredient') {
            await submitJson(api.ingredientStatus.replace('[id]', encodeURIComponent(String(rowId))), {
                is_active: nextActive
            }, nextActive === 1 ? 'Ingredient restored.' : 'Ingredient archived.', async () => {
                if (ingredientForm.elements.namedItem('id').value === String(row.id)) {
                    resetIngredientForm();
                }
                await loadIngredients(true);
                await loadRecipes(true);
            });
        }
    }

    function findStateRow(kind, id) {
        const numericId = Number(id);
        if (kind === 'branch') {
            return state.branches.find((row) => Number(row.id) === numericId) || null;
        }
        if (kind === 'product') {
            return state.products.find((row) => Number(row.id) === numericId) || null;
        }
        if (kind === 'ingredient') {
            return state.ingredients.find((row) => Number(row.id) === numericId) || null;
        }
        if (kind === 'recipe') {
            return state.recipes.find((row) => Number(row.id) === numericId) || null;
        }
        if (kind === 'delivery') {
            return state.deliveries.find((row) => Number(row.id) === numericId) || null;
        }
        if (kind === 'production') {
            return state.production.find((row) => Number(row.id) === numericId) || null;
        }
        if (kind === 'product-target') {
            return state.productTargets.find((row) => Number(row.id) === numericId) || null;
        }
        return null;
    }

    function bindMaintenanceActions(selector) {
        $(selector).addEventListener('click', async (event) => {
            const button = event.target.closest('[data-action]');
            if (!button) {
                return;
            }

            if (!canManageWorkspace) {
                showBanner('This work area is read only for your role.', false);
                return;
            }

            const kind = button.getAttribute('data-kind');
            const buttonRowId = Number(button.getAttribute('data-id') || '0');
            if (!Number.isFinite(buttonRowId) || buttonRowId <= 0) {
                showBanner('Selected record could not be resolved.', false);
                return;
            }

            const row = findStateRow(kind, buttonRowId);
            if (!row) {
                showBanner('Selected record could not be found.', false);
                return;
            }

            if (button.getAttribute('data-action') === 'edit') {
                if (kind === 'branch') {
                    editBranch(row);
                } else if (kind === 'product') {
                    editProduct(row);
                } else if (kind === 'ingredient') {
                    editIngredient(row);
                }
                clearBanner();
                return;
            }

            if (button.getAttribute('data-action') === 'delete') {
                if (kind === 'product') {
                    await deleteProduct(row);
                    return;
                }
                if (kind === 'ingredient') {
                    await deleteIngredient(row);
                    return;
                }
            }

            await toggleActive(kind, row);
        });
    }

    $('#branch-form').addEventListener('submit', async (event) => {
        event.preventDefault();
        const form = event.currentTarget;
        await submitJson(api.branches, {
            id: form.elements.namedItem('id').value,
            is_active: form.elements.namedItem('is_active').value,
            code: form.elements.namedItem('code').value,
            name: form.elements.namedItem('name').value,
            address: form.elements.namedItem('address').value
        }, form.elements.namedItem('id').value ? 'Branch updated.' : 'Branch saved.', async () => {
            resetBranchForm();
            await loadBranches();
        });
    });

    $('#product-form').addEventListener('submit', async (event) => {
        event.preventDefault();
        const form = event.currentTarget;
        await submitJson(api.products, {
            id: form.elements.namedItem('id').value,
            is_active: form.elements.namedItem('is_active').value,
            name: form.elements.namedItem('name').value,
            sku: form.elements.namedItem('sku').value,
            category: form.elements.namedItem('category').value,
            default_yield_qty: normalizeTwoDecimalQuantity(form.elements.namedItem('default_yield_qty').value, '1.00'),
            default_yield_unit_id: form.elements.namedItem('default_yield_unit_id').value
        }, form.elements.namedItem('id').value ? 'Product updated.' : 'Product saved.', async () => {
            const savedProductId = Number(form.elements.namedItem('id').value || 0);
            await loadProducts(true);
            await loadRecipes(true);
            if (savedProductId > 0) {
                const savedRow = state.products.find((row) => Number(row.id) === savedProductId);
                if (savedRow) {
                    editProduct(savedRow);
                    return;
                }
            }
            resetProductForm();
        });
    });

    $('#ingredient-form').addEventListener('submit', async (event) => {
        event.preventDefault();
        const form = event.currentTarget;
        await submitJson(api.ingredients, {
            id: form.elements.namedItem('id').value,
            is_active: form.elements.namedItem('is_active').value,
            name: form.elements.namedItem('name').value,
            sku: form.elements.namedItem('sku').value,
            default_unit_id: form.elements.namedItem('default_unit_id').value,
            pack_label: form.elements.namedItem('pack_label').value,
            pack_qty: form.elements.namedItem('pack_qty').value,
            pack_unit_id: form.elements.namedItem('pack_unit_id').value
        }, form.elements.namedItem('id').value ? 'Ingredient updated.' : 'Ingredient saved.', async () => {
            resetIngredientForm();
            await loadIngredients(true);
            await loadRecipes(true);
        });
    });

    $('#product-target-form')?.addEventListener('submit', async (event) => {
        event.preventDefault();
        const form = event.currentTarget;
        await submitJson(api.productTargets, {
            id: form.elements.namedItem('id').value,
            is_active: form.elements.namedItem('is_active').value,
            branch_id: form.elements.namedItem('branch_id').value,
            product_id: form.elements.namedItem('product_id').value,
            daily_qty: normalizeTwoDecimalQuantity(form.elements.namedItem('daily_qty').value, '1.00'),
            unit_id: form.elements.namedItem('unit_id').value
        }, form.elements.namedItem('id').value ? 'Branch target updated.' : 'Branch target saved.', async () => {
            state.productTargetBranchId = Number(form.elements.namedItem('branch_id').value || 0);
            resetProductTargetForm();
            await loadProductTargets(true);
            await loadDrProjection(true);
        });
    });

    $('#branch-cancel').addEventListener('click', resetBranchForm);
    $('#product-add').addEventListener('click', () => {
        resetProductForm();
        productForm.elements.namedItem('name').focus();
    });
    $('#product-cancel').addEventListener('click', resetProductForm);
    deleteConfirmCancel?.addEventListener('click', () => {
        closeDeleteConfirm(false);
    });
    deleteConfirmSubmit?.addEventListener('click', () => {
        closeDeleteConfirm(true);
    });
    deleteConfirm?.addEventListener('click', (event) => {
        if (event.target === deleteConfirm) {
            closeDeleteConfirm(false);
        }
    });
    document.addEventListener('keydown', (event) => {
        if (event.key === 'Escape' && deleteConfirm && !deleteConfirm.hidden) {
            event.preventDefault();
            closeDeleteConfirm(false);
        }
    });
    $('#products-select-visible')?.addEventListener('click', () => {
        productDeleteEligibleRows().forEach((row) => {
            const rowId = Number(row.id);
            if (Number.isFinite(rowId) && rowId > 0) {
                state.selectedProductIds.add(rowId);
            }
        });
        renderCatalogTables();
    });
    $('#products-clear-selection')?.addEventListener('click', () => {
        state.selectedProductIds.clear();
        renderCatalogTables();
    });
    $('#products-delete-selected')?.addEventListener('click', async () => {
        await deleteProductsByIds(Array.from(state.selectedProductIds));
    });
    $('#products-select-all')?.addEventListener('change', (event) => {
        const checked = event.currentTarget.checked;
        productDeleteEligibleRows().forEach((row) => {
            const rowId = Number(row.id);
            if (!Number.isFinite(rowId) || rowId <= 0) {
                return;
            }
            if (checked) {
                state.selectedProductIds.add(rowId);
            } else {
                state.selectedProductIds.delete(rowId);
            }
        });
        renderCatalogTables();
    });
    $('#products-table')?.addEventListener('change', (event) => {
        const checkbox = event.target.closest('[data-product-select]');
        if (!checkbox) {
            return;
        }

        const rowId = Number(checkbox.getAttribute('data-product-select') || '0');
        if (!Number.isFinite(rowId) || rowId <= 0) {
            return;
        }

        if (checkbox.checked) {
            state.selectedProductIds.add(rowId);
        } else {
            state.selectedProductIds.delete(rowId);
        }
        syncProductSelectionControls(filteredProductRows());
    });
    document.querySelectorAll('[data-product-view]').forEach((button) => {
        button.addEventListener('click', () => {
            const nextView = button.getAttribute('data-product-view') === 'archived' ? 'archived' : 'active';
            if (state.productListView === nextView) {
                return;
            }

            state.productListView = nextView;
            state.selectedProductIds.clear();
            if (state.activeProductId > 0) {
                const activeProduct = state.products.find((row) => Number(row.id) === Number(state.activeProductId));
                if (activeProduct && ((nextView === 'archived') !== (Number(activeProduct.is_active) === 0))) {
                    resetProductForm();
                    return;
                }
            }
            renderCatalogTables();
        });
    });
    $('#ingredient-add').addEventListener('click', () => {
        resetIngredientForm();
        ingredientForm.elements.namedItem('name').focus();
    });
    $('#ingredient-cancel').addEventListener('click', resetIngredientForm);
    $('#product-target-add')?.addEventListener('click', () => {
        resetProductTargetForm();
        productTargetForm?.elements.namedItem('product_id')?.focus();
    });
    $('#product-target-cancel')?.addEventListener('click', resetProductTargetForm);
    document.querySelectorAll('[data-ingredient-view]').forEach((button) => {
        button.addEventListener('click', () => {
            const nextView = button.getAttribute('data-ingredient-view') === 'archived' ? 'archived' : 'active';
            if (state.ingredientListView === nextView) {
                return;
            }

            state.ingredientListView = nextView;
            state.selectedIngredientIds.clear();
            renderCatalogTables();
        });
    });
    $('#ingredients-select-visible')?.addEventListener('click', () => {
        ingredientDeleteEligibleRows().forEach((row) => {
            const rowId = Number(row.id);
            if (Number.isFinite(rowId) && rowId > 0) {
                state.selectedIngredientIds.add(rowId);
            }
        });
        renderCatalogTables();
    });
    $('#ingredients-clear-selection')?.addEventListener('click', () => {
        state.selectedIngredientIds.clear();
        renderCatalogTables();
    });
    $('#ingredients-delete-selected')?.addEventListener('click', async () => {
        await deleteIngredientsByIds(Array.from(state.selectedIngredientIds));
    });
    $('#ingredients-select-all')?.addEventListener('change', (event) => {
        const checked = event.currentTarget.checked;
        ingredientDeleteEligibleRows().forEach((row) => {
            const rowId = Number(row.id);
            if (!Number.isFinite(rowId) || rowId <= 0) {
                return;
            }
            if (checked) {
                state.selectedIngredientIds.add(rowId);
            } else {
                state.selectedIngredientIds.delete(rowId);
            }
        });
        renderCatalogTables();
    });
    $('#ingredients-table')?.addEventListener('change', (event) => {
        const checkbox = event.target.closest('[data-ingredient-select]');
        if (!checkbox) {
            return;
        }

        const rowId = Number(checkbox.getAttribute('data-ingredient-select') || '0');
        if (!Number.isFinite(rowId) || rowId <= 0) {
            return;
        }

        if (checkbox.checked) {
            state.selectedIngredientIds.add(rowId);
        } else {
            state.selectedIngredientIds.delete(rowId);
        }
        syncIngredientSelectionControls(filteredIngredientRows());
    });
    $('#product-target-branch')?.addEventListener('change', (event) => {
        state.productTargetBranchId = Number(event.currentTarget.value || '0');
        renderProductTargetsTable();
    });
    $('#product-target-product')?.addEventListener('change', () => {
        syncProductTargetUnitOptions('');
    });
    $('#ingredient-unit')?.addEventListener('change', () => {
        syncIngredientPackUnitOptions('');
    });
    $('#recipe-cancel').addEventListener('click', resetRecipeForm);

    $('#recipe-form').addEventListener('submit', async (event) => {
        event.preventDefault();
        const form = event.currentTarget;
        await submitJson(api.recipes, {
            product_id: form.product_id.value,
            ingredient_id: form.ingredient_id.value,
            unit_id: form.unit_id.value,
            qty: normalizeTwoDecimalQuantity(form.qty.value, '1.00'),
            notes: form.notes.value
        }, form.dataset.recipeId ? 'Recipe line updated.' : 'Recipe line saved.', async () => {
            resetRecipeForm();
            await loadRecipes(true);
            await loadProducts(true);
        });
    });

    $('#delivery-sheet-filter').addEventListener('input', filterDeliverySheet);
    ['#branches-filter'].forEach((selector) => {
        const input = $(selector);
        if (input) {
            input.addEventListener('input', renderBranchTables);
        }
    });
    ['#recipes-filter', '#ingredients-filter', '#production-products-filter'].forEach((selector) => {
        const input = $(selector);
        if (input) {
            input.addEventListener('input', renderCatalogTables);
        }
    });
    ['#product-target-filter'].forEach((selector) => {
        const input = $(selector);
        if (input) {
            input.addEventListener('input', renderProductTargetsTable);
        }
    });
    ['#deliveries-filter', '#production-filter'].forEach((selector) => {
        const input = $(selector);
        if (input) {
            input.addEventListener('input', renderOperationalTables);
        }
    });
    ['#usage-filter', '#inventory-filter'].forEach((selector) => {
        const input = $(selector);
        if (input) {
            input.addEventListener('input', renderUsage);
        }
    });
    ['#dr-projection-ingredients-filter', '#dr-projection-products-filter'].forEach((selector) => {
        const input = $(selector);
        if (input) {
            input.addEventListener('input', renderDrProjectionTables);
        }
    });
    $('#delivery-sheet-clear').addEventListener('click', () => {
        clearDeliverySheetValues();
        showBanner('Daily delivery sheet cleared.', true);
    });
    $('#delivery-csv-template').addEventListener('click', downloadDeliveryCsvTemplate);
    deliveryCsvFile.addEventListener('change', async (event) => {
        const file = event.currentTarget.files && event.currentTarget.files[0];
        if (!file) {
            return;
        }

        try {
            const text = await file.text();
            importDeliveryCsv(text);
        } catch (error) {
            showBanner(error.message || 'Unable to import CSV.', false);
        }
    });

    $('#delivery-form').addEventListener('submit', async (event) => {
        event.preventDefault();
        const form = event.currentTarget;
        const items = collectDeliveryItems();
        if (!items.length) {
            showBanner('Enter at least one received quantity or import a CSV before saving.', false);
            return;
        }

        const preservedBranch = form.branch_id.value;
        const preservedDeliveredAt = form.delivered_at.value;
        const preservedCoverageDays = form.coverage_days.value;
        const preservedReceivedBy = form.received_by.value;
        const preservedSourceType = form.source_type.value;
        const preservedSourceName = form.source_name.value;
        await submitJson(api.deliveries, {
            branch_id: form.branch_id.value,
            delivered_at: form.delivered_at.value,
            coverage_days: form.coverage_days.value,
            reference: form.reference.value,
            source_type: form.source_type.value,
            source_name: form.source_name.value,
            received_by: form.received_by.value,
            notes: form.notes.value,
            items: items
        }, 'Delivery saved.', async () => {
            form.reference.value = '';
            form.notes.value = '';
            form.branch_id.value = preservedBranch;
            form.delivered_at.value = preservedDeliveredAt || nowLocalDate();
            form.coverage_days.value = preservedCoverageDays || String(defaultDrCoverageDays || 1);
            form.received_by.value = preservedReceivedBy;
            form.source_type.value = preservedSourceType || 'commissary';
            form.source_name.value = preservedSourceName;
            syncDeliverySourceField();
            clearDeliverySheetValues();
            await loadDeliveries(true);
            await loadUsage();
            await loadDrProjection(true);
        });
    });
    $('#deliveries-select-visible')?.addEventListener('click', () => {
        filteredDeliveryRows().forEach((row) => {
            const rowId = Number(row.id);
            if (Number.isFinite(rowId) && rowId > 0) {
                state.selectedDeliveryIds.add(rowId);
            }
        });
        renderOperationalTables();
    });
    $('#deliveries-clear-selection')?.addEventListener('click', () => {
        state.selectedDeliveryIds.clear();
        renderOperationalTables();
    });
    $('#deliveries-delete-selected')?.addEventListener('click', async () => {
        await deleteDeliveriesByIds(Array.from(state.selectedDeliveryIds));
    });
    $('#deliveries-select-all')?.addEventListener('change', (event) => {
        const checked = event.currentTarget.checked;
        filteredDeliveryRows().forEach((row) => {
            const rowId = Number(row.id);
            if (!Number.isFinite(rowId) || rowId <= 0) {
                return;
            }
            if (checked) {
                state.selectedDeliveryIds.add(rowId);
            } else {
                state.selectedDeliveryIds.delete(rowId);
            }
        });
        renderOperationalTables();
    });
    $('#deliveries-table')?.addEventListener('change', (event) => {
        const checkbox = event.target.closest('[data-delivery-select]');
        if (!checkbox) {
            return;
        }

        const rowId = Number(checkbox.getAttribute('data-delivery-select') || '0');
        if (!Number.isFinite(rowId) || rowId <= 0) {
            return;
        }

        if (checkbox.checked) {
            state.selectedDeliveryIds.add(rowId);
        } else {
            state.selectedDeliveryIds.delete(rowId);
        }
        syncDeliverySelectionControls(filteredDeliveryRows());
    });

    $('#production-products-table').addEventListener('click', (event) => {
        const qtyInput = event.target.closest('[data-production-qty-input]');
        if (qtyInput) {
            return;
        }

        const rowElement = event.target.closest('tr[data-row-kind="production-product"]');
        if (!rowElement) {
            return;
        }

        const row = state.products.find((item) => Number(item.id) === Number(rowElement.getAttribute('data-row-id') || '0') && Number(item.is_active) !== 0);
        if (!row) {
            showBanner('Selected product could not be found.', false);
            return;
        }

        focusProductionDraftInput(row);
    });

    $('#production-products-table').addEventListener('input', (event) => {
        const qtyInput = event.target.closest('[data-production-qty-input]');
        if (!(qtyInput instanceof HTMLInputElement)) {
            return;
        }

        const productId = Number(qtyInput.getAttribute('data-production-qty-input') || '0');
        if (!Number.isFinite(productId) || productId <= 0) {
            return;
        }

        const rawValue = String(qtyInput.value || '').trim();
        const numericValue = Number.parseFloat(rawValue);
        if (rawValue === '' || !Number.isFinite(numericValue) || numericValue <= 0) {
            delete state.productionDraftQuantities[String(productId)];
        } else {
            state.productionDraftQuantities[String(productId)] = rawValue;
        }

        syncProductionProductSelection();
    });

    $('#production-products-table').addEventListener('change', async (event) => {
        const qtyInput = event.target.closest('[data-production-qty-input]');
        if (!(qtyInput instanceof HTMLInputElement)) {
            return;
        }

        const productId = Number(qtyInput.getAttribute('data-production-qty-input') || '0');
        if (!Number.isFinite(productId) || productId <= 0) {
            return;
        }

        await autosaveProductionDraft(productId, qtyInput.value, qtyInput);
    });

    $('#production-products-table').addEventListener('keydown', (event) => {
        const qtyInput = event.target.closest('[data-production-qty-input]');
        if (!(qtyInput instanceof HTMLInputElement)) {
            return;
        }

        if (event.key === 'Enter') {
            event.preventDefault();
            qtyInput.blur();
        }
    });

    $('#production-form').addEventListener('submit', async (event) => {
        event.preventDefault();
        const form = event.currentTarget;
        const productionRunId = Number(form.elements.namedItem('id').value || '0');
        if (productionRunId > 0) {
            await submitJson(api.production, {
                id: productionRunId,
                produced_at: form.produced_at.value,
                produced_by: form.produced_by.value,
                notes: form.notes.value
            }, 'Saved entry updated.', async (data) => {
                await loadProduction(true);
                const updatedId = Number((data && data.item && data.item.id) || productionRunId || 0);
                const updatedSavedRow = state.production.find((row) => Number(row.id) === updatedId);
                if (updatedSavedRow) {
                    rememberLastSavedProduction(updatedSavedRow);
                }
                await loadUsage();
                const updatedRow = state.production.find((row) => Number(row.id) === productionRunId);
                if (updatedRow) {
                    editProduction(updatedRow);
                    return;
                }
                resetProductionForm();
            });
            return;
        }

        showBanner('Enter the amount made in the item list. Each row saves when you leave the box.', false);
    });

    if (permissionsForm && canManageSettings) {
        permissionsForm.addEventListener('submit', async (event) => {
            event.preventDefault();
            await submitJson(api.permissionsSettings, {
                role_permissions: {
                    supervisor: [
                        permissionsForm.elements.namedItem('supervisor_read').checked ? 'bakeshop.read' : '',
                        permissionsForm.elements.namedItem('supervisor_manage').checked ? 'bakeshop.manage' : ''
                    ].filter(Boolean)
                }
            }, 'Access settings updated.');
        });
    }

    $('#usage-form').addEventListener('submit', async (event) => {
        event.preventDefault();
        try {
            await ensureTabData('usage', { force: true });
            showBanner('Usage summary refreshed.', true);
        } catch (error) {
            showBanner(error.message || 'Unable to load usage summary.', false);
        }
    });

    $('#bakeshop-refresh').addEventListener('click', async () => {
        try {
            await ensureTabData(window.location.hash.slice(1) || defaultTab, { force: true });
            showBanner('The current work area has been refreshed.', true);
        } catch (error) {
            showBanner(error.message || 'Unable to refresh data.', false);
        }
    });

    ['#usage-branch', '#usage-from', '#usage-to', '#usage-horizon-days', '#summary-branch-filter', '#summary-from-filter', '#summary-to-filter'].forEach((selector) => {
        $(selector).addEventListener('change', () => {
            if (selector.startsWith('#summary-')) {
                syncReportScopeInputs('summary');
            }
            syncPrintLink();
        });
    });

    bindMaintenanceActions('#branches-table');
    bindMaintenanceActions('#products-table');
    bindMaintenanceActions('#ingredients-table');
    $('#product-targets-table')?.addEventListener('click', async (event) => {
        const button = event.target.closest('[data-action]');
        if (!button) {
            return;
        }

        const row = findStateRow('product-target', button.getAttribute('data-id') || '0');
        if (!row) {
            showBanner('Selected branch target could not be found.', false);
            return;
        }

        if (button.getAttribute('data-action') === 'edit-product-target') {
            if (!canManageWorkspace) {
                showBanner('This work area is read only for your role.', false);
                return;
            }

            editProductTarget(row);
            clearBanner();
            return;
        }

        if (button.getAttribute('data-action') === 'delete-product-target') {
            if (!canManageWorkspace) {
                showBanner('This work area is read only for your role.', false);
                return;
            }

            await deleteProductTarget(row);
        }
    });
    $('#recipes-table').addEventListener('click', async (event) => {
        const button = event.target.closest('[data-action]');
        if (!button) {
            return;
        }

        if (!canManageWorkspace) {
            showBanner('This work area is read only for your role.', false);
            return;
        }

        const row = findStateRow('recipe', button.getAttribute('data-id'));
        if (!row) {
            showBanner('Selected recipe line could not be found.', false);
            return;
        }

        if (button.getAttribute('data-action') === 'edit-recipe') {
            editRecipe(row);
            clearBanner();
            return;
        }

        await deleteRecipe(row);
    });

    $('#deliveries-table').addEventListener('click', async (event) => {
        const detailButton = event.target.closest('[data-action="toggle-delivery-detail"]');
        if (detailButton) {
            const row = findStateRow('delivery', detailButton.getAttribute('data-id'));
            if (!row) {
                showBanner('Selected delivery could not be found.', false);
                return;
            }

            const rowId = Number(row.id || 0);
            state.expandedDeliveryId = Number(state.expandedDeliveryId || 0) === rowId ? 0 : rowId;
            renderOperationalTables();
            return;
        }

        const button = event.target.closest('[data-action="delete-delivery"]');
        if (!button) {
            return;
        }

        if (!canManageWorkspace) {
            showBanner('This work area is read only for your role.', false);
            return;
        }

        const row = findStateRow('delivery', button.getAttribute('data-id'));
        if (!row) {
            showBanner('Selected delivery could not be found.', false);
            return;
        }

        await deleteDelivery(row);
    });

    $('#production-table').addEventListener('click', async (event) => {
        if (!canManageWorkspace) {
            const readonlyButton = event.target.closest('[data-action="edit-production"], [data-action="void-production"]');
            if (readonlyButton) {
                showBanner('This work area is read only for your role.', false);
            }
            return;
        }

        const editButton = event.target.closest('[data-action="edit-production"]');
        if (editButton) {
            const editRow = findStateRow('production', editButton.getAttribute('data-id'));
            if (!editRow) {
                showBanner('That saved entry could not be found.', false);
                return;
            }

            activateProductionSectionTab('record');
            editProduction(editRow);
            return;
        }

        const button = event.target.closest('[data-action="void-production"]');
        if (!button) {
            return;
        }

        const row = findStateRow('production', button.getAttribute('data-id'));
        if (!row) {
            showBanner('That saved entry could not be found.', false);
            return;
        }

        await voidProductionRun(row);
    });

    $('#delivery-at').value = nowLocalDate();
    $('#delivery-coverage-days').value = String(defaultDrCoverageDays || 1);
    $('#delivery-source-type').value = 'commissary';
    syncDeliverySourceField();
    applyWorkspaceAccessMode();
    syncEditorActionButtons({ cancelSelector: '#branch-cancel', editing: false });
    syncEditorActionButtons({ addSelector: '#product-add', cancelSelector: '#product-cancel', editing: false });
    syncEditorActionButtons({ addSelector: '#ingredient-add', cancelSelector: '#ingredient-cancel', editing: false });
    syncEditorActionButtons({ addSelector: '#product-target-add', cancelSelector: '#product-target-cancel', editing: false });
    syncEditorActionButtons({ cancelSelector: '#recipe-cancel', editing: false });
    syncEditorActionButtons({ cancelSelector: '#production-cancel', editing: false });
    resetProductTargetForm();
    $('#delivery-source-type').addEventListener('change', syncDeliverySourceField);
    deliverySectionTabs.forEach((button) => {
        button.addEventListener('click', () => {
            activateDeliverySectionTab(button.getAttribute('data-delivery-section-tab') || 'receive');
        });
    });
    $('#production-cancel').addEventListener('click', resetProductionForm);
    productionSectionTabs.forEach((button) => {
        button.addEventListener('click', () => {
            activateProductionSectionTab(button.getAttribute('data-production-section-tab') || 'record');
        });
    });
    productionGuardToggle?.addEventListener('click', () => {
        if (productionMetadataEditActive()) {
            showBanner('Testing override is only available while recording a new batch.', false);
            return;
        }

        state.productionGuardOverride = !state.productionGuardOverride;
        syncProductionGuardOverrideControls();
        syncProductionProductSelection();
        renderCatalogTables();
    });
    productionReviewLastSaved?.addEventListener('click', () => {
        activateProductionSectionTab('saved', { scrollToRecent: true });
    });
    productionEditLastSaved?.addEventListener('click', () => {
        const row = state.production.find((item) => Number(item.id) === Number(state.lastSavedProductionId || 0));
        if (!row) {
            showBanner('The last saved entry could not be found. Refresh the list and try again.', false);
            return;
        }

        editProduction(row);
    });
    resetProductionForm();
    resetBranchForm();
    resetProductForm();
    resetIngredientForm();
    resetRecipeForm();
    syncReportScopeInputs('summary');
    syncPrintLink();

    if (searchParams.get('onboarding') === 'bootstrap') {
        showBanner('Bootstrap onboarding is still active. You can review live workspace data here while finishing the staff handoff.', true);
    }

    ensureTabData(window.location.hash.slice(1) || defaultTab).catch((error) => {
        showBanner(error.message || 'Unable to load initial bakeshop data.', false);
    });
});
</script>

                </div>
            </main>
        </div>
    </div>
    
    <script>
    (() => {
        const submenuLinks = Array.from(document.querySelectorAll('[data-workspace-submenu="true"]'));
        if (!submenuLinks.length) {
            return;
        }

        function syncWorkspaceSubmenu() {
            const hash = window.location.hash.replace(/^#/, '');
            submenuLinks.forEach((link) => {
                const serverActive = link.getAttribute('data-server-active') === 'true';
                const shouldBeActive = hash !== ''
                    ? link.getAttribute('data-tab-target') === hash
                    : serverActive;
                link.classList.toggle('active', shouldBeActive);
                if (shouldBeActive) {
                    link.setAttribute('aria-current', 'page');
                } else {
                    link.removeAttribute('aria-current');
                }
            });
        }

        syncWorkspaceSubmenu();
        window.addEventListener('hashchange', syncWorkspaceSubmenu);
    })();
    </script>
    
    
</body>
</html>

